--------- beginning of main
03-12 18:05:01.098  4896  4896 D WallpaperEventNotifier: sendUpdates: typesTobeNotified = [ | | | BACKGROUND | ]
03-12 18:05:01.098  4896  4896 D WallpaperEventNotifier: sendUpdates: typesTobeNotified = [ | | | BACKGROUND | ]
03-12 18:05:01.098  4896  4896 D WallpaperEventNotifier: sendUpdates: typesTobeNotified = [ | | | BACKGROUND | ]
03-12 18:05:01.098  4896  4896 D SystemUIButton: updateStyle() flag=0,200 : com.android.keyguard.EmergencyButton{3ca6ffc VFED..CL. ......I. 0,0-0,0 #7f0a0459 app:id/emergency_call_button}
03-12 18:05:01.098  4896  4896 D SFText  : clearAllTextEffect
03-12 18:05:01.098  4896  4896 D WallpaperEventNotifier: sendUpdates: typesTobeNotified = [ | | | BACKGROUND | ]
03-12 18:05:01.098  4896  4896 D KeyguardSecurityView: asynchronouslyInflateView layoutId = 2131558822 securityMode = PIN
03-12 18:05:01.098  4896  4896 W Settings: Setting airplane_mode_on has moved from android.provider.Settings.System to android.provider.Settings.Global, returning read-only global URI.
03-12 18:05:01.098 22407  1800 I CastSocketMultiplexer: Stopping multiplexer...
03-12 18:05:01.099  3101  7817 D SyntheticPasswordManager.SDP: Inside fromBytes() - result.pinLength : -1
03-12 18:05:01.099  3101  7817 D SyntheticPasswordManager.SDP: 2. result.secureMode : 0
--------- beginning of system
03-12 18:05:01.099  3101  7817 I Telecom : SamsungTelecomServiceImpl : isInCall - callingPackage : com.android.systemui / callingUser : UserHandle{0} / hasCrossUserAccess : true
03-12 18:05:01.099  3101  7817 I Telecom : SamsungTelecomServiceImpl : isInCall - callingPackage : com.android.systemui / callingUser : UserHandle{0} / hasCrossUserAccess : true
03-12 18:05:01.099  3101  7817 I Telecom : SamsungTelecomServiceImpl : isInCall - callingPackage : com.android.systemui / callingUser : UserHandle{0} / hasCrossUserAccess : true
03-12 18:05:01.099  3101  7817 I Telecom : SamsungTelecomServiceImpl : isInCall - callingPackage : com.android.systemui / callingUser : UserHandle{0} / hasCrossUserAccess : true
03-12 18:05:01.099  3101  7817 I Telecom : SamsungTelecomServiceImpl : isInCall - callingPackage : com.android.systemui / callingUser : UserHandle{0} / hasCrossUserAccess : true
03-12 18:05:01.100  3101  7805 I Telecom : SamsungTelecomServiceImpl : isInCall - callingPackage : com.android.systemui / callingUser : UserHandle{0} / hasCrossUserAccess : true
03-12 18:05:01.100  4896  4896 D WallpaperEventNotifier: sendUpdates: typesTobeNotified = [ | COLOR_THEME | | BACKGROUND | ]
03-12 18:05:01.100  4896  4896 D KnoxStateMonitorImpl: registerCallback() callback=com.android.keyguard.KeyguardSecAbsKeyInputViewController$3@ea4aca6
03-12 18:05:01.100  4896  4896 D KnoxStateMonitorImpl: removeCallback() callback=null
03-12 18:05:01.100  4896  4896 D KeyguardSecPinBasedInputViewController: First initializeBottomContainerView
03-12 18:05:01.100  4896  4896 D SystemUITextView: updateStyle() flag=0,200 : com.android.systemui.widget.SystemUITextView{9cd71a5 VFED..C.. ......I. 0,0-0,0 #7f0a05e7 app:id/key_enter_text}
03-12 18:05:01.100  4896  4896 D SFText  : clearAllTextEffect
03-12 18:05:01.100  4896  4896 W Settings: Setting accessibility_reduce_transparency has moved from android.provider.Settings.System to android.provider.Settings.Global, returning read-only global URI.
03-12 18:05:01.100  4896  4896 D SystemUITextView: mOriginalFontSizeDp 25.955555  com.android.systemui.widget.SystemUITextView{1dc6a83 V.ED..... ......ID 0,0-0,0 #7f0a03d7 app:id/digit_text}
03-12 18:05:01.101  4896  4896 D SystemUITextView: onAttachedToWindow mAttrCount = 7
03-12 18:05:01.101  4896  4896 D WallpaperEventNotifier: sendUpdates: typesTobeNotified = [ | | | BACKGROUND | ]
03-12 18:05:01.101  4896  4896 D SystemUITextView: updateStyle() flag=0,200 : com.android.systemui.widget.SystemUITextView{1dc6a83 V.ED..... ......ID 0,0-0,0 #7f0a03d7 app:id/digit_text}
03-12 18:05:01.101  4896  4896 D SFText  : clearAllTextEffect
03-12 18:05:01.101  4896  4896 W Settings: Setting accessibility_reduce_transparency has moved from android.provider.Settings.System to android.provider.Settings.Global, returning read-only global URI.
03-12 18:05:01.101  4896  4896 D SystemUITextView: mOriginalFontSizeDp 8.888889  com.android.systemui.widget.SystemUITextView{c3c9439 V.ED..... ......ID 0,0-0,0 #7f0a0652 app:id/klondike_text}
03-12 18:05:01.101  4896  4896 D SystemUITextView: onAttachedToWindow mAttrCount = 7
03-12 18:05:01.101  4896  4896 D WallpaperEventNotifier: sendUpdates: typesTobeNotified = [ | | | BACKGROUND | ]
03-12 18:05:01.101  4896  4896 D SystemUITextView: updateStyle() flag=0,200 : com.android.systemui.widget.SystemUITextView{c3c9439 V.ED..... ......ID 0,0-0,0 #7f0a0652 app:id/klondike_text}
03-12 18:05:01.101  4896  4896 D SFText  : clearAllTextEffect
03-12 18:05:01.101  4896  4896 W Settings: Setting accessibility_reduce_transparency has moved from android.provider.Settings.System to android.provider.Settings.Global, returning read-only global URI.
03-12 18:05:01.101  4896  4896 D SystemUITextView: mOriginalFontSizeDp 25.955555  com.android.systemui.widget.SystemUITextView{a87d02c V.ED..... ......ID 0,0-0,0 #7f0a03d7 app:id/digit_text}
03-12 18:05:01.101  4896  4896 D SystemUITextView: onAttachedToWindow mAttrCount = 7
03-12 18:05:01.101  4896  4896 D WallpaperEventNotifier: sendUpdates: typesTobeNotified = [ | | | BACKGROUND | ]
03-12 18:05:01.101  4896  4896 D SystemUITextView: updateStyle() flag=0,200 : com.android.systemui.widget.SystemUITextView{a87d02c V.ED..... ......ID 0,0-0,0 #7f0a03d7 app:id/digit_text}
03-12 18:05:01.101  4896  4896 D SFText  : clearAllTextEffect
03-12 18:05:01.101  4896  4896 W Settings: Setting accessibility_reduce_transparency has moved from android.provider.Settings.System to android.provider.Settings.Global, returning read-only global URI.
03-12 18:05:01.101  4896  4896 D SystemUITextView: mOriginalFontSizeDp 8.888889  com.android.systemui.widget.SystemUITextView{ca2f08a V.ED..... ......ID 0,0-0,0 #7f0a0652 app:id/klondike_text}
03-12 18:05:01.101  4896  4896 D SystemUITextView: onAttachedToWindow mAttrCount = 7
03-12 18:05:01.101  4896  4896 D WallpaperEventNotifier: sendUpdates: typesTobeNotified = [ | | | BACKGROUND | ]
03-12 18:05:01.101  4896  4896 D SystemUITextView: updateStyle() flag=0,200 : com.android.systemui.widget.SystemUITextView{ca2f08a V.ED..... ......ID 0,0-0,0 #7f0a0652 app:id/klondike_text}
03-12 18:05:01.101  4896  4896 D SFText  : clearAllTextEffect
03-12 18:05:01.101  4896  4896 W Settings: Setting accessibility_reduce_transparency has moved from android.provider.Settings.System to android.provider.Settings.Global, returning read-only global URI.
03-12 18:05:01.101  4896  4896 D SystemUITextView: mOriginalFontSizeDp 25.955555  com.android.systemui.widget.SystemUITextView{2b7c318 V.ED..... ......ID 0,0-0,0 #7f0a03d7 app:id/digit_text}
03-12 18:05:01.101  4896  4896 D SystemUITextView: onAttachedToWindow mAttrCount = 7
03-12 18:05:01.101  4896  4896 D WallpaperEventNotifier: sendUpdates: typesTobeNotified = [ | | | BACKGROUND | ]
03-12 18:05:01.101  4896  4896 D SystemUITextView: updateStyle() flag=0,200 : com.android.systemui.widget.SystemUITextView{2b7c318 V.ED..... ......ID 0,0-0,0 #7f0a03d7 app:id/digit_text}
03-12 18:05:01.101  4896  4896 D SFText  : clearAllTextEffect
03-12 18:05:01.101  4896  4896 W Settings: Setting accessibility_reduce_transparency has moved from android.provider.Settings.System to android.provider.Settings.Global, returning read-only global URI.
03-12 18:05:01.102  4896  4896 D SystemUITextView: mOriginalFontSizeDp 8.888889  com.android.systemui.widget.SystemUITextView{1c78b56 V.ED..... ......ID 0,0-0,0 #7f0a0652 app:id/klondike_text}
03-12 18:05:01.102  4896  4896 D SystemUITextView: onAttachedToWindow mAttrCount = 7
03-12 18:05:01.102  4896  4896 D WallpaperEventNotifier: sendUpdates: typesTobeNotified = [ | | | BACKGROUND | ]
03-12 18:05:01.102  4896  4896 D SystemUITextView: updateStyle() flag=0,200 : com.android.systemui.widget.SystemUITextView{1c78b56 V.ED..... ......ID 0,0-0,0 #7f0a0652 app:id/klondike_text}
03-12 18:05:01.102  4896  4896 D SFText  : clearAllTextEffect
03-12 18:05:01.102  4896  4896 W Settings: Setting accessibility_reduce_transparency has moved from android.provider.Settings.System to android.provider.Settings.Global, returning read-only global URI.
03-12 18:05:01.102  4896  4896 D SystemUITextView: mOriginalFontSizeDp 25.955555  com.android.systemui.widget.SystemUITextView{f1f8c4 V.ED..... ......ID 0,0-0,0 #7f0a03d7 app:id/digit_text}
03-12 18:05:01.102  4896  4896 D SystemUITextView: onAttachedToWindow mAttrCount = 7
03-12 18:05:01.102  4896  4896 D WallpaperEventNotifier: sendUpdates: typesTobeNotified = [ | | | BACKGROUND | ]
03-12 18:05:01.102  4896  4896 D SystemUITextView: updateStyle() flag=0,200 : com.android.systemui.widget.SystemUITextView{f1f8c4 V.ED..... ......ID 0,0-0,0 #7f0a03d7 app:id/digit_text}
03-12 18:05:01.102  4896  4896 D SFText  : clearAllTextEffect
03-12 18:05:01.102  4896  4896 W Settings: Setting accessibility_reduce_transparency has moved from android.provider.Settings.System to android.provider.Settings.Global, returning read-only global URI.
03-12 18:05:01.102  4896  4896 D SystemUITextView: mOriginalFontSizeDp 8.888889  com.android.systemui.widget.SystemUITextView{ac906e2 V.ED..... ......ID 0,0-0,0 #7f0a0652 app:id/klondike_text}
03-12 18:05:01.102  4896  4896 D SystemUITextView: onAttachedToWindow mAttrCount = 7
03-12 18:05:01.102  4896  4896 D WallpaperEventNotifier: sendUpdates: typesTobeNotified = [ | | | BACKGROUND | ]
03-12 18:05:01.102  4896  4896 D SystemUITextView: updateStyle() flag=0,200 : com.android.systemui.widget.SystemUITextView{ac906e2 V.ED..... ......ID 0,0-0,0 #7f0a0652 app:id/klondike_text}
03-12 18:05:01.102  4896  4896 D SFText  : clearAllTextEffect
03-12 18:05:01.102  4896  4896 W Settings: Setting accessibility_reduce_transparency has moved from android.provider.Settings.System to android.provider.Settings.Global, returning read-only global URI.
03-12 18:05:01.102  4896  4896 D SystemUITextView: mOriginalFontSizeDp 25.955555  com.android.systemui.widget.SystemUITextView{d77dd30 V.ED..... ......ID 0,0-0,0 #7f0a03d7 app:id/digit_text}
03-12 18:05:01.102  4896  4896 D SystemUITextView: onAttachedToWindow mAttrCount = 7
03-12 18:05:01.102  4896  4896 D WallpaperEventNotifier: sendUpdates: typesTobeNotified = [ | | | BACKGROUND | ]
03-12 18:05:01.102  4896  4896 D SystemUITextView: updateStyle() flag=0,200 : com.android.systemui.widget.SystemUITextView{d77dd30 V.ED..... ......ID 0,0-0,0 #7f0a03d7 app:id/digit_text}
03-12 18:05:01.102  4896  4896 D SFText  : clearAllTextEffect
03-12 18:05:01.102  4896  4896 W Settings: Setting accessibility_reduce_transparency has moved from android.provider.Settings.System to android.provider.Settings.Global, returning read-only global URI.
03-12 18:05:01.102  4896  4896 D SystemUITextView: mOriginalFontSizeDp 8.888889  com.android.systemui.widget.SystemUITextView{d74af2e V.ED..... ......ID 0,0-0,0 #7f0a0652 app:id/klondike_text}
03-12 18:05:01.102  4896  4896 D SystemUITextView: onAttachedToWindow mAttrCount = 7
03-12 18:05:01.102  4896  4896 D WallpaperEventNotifier: sendUpdates: typesTobeNotified = [ | | | BACKGROUND | ]
03-12 18:05:01.102  4896  4896 D SystemUITextView: updateStyle() flag=0,200 : com.android.systemui.widget.SystemUITextView{d74af2e V.ED..... ......ID 0,0-0,0 #7f0a0652 app:id/klondike_text}
03-12 18:05:01.102  4896  4896 D SFText  : clearAllTextEffect
03-12 18:05:01.102  4896  4896 W Settings: Setting accessibility_reduce_transparency has moved from android.provider.Settings.System to android.provider.Settings.Global, returning read-only global URI.
03-12 18:05:01.102  4896  4896 D SystemUITextView: mOriginalFontSizeDp 25.955555  com.android.systemui.widget.SystemUITextView{1359c5c V.ED..... ......ID 0,0-0,0 #7f0a03d7 app:id/digit_text}
03-12 18:05:01.102  4896  4896 D SystemUITextView: onAttachedToWindow mAttrCount = 7
03-12 18:05:01.102  4896  4896 D WallpaperEventNotifier: sendUpdates: typesTobeNotified = [ | | | BACKGROUND | ]
03-12 18:05:01.102  4896  4896 D SystemUITextView: updateStyle() flag=0,200 : com.android.systemui.widget.SystemUITextView{1359c5c V.ED..... ......ID 0,0-0,0 #7f0a03d7 app:id/digit_text}
03-12 18:05:01.102  4896  4896 D SFText  : clearAllTextEffect
03-12 18:05:01.102  4896  4896 W Settings: Setting accessibility_reduce_transparency has moved from android.provider.Settings.System to android.provider.Settings.Global, returning read-only global URI.
03-12 18:05:01.102  4896  4896 D SystemUITextView: mOriginalFontSizeDp 8.888889  com.android.systemui.widget.SystemUITextView{d20903a V.ED..... ......ID 0,0-0,0 #7f0a0652 app:id/klondike_text}
03-12 18:05:01.102  4896  4896 D SystemUITextView: onAttachedToWindow mAttrCount = 7
03-12 18:05:01.102  4896  4896 D WallpaperEventNotifier: sendUpdates: typesTobeNotified = [ | | | BACKGROUND | ]
03-12 18:05:01.102  4896  4896 D SystemUITextView: updateStyle() flag=0,200 : com.android.systemui.widget.SystemUITextView{d20903a V.ED..... ......ID 0,0-0,0 #7f0a0652 app:id/klondike_text}
03-12 18:05:01.102  4896  4896 D SFText  : clearAllTextEffect
03-12 18:05:01.103  4896  4896 W Settings: Setting accessibility_reduce_transparency has moved from android.provider.Settings.System to android.provider.Settings.Global, returning read-only global URI.
03-12 18:05:01.103  7768  1799 I [MCFDs]_ContinuityBleAdv@53880a6: stopAdvertiser - unset
03-12 18:05:01.103  4896  4896 D SystemUITextView: mOriginalFontSizeDp 25.955555  com.android.systemui.widget.SystemUITextView{5ae2248 V.ED..... ......ID 0,0-0,0 #7f0a03d7 app:id/digit_text}
03-12 18:05:01.103  4896  4896 D SystemUITextView: onAttachedToWindow mAttrCount = 7
03-12 18:05:01.103  4896  4896 D WallpaperEventNotifier: sendUpdates: typesTobeNotified = [ | | | BACKGROUND | ]
03-12 18:05:01.103  4896  4896 D SystemUITextView: updateStyle() flag=0,200 : com.android.systemui.widget.SystemUITextView{5ae2248 V.ED..... ......ID 0,0-0,0 #7f0a03d7 app:id/digit_text}
03-12 18:05:01.103  4896  4896 D SFText  : clearAllTextEffect
03-12 18:05:01.103  4896  4896 W Settings: Setting accessibility_reduce_transparency has moved from android.provider.Settings.System to android.provider.Settings.Global, returning read-only global URI.
03-12 18:05:01.103  4896  4896 D SystemUITextView: mOriginalFontSizeDp 8.888889  com.android.systemui.widget.SystemUITextView{a777606 V.ED..... ......ID 0,0-0,0 #7f0a0652 app:id/klondike_text}
03-12 18:05:01.103  4896  4896 D SystemUITextView: onAttachedToWindow mAttrCount = 7
03-12 18:05:01.103  4896  4896 D WallpaperEventNotifier: sendUpdates: typesTobeNotified = [ | | | BACKGROUND | ]
03-12 18:05:01.103  4896  4896 D SystemUITextView: updateStyle() flag=0,200 : com.android.systemui.widget.SystemUITextView{a777606 V.ED..... ......ID 0,0-0,0 #7f0a0652 app:id/klondike_text}
03-12 18:05:01.103  4896  4896 D SFText  : clearAllTextEffect
03-12 18:05:01.103  4896  4896 W Settings: Setting accessibility_reduce_transparency has moved from android.provider.Settings.System to android.provider.Settings.Global, returning read-only global URI.
03-12 18:05:01.103  4896  4896 D SystemUITextView: mOriginalFontSizeDp 25.955555  com.android.systemui.widget.SystemUITextView{7a71af4 V.ED..... ......ID 0,0-0,0 #7f0a03d7 app:id/digit_text}
03-12 18:05:01.103  4896  4896 D SystemUITextView: onAttachedToWindow mAttrCount = 7
03-12 18:05:01.103  4896  4896 D WallpaperEventNotifier: sendUpdates: typesTobeNotified = [ | | | BACKGROUND | ]
03-12 18:05:01.103  4896  4896 D SystemUITextView: updateStyle() flag=0,200 : com.android.systemui.widget.SystemUITextView{7a71af4 V.ED..... ......ID 0,0-0,0 #7f0a03d7 app:id/digit_text}
03-12 18:05:01.103  4896  4896 D SFText  : clearAllTextEffect
03-12 18:05:01.103  4896  4896 W Settings: Setting accessibility_reduce_transparency has moved from android.provider.Settings.System to android.provider.Settings.Global, returning read-only global URI.
03-12 18:05:01.103  5147  6870 W BtGatt.AdvertiseManager: stopAdvertisingSet() - Enter the mNativeInterface
03-12 18:05:01.103  4896  4896 D SystemUITextView: mOriginalFontSizeDp 8.888889  com.android.systemui.widget.SystemUITextView{404ec92 V.ED..... ......ID 0,0-0,0 #7f0a0652 app:id/klondike_text}
03-12 18:05:01.103  4896  4896 D SystemUITextView: onAttachedToWindow mAttrCount = 7
03-12 18:05:01.103  4896  4896 D WallpaperEventNotifier: sendUpdates: typesTobeNotified = [ | | | BACKGROUND | ]
03-12 18:05:01.103  4896  4896 D SystemUITextView: updateStyle() flag=0,200 : com.android.systemui.widget.SystemUITextView{404ec92 V.ED..... ......ID 0,0-0,0 #7f0a0652 app:id/klondike_text}
03-12 18:05:01.103  4896  4896 D SFText  : clearAllTextEffect
03-12 18:05:01.103  5147  6870 I bt_shim_advertiser: system/main/shim/le_advertising_manager.cc:80 Unregister: in shim layer
03-12 18:05:01.103  5147  6879 I bluetooth_core::gatt::server::isolation_manager: removing server (if any) associated with advertiser AdvertiserId(5)
03-12 18:05:01.103  5147  6324 W bluetooth: system/gd/hci/le_advertising_manager.cc:443 remove_advertiser: advertiser_id =5
03-12 18:05:01.103  5147  6870 E BtGatt.AdvertiseManager: [GSIM LOG]: gsimLogHandler, msg: MESSAGE_ADV_SET_STOP, appName: com.samsung.android.mcfds, id: 5, isLegacy: true
03-12 18:05:01.103  4896  4896 W Settings: Setting accessibility_reduce_transparency has moved from android.provider.Settings.System to android.provider.Settings.Global, returning read-only global URI.
03-12 18:05:01.104  4896  4896 D SystemUITextView: mOriginalFontSizeDp 25.955555  com.android.systemui.widget.SystemUITextView{894f260 V.ED..... ......ID 0,0-0,0 #7f0a03d7 app:id/digit_text}
03-12 18:05:01.104  4896  4896 D SystemUITextView: onAttachedToWindow mAttrCount = 7
03-12 18:05:01.104  4896  4896 D WallpaperEventNotifier: sendUpdates: typesTobeNotified = [ | | | BACKGROUND | ]
03-12 18:05:01.104  4896  4896 D SystemUITextView: updateStyle() flag=0,200 : com.android.systemui.widget.SystemUITextView{894f260 V.ED..... ......ID 0,0-0,0 #7f0a03d7 app:id/digit_text}
03-12 18:05:01.104  4896  4896 D SFText  : clearAllTextEffect
03-12 18:05:01.104  4896  4896 W Settings: Setting accessibility_reduce_transparency has moved from android.provider.Settings.System to android.provider.Settings.Global, returning read-only global URI.
03-12 18:05:01.104  4896  4896 D SystemUITextView: mOriginalFontSizeDp 8.888889  com.android.systemui.widget.SystemUITextView{3813fde V.ED..... ......ID 0,0-0,0 #7f0a0652 app:id/klondike_text}
03-12 18:05:01.104  4896  4896 D SystemUITextView: onAttachedToWindow mAttrCount = 7
03-12 18:05:01.104  4896  4896 D WallpaperEventNotifier: sendUpdates: typesTobeNotified = [ | | | BACKGROUND | ]
03-12 18:05:01.104  4896  4896 D SystemUITextView: updateStyle() flag=0,200 : com.android.systemui.widget.SystemUITextView{3813fde V.ED..... ......ID 0,0-0,0 #7f0a0652 app:id/klondike_text}
03-12 18:05:01.104  4896  4896 D SFText  : clearAllTextEffect
03-12 18:05:01.104  4896  4896 W Settings: Setting accessibility_reduce_transparency has moved from android.provider.Settings.System to android.provider.Settings.Global, returning read-only global URI.
03-12 18:05:01.104  4896  4896 D SystemUITextView: mOriginalFontSizeDp 25.955555  com.android.systemui.widget.SystemUITextView{ac6d48c V.ED..... ......ID 0,0-0,0 #7f0a03d7 app:id/digit_text}
03-12 18:05:01.104  4896  4896 D SystemUITextView: onAttachedToWindow mAttrCount = 7
03-12 18:05:01.104  4896  4896 D WallpaperEventNotifier: sendUpdates: typesTobeNotified = [ | | | BACKGROUND | ]
03-12 18:05:01.104  4896  4896 D SystemUITextView: updateStyle() flag=0,200 : com.android.systemui.widget.SystemUITextView{ac6d48c V.ED..... ......ID 0,0-0,0 #7f0a03d7 app:id/digit_text}
03-12 18:05:01.104  4896  4896 D SFText  : clearAllTextEffect
03-12 18:05:01.104  4896  4896 W Settings: Setting accessibility_reduce_transparency has moved from android.provider.Settings.System to android.provider.Settings.Global, returning read-only global URI.
03-12 18:05:01.104  4896  4896 D SystemUITextView: mOriginalFontSizeDp 8.888889  com.android.systemui.widget.SystemUITextView{3dd7bea V.ED..... ......ID 0,0-0,0 #7f0a0652 app:id/klondike_text}
03-12 18:05:01.104  4896  4896 D SystemUITextView: onAttachedToWindow mAttrCount = 7
03-12 18:05:01.104  4896  4896 D WallpaperEventNotifier: sendUpdates: typesTobeNotified = [ | | | BACKGROUND | ]
03-12 18:05:01.104  4896  4896 D SystemUITextView: updateStyle() flag=0,200 : com.android.systemui.widget.SystemUITextView{3dd7bea V.ED..... ......ID 0,0-0,0 #7f0a0652 app:id/klondike_text}
03-12 18:05:01.104  4896  4896 D SFText  : clearAllTextEffect
03-12 18:05:01.104  2521  2529 E SmcInvoke_MinkDescriptor: mem obj with id :11 not found in list
03-12 18:05:01.105  4896  4896 D VRI[NotificationShade]@e1f2f0d: mThreadedRenderer.initializeIfNeeded()#2 mSurface={isValid=true 0xb4000075af1a0430}
03-12 18:05:01.105  4896  4896 I ImeFocusController: onPreWindowFocus: skipped hasWindowFocus=true mHasImeFocus=false
03-12 18:05:01.105  2521  2521 I DMABUFHEAPS: Using DMA-BUF heap named: qcom,qseecom
03-12 18:05:01.105  4896  4896 D KeyguardUpdateMonitor: setFocusForBiometrics : false -> true, Focus window : 0 -> 1
03-12 18:05:01.105  4896  4896 I DymLock|BaseLockContainer: onWindowFocusChanged true
03-12 18:05:01.105  4896  4896 I DymLock|DynamicLockContainer: onWindowFocusChanged true
03-12 18:05:01.105  2218  2218 I SurfaceFlinger: [LayerHierarchy{RequestedLayerState{WindowToken{ff5dc7a type=2228 android.os.BinderProxy@a05a0a5}#54309} 1 children}] reparent to OffscreenRoot
03-12 18:05:01.105  2218  2218 I SurfaceFlinger: [LayerHierarchy{RequestedLayerState{WindowToken{ff5dc7a type=2228 android.os.BinderProxy@a05a0a5}#54309} 1 children}] RelativeParent to null
03-12 18:05:01.105  2218  2218 I SurfaceFlinger: [LayerHierarchy{RequestedLayerState{5383c2b KeyguardBiometricToastView#54310} no children}] reparent to OffscreenRoot
03-12 18:05:01.105  2218  2218 I SurfaceFlinger: [LayerHierarchy{RequestedLayerState{5383c2b KeyguardBiometricToastView#54310} no children}] RelativeParent to null
03-12 18:05:01.106  4896  4896 I ImeFocusController: onPostWindowFocus: skipped hasWindowFocus=true mHasImeFocus=false
03-12 18:05:01.106  4896  4896 I LockscreenNotificationIconsOnlyController: onNotificationInfoUpdated 1
03-12 18:05:01.106  2521  2521 I TZ_KG: qc_tlc_communication: TLC_COMM: path = /vendor/firmware_mnt/image, fname = tz_kg, tzapp is loaded
03-12 18:05:01.106  2521  2521 I KGTA_Initialize: : ctx = 0xb400007dd87d4580, comm = 0xb400007dd87d4280, sendmsg = 0x7fb5a50000, recvmsg = 0x7fb5a54440
03-12 18:05:01.106  2521  2521 E KGTA_Initialize: : TZ_KGTA_initTLC: payload size in send/recvmsg : 8200
03-12 18:05:01.106  4896  4896 I AODNotificationManager: updateNotification() 
03-12 18:05:01.106  2218  2351 I SurfaceFlinger: id=54310 Removed 5383c2b KeyguardBiometricToastView#54310 (247)
03-12 18:05:01.106  2218  2351 I SurfaceFlinger: id=54309 Removed WindowToken{ff5dc7a type=2228 android.os.BinderProxy@a05a0a5}#54309 (247)
03-12 18:05:01.106  2100 15553 I sec_fr_QSeeInterfaceSMCInvoke: loadTA
03-12 18:05:01.106  3101  3348 E system_server: TZ_KGTA:: jni process kgta_getTAState
03-12 18:05:01.106  2521  2521 E vendor.samsung.hardware.tlc.kg-service:  getKgState cmd=1
03-12 18:05:01.106  4896  4896 E AbsSettings: refreshInner: refreshedSettingsDBItem key aod_content_type val = 5
03-12 18:05:01.106  4896  4896 I AODThemeSettingsHelper: getSingleThemeContentType = 5
03-12 18:05:01.106  4896  4896 D PluginAODManager: onNotificationInfoUpdated() 1
03-12 18:05:01.106  4896  4896 D PluginAODManager: onNotificationInfoUpdated() -1|android|62|null|1000
03-12 18:05:01.106  4896  4896 I AODNotificationManager: updateVisibleNotifications: 1
03-12 18:05:01.111  4896  4896 W KeyguardSecurityViewFlipper: onMeasure: widthSpec MeasureSpec: EXACTLY 1080 should be AT_MOST
03-12 18:05:01.111  4896  4896 W KeyguardSecurityViewFlipper: onMeasure: heightSpec MeasureSpec: EXACTLY 2205 should be AT_MOST
03-12 18:05:01.111  4896  4896 W KeyguardSecurityViewFlipper: onMeasure: widthSpec MeasureSpec: EXACTLY 1080 should be AT_MOST
03-12 18:05:01.111  4896  4896 W KeyguardSecurityViewFlipper: onMeasure: heightSpec MeasureSpec: EXACTLY 2205 should be AT_MOST
03-12 18:05:01.112  3101  7805 D PowerManagerService: [api] release WakeLock DRAW_WAKE_LOCK                    'Scrims' ACQ=-100ms (uid=10048 pid=4896 displayId=0 lock=5d76f6c)
03-12 18:05:01.112  4896  4896 D EmergencyButton: updateEmergencyCallButton : secure
03-12 18:05:01.112  4896  4896 D EmergencyButton: updateEmergencyCallButton : secure
03-12 18:05:01.112  4896  4896 D EmergencyButton: updateEmergencyCallButton : secure
03-12 18:05:01.112  4896  4896 D EmergencyButton: updateEmergencyCallButton : secure
03-12 18:05:01.112  4896  4896 D EmergencyButton: updateEmergencyCallButton : secure
03-12 18:05:01.112  4896  4896 D EmergencyButton: updateEmergencyCallButton : secure
03-12 18:05:01.112  4896  4896 W Settings: Setting accessibility_reduce_transparency has moved from android.provider.Settings.System to android.provider.Settings.Global, returning read-only global URI.
03-12 18:05:01.112  4896  4896 D SystemUITextView: mOriginalFontSizeDp 25.955555  com.android.systemui.widget.SystemUITextView{706f968 V.ED..... ......ID 0,0-0,0 #7f0a03d7 app:id/digit_text}
03-12 18:05:01.112  4896  4896 D SystemUITextView: onAttachedToWindow mAttrCount = 7
03-12 18:05:01.112  4896  4896 D WallpaperEventNotifier: sendUpdates: typesTobeNotified = [ | | | BACKGROUND | ]
03-12 18:05:01.112  4896  4896 D SystemUITextView: updateStyle() flag=0,200 : com.android.systemui.widget.SystemUITextView{706f968 V.ED..... ......ID 0,0-0,0 #7f0a03d7 app:id/digit_text}
03-12 18:05:01.112  4896  4896 D SFText  : clearAllTextEffect
03-12 18:05:01.112  4896  4896 W Settings: Setting accessibility_reduce_transparency has moved from android.provider.Settings.System to android.provider.Settings.Global, returning read-only global URI.
03-12 18:05:01.113  4896  4896 D SystemUITextView: mOriginalFontSizeDp 8.888889  com.android.systemui.widget.SystemUITextView{b90f226 V.ED..... ......ID 0,0-0,0 #7f0a0652 app:id/klondike_text}
03-12 18:05:01.113  4896  4896 D SystemUITextView: onAttachedToWindow mAttrCount = 7
03-12 18:05:01.113  4896  4896 D WallpaperEventNotifier: sendUpdates: typesTobeNotified = [ | | | BACKGROUND | ]
03-12 18:05:01.113  4896  4896 D SystemUITextView: updateStyle() flag=0,200 : com.android.systemui.widget.SystemUITextView{b90f226 V.ED..... ......ID 0,0-0,0 #7f0a0652 app:id/klondike_text}
03-12 18:05:01.113  4896  4896 D SFText  : clearAllTextEffect
03-12 18:05:01.113  4896  4896 W Settings: Setting accessibility_reduce_transparency has moved from android.provider.Settings.System to android.provider.Settings.Global, returning read-only global URI.
03-12 18:05:01.113  4896  4896 D SystemUITextView: mOriginalFontSizeDp 25.955555  com.android.systemui.widget.SystemUITextView{c064414 V.ED..... ......ID 0,0-0,0 #7f0a03d7 app:id/digit_text}
03-12 18:05:01.113  4896  4896 D SystemUITextView: onAttachedToWindow mAttrCount = 7
03-12 18:05:01.113  4896  4896 D WallpaperEventNotifier: sendUpdates: typesTobeNotified = [ | | | BACKGROUND | ]
03-12 18:05:01.113  4896  4896 D SystemUITextView: updateStyle() flag=0,200 : com.android.systemui.widget.SystemUITextView{c064414 V.ED..... ......ID 0,0-0,0 #7f0a03d7 app:id/digit_text}
03-12 18:05:01.113  4896  4896 D SFText  : clearAllTextEffect
03-12 18:05:01.113  4896  4896 W Settings: Setting accessibility_reduce_transparency has moved from android.provider.Settings.System to android.provider.Settings.Global, returning read-only global URI.
03-12 18:05:01.113  4896  4896 D SystemUITextView: mOriginalFontSizeDp 8.888889  com.android.systemui.widget.SystemUITextView{40a0ab2 V.ED..... ......ID 0,0-0,0 #7f0a0652 app:id/klondike_text}
03-12 18:05:01.113  4896  4896 D SystemUITextView: onAttachedToWindow mAttrCount = 7
03-12 18:05:01.113  4896  4896 D WallpaperEventNotifier: sendUpdates: typesTobeNotified = [ | | | BACKGROUND | ]
03-12 18:05:01.113  4896  4896 D SystemUITextView: updateStyle() flag=0,200 : com.android.systemui.widget.SystemUITextView{40a0ab2 V.ED..... ......ID 0,0-0,0 #7f0a0652 app:id/klondike_text}
03-12 18:05:01.113  4896  4896 D SFText  : clearAllTextEffect
03-12 18:05:01.113  4896  4896 W Settings: Setting accessibility_reduce_transparency has moved from android.provider.Settings.System to android.provider.Settings.Global, returning read-only global URI.
03-12 18:05:01.113  4896  4896 D SystemUITextView: mOriginalFontSizeDp 25.955555  com.android.systemui.widget.SystemUITextView{f0d8d80 V.ED..... ......ID 0,0-0,0 #7f0a03d7 app:id/digit_text}
03-12 18:05:01.113  4896  4896 D SystemUITextView: onAttachedToWindow mAttrCount = 7
03-12 18:05:01.113  4896  4896 D WallpaperEventNotifier: sendUpdates: typesTobeNotified = [ | | | BACKGROUND | ]
03-12 18:05:01.113  4896  4896 D SystemUITextView: updateStyle() flag=0,200 : com.android.systemui.widget.SystemUITextView{f0d8d80 V.ED..... ......ID 0,0-0,0 #7f0a03d7 app:id/digit_text}
03-12 18:05:01.113  4896  4896 D SFText  : clearAllTextEffect
03-12 18:05:01.113  4896  4896 W Settings: Setting accessibility_reduce_transparency has moved from android.provider.Settings.System to android.provider.Settings.Global, returning read-only global URI.
03-12 18:05:01.113  4896  4896 D SystemUITextView: mOriginalFontSizeDp 8.888889  com.android.systemui.widget.SystemUITextView{28a1ffe V.ED..... ......ID 0,0-0,0 #7f0a0652 app:id/klondike_text}
03-12 18:05:01.113  4896  4896 D SystemUITextView: onAttachedToWindow mAttrCount = 7
03-12 18:05:01.113  4896  4896 D WallpaperEventNotifier: sendUpdates: typesTobeNotified = [ | | | BACKGROUND | ]
03-12 18:05:01.113  4896  4896 D SystemUITextView: updateStyle() flag=0,200 : com.android.systemui.widget.SystemUITextView{28a1ffe V.ED..... ......ID 0,0-0,0 #7f0a0652 app:id/klondike_text}
03-12 18:05:01.113  4896  4896 D SFText  : clearAllTextEffect
03-12 18:05:01.113  4896  4896 W Settings: Setting accessibility_reduce_transparency has moved from android.provider.Settings.System to android.provider.Settings.Global, returning read-only global URI.
03-12 18:05:01.113  4896  4896 D SystemUITextView: mOriginalFontSizeDp 25.955555  com.android.systemui.widget.SystemUITextView{7e01ac V.ED..... ......ID 0,0-0,0 #7f0a03d7 app:id/digit_text}
03-12 18:05:01.113  4896  4896 D SystemUITextView: onAttachedToWindow mAttrCount = 7
03-12 18:05:01.113  4896  4896 D WallpaperEventNotifier: sendUpdates: typesTobeNotified = [ | | | BACKGROUND | ]
03-12 18:05:01.113  4896  4896 D SystemUITextView: updateStyle() flag=0,200 : com.android.systemui.widget.SystemUITextView{7e01ac V.ED..... ......ID 0,0-0,0 #7f0a03d7 app:id/digit_text}
03-12 18:05:01.113  4896  4896 D SFText  : clearAllTextEffect
03-12 18:05:01.113  4896  4896 W Settings: Setting accessibility_reduce_transparency has moved from android.provider.Settings.System to android.provider.Settings.Global, returning read-only global URI.
03-12 18:05:01.113  4896  4896 D SystemUITextView: mOriginalFontSizeDp 8.888889  com.android.systemui.widget.SystemUITextView{b643e0a V.ED..... ......ID 0,0-0,0 #7f0a0652 app:id/klondike_text}
03-12 18:05:01.113  4896  4896 D SystemUITextView: onAttachedToWindow mAttrCount = 7
03-12 18:05:01.114  4896  4896 D WallpaperEventNotifier: sendUpdates: typesTobeNotified = [ | | | BACKGROUND | ]
03-12 18:05:01.114  4896  4896 D SystemUITextView: updateStyle() flag=0,200 : com.android.systemui.widget.SystemUITextView{b643e0a V.ED..... ......ID 0,0-0,0 #7f0a0652 app:id/klondike_text}
03-12 18:05:01.114  4896  4896 D SFText  : clearAllTextEffect
03-12 18:05:01.114  4896  4896 W Settings: Setting accessibility_reduce_transparency has moved from android.provider.Settings.System to android.provider.Settings.Global, returning read-only global URI.
03-12 18:05:01.114  4896  4896 D SystemUITextView: mOriginalFontSizeDp 25.955555  com.android.systemui.widget.SystemUITextView{39f8c98 V.ED..... ......ID 0,0-0,0 #7f0a03d7 app:id/digit_text}
03-12 18:05:01.114  4896  4896 D SystemUITextView: onAttachedToWindow mAttrCount = 7
03-12 18:05:01.114  4896  4896 D WallpaperEventNotifier: sendUpdates: typesTobeNotified = [ | | | BACKGROUND | ]
03-12 18:05:01.114  4896  4896 D SystemUITextView: updateStyle() flag=0,200 : com.android.systemui.widget.SystemUITextView{39f8c98 V.ED..... ......ID 0,0-0,0 #7f0a03d7 app:id/digit_text}
03-12 18:05:01.114  4896  4896 D SFText  : clearAllTextEffect
03-12 18:05:01.114  4896  4896 W Settings: Setting accessibility_reduce_transparency has moved from android.provider.Settings.System to android.provider.Settings.Global, returning read-only global URI.
03-12 18:05:01.114  4896  4896 D SystemUITextView: mOriginalFontSizeDp 8.888889  com.android.systemui.widget.SystemUITextView{31030d6 V.ED..... ......ID 0,0-0,0 #7f0a0652 app:id/klondike_text}
03-12 18:05:01.114  4896  4896 D SystemUITextView: onAttachedToWindow mAttrCount = 7
03-12 18:05:01.114  4896  4896 D WallpaperEventNotifier: sendUpdates: typesTobeNotified = [ | | | BACKGROUND | ]
03-12 18:05:01.114  4896  4896 D SystemUITextView: updateStyle() flag=0,200 : com.android.systemui.widget.SystemUITextView{31030d6 V.ED..... ......ID 0,0-0,0 #7f0a0652 app:id/klondike_text}
03-12 18:05:01.114  4896  4896 D SFText  : clearAllTextEffect
03-12 18:05:01.114  4896  4896 W Settings: Setting accessibility_reduce_transparency has moved from android.provider.Settings.System to android.provider.Settings.Global, returning read-only global URI.
03-12 18:05:01.114  4896  4896 D SystemUITextView: mOriginalFontSizeDp 25.955555  com.android.systemui.widget.SystemUITextView{64cda44 V.ED..... ......ID 0,0-0,0 #7f0a03d7 app:id/digit_text}
03-12 18:05:01.114  4896  4896 D SystemUITextView: onAttachedToWindow mAttrCount = 7
03-12 18:05:01.114  4896  4896 D WallpaperEventNotifier: sendUpdates: typesTobeNotified = [ | | | BACKGROUND | ]
03-12 18:05:01.114  4896  4896 D SystemUITextView: updateStyle() flag=0,200 : com.android.systemui.widget.SystemUITextView{64cda44 V.ED..... ......ID 0,0-0,0 #7f0a03d7 app:id/digit_text}
03-12 18:05:01.114  4896  4896 D SFText  : clearAllTextEffect
03-12 18:05:01.114  4896  4896 W Settings: Setting accessibility_reduce_transparency has moved from android.provider.Settings.System to android.provider.Settings.Global, returning read-only global URI.
03-12 18:05:01.114  4896  4896 D SystemUITextView: mOriginalFontSizeDp 8.888889  com.android.systemui.widget.SystemUITextView{bb68462 V.ED..... ......ID 0,0-0,0 #7f0a0652 app:id/klondike_text}
03-12 18:05:01.114  4896  4896 D SystemUITextView: onAttachedToWindow mAttrCount = 7
03-12 18:05:01.114  4896  4896 D WallpaperEventNotifier: sendUpdates: typesTobeNotified = [ | | | BACKGROUND | ]
03-12 18:05:01.114  4896  4896 D SystemUITextView: updateStyle() flag=0,200 : com.android.systemui.widget.SystemUITextView{bb68462 V.ED..... ......ID 0,0-0,0 #7f0a0652 app:id/klondike_text}
03-12 18:05:01.114  4896  4896 D SFText  : clearAllTextEffect
03-12 18:05:01.114  4896  4896 W Settings: Setting accessibility_reduce_transparency has moved from android.provider.Settings.System to android.provider.Settings.Global, returning read-only global URI.
03-12 18:05:01.114  4896  4896 D SystemUITextView: mOriginalFontSizeDp 25.955555  com.android.systemui.widget.SystemUITextView{75f56b0 V.ED..... ......ID 0,0-0,0 #7f0a03d7 app:id/digit_text}
03-12 18:05:01.114  4896  4896 D SystemUITextView: onAttachedToWindow mAttrCount = 7
03-12 18:05:01.114  4896  4896 D WallpaperEventNotifier: sendUpdates: typesTobeNotified = [ | | | BACKGROUND | ]
03-12 18:05:01.114  4896  4896 D SystemUITextView: updateStyle() flag=0,200 : com.android.systemui.widget.SystemUITextView{75f56b0 V.ED..... ......ID 0,0-0,0 #7f0a03d7 app:id/digit_text}
03-12 18:05:01.114  4896  4896 D SFText  : clearAllTextEffect
03-12 18:05:01.114  4896  4896 W Settings: Setting accessibility_reduce_transparency has moved from android.provider.Settings.System to android.provider.Settings.Global, returning read-only global URI.
03-12 18:05:01.115  4896  4896 D SystemUITextView: mOriginalFontSizeDp 8.888889  com.android.systemui.widget.SystemUITextView{f7c84ae V.ED..... ......ID 0,0-0,0 #7f0a0652 app:id/klondike_text}
03-12 18:05:01.115  4896  4896 D SystemUITextView: onAttachedToWindow mAttrCount = 7
03-12 18:05:01.115  4896  4896 D WallpaperEventNotifier: sendUpdates: typesTobeNotified = [ | | | BACKGROUND | ]
03-12 18:05:01.115  4896  4896 D SystemUITextView: updateStyle() flag=0,200 : com.android.systemui.widget.SystemUITextView{f7c84ae V.ED..... ......ID 0,0-0,0 #7f0a0652 app:id/klondike_text}
03-12 18:05:01.115  4896  4896 D SFText  : clearAllTextEffect
03-12 18:05:01.115  4896  4896 W Settings: Setting accessibility_reduce_transparency has moved from android.provider.Settings.System to android.provider.Settings.Global, returning read-only global URI.
03-12 18:05:01.115  4896  4896 D SystemUITextView: mOriginalFontSizeDp 25.955555  com.android.systemui.widget.SystemUITextView{7db2ddc V.ED..... ......ID 0,0-0,0 #7f0a03d7 app:id/digit_text}
03-12 18:05:01.115  4896  4896 D SystemUITextView: onAttachedToWindow mAttrCount = 7
03-12 18:05:01.115  4896  4896 D WallpaperEventNotifier: sendUpdates: typesTobeNotified = [ | | | BACKGROUND | ]
03-12 18:05:01.115  4896  4896 D SystemUITextView: updateStyle() flag=0,200 : com.android.systemui.widget.SystemUITextView{7db2ddc V.ED..... ......ID 0,0-0,0 #7f0a03d7 app:id/digit_text}
03-12 18:05:01.115  4896  4896 D SFText  : clearAllTextEffect
03-12 18:05:01.115  4896  4896 W Settings: Setting accessibility_reduce_transparency has moved from android.provider.Settings.System to android.provider.Settings.Global, returning read-only global URI.
03-12 18:05:01.115  4896  4896 D SystemUITextView: mOriginalFontSizeDp 8.888889  com.android.systemui.widget.SystemUITextView{3903dba V.ED..... ......ID 0,0-0,0 #7f0a0652 app:id/klondike_text}
03-12 18:05:01.115  4896  4896 D SystemUITextView: onAttachedToWindow mAttrCount = 7
03-12 18:05:01.115  4896  4896 D WallpaperEventNotifier: sendUpdates: typesTobeNotified = [ | | | BACKGROUND | ]
03-12 18:05:01.115  4896  4896 D SystemUITextView: updateStyle() flag=0,200 : com.android.systemui.widget.SystemUITextView{3903dba V.ED..... ......ID 0,0-0,0 #7f0a0652 app:id/klondike_text}
03-12 18:05:01.115  4896  4896 D SFText  : clearAllTextEffect
03-12 18:05:01.115  4896  4896 W Settings: Setting accessibility_reduce_transparency has moved from android.provider.Settings.System to android.provider.Settings.Global, returning read-only global URI.
03-12 18:05:01.115  4896  4896 D SystemUITextView: mOriginalFontSizeDp 25.955555  com.android.systemui.widget.SystemUITextView{2db4bc8 V.ED..... ......ID 0,0-0,0 #7f0a03d7 app:id/digit_text}
03-12 18:05:01.115  4896  4896 D SystemUITextView: onAttachedToWindow mAttrCount = 7
03-12 18:05:01.115  4896  4896 D WallpaperEventNotifier: sendUpdates: typesTobeNotified = [ | | | BACKGROUND | ]
03-12 18:05:01.115  4896  4896 D SystemUITextView: updateStyle() flag=0,200 : com.android.systemui.widget.SystemUITextView{2db4bc8 V.ED..... ......ID 0,0-0,0 #7f0a03d7 app:id/digit_text}
03-12 18:05:01.115  4896  4896 D SFText  : clearAllTextEffect
03-12 18:05:01.115  4896  4896 W Settings: Setting accessibility_reduce_transparency has moved from android.provider.Settings.System to android.provider.Settings.Global, returning read-only global URI.
03-12 18:05:01.115  4896  4896 D SystemUITextView: mOriginalFontSizeDp 8.888889  com.android.systemui.widget.SystemUITextView{ff47b86 V.ED..... ......ID 0,0-0,0 #7f0a0652 app:id/klondike_text}
03-12 18:05:01.115  4896  4896 D SystemUITextView: onAttachedToWindow mAttrCount = 7
03-12 18:05:01.115  4896  4896 D WallpaperEventNotifier: sendUpdates: typesTobeNotified = [ | | | BACKGROUND | ]
03-12 18:05:01.115  4896  4896 D SystemUITextView: updateStyle() flag=0,200 : com.android.systemui.widget.SystemUITextView{ff47b86 V.ED..... ......ID 0,0-0,0 #7f0a0652 app:id/klondike_text}
03-12 18:05:01.115  4896  4896 D SFText  : clearAllTextEffect
03-12 18:05:01.116  4896  4896 W Settings: Setting accessibility_reduce_transparency has moved from android.provider.Settings.System to android.provider.Settings.Global, returning read-only global URI.
03-12 18:05:01.116  4896  4896 D SystemUITextView: mOriginalFontSizeDp 25.955555  com.android.systemui.widget.SystemUITextView{83d5c74 V.ED..... ......ID 0,0-0,0 #7f0a03d7 app:id/digit_text}
03-12 18:05:01.116  4896  4896 D SystemUITextView: onAttachedToWindow mAttrCount = 7
03-12 18:05:01.116  4896  4896 D WallpaperEventNotifier: sendUpdates: typesTobeNotified = [ | | | BACKGROUND | ]
03-12 18:05:01.116  4896  4896 D SystemUITextView: updateStyle() flag=0,200 : com.android.systemui.widget.SystemUITextView{83d5c74 V.ED..... ......ID 0,0-0,0 #7f0a03d7 app:id/digit_text}
03-12 18:05:01.116  4896  4896 D SFText  : clearAllTextEffect
03-12 18:05:01.116  4896  4896 W Settings: Setting accessibility_reduce_transparency has moved from android.provider.Settings.System to android.provider.Settings.Global, returning read-only global URI.
03-12 18:05:01.116  4896  4896 D SystemUITextView: mOriginalFontSizeDp 8.888889  com.android.systemui.widget.SystemUITextView{80cca12 V.ED..... ......ID 0,0-0,0 #7f0a0652 app:id/klondike_text}
03-12 18:05:01.116  4896  4896 D SystemUITextView: onAttachedToWindow mAttrCount = 7
03-12 18:05:01.116  4896  4896 D WallpaperEventNotifier: sendUpdates: typesTobeNotified = [ | | | BACKGROUND | ]
03-12 18:05:01.116  4896  4896 D SystemUITextView: updateStyle() flag=0,200 : com.android.systemui.widget.SystemUITextView{80cca12 V.ED..... ......ID 0,0-0,0 #7f0a0652 app:id/klondike_text}
03-12 18:05:01.116  4896  4896 D SFText  : clearAllTextEffect
03-12 18:05:01.116  4896  4896 D KeyguardFingerprint: shouldListenForFingerprint ( isFingerprintEnabled = true , mKeyguardIsVisible = true , mDeviceInteractive = false , mPrimaryBouncerIsOrWillBeShowing = false , mPrimaryBouncerFullyShown = false , mGoingToSleep = false , mSwitchingUser = false , mIsDreamingForBiometrics = true , mKeyguardUnlocking = false , mKeyguardGoingAway = false , mKeyguardShowing = true , mKeyguardOccluded = false , mSystemReady = true , mHasFocus = true
03-12 18:05:01.116  4896  4896 D KeyguardFingerprint: updateFingerprintListeningState#mFingerprintRunningState=1 shouldListenForFingerprint=true isUdfpsEnrolled=false bioType : 257
03-12 18:05:01.116  4896  4896 D KeyguardFace: shouldListenForFace ( isFaceDefaultCondition = false , isKeyguardVisible = true , isDeviceInteractive = false , mPrimaryBouncerFullyShown = false , isSwitchingUser = false , mIsDreamingForBiometrics = true , isGoingToSleep = false , isKeyguardGoingAway = false , mKeyguardUnlocking = false , isEarlyWakeUp = false , mIsScreenSaverRunning = false , mSystemReady = true , getUserUnlockedWithBiometric = false , isKeyguardShowing = true , isKeyguardOccluded = false , mHasFocus = true)
03-12 18:05:01.116  4896  4896 D KeyguardFace: shouldListenForFace ( return false, Face is not default condition)
03-12 18:05:01.116  4896  4896 D KeyguardFace: Can't stop stopListeningForFace(), mFaceRunningState = 0
03-12 18:05:01.122  2218  2218 I SurfaceFlinger: RequestedLayer [com.samsung.android.wallpaper.live.layered.LayeredWallpaperService$_5171#107] hidden!! flag  from(0) --> to(1)
03-12 18:05:01.122  2218  2218 I SurfaceFlinger: RequestedLayer [WallpaperWindowToken{43f424a showWhenLocked=false}#86] hidden!! flag  from(0) --> to(1)
03-12 18:05:01.122  2218  2218 I SurfaceFlinger: destroyed WindowToken{ff5dc7a type=2228 android.os.BinderProxy@a05a0a5}#54309 form LifecycleManager
03-12 18:05:01.122  2218  2218 I SurfaceFlinger: destroyed 5383c2b KeyguardBiometricToastView#54310 form LifecycleManager
03-12 18:05:01.122  2218  2218 I SurfaceFlinger: id=54309 onLayerDestroyed from LayerHierarchyBuilder(RequestedLayerState{WindowToken{ff5dc7a type=2228 android.os.BinderProxy@a05a0a5}#54309 !handle})
03-12 18:05:01.122  2218  2218 I SurfaceFlinger: id=54310 onLayerDestroyed from LayerHierarchyBuilder(RequestedLayerState{5383c2b KeyguardBiometricToastView#54310 !handle})
03-12 18:05:01.122  2218  2218 I Layer   : id=54309 Destroyed WindowToken{ff5dc7a type=2228 android.os.BinderProxy@a05a0a5}#54309
03-12 18:05:01.122  2218  2218 I Layer   : id=54310 Destroyed 5383c2b KeyguardBiometricToastView#54310
03-12 18:05:01.123  3101  7817 D PowerManagerService: [api] release WakeLock DRAW_WAKE_LOCK                    'Doze' ACQ=-118ms (uid=10048 pid=4896 displayId=0 lock=2e09f0e)
03-12 18:05:01.127  4896  4896 W KeyguardSecurityViewFlipper: onMeasure: widthSpec MeasureSpec: EXACTLY 1080 should be AT_MOST
03-12 18:05:01.127  4896  4896 W KeyguardSecurityViewFlipper: onMeasure: heightSpec MeasureSpec: EXACTLY 2205 should be AT_MOST
03-12 18:05:01.127  4896  4896 W KeyguardSecurityViewFlipper: onMeasure: widthSpec MeasureSpec: EXACTLY 1080 should be AT_MOST
03-12 18:05:01.127  4896  4896 W KeyguardSecurityViewFlipper: onMeasure: heightSpec MeasureSpec: EXACTLY 2205 should be AT_MOST
03-12 18:05:01.142  9849  9849 I MCFQS   : (BleScanRepository) updateBleScan()-[td:main] screenOff new REQUEST_FROM_MY_DEVICE_ONLY
03-12 18:05:01.142  9849  9849 I MCFQS   : (BleScanRepository) startBleScan()-[td:main] (data:[42010886b7f7],mask:[ffffe8ffffff]) (data:[4201080000000086b7f7812c],mask:[ffffe800000000ffffffffff]) , cb=265465700
03-12 18:05:01.143  5147  6880 I bt_shim_scanner: system/main/shim/le_scanning_manager.cc:135 RegisterScanner: in shim layer, UUID=009a772d-74e1-45c2-8007-4f49e44eef0b
03-12 18:05:01.143  5147  6324 W bluetooth: system/gd/hci/le_scanning_manager.cc:650 register_scanner: register_scanner
03-12 18:05:01.144  5147  6871 E ScanManager: [GSIM LOG]: gsimLogHandler, msg: MESSAGE_SCAN_START, appName: com.samsung.android.mdx.kit, scannerId: 1, reportDelayMillis=0
03-12 18:05:01.144  5147  6871 I bt_shim_scanner: system/main/shim/le_scanning_manager.cc:260 ScanFilterEnable: in shim layer
03-12 18:05:01.144  5147  6871 I bt_shim_scanner: system/main/shim/le_scanning_manager.cc:233 ScanFilterAdd: in shim layer
03-12 18:05:01.144  5147  6871 I bt_shim_scanner: system/main/shim/le_scanning_manager.cc:197 ScanFilterParamSetup: in shim layer, clientIf=1
03-12 18:05:01.144  5147  6871 I bt_shim_scanner: system/main/shim/le_scanning_manager.cc:233 ScanFilterAdd: in shim layer
03-12 18:05:01.144  5147  6871 I bt_shim_scanner: system/main/shim/le_scanning_manager.cc:197 ScanFilterParamSetup: in shim layer, clientIf=1
03-12 18:05:01.145  7326  7326 W ContextImpl: Calling a method in the system process without a qualified user: android.app.ContextImpl.startService:2068 android.content.ContextWrapper.startService:872 android.content.ContextWrapper.startService:872 com.sec.android.diagmonagent.sa.receiver.CFLogReceiver.onReceive:56 android.app.ActivityThread.handleReceiver:5663 
03-12 18:05:01.153  7768  1799 I [MCFDs]_ContinuityBleAdv@(ext)6a58ae7: stopAdvertiser - unset
03-12 18:05:01.154  5147  6870 W BtGatt.AdvertiseManager: stopAdvertisingSet() - Enter the mNativeInterface
03-12 18:05:01.154  5147  6870 I bt_shim_advertiser: system/main/shim/le_advertising_manager.cc:80 Unregister: in shim layer
03-12 18:05:01.154  5147  6879 I bluetooth_core::gatt::server::isolation_manager: removing server (if any) associated with advertiser AdvertiserId(7)
03-12 18:05:01.154  5147  6324 W bluetooth: system/gd/hci/le_advertising_manager.cc:443 remove_advertiser: advertiser_id =7
03-12 18:05:01.154  5147  6870 E BtGatt.AdvertiseManager: [GSIM LOG]: gsimLogHandler, msg: MESSAGE_ADV_SET_STOP, appName: com.samsung.android.mcfds, id: 7, isLegacy: false
03-12 18:05:01.195  2087  6828 I vendor.qti.bluetooth@1.0-ibs_handler: ProcessIbsCmd: Received IBS_SLEEP_IND: 0xFE
03-12 18:05:01.204  7768  1799 I [MCFDs]_ContinuityBleAdv@53880a6: onAdvertisingSetStopped - 
03-12 18:05:01.204  7768  1799 I [MCFDs]_ContinuityBleAdv@(ext)6a58ae7: onAdvertisingSetStopped - 
03-12 18:05:01.204  7768  1799 I [MCFDs]_ContinuityBleAdv@53880a6: startAdvertiser - md(a)[021861 B1ADF6448CBE008100071104 96101830505B02AE20F0 1796 3411F406 ], 432
03-12 18:05:01.205  5147  6870 I bt_shim_advertiser: system/main/shim/le_advertising_manager.cc:155 StartAdvertisingSet: in shim layer
03-12 18:05:01.205  5147  6870 I bt_shim_advertiser: system/main/shim/le_advertising_manager.cc:174 StartAdvertisingSet: create advertising set, client_id:255, reg_id:-7467
03-12 18:05:01.205  5147  6324 W bluetooth: system/gd/hci/le_advertising_manager.cc:431 allocate_advertiser: advertiser_id=5
03-12 18:05:01.205  5147  6324 W bluetooth: system/gd/hci/le_advertising_manager.cc:643 create_extended_advertiser_with_id: advertiser_id=5
03-12 18:05:01.205  5147  6324 I bluetooth: system/gd/hci/le_advertising_manager.cc:722 create_extended_advertiser_with_id: Scheduling address rotation for advertiser_id=5
03-12 18:05:01.205  5147  6324 I bluetooth: system/gd/hci/le_address_manager.cc:581 GetNextPrivateAddressIntervalRange: client=advertising_set_5, nonwake=8m50s, wake=14m49s
03-12 18:05:01.205  5147  6324 I bluetooth: system/gd/hci/le_advertising_manager.cc:1307 enable_advertiser: advertiser_id=5
03-12 18:05:01.206  2087  6828 I vendor.qti.bluetooth@1.0-ibs_handler: ProcessIbsCmd: Received IBS_WAKE_IND: 0xFD
03-12 18:05:01.206  2087  6828 I vendor.qti.bluetooth@1.0-ibs_handler: ProcessIbsCmd: Writing IBS_WAKE_ACK
03-12 18:05:01.210  5147  6324 I bluetooth: system/gd/hci/le_advertising_manager.cc:1868 on_set_advertising_set_random_address_complete: update random address for advertising set 5 : xx:xx:xx:xx:72:ed
03-12 18:05:01.212  5147  6870 E BtGatt.AdvertiseManager: [GSIM LOG]: gsimLogHandler, msg: MESSAGE_ADV_SET_START, appName: com.samsung.android.mcfds, id: 5, isLegacy: true
