03-12 18:11:19.885  3101  4246 D SensorService: setSContextDataLocked ints length 2 , byte length 4
03-12 18:11:19.885  3101  4246 D SensorService: setSContextDataLocked 3db8
03-12 18:11:19.885  2094  2094 I sensors-hal: inject_sensor_data:412, handle 1502 send inject
03-12 18:11:19.885  2094  2094 I sensors-hal: sendContextData:303, sensor hal 4, (0xb8, 0x3d, 0x0, 0x0)
03-12 18:11:19.885  2094  2094 I sensors-hal: sendContextData:131, change_location_trigger 4,184
03-12 18:11:19.885  2094  2094 I sensors-hal: sendUserData:118, change_location_trigger h 184 m 61 s 0
03-12 18:11:19.885  2094  2094 I sensors-hal: create_send_context_data:66, change_location_trigger create_send_context_data
03-12 18:11:19.885  2094  2094 I sensors-hal: send_context_data:701, change_location_trigger, -244018566922240, 1320970896291267344, msgid:700
03-12 18:11:19.885  3101  7800 W CAE     : setCAProperty(ContextAwareService.java:515) - [setProperty 02] Mutex is unlocked for CH_LOC_TRIGGER
03-12 18:11:19.885  3101  7800 D SemContextService:     .requestToUpdate() : service = Location Change Trigger
03-12 18:11:19.885  3101  7800 D SemContextService: unlock : requestToUpdate
03-12 18:11:19.885  3101  7800 D SemContextManager:   .requestToUpdate : listener = com.android.server.location.nsflp.NSLocationMonitor$5@87f967e, service=Location Change Trigger
03-12 18:11:19.886  5643 10627 I NewStopController_FLP: StateChecker, check stationary message
03-12 18:11:19.886  2094  4244 I sensors-hal: qsh_conn_resp_cb:972, resp_value = 0 for change_location_trigger 
03-12 18:11:19.899  2094  5135 I sensors-hal: handle_sns_client_event:353, mag_sample_uncal: ts=278390592233778 ns; value = [-0.734475, 56.263199, 19.669201], bias = [-12.780000, 48.779999, 62.340000]
03-12 18:11:19.909  2087  6828 I vendor.qti.bluetooth@1.0-ibs_handler: ProcessIbsCmd: Received IBS_SLEEP_IND: 0xFE
03-12 18:11:19.909  2087  6828 D vendor.qti.bluetooth@1.0-ibs_handler: SerialClockVote: vote for UART CLK OFF
03-12 18:11:19.911  2087  6828 I vendor.qti.bluetooth@1.0-ibs_handler: ProcessIbsCmd: Received IBS_WAKE_IND: 0xFD
03-12 18:11:19.911  2087  6828 D vendor.qti.bluetooth@1.0-ibs_handler: SerialClockVote: vote for UART CLK ON
03-12 18:11:19.911  2087  6828 I vendor.qti.bluetooth@1.0-ibs_handler: ProcessIbsCmd: Writing IBS_WAKE_ACK
03-12 18:11:19.912  5147  6851 I ScanController: onScanResult to scannerId: 10- eventType=0x1b, addressType=1, address=XX:XX:XX:XX:03:93, primaryPhy=1, secondaryPhy=0, advertisingSid=0xff, txPower=127, rssi=-54, periodicAdvInt=0x0
03-12 18:11:19.913  2094  4244 I sensors-hal: qsh_conn_event_cb:927, event[0] sensor:change_location_trigger  Wakeup, msg_id=1025, ts=5345206634459
03-12 18:11:19.913  2094  4244 I sensors-hal: handle_sns_client_event:85, change_location_trigger_event: msgid:1025
03-12 18:11:19.913  2094  4244 I sensors-hal: handle_sns_client_event:108, change_location_trigger_event: 255, 255
03-12 18:11:19.913  2094  4244 I sensors-hal: insert_awaking_events:873, smp2p_event, 36.change_location_trigger, msgid:1025
03-12 18:11:19.915  3101  4242 D CAE     : onGetSensorHubData(SensorHubParserProvider.java:92) - onGetSensorHubData Event [event buffer len :15], AP_WAKEUP
03-12 18:11:19.915  3101  4242 I CAE     : parse(SensorHubParserProvider.java:188) - buffer size = 15
03-12 18:11:19.915  3101  4242 I CAE     : parse(SensorHubParserProvider.java:199) - 1, 1, 61, -1, 0, 2, 1, 0, 0, 0, 1, 0, 0, 0, 0,
03-12 18:11:19.915  3101  4242 D CAE     : display(ContextProvider.java:375) - ================= CH_LOC_TRIGGER =================
03-12 18:11:19.915  3101  4242 I CAE     : display(ContextProvider.java:391) - duration=[1], property=[1], result=[2], reserved=[0]
03-12 18:11:19.916  3101  4239 D SemContextService: Service.updateContext() : service = Location Change Trigger
03-12 18:11:19.916  3101  4288 D SemContextManager: onSemContextChanged() : event = Location Change Trigger
03-12 18:11:19.916  3101  4288 D NSLocationMonitor: onSemContextChanged, activity : 1 result : 2 movement : 1
03-12 18:11:19.919  2094  5135 I sensors-hal: handle_sns_client_event:353, mag_sample_uncal: ts=278390612233778 ns; value = [-1.704870, 56.556107, 21.340876], bias = [-12.780000, 48.779999, 62.340000]
03-12 18:11:19.939  2094  5135 I sensors-hal: handle_sns_client_event:353, mag_sample_uncal: ts=278390632233778 ns; value = [-1.625475, 54.348305, 21.015825], bias = [-12.780000, 48.779999, 62.340000]
03-12 18:11:19.951  2087  6828 I vendor.qti.bluetooth@1.0-ibs_handler: ProcessIbsCmd: Received IBS_SLEEP_IND: 0xFE
03-12 18:11:19.951  2087  6828 D vendor.qti.bluetooth@1.0-ibs_handler: SerialClockVote: vote for UART CLK OFF
03-12 18:11:19.959  2094  5135 I sensors-hal: handle_sns_client_event:353, mag_sample_uncal: ts=278390652233778 ns; value = [0.248880, 55.935242, 22.245855], bias = [-12.780000, 48.779999, 62.340000]
03-12 18:11:19.979  2094  5135 I sensors-hal: handle_sns_client_event:353, mag_sample_uncal: ts=278390672233778 ns; value = [-1.229475, 55.219639, 21.934906], bias = [-12.780000, 48.779999, 62.340000]
03-12 18:11:19.999  2094  5135 I sensors-hal: handle_sns_client_event:353, mag_sample_uncal: ts=278390692233778 ns; value = [-0.887415, 55.373898, 20.570881], bias = [-12.780000, 48.779999, 62.340000]
03-12 18:11:20.008  2087  6828 I vendor.qti.bluetooth@1.0-ibs_handler: ProcessIbsCmd: Received IBS_WAKE_IND: 0xFD
03-12 18:11:20.008  2087  6828 D vendor.qti.bluetooth@1.0-ibs_handler: SerialClockVote: vote for UART CLK ON
03-12 18:11:20.008  2087  6828 I vendor.qti.bluetooth@1.0-ibs_handler: ProcessIbsCmd: Writing IBS_WAKE_ACK
03-12 18:11:20.010  5147  6851 I ScanController: onScanResult to scannerId: 10- eventType=0x0, addressType=1, address=XX:XX:XX:XX:59:27, primaryPhy=1, secondaryPhy=1, advertisingSid=0x3, txPower=127, rssi=-45, periodicAdvInt=0x0
03-12 18:11:20.010  3101  4358 I SemWifiServiceDetector: Service det. suspended: T / T / 22189
03-12 18:11:20.018  5147  6851 I ScanController: onScanResult to scannerId: 10- eventType=0x1b, addressType=1, address=XX:XX:XX:XX:03:93, primaryPhy=1, secondaryPhy=0, advertisingSid=0xff, txPower=127, rssi=-53, periodicAdvInt=0x0
03-12 18:11:20.019  2094  5135 I sensors-hal: handle_sns_client_event:353, mag_sample_uncal: ts=278390712233778 ns; value = [-0.924495, 56.552658, 20.582401], bias = [-12.780000, 48.779999, 62.340000]
03-12 18:11:20.038  1063  1063 D io_stats: !@   8,0 r 60464950 960450036 w 9534956 157287996 d 1249405 356143532 f 144866 854964 iot 3257200 0 th 0 0 0 pt 0 inp 0 0 156694.183
03-12 18:11:20.039  2094  5135 I sensors-hal: handle_sns_client_event:353, mag_sample_uncal: ts=278390732233778 ns; value = [0.773925, 54.759151, 21.172352], bias = [-12.780000, 48.779999, 62.340000]
03-12 18:11:20.058  2087  6828 I vendor.qti.bluetooth@1.0-ibs_handler: ProcessIbsCmd: Received IBS_SLEEP_IND: 0xFE
03-12 18:11:20.058  2087  6828 D vendor.qti.bluetooth@1.0-ibs_handler: SerialClockVote: vote for UART CLK OFF
03-12 18:11:20.059  2094  5135 I sensors-hal: handle_sns_client_event:353, mag_sample_uncal: ts=278390752233778 ns; value = [-1.719675, 56.552551, 21.796051], bias = [-12.780000, 48.779999, 62.340000]
03-12 18:11:20.080  2094  5135 I sensors-hal: handle_sns_client_event:353, mag_sample_uncal: ts=278390772233778 ns; value = [-2.714400, 56.135494, 20.274269], bias = [-12.780000, 48.779999, 62.340000]
03-12 18:11:20.099  2094  5135 I sensors-hal: handle_sns_client_event:353, mag_sample_uncal: ts=278390792233778 ns; value = [-0.808500, 56.245426, 21.945076], bias = [-12.780000, 48.779999, 62.340000]
03-12 18:11:20.113  2213  2307 E HeatmapThread: ECT Thread time in milliseconds: 1773339080
03-12 18:11:20.114  2213  2307 D HeatmapThread: !@ batteryplugType : 0
03-12 18:11:20.114  2213  2307 D HeatmapThread: !@ batteryLevel : 24  batteryTemperature : 343 
03-12 18:11:20.114  2213  2307 D HeatmapThread: !@ Heatmap currtime: 29555651
03-12 18:11:20.114  2213  2307 D HeatmapThread: !@ Heatmap prevtime: 29555636
03-12 18:11:20.114  2213  2307 D HeatmapThread: !@ Heatmap plugstarttime: 35791394
03-12 18:11:20.114  2213  2307 D HeatmapThread: !@ Heatmap prevv_dsoh_update_time: 29554952
03-12 18:11:20.114  2213  2307 E HeatmapThread: !@ CAM New BSOH: 100
03-12 18:11:20.119  2094  5135 I sensors-hal: handle_sns_client_event:353, mag_sample_uncal: ts=278390812233778 ns; value = [0.260250, 56.680264, 21.190981], bias = [-12.780000, 48.779999, 62.340000]
03-12 18:11:20.139  2094  5135 I sensors-hal: handle_sns_client_event:353, mag_sample_uncal: ts=278390832233778 ns; value = [-2.575830, 54.794479, 21.930317], bias = [-12.780000, 48.779999, 62.340000]
03-12 18:11:20.159  2094  5135 I sensors-hal: handle_sns_client_event:353, mag_sample_uncal: ts=278390852233778 ns; value = [-0.475275, 54.467609, 22.686481], bias = [-12.780000, 48.779999, 62.340000]
03-12 18:11:20.179  2094  5135 I sensors-hal: handle_sns_client_event:353, mag_sample_uncal: ts=278390872233778 ns; value = [-1.380315, 55.370041, 21.784590], bias = [-12.780000, 48.779999, 62.340000]
03-12 18:11:20.199  2094  5135 I sensors-hal: handle_sns_client_event:353, mag_sample_uncal: ts=278390892233778 ns; value = [-0.646890, 56.542984, 21.341085], bias = [-12.780000, 48.779999, 62.340000]
03-12 18:11:20.208  2087  6342 D vendor.qti.bluetooth@1.0-wake_lock: Release wakelock is released 
03-12 18:11:20.219  2094  5135 I sensors-hal: handle_sns_client_event:353, mag_sample_uncal: ts=278390912233778 ns; value = [-2.875710, 55.986469, 20.727976], bias = [-12.780000, 48.779999, 62.340000]
03-12 18:11:20.239  2094  5135 I sensors-hal: handle_sns_client_event:353, mag_sample_uncal: ts=278390932233778 ns; value = [-0.772020, 54.769604, 22.234125], bias = [-12.780000, 48.779999, 62.340000]
03-12 18:11:20.259  2094  5135 I sensors-hal: handle_sns_client_event:353, mag_sample_uncal: ts=278390952233778 ns; value = [-0.702030, 55.231785, 19.659122], bias = [-12.780000, 48.779999, 62.340000]
03-12 18:11:20.263 31317 31317 I wpa_supplicant: Heartbeat 5869
03-12 18:11:20.279  2094  5135 I sensors-hal: handle_sns_client_event:353, mag_sample_uncal: ts=278390972233778 ns; value = [-2.016720, 56.706017, 21.493980], bias = [-12.780000, 48.779999, 62.340000]
03-12 18:11:20.299  2094  5135 I sensors-hal: handle_sns_client_event:353, mag_sample_uncal: ts=278390992233778 ns; value = [-0.006450, 54.762604, 21.930826], bias = [-12.780000, 48.779999, 62.340000]
03-12 18:11:20.319  2094  5135 I sensors-hal: handle_sns_client_event:353, mag_sample_uncal: ts=278391012233778 ns; value = [-1.411860, 56.847046, 21.343817], bias = [-12.780000, 48.779999, 62.340000]
03-12 18:11:20.331  3101  4387 D SemWifiSwitchForIndividualAppsService: isSkipNetworkCondition - result:2
03-12 18:11:20.339  2094  5135 I sensors-hal: handle_sns_client_event:353, mag_sample_uncal: ts=278391032233778 ns; value = [-1.215570, 54.777603, 21.930586], bias = [-12.780000, 48.779999, 62.340000]
03-12 18:11:20.359  2094  5135 I sensors-hal: handle_sns_client_event:353, mag_sample_uncal: ts=278391052233778 ns; value = [-1.931790, 54.796455, 20.716637], bias = [-12.780000, 48.779999, 62.340000]
03-12 18:11:20.379  2094  5135 I sensors-hal: handle_sns_client_event:353, mag_sample_uncal: ts=278391072233778 ns; value = [-0.784425, 55.954292, 21.487020], bias = [-12.780000, 48.779999, 62.340000]
03-12 18:11:20.399  2094  5135 I sensors-hal: handle_sns_client_event:353, mag_sample_uncal: ts=278391092233778 ns; value = [0.285960, 54.756481, 22.234335], bias = [-12.780000, 48.779999, 62.340000]
03-12 18:11:20.419  2094  5135 I sensors-hal: handle_sns_client_event:353, mag_sample_uncal: ts=278391112233778 ns; value = [-1.452840, 56.094917, 23.309040], bias = [-12.780000, 48.779999, 62.340000]
03-12 18:11:20.438  2094  5135 I sensors-hal: handle_sns_client_event:353, mag_sample_uncal: ts=278391132233778 ns; value = [-0.910590, 56.110622, 20.578081], bias = [-12.780000, 48.779999, 62.340000]
03-12 18:11:20.459  2094  5135 I sensors-hal: handle_sns_client_event:353, mag_sample_uncal: ts=278391152233778 ns; value = [-0.646890, 56.542984, 21.341085], bias = [-12.780000, 48.779999, 62.340000]
03-12 18:11:20.479  2094  5135 I sensors-hal: handle_sns_client_event:353, mag_sample_uncal: ts=278391172233778 ns; value = [-1.262520, 55.953991, 22.245556], bias = [-12.780000, 48.779999, 62.340000]
03-12 18:11:20.499  2094  5135 I sensors-hal: handle_sns_client_event:353, mag_sample_uncal: ts=278391192233778 ns; value = [-1.530255, 55.966038, 21.183422], bias = [-12.780000, 48.779999, 62.340000]
03-12 18:11:20.519  2094  5135 I sensors-hal: handle_sns_client_event:353, mag_sample_uncal: ts=278391212233778 ns; value = [-0.021855, 54.461987, 22.686571], bias = [-12.780000, 48.779999, 62.340000]
03-12 18:11:20.539  2094  5135 I sensors-hal: handle_sns_client_event:353, mag_sample_uncal: ts=278391232233778 ns; value = [-1.428165, 56.100842, 22.550415], bias = [-12.780000, 48.779999, 62.340000]
03-12 18:11:20.559  2094  5135 I sensors-hal: handle_sns_client_event:353, mag_sample_uncal: ts=278391252233778 ns; value = [-0.435195, 54.774151, 21.172112], bias = [-12.780000, 48.779999, 62.340000]
03-12 18:11:20.579  2094  5135 I sensors-hal: handle_sns_client_event:353, mag_sample_uncal: ts=278391272233778 ns; value = [-1.531755, 55.223389, 21.934847], bias = [-12.780000, 48.779999, 62.340000]
03-12 18:11:20.599  2094  5135 I sensors-hal: handle_sns_client_event:353, mag_sample_uncal: ts=278391292233778 ns; value = [-1.377915, 56.558281, 20.582312], bias = [-12.780000, 48.779999, 62.340000]
03-12 18:11:20.620  2094  5135 I sensors-hal: handle_sns_client_event:353, mag_sample_uncal: ts=278391312233778 ns; value = [-2.158290, 56.561733, 21.340786], bias = [-12.780000, 48.779999, 62.340000]
03-12 18:11:20.638  2094  5135 I sensors-hal: handle_sns_client_event:353, mag_sample_uncal: ts=278391332233778 ns; value = [-0.147120, 55.063908, 21.326777], bias = [-12.780000, 48.779999, 62.340000]
03-12 18:11:20.659  2094  5135 I sensors-hal: handle_sns_client_event:353, mag_sample_uncal: ts=278391352233778 ns; value = [-0.785925, 55.211639, 22.238445], bias = [-12.780000, 48.779999, 62.340000]
03-12 18:11:20.680  2094  5135 I sensors-hal: handle_sns_client_event:353, mag_sample_uncal: ts=278391372233778 ns; value = [-1.220940, 57.003181, 19.979761], bias = [-12.780000, 48.779999, 62.340000]
03-12 18:11:20.680  2094  2876 I sensors-hal: handle_sns_client_event:379, [0][20037] accel_sample [-0.105,  0.701,  9.746] 278391372173413
03-12 18:11:20.699  2094  5135 I sensors-hal: handle_sns_client_event:353, mag_sample_uncal: ts=278391392233778 ns; value = [-0.219645, 55.788784, 22.851227], bias = [-12.780000, 48.779999, 62.340000]
03-12 18:11:20.720  2094  5135 I sensors-hal: handle_sns_client_event:353, mag_sample_uncal: ts=278391412233778 ns; value = [-1.970370, 55.232567, 21.479580], bias = [-12.780000, 48.779999, 62.340000]
03-12 18:11:20.739  2094  5135 I sensors-hal: handle_sns_client_event:353, mag_sample_uncal: ts=278391432233778 ns; value = [-0.612345, 56.551281, 20.279011], bias = [-12.780000, 48.779999, 62.340000]
03-12 18:11:20.759  2094  5135 I sensors-hal: handle_sns_client_event:353, mag_sample_uncal: ts=278391452233778 ns; value = [-1.214670, 55.223194, 21.479731], bias = [-12.780000, 48.779999, 62.340000]
03-12 18:11:20.779  2094  5135 I sensors-hal: handle_sns_client_event:353, mag_sample_uncal: ts=278391472233778 ns; value = [-0.799230, 55.950737, 21.942196], bias = [-12.780000, 48.779999, 62.340000]
03-12 18:11:20.795  3101  4287 D GnssLocationProvider_ex: SV Count : 29 / 39      (PRN, Constellation, Type, SNR, Used)
03-12 18:11:20.795  3101  4287 D GnssLocationProvider_ex: (1, GPS, L1, 24.7, 1) (2, GPS, L1, 32.1, 1) (3, GPS, L1, 21.2, 1) (4, GPS, L1, 17.3, 1) (8, GPS, L1, 31.5, 1) (14, GPS, L1, 18.4, 0) 
03-12 18:11:20.795  3101  4287 D GnssLocationProvider_ex: (22, GPS, L1, 18.0, 1) (32, GPS, L1, 31.0, 1) (2, GLONASS, L1, 24.6, 1) (1, GLONASS, L1, 17.2, 0) (24, GLONASS, L1, 27.0, 1) (3, GLONASS, L1, 32.3, 1) 
03-12 18:11:20.795  3101  4287 D GnssLocationProvider_ex: (43, BEIDOU, L1, 27.0, 1) (42, BEIDOU, L1, 24.2, 1) (39, BEIDOU, L1, 15.4, 0) (34, BEIDOU, L1, 28.7, 1) (33, BEIDOU, L1, 34.4, 1) (21, BEIDOU, L1, 17.5, 1) 
03-12 18:11:20.795  3101  4287 D GnssLocationProvider_ex: (14, BEIDOU, L1, 33.2, 1) (5, BEIDOU, L1, 26.5, 1) (4, GALILEO, L1, 14.9, 0) (10, GALILEO, L1, 15.9, 0) (12, GALILEO, L1, 13.7, 1) (16, GALILEO, L1, 17.9, 1) 
03-12 18:11:20.795  3101  4287 D GnssLocationProvider_ex: (19, GALILEO, L1, 16.4, 1) (29, GALILEO, L1, 16.7, 1) (33, GALILEO, L1, 30.4, 1) (3, GPS, L5, 15.4, 0) (8, GPS, L5, 16.6, 0) (19, GALILEO, L5, 18.5, 0) 
03-12 18:11:20.795  3101  4287 D GnssLocationProvider_ex: (29, GALILEO, L5, 14.6, 0) (33, BEIDOU, L5, 16.5, 0) (42, BEIDOU, L5, 21.8, 1) (21, BEIDOU, L1, 19.7, 1) (33, BEIDOU, L1, 33.8, 1) (34, BEIDOU, L1, 31.2, 1) 
03-12 18:11:20.795  3101  4287 D GnssLocationProvider_ex: (39, BEIDOU, L1, 24.6, 1) (42, BEIDOU, L1, 23.4, 1) (43, BEIDOU, L1, 21.9, 1) 
03-12 18:11:20.797  5643  5766 I GnssEngineManager_FLP: updateSatelliteStatus, top4=33, top6=32, visibleSv=39, usedSv=29, usedL5Sv=1 (usedGps=7, usedGlo=3, usedBds=14, usedGal=5)
03-12 18:11:20.797  3101  4287 D GnssLocationProvider: reportLocation
03-12 18:11:20.797  5643  5766 I GnssEngineManager_FLP: onGpsLocationChanged, provider=gps / isMock=false / speed=0.0 / time=1773339081000 / elapsed=278391487982871
03-12 18:11:20.798  2094  5135 I sensors-hal: handle_sns_client_event:353, mag_sample_uncal: ts=278391492233778 ns; value = [-0.916125, 55.812382, 21.030375], bias = [-12.780000, 48.779999, 62.340000]
03-12 18:11:20.799  5643  5766 I NewStopController_FLP: isAvailableLastLoc, KeepStationary : false , timeGap : 9 , mStraightFixCount : 0
03-12 18:11:20.799  5643  5766 I NewStopController_FLP: onChangedGlpLocation, isGpsStopped= false, isReportingLL= false, isAvailableLastLoc : true
03-12 18:11:20.799  3101 22612 I Mocca_VehicleDetectionHelper: (1.1.04.1)GPS: Avg speed: 0.0 Speed: 0.0 LIST: [0.0, 0.0, 0.0, 0.0, 0.0, 0.0, 0.0, 0.0, 0.0, 0.0]
03-12 18:11:20.799  3101 22612 D VehicleSensorHub: vehicleSendToSensorHub status : 2 type : 18
03-12 18:11:20.799  3101 22612 I SensorManager: Get Sensor type = 65586
03-12 18:11:20.799  3101 22612 D SensorService: setSContextDataLocked ints length 3 , byte length 5
03-12 18:11:20.799  3101 22612 D SensorService: setSContextDataLocked 123c17c1
03-12 18:11:20.799  2094  2094 I sensors-hal: inject_sensor_data:412, handle 1502 send inject
03-12 18:11:20.799  2094  2094 I sensors-hal: sendContextData:303, sensor hal 5, (0xc1, 0x17, 0x3c, 0x12)
03-12 18:11:20.799  2094  2094 I sensors-hal: sendContextData:206, activities 5 c1, 1
03-12 18:11:20.799  2094  2094 I sensors-hal: sendUserData:227, Activities cmd 0xc1 0x17
03-12 18:11:20.799  2094  2094 I sensors-hal: create_send_context_data:45, sending create_send_context_data
03-12 18:11:20.799  2094  2094 I sensors-hal: send_context_data:701, activities, 4914309220830019584, 1320970896291267344, msgid:700
03-12 18:11:20.800  3101 22612 W ContextImpl: Calling a method in the system process without a qualified user: android.app.ContextImpl.sendBroadcast:1335 com.samsung.android.mocca.app.vehicle.AdvancedVehicleDetection.reportAdvancedVehicleEvent:185 com.samsung.android.mocca.app.vehicle.AdvancedVehicleDetection.handleLocEvent:277 com.samsung.android.mocca.app.vehicle.AdvancedVehicleDetection.p:0 D.e.h:136 
03-12 18:11:20.801  2094  4244 I sensors-hal: qsh_conn_resp_cb:972, resp_value = 0 for activities 
03-12 18:11:20.803  3101  5217 D SLocation: PositionManager - Passive handleLocationChanged [G, A : 3.79, T : 1773339081000, ET : 278391487, E : MI, h : 20/3]
03-12 18:11:20.803  3101  5217 D SLocation: PositionManager - receive gps location
03-12 18:11:20.803  3101  5217 D SLocation: GeofenceLocationFilter - location sent before 1998, need to filter / provider : gps, accuracy : 3.7900925
03-12 18:11:20.803  3101  5217 D SLocation: LastLocations - update latest location [G, A : 3.79, T : 1773339081000, ET : 278391487, E : MI, h : 20/3]
03-12 18:11:20.803  3101  5217 D SLocation: FilteredLastLocation - notify all last locations, loc : 3
03-12 18:11:20.803  3101  5217 D SLocation: SLocationCoreSem - send to coreSem, packet length : 23 / [2, 30, 174, 45, 241, 255, 251, 100, 84, 0, 0, 0, 3, 1, 0, 0, 1, 156, 227, 62, 249, 40, 0]
03-12 18:11:20.803  3101  5217 D SemContextLocationCoreAttribute: setAttribute() mode : 0 action : 23
03-12 18:11:20.803  3101  5217 D SemContextService: lock : changeParameters
03-12 18:11:20.803  3101  5217 D SemContext.CaeProvider.LocationCoreImpl: setAttribute() mode : 0 action : 23
03-12 18:11:20.803  3101  5217 W CAE     : setCAProperty(ContextAwareService.java:509) - [setProperty 01] Mutex is locked for SLOCATION_RUNNER
03-12 18:11:20.803  3101  5217 I CAE     : setPropertyValue(SLocationRunner.java:116) - SLocationRunner setProperty header : 2, len : 23
03-12 18:11:20.804  3101  4246 D SensorService: setSContextDataLocked ints length 8 , byte length 26
03-12 18:11:20.804  3101  4246 D SensorService: setSContextDataLocked 23717c1
03-12 18:11:20.804  2094  2094 I sensors-hal: inject_sensor_data:412, handle 1502 send inject
03-12 18:11:20.804  2094  2094 I sensors-hal: sendContextData:303, sensor hal 26, (0xc1, 0x17, 0x37, 0x2)
03-12 18:11:20.804  2094  2094 E sensors-hal: sendContextData:133, slocationcore h 193 m 23 s 55
03-12 18:11:20.804  2094  2094 I sensors-hal: sendUserData:119, slocationcore sendUserData
03-12 18:11:20.804  2094  2094 E sensors-hal: create_send_context_data:64, slocationcore create_send_context_data
03-12 18:11:20.804  2094  2094 I sensors-hal: send_context_data:701, slocationcore, 4986366670857974562, 1320970896291267344, msgid:700
03-12 18:11:20.804  3101  5217 W CAE     : setCAProperty(ContextAwareService.java:515) - [setProperty 02] Mutex is unlocked for SLOCATION_RUNNER
03-12 18:11:20.804  3101  5217 D SemContextService: unlock : changeParameters
03-12 18:11:20.804  3101  5217 D SemContextManager:   .changeParameters : listener = Z.i@cc1d0ca, service=SLocation Core
03-12 18:11:20.804  2094  4244 I sensors-hal: qsh_conn_resp_cb:972, resp_value = 0 for slocationcore 
03-12 18:11:20.804  2094  4244 I sensors-hal: qsh_conn_event_cb:927, event[0] sensor:slocationcore  Wakeup, msg_id=1025, ts=5345223740052
03-12 18:11:20.804  2094  4244 E sensors-hal: handle_sns_client_event:78, slocationcore_event: msgid:1025
03-12 18:11:20.804  2094  4244 I sensors-hal: insert_awaking_events:873, smp2p_event, 27.slocationcore, msgid:1025
03-12 18:11:20.806  3101  4242 D CAE     : onGetSensorHubData(SensorHubParserProvider.java:92) - onGetSensorHubData Event [event buffer len :10], AP_WAKEUP
03-12 18:11:20.806  3101  4242 I CAE     : parse(SensorHubParserProvider.java:188) - buffer size = 10
03-12 18:11:20.806  3101  4242 I CAE     : parse(SensorHubParserProvider.java:199) - 1, 1, 55, 0, 5, 2, 2, 0, 0, 0,
03-12 18:11:20.806  3101  4242 I CAE     : parse(SLocationRunner.java:88) - SLocationRunner parse start : 3
03-12 18:11:20.806  3101  4242 D CAE     : display(ContextProvider.java:375) - ================= SLOCATION_RUNNER =================
03-12 18:11:20.806  3101  4242 I CAE     : display(ContextProvider.java:391) - ExtraDataArray=[1, 1, 55, 0, 5, 2, 2, 0, 0, 0]
03-12 18:11:20.807 21233 21317 W ChipsetCorrectionsCompu: Pixel is inside building or within UNKNOWN clutter type
03-12 18:11:20.808  3101  4242 I CAE     : parse(SLocationRunner.java:96) - SLocationRunner parse end:10
03-12 18:11:20.809 22407 22484 I FusedLocation: (REDACTED) location delivery to %s blocked - too fast
03-12 18:11:20.809  7607  7607 I SDHMS:LOAD: type: LoadsFreqs, value: 111:0:45:1017600:1017600:1017600:1363200:1363200:1363200:160:160:160
03-12 18:11:20.809  3101  4239 D SemContextService: Service.updateContext() : service = SLocation Core
03-12 18:11:20.809  3101  3101 D SemContextManager: onSemContextChanged() : event = SLocation Core
03-12 18:11:20.809  3101  3101 D SLocation: SensorHubWrapper - SemContextChanged type = 47, packet received
03-12 18:11:20.810  3101  5217 D SLocation: GeofenceCoreManager - received Extra Data from core, len : 5
03-12 18:11:20.810 22407 22484 I FusedLocation: (REDACTED) location delivery to %s blocked - too fast
03-12 18:11:20.810 22407 22484 I FusedLocation: (REDACTED) location delivery to %s blocked - too close
03-12 18:11:20.810 22407 22484 I FusedLocation: (REDACTED) location delivery to %s blocked - too fast
03-12 18:11:20.812  3101  5217 D SLocation: GeofenceCoreManager - handleCommandCallback - UNKNOWN_CALLBACK 2 SUCCESS
03-12 18:11:20.812  3101  5217 D SLocation: CommonCoreManager - received Extra Data from core, len : 5
03-12 18:11:20.812  3101  5217 D SLocation: CommonCoreManager - handleCommandCallback - FUNC_TYPE : SET_LOCATION  ERROR_CODE : ERROR_NONE
03-12 18:11:20.813  3101  5217 D SLocation: PositionManager - Passive handleLocationChanged [F, A : 3.00, T : 1773339080788, ET : 278391487, h : 20/3]
03-12 18:11:20.813  3101  5217 D SLocation: PositionManager - receive fused location
03-12 18:11:20.813  3101  5217 D SLocation: DuplicateLocationChecker_GeofenceLocationFilter - fused is duplicated last fused location
03-12 18:11:20.813  3101  5217 D SLocation: DuplicateLocationChecker_FilteredLastLocation - fused is duplicated last fused location
03-12 18:11:20.813 21233 18062 I FrewleTileCacheManagerV: (REDACTED) Fetched %d AP models from cache
03-12 18:11:20.813  2092  2284 I LocSvc_GnssAdapter: measCorrSetCorrectionsCommand:7651] GnssAdapter::measCorrSetCorrectionsCommand
03-12 18:11:20.813  5643  5766 I GmsPassiveListener_FLP: onGmsLocationChanged, provider=fused / speed=0.2652369 / time=1773339080788 / elapsed=278391487982871
03-12 18:11:20.813  2092  2457 I LocSvc_api_v02: ---> locClientSendReq line 2409 UNKNOWN
03-12 18:11:20.814  2092  3486 I LocSvc_ApiV02: <--- globalRespCb line 385 UNKNOWN
03-12 18:11:20.817 22407  5113 W ChipsetCorrectionsCompu: Pixel is inside building or within UNKNOWN clutter type
03-12 18:11:20.818  2092  2284 I LocSvc_GnssAdapter: measCorrSetCorrectionsCommand:7651] GnssAdapter::measCorrSetCorrectionsCommand
03-12 18:11:20.818  2092  2457 I LocSvc_api_v02: ---> locClientSendReq line 2409 UNKNOWN
03-12 18:11:20.819  2092  3486 I LocSvc_ApiV02: <--- globalRespCb line 385 UNKNOWN
03-12 18:11:20.819  2094  5135 I sensors-hal: handle_sns_client_event:353, mag_sample_uncal: ts=278391512233778 ns; value = [-0.770520, 55.512257, 21.482700], bias = [-12.780000, 48.779999, 62.340000]
03-12 18:11:20.838  2094  5135 I sensors-hal: handle_sns_client_event:353, mag_sample_uncal: ts=278391532233778 ns; value = [-0.623115, 56.103321, 21.033316], bias = [-12.780000, 48.779999, 62.340000]
03-12 18:11:20.858  2094  5135 I sensors-hal: handle_sns_client_event:353, mag_sample_uncal: ts=278391552233778 ns; value = [-0.913590, 54.625324, 22.080931], bias = [-12.780000, 48.779999, 62.340000]
03-12 18:11:20.879  2094  5135 I sensors-hal: handle_sns_client_event:353, mag_sample_uncal: ts=278391572233778 ns; value = [-1.285095, 56.987778, 21.952187], bias = [-12.780000, 48.779999, 62.340000]
03-12 18:11:20.887  3101  7800 D SemContextService: lock : requestToUpdate
03-12 18:11:20.887  3101  7800 W CAE     : setCAProperty(ContextAwareService.java:509) - [setProperty 01] Mutex is locked for CH_LOC_TRIGGER
03-12 18:11:20.887  3101  4246 D SensorService: setSContextDataLocked ints length 2 , byte length 4
03-12 18:11:20.887  3101  4246 D SensorService: setSContextDataLocked 3db8
03-12 18:11:20.887  2094  2094 I sensors-hal: inject_sensor_data:412, handle 1502 send inject
03-12 18:11:20.887  2094  2094 I sensors-hal: sendContextData:303, sensor hal 4, (0xb8, 0x3d, 0x0, 0x0)
03-12 18:11:20.887  2094  2094 I sensors-hal: sendContextData:131, change_location_trigger 4,184
03-12 18:11:20.887  2094  2094 I sensors-hal: sendUserData:118, change_location_trigger h 184 m 61 s 0
03-12 18:11:20.887  2094  2094 I sensors-hal: create_send_context_data:66, change_location_trigger create_send_context_data
03-12 18:11:20.887  2094  2094 I sensors-hal: send_context_data:701, change_location_trigger, -244018566922240, 1320970896291267344, msgid:700
03-12 18:11:20.888  3101  7800 W CAE     : setCAProperty(ContextAwareService.java:515) - [setProperty 02] Mutex is unlocked for CH_LOC_TRIGGER
03-12 18:11:20.888  3101  7800 D SemContextService:     .requestToUpdate() : service = Location Change Trigger
03-12 18:11:20.888  3101  7800 D SemContextService: unlock : requestToUpdate
03-12 18:11:20.888  3101  7800 D SemContextManager:   .requestToUpdate : listener = com.android.server.location.nsflp.NSLocationMonitor$5@87f967e, service=Location Change Trigger
03-12 18:11:20.888  5643 10627 I NewStopController_FLP: StateChecker, check stationary message
03-12 18:11:20.888  2094  4244 I sensors-hal: qsh_conn_resp_cb:972, resp_value = 0 for change_location_trigger 
03-12 18:11:20.892  2094  4244 I sensors-hal: qsh_conn_event_cb:927, event[0] sensor:change_location_trigger  Wakeup, msg_id=1025, ts=5345225426779
03-12 18:11:20.892  2094  4244 I sensors-hal: handle_sns_client_event:85, change_location_trigger_event: msgid:1025
03-12 18:11:20.892  2094  4244 I sensors-hal: handle_sns_client_event:108, change_location_trigger_event: 255, 255
03-12 18:11:20.893  3101  4242 D CAE     : onGetSensorHubData(SensorHubParserProvider.java:92) - onGetSensorHubData Event [event buffer len :15], AP_WAKEUP
03-12 18:11:20.893  3101  4242 I CAE     : parse(SensorHubParserProvider.java:188) - buffer size = 15
03-12 18:11:20.893  3101  4242 I CAE     : parse(SensorHubParserProvider.java:199) - 1, 1, 61, -1, 0, 2, 1, 0, 0, 0, 1, 0, 0, 0, 0,
03-12 18:11:20.893  3101  4242 D CAE     : display(ContextProvider.java:375) - ================= CH_LOC_TRIGGER =================
03-12 18:11:20.893  3101  4242 I CAE     : display(ContextProvider.java:391) - duration=[1], property=[1], result=[2], reserved=[0]
03-12 18:11:20.894  3101  4239 D SemContextService: Service.updateContext() : service = Location Change Trigger
03-12 18:11:20.894  3101  4288 D SemContextManager: onSemContextChanged() : event = Location Change Trigger
03-12 18:11:20.894  3101  4288 D NSLocationMonitor: onSemContextChanged, activity : 1 result : 2 movement : 1
03-12 18:11:20.898  2094  5135 I sensors-hal: handle_sns_client_event:353, mag_sample_uncal: ts=278391592233778 ns; value = [-0.762750, 54.474915, 22.231245], bias = [-12.780000, 48.779999, 62.340000]
03-12 18:11:20.919  2094  5135 I sensors-hal: handle_sns_client_event:353, mag_sample_uncal: ts=278391612233778 ns; value = [-0.657660, 56.095024, 22.095390], bias = [-12.780000, 48.779999, 62.340000]
03-12 18:11:20.939  2094  5135 I sensors-hal: handle_sns_client_event:353, mag_sample_uncal: ts=278391632233778 ns; value = [-3.948795, 55.847507, 21.333227], bias = [-12.780000, 48.779999, 62.340000]
03-12 18:11:20.959  2094  5135 I sensors-hal: handle_sns_client_event:353, mag_sample_uncal: ts=278391652233778 ns; value = [-2.773620, 56.121273, 22.094971], bias = [-12.780000, 48.779999, 62.340000]
03-12 18:11:20.980  2094  5135 I sensors-hal: handle_sns_client_event:353, mag_sample_uncal: ts=278391672233778 ns; value = [-1.190895, 54.783527, 21.171961], bias = [-12.780000, 48.779999, 62.340000]
03-12 18:11:20.999  2094  5135 I sensors-hal: handle_sns_client_event:353, mag_sample_uncal: ts=278391692233778 ns; value = [-1.392720, 56.554729, 21.037485], bias = [-12.780000, 48.779999, 62.340000]
03-12 18:11:21.020  2094  5135 I sensors-hal: handle_sns_client_event:353, mag_sample_uncal: ts=278391712233778 ns; value = [-0.168195, 56.840343, 20.281981], bias = [-12.780000, 48.779999, 62.340000]
03-12 18:11:21.038  2094  5135 I sensors-hal: handle_sns_client_event:353, mag_sample_uncal: ts=278391732233778 ns; value = [-2.384655, 55.951710, 24.217772], bias = [-12.780000, 48.779999, 62.340000]
03-12 18:11:21.059  2094  5135 I sensors-hal: handle_sns_client_event:353, mag_sample_uncal: ts=278391752233778 ns; value = [-1.681695, 55.819382, 21.333675], bias = [-12.780000, 48.779999, 62.340000]
03-12 18:11:21.080  2094  5135 I sensors-hal: handle_sns_client_event:353, mag_sample_uncal: ts=278391772233778 ns; value = [-0.925995, 55.810009, 21.333826], bias = [-12.780000, 48.779999, 62.340000]
03-12 18:11:21.098  2094  5135 I sensors-hal: handle_sns_client_event:353, mag_sample_uncal: ts=278391792233778 ns; value = [-2.182965, 56.555809, 22.099411], bias = [-12.780000, 48.779999, 62.340000]
03-12 18:11:21.113  2213  2307 E HeatmapThread: ECT Thread time in milliseconds: 1773339081
03-12 18:11:21.114  2213  2307 D HeatmapThread: !@ batteryplugType : 0
03-12 18:11:21.114  2213  2307 D HeatmapThread: !@ batteryLevel : 24  batteryTemperature : 343 
03-12 18:11:21.114  2213  2307 D HeatmapThread: !@ Heatmap currtime: 29555651
03-12 18:11:21.114  2213  2307 D HeatmapThread: !@ Heatmap prevtime: 29555636
03-12 18:11:21.114  2213  2307 D HeatmapThread: !@ Heatmap plugstarttime: 35791394
03-12 18:11:21.114  2213  2307 D HeatmapThread: !@ Heatmap prevv_dsoh_update_time: 29554952
03-12 18:11:21.114  2213  2307 E HeatmapThread: !@ CAM New BSOH: 100
03-12 18:11:21.119  2094  5135 I sensors-hal: handle_sns_client_event:353, mag_sample_uncal: ts=278391812233778 ns; value = [-2.254890, 57.577744, 23.323290], bias = [-12.780000, 48.779999, 62.340000]
03-12 18:11:21.139  2094  5135 I sensors-hal: handle_sns_client_event:353, mag_sample_uncal: ts=278391832233778 ns; value = [-0.949170, 56.546734, 21.341026], bias = [-12.780000, 48.779999, 62.340000]
03-12 18:11:21.159  2094  5135 I sensors-hal: handle_sns_client_event:353, mag_sample_uncal: ts=278391852233778 ns; value = [-1.540125, 55.963669, 21.486872], bias = [-12.780000, 48.779999, 62.340000]
03-12 18:11:21.179  2094  5135 I sensors-hal: handle_sns_client_event:353, mag_sample_uncal: ts=278391872233778 ns; value = [-1.729545, 56.550182, 22.099501], bias = [-12.780000, 48.779999, 62.340000]
03-12 18:11:21.199  2094  5135 I sensors-hal: handle_sns_client_event:353, mag_sample_uncal: ts=278391892233778 ns; value = [-1.729545, 56.550182, 22.099501], bias = [-12.780000, 48.779999, 62.340000]
03-12 18:11:21.220  2094  5135 I sensors-hal: handle_sns_client_event:353, mag_sample_uncal: ts=278391912233778 ns; value = [-1.613550, 56.242950, 23.462177], bias = [-12.780000, 48.779999, 62.340000]
03-12 18:11:21.239  2094  5135 I sensors-hal: handle_sns_client_event:353, mag_sample_uncal: ts=278391932233778 ns; value = [0.716205, 55.487579, 22.241627], bias = [-12.780000, 48.779999, 62.340000]
03-12 18:11:21.259  2094  5135 I sensors-hal: handle_sns_client_event:353, mag_sample_uncal: ts=278391952233778 ns; value = [-0.703530, 54.489136, 20.410547], bias = [-12.780000, 48.779999, 62.340000]
03-12 18:11:21.280  2094  5135 I sensors-hal: handle_sns_client_event:353, mag_sample_uncal: ts=278391972233778 ns; value = [-2.066070, 56.694164, 23.011230], bias = [-12.780000, 48.779999, 62.340000]
03-12 18:11:21.299  2094  5135 I sensors-hal: handle_sns_client_event:353, mag_sample_uncal: ts=278391992233778 ns; value = [-0.171195, 55.355042, 21.784830], bias = [-12.780000, 48.779999, 62.340000]
03-12 18:11:21.309  2094  5117 I sensors-hal: handle_sns_std_sensor_event:157, [492] Pressure 1004.428, cal 0.632, sw_offset 0.000 (lsb(bit) 0xa5 0x26 0x62)
03-12 18:11:21.314  2094  5141 I sensors-hal: handle_sns_client_event:468, [0][4540] gyro_sample_uncal [-0.004,-0.005, 0.000] [-0.004,-0.005,-0.000] 278392006508257
03-12 18:11:21.316 32575 32575 I AudioPathManager: loadAudioPath() : loaded audio path is speaker (0)
03-12 18:11:21.317 32575 32575 I EffectManager: isSupportDolbyAtmosOnThisAudioPath() : path is speaker (0)
03-12 18:11:21.317 32575 32575 I EffectManager: isSupportDolbyAtmosOnThisAudioPath() : speaker type is stereo
03-12 18:11:21.317 32575 32575 I AudioPathManager: loadAudioPath() : loaded audio path is speaker (0)
03-12 18:11:21.317 32575 32575 I EffectManager: isSupportVoiceBoostOnCurrentAudioPath() : path is speaker (0)
03-12 18:11:21.317 32575 32575 I AudioPathManager: loadAudioPath() : loaded audio path is speaker (0)
03-12 18:11:21.317 32575 32575 I EffectManager: isSupportVolumeNormalizationOnCurrentAudioPath() : path is speaker (0)
03-12 18:11:21.317 32575 32575 I DVFSHelper: isNecessaryToBoostCPU() : isDolbyOn? true, isUHQUpscalerOn? false, isVoiceBoostOn? true, isVolumeNormalizationOn? false
03-12 18:11:21.319  2094  5055 I sensors-hal: handle_sns_client_event:323, [0][1981] mag_sample_cal(magcal_available:1): ts=278392012233778 ns; cal = [11.979270, 6.428085, -39.646378], uncal = [-0.800730, 55.208084, 22.693621], bias = [-12.780000, 48.779999, 62.340000], status=3, cal_id=2
03-12 18:11:21.319  2094  5135 I sensors-hal: handle_sns_client_event:353, mag_sample_uncal: ts=278392012233778 ns; value = [-0.800730, 55.208084, 22.693621], bias = [-12.780000, 48.779999, 62.340000]
03-12 18:11:21.323  2094  5068 I sensors-hal: handle_sns_client_event:435, [0][1821] gyro_sample_cal(cal_available:1)(3) [-0.000,-0.000, 0.000] bias[-0.004,-0.005,-0.000] 278392008958361
03-12 18:11:21.336  3101  4387 D SemWifiSwitchForIndividualAppsService: isSkipNetworkCondition - result:2
03-12 18:11:21.339  2094  5135 I sensors-hal: handle_sns_client_event:353, mag_sample_uncal: ts=278392032233778 ns; value = [-1.364010, 56.116245, 20.577991], bias = [-12.780000, 48.779999, 62.340000]
03-12 18:11:21.359  2094  5135 I sensors-hal: handle_sns_client_event:353, mag_sample_uncal: ts=278392052233778 ns; value = [0.258750, 55.937614, 21.942406], bias = [-12.780000, 48.779999, 62.340000]
03-12 18:11:21.379  2094  5135 I sensors-hal: handle_sns_client_event:353, mag_sample_uncal: ts=278392072233778 ns; value = [-1.714140, 56.850796, 21.343756], bias = [-12.780000, 48.779999, 62.340000]
03-12 18:11:21.399  2094  5135 I sensors-hal: handle_sns_client_event:353, mag_sample_uncal: ts=278392092233778 ns; value = [-1.937325, 54.498211, 21.168932], bias = [-12.780000, 48.779999, 62.340000]
03-12 18:11:21.419  2094  5135 I sensors-hal: handle_sns_client_event:353, mag_sample_uncal: ts=278392112233778 ns; value = [0.982005, 56.959652, 21.952637], bias = [-12.780000, 48.779999, 62.340000]
03-12 18:11:21.438  2094  5135 I sensors-hal: handle_sns_client_event:353, mag_sample_uncal: ts=278392132233778 ns; value = [0.028995, 55.216488, 20.417896], bias = [-12.780000, 48.779999, 62.340000]
03-12 18:11:21.459  2094  5135 I sensors-hal: handle_sns_client_event:353, mag_sample_uncal: ts=278392152233778 ns; value = [-0.784425, 55.954292, 21.487020], bias = [-12.780000, 48.779999, 62.340000]
03-12 18:11:21.479  2094  5135 I sensors-hal: handle_sns_client_event:353, mag_sample_uncal: ts=278392172233778 ns; value = [-1.181625, 54.488838, 21.169081], bias = [-12.780000, 48.779999, 62.340000]
03-12 18:11:21.498  2094  5135 I sensors-hal: handle_sns_client_event:353, mag_sample_uncal: ts=278392192233778 ns; value = [-2.284455, 56.718060, 20.431847], bias = [-12.780000, 48.779999, 62.340000]
03-12 18:11:21.520  2094  5135 I sensors-hal: handle_sns_client_event:353, mag_sample_uncal: ts=278392212233778 ns; value = [-2.972910, 56.705418, 23.011051], bias = [-12.780000, 48.779999, 62.340000]
03-12 18:11:21.538  2094  5135 I sensors-hal: handle_sns_client_event:353, mag_sample_uncal: ts=278392232233778 ns; value = [-0.657660, 56.095024, 22.095390], bias = [-12.780000, 48.779999, 62.340000]
03-12 18:11:21.560  2094  5135 I sensors-hal: handle_sns_client_event:353, mag_sample_uncal: ts=278392252233778 ns; value = [-0.031125, 54.756676, 22.689451], bias = [-12.780000, 48.779999, 62.340000]
03-12 18:11:21.579  2094  5135 I sensors-hal: handle_sns_client_event:353, mag_sample_uncal: ts=278392272233778 ns; value = [-2.287455, 55.232761, 21.934696], bias = [-12.780000, 48.779999, 62.340000]
03-12 18:11:21.598  2094  5135 I sensors-hal: handle_sns_client_event:353, mag_sample_uncal: ts=278392292233778 ns; value = [-0.168795, 56.543282, 20.582552], bias = [-12.780000, 48.779999, 62.340000]
03-12 18:11:21.619  2094  5135 I sensors-hal: handle_sns_client_event:353, mag_sample_uncal: ts=278392312233778 ns; value = [0.599310, 55.349224, 21.329805], bias = [-12.780000, 48.779999, 62.340000]
03-12 18:11:21.638  2094  5135 I sensors-hal: handle_sns_client_event:353, mag_sample_uncal: ts=278392332233778 ns; value = [-1.273290, 55.506031, 22.999861], bias = [-12.780000, 48.779999, 62.340000]
03-12 18:11:21.652  2094  2859 I sensors-hal: handle_sns_std_sensor_event:408, [SSC_LIGHT] P: 13(13),c:109,b:73,m:0,cl:21,l:13,s:9,l0:57429,l1:11689,s0:68,s1:16,acl:1,opr:0.68,f(r):91,u(bl):89,if:64,wi:0,si:0,64(N:0)
03-12 18:11:21.659  2094  5135 I sensors-hal: handle_sns_client_event:353, mag_sample_uncal: ts=278392352233778 ns; value = [-0.649290, 55.354744, 22.543365], bias = [-12.780000, 48.779999, 62.340000]
03-12 18:11:21.662  3101  4380 V SemStrongRssiRoaming: POLL (Rssi:-61 MinRssi:-55 Guard:1)
03-12 18:11:21.679  2094  5135 I sensors-hal: handle_sns_client_event:353, mag_sample_uncal: ts=278392372233778 ns; value = [0.499575, 57.255230, 22.562325], bias = [-12.780000, 48.779999, 62.340000]
03-12 18:11:21.699  2094  5135 I sensors-hal: handle_sns_client_event:353, mag_sample_uncal: ts=278392392233778 ns; value = [0.596775, 56.536282, 20.279249], bias = [-12.780000, 48.779999, 62.340000]
03-12 18:11:21.719  2094  5135 I sensors-hal: handle_sns_client_event:353, mag_sample_uncal: ts=278392412233778 ns; value = [-0.774555, 55.956661, 21.183571], bias = [-12.780000, 48.779999, 62.340000]
03-12 18:11:21.739  2094  5135 I sensors-hal: handle_sns_client_event:353, mag_sample_uncal: ts=278392432233778 ns; value = [-0.506220, 56.241676, 21.945137], bias = [-12.780000, 48.779999, 62.340000]
03-12 18:11:21.759  2094  5135 I sensors-hal: handle_sns_client_event:353, mag_sample_uncal: ts=278392452233778 ns; value = [-1.549395, 56.258358, 21.489750], bias = [-12.780000, 48.779999, 62.340000]
03-12 18:11:21.779  2094  5135 I sensors-hal: handle_sns_client_event:353, mag_sample_uncal: ts=278392472233778 ns; value = [-0.466740, 56.251156, 20.731337], bias = [-12.780000, 48.779999, 62.340000]
