03-12 18:05:14.072 30006 30182 I WM-WorkerWrapper: Worker result SUCCESS for Work [ id=161c6251-def4-452c-8a81-06ea0e79bb41, tags={ androidx.glance.session.SessionWorker,com.sec.android.daemonapp,appWidget-72 } ]
03-12 18:05:14.087 30006 30006 I GWT:SessionWorker: [daemonapp] Clear appWidget-40-worker resource
03-12 18:05:14.087 30006 30006 I GWT:SessionWorker: [daemonapp] SessionWorker appWidget-40 end
03-12 18:05:14.087 30006 30006 I GWT:SessionWorker: [daemonapp] closeSession appWidget-40
03-12 18:05:14.087 30006 30006 I GWT:GlanceSession: [daemonapp] close: this=AppWidgetSession{e288f9e id=40 widget=com.sec.android.daemonapp.home.HomeAppWidget }
03-12 18:05:14.089 30006 30179 I WM-WorkerWrapper: Worker result SUCCESS for Work [ id=0e9bf03e-0e9d-4683-94a4-21c53f317eef, tags={ androidx.glance.session.SessionWorker,com.sec.android.daemonapp,appWidget-40 } ]
03-12 18:05:14.118 30006 30006 I GWT:SessionWorker: [daemonapp] Clear appWidget-90-worker resource
03-12 18:05:14.119 30006 30006 I GWT:SessionWorker: [daemonapp] SessionWorker appWidget-90 end
03-12 18:05:14.119 30006 30006 I GWT:SessionWorker: [daemonapp] closeSession appWidget-90
03-12 18:05:14.119 30006 30006 I GWT:GlanceSession: [daemonapp] close: this=AppWidgetSession{34fba95 id=90 widget=com.sec.android.daemonapp.home.HomeAppWidget }
03-12 18:05:14.121 30006 30181 I WM-WorkerWrapper: Worker result SUCCESS for Work [ id=fc8ce621-fce5-4167-aa41-7ef2d1d883d1, tags={ androidx.glance.session.SessionWorker,com.sec.android.daemonapp,appWidget-90 } ]
03-12 18:05:14.123  1162 11274 I android.system.suspend-service: !@SystemSuspend: mSuspendCounter-
03-12 18:05:14.123  1162 11274 I android.system.suspend-service: !@SystemSuspend: wakeup_count+
03-12 18:05:14.123  1162 11274 I android.system.suspend-service: !@SystemSuspend: wakeup_count-
03-12 18:05:14.123  1162 11274 I android.system.suspend-service: !@SystemSuspend: mSuspendCounter+
03-12 18:05:14.123  1162 11274 I android.system.suspend-service: !@SystemSuspend: mSuspendCounter-
03-12 18:05:14.123  1162 11274 I android.system.suspend-service: !@SystemSuspend: write mem+
03-12 18:05:14.124  3101  4696 I ActivityManager: Changes in 10241 8 to 10, 128 to 0
03-12 18:05:14.303  1156  1378 E spcomlib: [spcom_ioctl] IOCTL failed: ret[-1], error [-4]
03-12 18:05:14.303  1156  1378 E spcomlib: [spcom_check_link_up_state] SPCom check for link up interrupted - ioctl ret[-4], cmd ret[0], wait[1]
03-12 18:05:14.303  1165  1412 E spcomlib: [spcom_ioctl] IOCTL failed: ret[-1], error [-4]
03-12 18:05:14.303  1156  1378 D spcomlib: [spcom_check_link_up_state] SPCom check for link up retry interrupted call
03-12 18:05:14.303  1165  1412 E spcomlib: [spcom_check_link_up_state] SPCom check for link up interrupted - ioctl ret[-4], cmd ret[0], wait[1]
03-12 18:05:14.303  1156  1378 D spcomlib: [spcom_ioctl] spcom_ioctl: command ID [3222295528]
03-12 18:05:14.303  1165  1412 D spcomlib: [spcom_check_link_up_state] SPCom check for link up retry interrupted call
03-12 18:05:14.303  1165  1412 D spcomlib: [spcom_ioctl] spcom_ioctl: command ID [3222295528]
03-12 18:05:14.304  1158  1375 E spcomlib: [spcom_ioctl] IOCTL failed: ret[-1], error [-4]
03-12 18:05:14.304  1158  1375 E spcomlib: [spcom_check_link_up_state] SPCom check for link up interrupted - ioctl ret[-4], cmd ret[0], wait[1]
03-12 18:05:14.304  1158  1375 D spcomlib: [spcom_check_link_up_state] SPCom check for link up retry interrupted call
03-12 18:05:14.304  1158  1375 D spcomlib: [spcom_ioctl] spcom_ioctl: command ID [3222295528]
03-12 18:05:14.310  2263  2448 E spcomlib: [spcom_ioctl] IOCTL failed: ret[-1], error [-4]
03-12 18:05:14.310  2263  2448 E spcomlib: [spcom_check_link_up_state] SPCom check for link up interrupted - ioctl ret[-4], cmd ret[0], wait[1]
03-12 18:05:14.310  2263  2448 D spcomlib: [spcom_check_link_up_state] SPCom check for link up retry interrupted call
03-12 18:05:14.310  2263  2448 D spcomlib: [spcom_ioctl] spcom_ioctl: command ID [3222295528]
03-12 18:05:14.316  2729  2861 E wlc     : event loop wait error
03-12 18:05:14.320  3101 15510 I AidlSensorManager: aidl_ssvc_poll: spurious wake up, back to work
03-12 18:05:14.333  1162 11274 I android.system.suspend-service: !@SystemSuspend: write mem-
03-12 18:05:14.334  1162 11274 W libc    : Access denied finding property "suspend.debug.wakestats_log.enabled"
03-12 18:05:14.337  2176  2176 I seh_thermal_service: getTemperaturesWithType SehTemperatureType: 3
03-12 18:05:14.337  2174  2174 I sehhealth-service: updateLrpSysfs: write: 349
03-12 18:05:14.337  2174  2246 E BatteryDump: !@new_battery_dump : 3717,-525,100,100,25,335,295,354,335,0,343,359,0,Discharging,NO_CHARGING,None,Good,NONE,0,Normal,0,0,9300,0x40000000,0x10000,0x0,0,0,579,v0002,0000,0000,00000000,0,0,0,0,441,3748,2497,978,0,
03-12 18:05:14.534  1162 11274 I android.system.suspend-service: !@SystemSuspend: wakeup_count+
03-12 18:05:14.534  1162 11274 I android.system.suspend-service: !@SystemSuspend: wakeup_count-
03-12 18:05:14.534  1162 11274 I android.system.suspend-service: !@SystemSuspend: mSuspendCounter+
03-12 18:05:14.534  1162 11274 I android.system.suspend-service: !@SystemSuspend: mSuspendCounter-
03-12 18:05:14.534  1162 11274 I android.system.suspend-service: !@SystemSuspend: write mem+
03-12 18:05:15.604  1156  1378 E spcomlib: [spcom_ioctl] IOCTL failed: ret[-1], error [-4]
03-12 18:05:15.604  1156  1378 E spcomlib: [spcom_check_link_up_state] SPCom check for link up interrupted - ioctl ret[-4], cmd ret[0], wait[1]
03-12 18:05:15.604  1156  1378 D spcomlib: [spcom_check_link_up_state] SPCom check for link up retry interrupted call
03-12 18:05:15.604  1156  1378 D spcomlib: [spcom_ioctl] spcom_ioctl: command ID [3222295528]
03-12 18:05:15.607  2213  2307 E HeatmapThread: ECT Thread time in milliseconds: 1773338715
03-12 18:05:15.607  2263  2448 E spcomlib: [spcom_ioctl] IOCTL failed: ret[-1], error [-4]
03-12 18:05:15.608  2263  2448 E spcomlib: [spcom_check_link_up_state] SPCom check for link up interrupted - ioctl ret[-4], cmd ret[0], wait[1]
03-12 18:05:15.608  2263  2448 D spcomlib: [spcom_check_link_up_state] SPCom check for link up retry interrupted call
03-12 18:05:15.608  2263  2448 D spcomlib: [spcom_ioctl] spcom_ioctl: command ID [3222295528]
03-12 18:05:15.608  1158  1375 E spcomlib: [spcom_ioctl] IOCTL failed: ret[-1], error [-4]
03-12 18:05:15.608  1158  1375 E spcomlib: [spcom_check_link_up_state] SPCom check for link up interrupted - ioctl ret[-4], cmd ret[0], wait[1]
03-12 18:05:15.608  1158  1375 D spcomlib: [spcom_check_link_up_state] SPCom check for link up retry interrupted call
03-12 18:05:15.608  1158  1375 D spcomlib: [spcom_ioctl] spcom_ioctl: command ID [3222295528]
03-12 18:05:15.605  1165  1412 E spcomlib: [spcom_ioctl] IOCTL failed: ret[-1], error [-4]
03-12 18:05:15.608  1165  1412 E spcomlib: [spcom_check_link_up_state] SPCom check for link up interrupted - ioctl ret[-4], cmd ret[0], wait[1]
03-12 18:05:15.608  1165  1412 D spcomlib: [spcom_check_link_up_state] SPCom check for link up retry interrupted call
03-12 18:05:15.608  1165  1412 D spcomlib: [spcom_ioctl] spcom_ioctl: command ID [3222295528]
03-12 18:05:15.612  2213  2307 D HeatmapThread: !@ batteryplugType : 0
03-12 18:05:15.612  2213  2307 D HeatmapThread: !@ batteryLevel : 25  batteryTemperature : 335 
03-12 18:05:15.612  2213  2307 D HeatmapThread: !@ Heatmap currtime: 29555645
03-12 18:05:15.612  2213  2307 D HeatmapThread: !@ Heatmap prevtime: 29555636
03-12 18:05:15.612  2213  2307 D HeatmapThread: !@ Heatmap plugstarttime: 35791394
03-12 18:05:15.612  2213  2307 D HeatmapThread: !@ Heatmap prevv_dsoh_update_time: 29554952
03-12 18:05:15.612  2213  2307 E HeatmapThread: !@ CAM New BSOH: 100
03-12 18:05:15.613  3101 15510 I AidlSensorManager: aidl_ssvc_poll: spurious wake up, back to work
03-12 18:05:15.615  2729  2861 E wlc     : event loop wait error
03-12 18:05:15.624  1162 11274 I android.system.suspend-service: !@SystemSuspend: write mem-
03-12 18:05:15.625  2094  2276 I sensors-hal: handle_sns_client_event:435, [0][397] gyro_sample_cal(cal_available:1)(3) [-0.000,-0.001, 0.000] bias[-0.005,-0.006,-0.001] 278026063448307
03-12 18:05:15.625  2094  2273 I sensors-hal: handle_sns_client_event:323, [0][600] mag_sample_cal(magcal_available:1): ts=278026054208411 ns; cal = [-12.024550, 16.071526, -41.684052], uncal = [-24.804550, 64.851524, 20.655951], bias = [-12.780000, 48.779999, 62.340000], status=3, cal_id=2
03-12 18:05:15.625  2094  1883 I sensors-hal: handle_sns_client_event:379, [0][1075] accel_sample [ 1.726, -0.600,  9.587] 278025639353984
03-12 18:05:15.642  2174  2246 E BatteryDump: !@new_battery_dump : 3725,-525,100,100,25,334,295,352,334,0,349,359,0,Discharging,NO_CHARGING,None,Good,NONE,0,Normal,0,0,9300,0x40000000,0x10000,0x0,0,0,579,v0002,0000,0000,00000000,0,0,0,0,441,3748,2497,978,0,
03-12 18:05:15.643  2176  2176 I seh_thermal_service: getTemperaturesWithType SehTemperatureType: 3
03-12 18:05:15.643  2174  2174 I sehhealth-service: updateLrpSysfs: write: 349
03-12 18:05:15.724  1162 11274 I android.system.suspend-service: !@SystemSuspend: wakeup_count+
03-12 18:05:15.725  1162 11274 I android.system.suspend-service: !@SystemSuspend: wakeup_count-
03-12 18:05:15.725  1162 11274 I android.system.suspend-service: !@SystemSuspend: mSuspendCounter+
03-12 18:05:15.725  1162 11274 I android.system.suspend-service: !@SystemSuspend: mSuspendCounter-
03-12 18:05:15.725  1162 11274 I android.system.suspend-service: !@SystemSuspend: write mem+
03-12 18:05:16.832  1156  1378 E spcomlib: [spcom_ioctl] IOCTL failed: ret[-1], error [-4]
03-12 18:05:16.832  1156  1378 E spcomlib: [spcom_check_link_up_state] SPCom check for link up interrupted - ioctl ret[-4], cmd ret[0], wait[1]
03-12 18:05:16.832  1156  1378 D spcomlib: [spcom_check_link_up_state] SPCom check for link up retry interrupted call
03-12 18:05:16.832  1156  1378 D spcomlib: [spcom_ioctl] spcom_ioctl: command ID [3222295528]
03-12 18:05:16.832  1158  1375 E spcomlib: [spcom_ioctl] IOCTL failed: ret[-1], error [-4]
03-12 18:05:16.832  1165  1412 E spcomlib: [spcom_ioctl] IOCTL failed: ret[-1], error [-4]
03-12 18:05:16.832  1063  1063 D io_stats: !@   8,0 r 60332760 958772316 w 9519006 157032984 d 1248530 355916820 f 144596 852832 iot 3251872 0 th 0 0 0 pt 0 inp 0 0 156450.800
03-12 18:05:16.832  1158  1375 E spcomlib: [spcom_check_link_up_state] SPCom check for link up interrupted - ioctl ret[-4], cmd ret[0], wait[1]
03-12 18:05:16.832  1158  1375 D spcomlib: [spcom_check_link_up_state] SPCom check for link up retry interrupted call
03-12 18:05:16.832  1158  1375 D spcomlib: [spcom_ioctl] spcom_ioctl: command ID [3222295528]
03-12 18:05:16.833  1063  1063 D io_stats: !@ Read_top(KB): .gms.persistent:high(22407) 96 droid.daemonapp:low(30006) 88 f2fs_ckpt-254:6:/(5568) 12
03-12 18:05:16.833  1063  1063 D io_stats: !@ Write_top(KB): kworker/u17:9:/(1837) 1748 kworker/u17:13:/(1840) 476 kworker/2:0:/(16501) 348
03-12 18:05:16.833  1165  1412 E spcomlib: [spcom_check_link_up_state] SPCom check for link up interrupted - ioctl ret[-4], cmd ret[0], wait[1]
03-12 18:05:16.833  1165  1412 D spcomlib: [spcom_check_link_up_state] SPCom check for link up retry interrupted call
03-12 18:05:16.833  1165  1412 D spcomlib: [spcom_ioctl] spcom_ioctl: command ID [3222295528]
03-12 18:05:16.837  2582  2582 I CNSS    : /sys/wifi/max_chipset_log_size doesn't exist
03-12 18:05:16.841  2729  2861 E wlc     : event loop wait error
03-12 18:05:16.838  2263  2448 E spcomlib: [spcom_ioctl] IOCTL failed: ret[-1], error [-4]
03-12 18:05:16.841  2263  2448 E spcomlib: [spcom_check_link_up_state] SPCom check for link up interrupted - ioctl ret[-4], cmd ret[0], wait[1]
03-12 18:05:16.841  2263  2448 D spcomlib: [spcom_check_link_up_state] SPCom check for link up retry interrupted call
03-12 18:05:16.841  2263  2448 D spcomlib: [spcom_ioctl] spcom_ioctl: command ID [3222295528]
03-12 18:05:16.842  3101 15510 I AidlSensorManager: aidl_ssvc_poll: spurious wake up, back to work
03-12 18:05:16.854  1162 11274 I android.system.suspend-service: !@SystemSuspend: write mem-
03-12 18:05:16.871  2174  2246 E BatteryDump: !@new_battery_dump : 3727,-525,100,100,25,334,295,351,334,0,349,359,0,Discharging,NO_CHARGING,None,Good,NONE,0,Normal,0,0,9300,0x40000000,0x10000,0x0,0,0,579,v0002,0000,0000,00000000,0,0,0,0,441,3748,2497,978,0,
03-12 18:05:16.872  2176  2176 I seh_thermal_service: getTemperaturesWithType SehTemperatureType: 3
03-12 18:05:16.872  2174  2174 I sehhealth-service: updateLrpSysfs: write: 349
03-12 18:05:16.955  1162 11274 I android.system.suspend-service: !@SystemSuspend: wakeup_count+
03-12 18:05:16.955  1162 11274 I android.system.suspend-service: !@SystemSuspend: wakeup_count-
03-12 18:05:16.955  1162 11274 I android.system.suspend-service: !@SystemSuspend: mSuspendCounter+
03-12 18:05:16.955  1162 11274 I android.system.suspend-service: !@SystemSuspend: mSuspendCounter-
03-12 18:05:16.955  1162 11274 I android.system.suspend-service: !@SystemSuspend: write mem+
03-12 18:05:18.077  1156  1378 E spcomlib: [spcom_ioctl] IOCTL failed: ret[-1], error [-4]
03-12 18:05:18.077  1158  1375 E spcomlib: [spcom_ioctl] IOCTL failed: ret[-1], error [-4]
03-12 18:05:18.077  1158  1375 E spcomlib: [spcom_check_link_up_state] SPCom check for link up interrupted - ioctl ret[-4], cmd ret[0], wait[1]
03-12 18:05:18.077  1156  1378 E spcomlib: [spcom_check_link_up_state] SPCom check for link up interrupted - ioctl ret[-4], cmd ret[0], wait[1]
03-12 18:05:18.077  1156  1378 D spcomlib: [spcom_check_link_up_state] SPCom check for link up retry interrupted call
03-12 18:05:18.077  1158  1375 D spcomlib: [spcom_check_link_up_state] SPCom check for link up retry interrupted call
03-12 18:05:18.077  1158  1375 D spcomlib: [spcom_ioctl] spcom_ioctl: command ID [3222295528]
03-12 18:05:18.077  1156  1378 D spcomlib: [spcom_ioctl] spcom_ioctl: command ID [3222295528]
03-12 18:05:18.077  1165  1412 E spcomlib: [spcom_ioctl] IOCTL failed: ret[-1], error [-4]
03-12 18:05:18.077  1165  1412 E spcomlib: [spcom_check_link_up_state] SPCom check for link up interrupted - ioctl ret[-4], cmd ret[0], wait[1]
03-12 18:05:18.077  1165  1412 D spcomlib: [spcom_check_link_up_state] SPCom check for link up retry interrupted call
03-12 18:05:18.077  1165  1412 D spcomlib: [spcom_ioctl] spcom_ioctl: command ID [3222295528]
03-12 18:05:18.081  2263  2448 E spcomlib: [spcom_ioctl] IOCTL failed: ret[-1], error [-4]
03-12 18:05:18.081  2263  2448 E spcomlib: [spcom_check_link_up_state] SPCom check for link up interrupted - ioctl ret[-4], cmd ret[0], wait[1]
03-12 18:05:18.082  2263  2448 D spcomlib: [spcom_check_link_up_state] SPCom check for link up retry interrupted call
03-12 18:05:18.082  2263  2448 D spcomlib: [spcom_ioctl] spcom_ioctl: command ID [3222295528]
03-12 18:05:18.084  2729  2861 E wlc     : event loop wait error
03-12 18:05:18.086  3101 15510 I AidlSensorManager: aidl_ssvc_poll: spurious wake up, back to work
03-12 18:05:18.097  1162 11274 I android.system.suspend-service: !@SystemSuspend: write mem-
03-12 18:05:18.097  2094  2276 I sensors-hal: handle_sns_client_event:435, [0][407] gyro_sample_cal(cal_available:1)(3) [-0.000,-0.001, 0.000] bias[-0.005,-0.006,-0.001] 278028151372943
03-12 18:05:18.098  2094  2273 I sensors-hal: handle_sns_client_event:323, [0][633] mag_sample_cal(magcal_available:1): ts=278028034208411 ns; cal = [-13.938476, 16.058647, -43.202171], uncal = [-26.718475, 64.838646, 19.137831], bias = [-12.780000, 48.779999, 62.340000], status=3, cal_id=2
03-12 18:05:18.098  2094  1883 I sensors-hal: handle_sns_client_event:379, [0][1104] accel_sample [ 1.728, -0.599,  9.590] 278027657683932
03-12 18:05:18.118  2174  2246 E BatteryDump: !@new_battery_dump : 3727,-525,100,100,25,334,295,350,334,0,349,359,0,Discharging,NO_CHARGING,None,Good,NONE,0,Normal,0,0,9300,0x40000000,0x10000,0x0,0,0,579,v0002,0000,0000,00000000,0,0,0,0,441,3748,2497,978,0,
03-12 18:05:18.119  2176  2176 I seh_thermal_service: getTemperaturesWithType SehTemperatureType: 3
03-12 18:05:18.119  2174  2174 I sehhealth-service: updateLrpSysfs: write: 349
03-12 18:05:18.187  2213  2307 E HeatmapThread: ECT Thread time in milliseconds: 1773338718
03-12 18:05:18.189  2213  2307 D HeatmapThread: !@ batteryplugType : 0
03-12 18:05:18.189  2213  2307 D HeatmapThread: !@ batteryLevel : 25  batteryTemperature : 334 
03-12 18:05:18.189  2213  2307 D HeatmapThread: !@ Heatmap currtime: 29555645
03-12 18:05:18.189  2213  2307 D HeatmapThread: !@ Heatmap prevtime: 29555636
03-12 18:05:18.189  2213  2307 D HeatmapThread: !@ Heatmap plugstarttime: 35791394
03-12 18:05:18.189  2213  2307 D HeatmapThread: !@ Heatmap prevv_dsoh_update_time: 29554952
03-12 18:05:18.189  2213  2307 E HeatmapThread: !@ CAM New BSOH: 100
03-12 18:05:18.197  1162 11274 I android.system.suspend-service: !@SystemSuspend: wakeup_count+
03-12 18:05:18.197  1162 11274 I android.system.suspend-service: !@SystemSuspend: wakeup_count-
03-12 18:05:18.197  1162 11274 I android.system.suspend-service: !@SystemSuspend: mSuspendCounter+
03-12 18:05:18.197  1162 11274 I android.system.suspend-service: !@SystemSuspend: mSuspendCounter-
03-12 18:05:18.198  1162 11274 I android.system.suspend-service: !@SystemSuspend: write mem+
03-12 18:05:18.214  3101  4276 D InetDiagMessage: Destroyed 1 sockets, proto=IPPROTO_TCP, family=AF_INET, states=14
03-12 18:05:19.287  1156  1378 E spcomlib: [spcom_ioctl] IOCTL failed: ret[-1], error [-4]
03-12 18:05:19.287  1156  1378 E spcomlib: [spcom_check_link_up_state] SPCom check for link up interrupted - ioctl ret[-4], cmd ret[0], wait[1]
03-12 18:05:19.287  1156  1378 D spcomlib: [spcom_check_link_up_state] SPCom check for link up retry interrupted call
03-12 18:05:19.287  1156  1378 D spcomlib: [spcom_ioctl] spcom_ioctl: command ID [3222295528]
03-12 18:05:19.287  1158  1375 E spcomlib: [spcom_ioctl] IOCTL failed: ret[-1], error [-4]
03-12 18:05:19.287  1158  1375 E spcomlib: [spcom_check_link_up_state] SPCom check for link up interrupted - ioctl ret[-4], cmd ret[0], wait[1]
03-12 18:05:19.287  1158  1375 D spcomlib: [spcom_check_link_up_state] SPCom check for link up retry interrupted call
03-12 18:05:19.287  1158  1375 D spcomlib: [spcom_ioctl] spcom_ioctl: command ID [3222295528]
03-12 18:05:19.287  1165  1412 E spcomlib: [spcom_ioctl] IOCTL failed: ret[-1], error [-4]
03-12 18:05:19.287  1165  1412 E spcomlib: [spcom_check_link_up_state] SPCom check for link up interrupted - ioctl ret[-4], cmd ret[0], wait[1]
03-12 18:05:19.287  1165  1412 D spcomlib: [spcom_check_link_up_state] SPCom check for link up retry interrupted call
03-12 18:05:19.287  1165  1412 D spcomlib: [spcom_ioctl] spcom_ioctl: command ID [3222295528]
03-12 18:05:19.290  2263  2448 E spcomlib: [spcom_ioctl] IOCTL failed: ret[-1], error [-4]
03-12 18:05:19.290  2263  2448 E spcomlib: [spcom_check_link_up_state] SPCom check for link up interrupted - ioctl ret[-4], cmd ret[0], wait[1]
03-12 18:05:19.290  2263  2448 D spcomlib: [spcom_check_link_up_state] SPCom check for link up retry interrupted call
03-12 18:05:19.290  2263  2448 D spcomlib: [spcom_ioctl] spcom_ioctl: command ID [3222295528]
03-12 18:05:19.292  2729  2861 E wlc     : event loop wait error
03-12 18:05:19.294  3101  4276 D InetDiagMessage: Destroyed 4 sockets, proto=IPPROTO_TCP, family=AF_INET6, states=14
03-12 18:05:19.295  3101  4276 D InetDiagMessage: Destroyed live tcp sockets for uids={10642} in 1082ms
03-12 18:05:19.296  3101  4276 D InetDiagMessage: Destroyed 0 sockets, proto=IPPROTO_TCP, family=AF_INET, states=14
03-12 18:05:19.296  3101 15510 I AidlSensorManager: aidl_ssvc_poll: spurious wake up, back to work
03-12 18:05:19.298  3101  4276 D InetDiagMessage: Destroyed 0 sockets, proto=IPPROTO_TCP, family=AF_INET6, states=14
03-12 18:05:19.298  3101  4276 D InetDiagMessage: Destroyed live tcp sockets for uids={20642} in 3ms
03-12 18:05:19.304 31317 31317 I wpa_supplicant: Heartbeat 5834
03-12 18:05:19.310  1162 11274 I android.system.suspend-service: !@SystemSuspend: write mem-
03-12 18:05:19.311  2094  1883 I sensors-hal: handle_sns_client_event:379, [0][1133] accel_sample [ 1.728, -0.597,  9.593] 278029676003776
03-12 18:05:19.320  2176  2176 I seh_thermal_service: getTemperaturesWithType SehTemperatureType: 3
03-12 18:05:19.320  2174  2174 I sehhealth-service: updateLrpSysfs: write: 349
03-12 18:05:19.320  2174  2246 E BatteryDump: !@new_battery_dump : 3727,-525,100,100,25,333,295,349,333,0,349,359,0,Discharging,NO_CHARGING,None,Good,NONE,0,Normal,0,0,9300,0x40000000,0x10000,0x0,0,0,579,v0002,0000,0000,00000000,0,0,0,0,441,3748,2497,978,0,
03-12 18:05:19.341  2094  2273 I sensors-hal: handle_sns_client_event:323, [0][666] mag_sample_cal(magcal_available:1): ts=278030014208411 ns; cal = [-14.143172, 15.825676, -44.418419], uncal = [-26.923172, 64.605675, 17.921583], bias = [-12.780000, 48.779999, 62.340000], status=3, cal_id=2
03-12 18:05:19.410  1162 11274 I android.system.suspend-service: !@SystemSuspend: wakeup_count+
03-12 18:05:19.410  1162 11274 I android.system.suspend-service: !@SystemSuspend: wakeup_count-
03-12 18:05:19.410  1162 11274 I android.system.suspend-service: !@SystemSuspend: mSuspendCounter+
03-12 18:05:19.410  1162 11274 I android.system.suspend-service: !@SystemSuspend: mSuspendCounter-
03-12 18:05:19.411  1162 11274 I android.system.suspend-service: !@SystemSuspend: write mem+
03-12 18:05:20.518  1156  1378 E spcomlib: [spcom_ioctl] IOCTL failed: ret[-1], error [-4]
03-12 18:05:20.518  1156  1378 E spcomlib: [spcom_check_link_up_state] SPCom check for link up interrupted - ioctl ret[-4], cmd ret[0], wait[1]
03-12 18:05:20.518  1156  1378 D spcomlib: [spcom_check_link_up_state] SPCom check for link up retry interrupted call
03-12 18:05:20.518  1156  1378 D spcomlib: [spcom_ioctl] spcom_ioctl: command ID [3222295528]
03-12 18:05:20.518  1158  1375 E spcomlib: [spcom_ioctl] IOCTL failed: ret[-1], error [-4]
03-12 18:05:20.518  1158  1375 E spcomlib: [spcom_check_link_up_state] SPCom check for link up interrupted - ioctl ret[-4], cmd ret[0], wait[1]
03-12 18:05:20.518  1158  1375 D spcomlib: [spcom_check_link_up_state] SPCom check for link up retry interrupted call
03-12 18:05:20.518  1158  1375 D spcomlib: [spcom_ioctl] spcom_ioctl: command ID [3222295528]
03-12 18:05:20.518  1165  1412 E spcomlib: [spcom_ioctl] IOCTL failed: ret[-1], error [-4]
03-12 18:05:20.519  1165  1412 E spcomlib: [spcom_check_link_up_state] SPCom check for link up interrupted - ioctl ret[-4], cmd ret[0], wait[1]
03-12 18:05:20.519  1165  1412 D spcomlib: [spcom_check_link_up_state] SPCom check for link up retry interrupted call
03-12 18:05:20.519  1165  1412 D spcomlib: [spcom_ioctl] spcom_ioctl: command ID [3222295528]
03-12 18:05:20.521  2263  2448 E spcomlib: [spcom_ioctl] IOCTL failed: ret[-1], error [-4]
03-12 18:05:20.522  2263  2448 E spcomlib: [spcom_check_link_up_state] SPCom check for link up interrupted - ioctl ret[-4], cmd ret[0], wait[1]
03-12 18:05:20.522  2263  2448 D spcomlib: [spcom_check_link_up_state] SPCom check for link up retry interrupted call
03-12 18:05:20.522  2263  2448 D spcomlib: [spcom_ioctl] spcom_ioctl: command ID [3222295528]
03-12 18:05:20.524  2729  2861 E wlc     : event loop wait error
03-12 18:05:20.528  3101 15510 I AidlSensorManager: aidl_ssvc_poll: spurious wake up, back to work
03-12 18:05:20.540  3101  4696 I ActivityManager: Changes in 10116 12 to 10, 128 to 0
03-12 18:05:20.542 22267 22267 D BoundBrokerSvc: onUnbind: Intent { act=com.google.android.gms.auth.api.signin.service.START xflg=0x4 pkg=com.google.android.gms }
03-12 18:05:20.542  1162 11274 I android.system.suspend-service: !@SystemSuspend: write mem-
03-12 18:05:20.543  2094  2276 I sensors-hal: handle_sns_client_event:435, [0][416] gyro_sample_cal(cal_available:1)(3) [ 0.000, 0.000,-0.000] bias[-0.005,-0.006,-0.001] 278030030496172
03-12 18:05:20.556  2174  2246 E BatteryDump: !@new_battery_dump : 3727,-525,100,100,25,333,295,348,333,0,349,359,0,Discharging,NO_CHARGING,None,Good,NONE,0,Normal,0,0,9300,0x40000000,0x10000,0x0,0,0,579,v0002,0000,0000,00000000,0,0,0,0,441,3748,2497,978,0,
03-12 18:05:20.558  2176  2176 I seh_thermal_service: getTemperaturesWithType SehTemperatureType: 3
03-12 18:05:20.558  2174  2174 I sehhealth-service: updateLrpSysfs: write: 349
03-12 18:05:20.574  4621  4816 I EPDG -- SIM1 [SMARTWIFI]: isProfiling, hash=48280387, started=true
03-12 18:05:20.574  4621  4816 I EPDG -- SIM1 [SMARTWIFI]: isProfiling, hash=48280387, started=true
03-12 18:05:20.574  4621  4816 I EPDG -- SIM1 [SMARTWIFI]: Rssi : -52 highrange : -75 lowrange : -85 mIsRssiInHystersis : false
03-12 18:05:20.574  4621  4816 I EPDG -- SIM1 [SMARTWIFI]: getHandoverThresholdMet: value is: false
03-12 18:05:20.643  1162 11274 I android.system.suspend-service: !@SystemSuspend: wakeup_count+
03-12 18:05:20.643  1162 11274 I android.system.suspend-service: !@SystemSuspend: wakeup_count-
03-12 18:05:20.643  1162 11274 I android.system.suspend-service: !@SystemSuspend: mSuspendCounter+
03-12 18:05:20.643  1162 11274 I android.system.suspend-service: !@SystemSuspend: mSuspendCounter-
03-12 18:05:20.643  1162 11274 I android.system.suspend-service: !@SystemSuspend: write mem+
03-12 18:05:21.448  1156  1378 E spcomlib: [spcom_ioctl] IOCTL failed: ret[-1], error [-4]
03-12 18:05:21.448  1156  1378 E spcomlib: [spcom_check_link_up_state] SPCom check for link up interrupted - ioctl ret[-4], cmd ret[0], wait[1]
03-12 18:05:21.448  1156  1378 D spcomlib: [spcom_check_link_up_state] SPCom check for link up retry interrupted call
03-12 18:05:21.448  1156  1378 D spcomlib: [spcom_ioctl] spcom_ioctl: command ID [3222295528]
03-12 18:05:21.448  1158  1375 E spcomlib: [spcom_ioctl] IOCTL failed: ret[-1], error [-4]
03-12 18:05:21.448  1158  1375 E spcomlib: [spcom_check_link_up_state] SPCom check for link up interrupted - ioctl ret[-4], cmd ret[0], wait[1]
03-12 18:05:21.448  1158  1375 D spcomlib: [spcom_check_link_up_state] SPCom check for link up retry interrupted call
03-12 18:05:21.448  1158  1375 D spcomlib: [spcom_ioctl] spcom_ioctl: command ID [3222295528]
03-12 18:05:21.448  1165  1412 E spcomlib: [spcom_ioctl] IOCTL failed: ret[-1], error [-4]
03-12 18:05:21.448  1165  1412 E spcomlib: [spcom_check_link_up_state] SPCom check for link up interrupted - ioctl ret[-4], cmd ret[0], wait[1]
03-12 18:05:21.448  1165  1412 D spcomlib: [spcom_check_link_up_state] SPCom check for link up retry interrupted call
03-12 18:05:21.448  1165  1412 D spcomlib: [spcom_ioctl] spcom_ioctl: command ID [3222295528]
03-12 18:05:21.452  2263  2448 E spcomlib: [spcom_ioctl] IOCTL failed: ret[-1], error [-4]
03-12 18:05:21.452  2263  2448 E spcomlib: [spcom_check_link_up_state] SPCom check for link up interrupted - ioctl ret[-4], cmd ret[0], wait[1]
03-12 18:05:21.452  2263  2448 D spcomlib: [spcom_check_link_up_state] SPCom check for link up retry interrupted call
03-12 18:05:21.452  2263  2448 D spcomlib: [spcom_ioctl] spcom_ioctl: command ID [3222295528]
03-12 18:05:21.458  3101 15510 I AidlSensorManager: aidl_ssvc_poll: spurious wake up, back to work
03-12 18:05:21.459  2729  2861 E wlc     : event loop wait error
03-12 18:05:21.468 22407 22407 D BoundBrokerSvc: onUnbind: Intent { act=com.google.android.gms.scheduler.ACTION_PROXY_SCHEDULE_SINGLE_USER dat=chimera-action:/... xflg=0x4 cmp=com.google.android.gms/.chimera.PersistentSingleUserInternalApiService }
03-12 18:05:21.472  1162 11274 I android.system.suspend-service: !@SystemSuspend: write mem-
03-12 18:05:21.472  2094  2273 I sensors-hal: handle_sns_client_event:323, [0][700] mag_sample_cal(magcal_available:1): ts=278032054208411 ns; cal = [-14.096780, 15.477684, -43.966591], uncal = [-26.876780, 64.257683, 18.373407], bias = [-12.780000, 48.779999, 62.340000], status=3, cal_id=2
03-12 18:05:21.472  2094  1883 I sensors-hal: handle_sns_client_event:379, [0][1162] accel_sample [ 1.719, -0.599,  9.588] 278031694314609
03-12 18:05:21.475  3101  4315 D UsbStatsMonitor: 0 0 0 0 0 0 0 0 0 0 0 0 0 0 0 0 0 0 0 0 0 0 0 0 0 0 0 0 0 0 0 0 0 0 0 0 0 0 0 0 0 0 0 0 0 0 0 0 0 0 0 0 0 0 0 0 0 223338299396
03-12 18:05:21.486  2176  2176 I seh_thermal_service: getTemperaturesWithType SehTemperatureType: 3
03-12 18:05:21.486  2174  2174 I sehhealth-service: updateLrpSysfs: write: 349
03-12 18:05:21.486  2174  2246 E BatteryDump: !@new_battery_dump : 3728,-525,100,100,25,333,295,348,333,0,349,359,0,Discharging,NO_CHARGING,None,Good,NONE,0,Normal,0,0,9300,0x40000000,0x10000,0x0,0,0,579,v0002,0000,0000,00000000,0,0,0,0,441,3748,2497,978,0,
03-12 18:05:21.526  2094  2276 I sensors-hal: handle_sns_client_event:435, [0][426] gyro_sample_cal(cal_available:1)(3) [ 0.002, 0.006, 0.000] bias[-0.005,-0.006,-0.001] 278032118401953
03-12 18:05:21.527  2213  2307 E HeatmapThread: ECT Thread time in milliseconds: 1773338721
03-12 18:05:21.528  2213  2307 D HeatmapThread: !@ batteryplugType : 0
03-12 18:05:21.528  2213  2307 D HeatmapThread: !@ batteryLevel : 25  batteryTemperature : 333 
03-12 18:05:21.528  2213  2307 D HeatmapThread: !@ Heatmap currtime: 29555645
03-12 18:05:21.528  2213  2307 D HeatmapThread: !@ Heatmap prevtime: 29555636
03-12 18:05:21.528  2213  2307 D HeatmapThread: !@ Heatmap plugstarttime: 35791394
03-12 18:05:21.528  2213  2307 D HeatmapThread: !@ Heatmap prevv_dsoh_update_time: 29554952
03-12 18:05:21.529  2213  2307 E HeatmapThread: !@ CAM New BSOH: 100
03-12 18:05:21.572  1162 11274 I android.system.suspend-service: !@SystemSuspend: wakeup_count+
03-12 18:05:21.572  1162 11274 I android.system.suspend-service: !@SystemSuspend: wakeup_count-
03-12 18:05:21.572  1162 11274 I android.system.suspend-service: !@SystemSuspend: mSuspendCounter+
03-12 18:05:21.572  1162 11274 I android.system.suspend-service: !@SystemSuspend: mSuspendCounter-
03-12 18:05:21.572  1162 11274 I android.system.suspend-service: !@SystemSuspend: write mem+
03-12 18:05:21.601  1156  1378 E spcomlib: [spcom_ioctl] IOCTL failed: ret[-1], error [-4]
03-12 18:05:21.601  1156  1378 E spcomlib: [spcom_check_link_up_state] SPCom check for link up interrupted - ioctl ret[-4], cmd ret[0], wait[1]
03-12 18:05:21.601  1156  1378 D spcomlib: [spcom_check_link_up_state] SPCom check for link up retry interrupted call
03-12 18:05:21.601  1156  1378 D spcomlib: [spcom_ioctl] spcom_ioctl: command ID [3222295528]
03-12 18:05:21.601  1158  1375 E spcomlib: [spcom_ioctl] IOCTL failed: ret[-1], error [-4]
03-12 18:05:21.601  1158  1375 E spcomlib: [spcom_check_link_up_state] SPCom check for link up interrupted - ioctl ret[-4], cmd ret[0], wait[1]
03-12 18:05:21.601  1158  1375 D spcomlib: [spcom_check_link_up_state] SPCom check for link up retry interrupted call
03-12 18:05:21.601  1158  1375 D spcomlib: [spcom_ioctl] spcom_ioctl: command ID [3222295528]
03-12 18:05:21.601  1165  1412 E spcomlib: [spcom_ioctl] IOCTL failed: ret[-1], error [-4]
03-12 18:05:21.601  1165  1412 E spcomlib: [spcom_check_link_up_state] SPCom check for link up interrupted - ioctl ret[-4], cmd ret[0], wait[1]
03-12 18:05:21.601  1165  1412 D spcomlib: [spcom_check_link_up_state] SPCom check for link up retry interrupted call
03-12 18:05:21.601  1165  1412 D spcomlib: [spcom_ioctl] spcom_ioctl: command ID [3222295528]
03-12 18:05:21.603  2263  2448 E spcomlib: [spcom_ioctl] IOCTL failed: ret[-1], error [-4]
03-12 18:05:21.603  2263  2448 E spcomlib: [spcom_check_link_up_state] SPCom check for link up interrupted - ioctl ret[-4], cmd ret[0], wait[1]
03-12 18:05:21.603  2263  2448 D spcomlib: [spcom_check_link_up_state] SPCom check for link up retry interrupted call
03-12 18:05:21.603  2263  2448 D spcomlib: [spcom_ioctl] spcom_ioctl: command ID [3222295528]
03-12 18:05:21.606  2729  2861 E wlc     : event loop wait error
03-12 18:05:21.610  3101 15510 I AidlSensorManager: aidl_ssvc_poll: spurious wake up, back to work
03-12 18:05:21.622  1162 11274 I android.system.suspend-service: !@SystemSuspend: write mem-
03-12 18:05:21.679  3101  4417 D NetdEventListenerService: DNS Requested by 264, 10642(com.nianticlabs.pokemongo), 4(FAIL), isBlocked=true, 0ms
03-12 18:05:21.777  3101  3911 I ActivityManager: Changes in 10118 10 to 10, 128 to 0
03-12 18:05:21.782  3101  3428 D MARsPolicyManager: triggerAction called!
03-12 18:05:21.782  3101  3428 I NSLocationMonitor: getGPSUsingApps() called
03-12 18:05:21.782  5643  6950 I NSLocationManager_FLP: getGPSUsingApps, No change
03-12 18:05:21.824  1162 11274 I android.system.suspend-service: !@SystemSuspend: wakeup_count+
03-12 18:05:21.824  1162 11274 I android.system.suspend-service: !@SystemSuspend: wakeup_count-
03-12 18:05:21.824  1162 11274 I android.system.suspend-service: !@SystemSuspend: mSuspendCounter+
03-12 18:05:21.824  1162 11274 I android.system.suspend-service: !@SystemSuspend: mSuspendCounter-
03-12 18:05:21.825  1162 11274 I android.system.suspend-service: !@SystemSuspend: write mem+
03-12 18:05:21.855  1156  1378 E spcomlib: [spcom_ioctl] IOCTL failed: ret[-1], error [-4]
03-12 18:05:21.855  1158  1375 E spcomlib: [spcom_ioctl] IOCTL failed: ret[-1], error [-4]
03-12 18:05:21.855  1158  1375 E spcomlib: [spcom_check_link_up_state] SPCom check for link up interrupted - ioctl ret[-4], cmd ret[0], wait[1]
03-12 18:05:21.855  1158  1375 D spcomlib: [spcom_check_link_up_state] SPCom check for link up retry interrupted call
03-12 18:05:21.855  1158  1375 D spcomlib: [spcom_ioctl] spcom_ioctl: command ID [3222295528]
03-12 18:05:21.855  1165  1412 E spcomlib: [spcom_ioctl] IOCTL failed: ret[-1], error [-4]
03-12 18:05:21.855  1165  1412 E spcomlib: [spcom_check_link_up_state] SPCom check for link up interrupted - ioctl ret[-4], cmd ret[0], wait[1]
03-12 18:05:21.855  1165  1412 D spcomlib: [spcom_check_link_up_state] SPCom check for link up retry interrupted call
03-12 18:05:21.855  1165  1412 D spcomlib: [spcom_ioctl] spcom_ioctl: command ID [3222295528]
03-12 18:05:21.855  1156  1378 E spcomlib: [spcom_check_link_up_state] SPCom check for link up interrupted - ioctl ret[-4], cmd ret[0], wait[1]
03-12 18:05:21.855  1156  1378 D spcomlib: [spcom_check_link_up_state] SPCom check for link up retry interrupted call
03-12 18:05:21.855  1156  1378 D spcomlib: [spcom_ioctl] spcom_ioctl: command ID [3222295528]
03-12 18:05:21.856  2263  2448 E spcomlib: [spcom_ioctl] IOCTL failed: ret[-1], error [-4]
03-12 18:05:21.856  2263  2448 E spcomlib: [spcom_check_link_up_state] SPCom check for link up interrupted - ioctl ret[-4], cmd ret[0], wait[1]
03-12 18:05:21.856  2263  2448 D spcomlib: [spcom_check_link_up_state] SPCom check for link up retry interrupted call
03-12 18:05:21.856  2263  2448 D spcomlib: [spcom_ioctl] spcom_ioctl: command ID [3222295528]
03-12 18:05:21.858  2729  2861 E wlc     : event loop wait error
03-12 18:05:21.860  3101 15510 I AidlSensorManager: aidl_ssvc_poll: spurious wake up, back to work
03-12 18:05:21.869  1162 11274 I android.system.suspend-service: !@SystemSuspend: write mem-
03-12 18:05:22.069  1063  1063 D io_stats: !@   8,0 r 60332766 958772448 w 9519209 157035760 d 1248530 355916820 f 144602 852890 iot 3251896 0 th 0 0 0 pt 0 inp 0 0 156452.801
03-12 18:05:22.269  1162 11274 I android.system.suspend-service: !@SystemSuspend: wakeup_count+
03-12 18:05:22.269  1162 11274 I android.system.suspend-service: !@SystemSuspend: wakeup_count-
03-12 18:05:22.269  1162 11274 I android.system.suspend-service: !@SystemSuspend: mSuspendCounter+
03-12 18:05:22.269  1162 11274 I android.system.suspend-service: !@SystemSuspend: mSuspendCounter-
03-12 18:05:22.270  1162 11274 I android.system.suspend-service: !@SystemSuspend: write mem+
03-12 18:05:22.974  1156  1378 E spcomlib: [spcom_ioctl] IOCTL failed: ret[-1], error [-4]
03-12 18:05:22.975  1165  1412 E spcomlib: [spcom_ioctl] IOCTL failed: ret[-1], error [-4]
03-12 18:05:22.975  1156  1378 E spcomlib: [spcom_check_link_up_state] SPCom check for link up interrupted - ioctl ret[-4], cmd ret[0], wait[1]
03-12 18:05:22.975  1156  1378 D spcomlib: [spcom_check_link_up_state] SPCom check for link up retry interrupted call
03-12 18:05:22.975  1156  1378 D spcomlib: [spcom_ioctl] spcom_ioctl: command ID [3222295528]
03-12 18:05:22.975  1165  1412 E spcomlib: [spcom_check_link_up_state] SPCom check for link up interrupted - ioctl ret[-4], cmd ret[0], wait[1]
03-12 18:05:22.975  1165  1412 D spcomlib: [spcom_check_link_up_state] SPCom check for link up retry interrupted call
03-12 18:05:22.975  1158  1375 E spcomlib: [spcom_ioctl] IOCTL failed: ret[-1], error [-4]
03-12 18:05:22.975  1165  1412 D spcomlib: [spcom_ioctl] spcom_ioctl: command ID [3222295528]
03-12 18:05:22.975  1158  1375 E spcomlib: [spcom_check_link_up_state] SPCom check for link up interrupted - ioctl ret[-4], cmd ret[0], wait[1]
03-12 18:05:22.975  1158  1375 D spcomlib: [spcom_check_link_up_state] SPCom check for link up retry interrupted call
03-12 18:05:22.975  1158  1375 D spcomlib: [spcom_ioctl] spcom_ioctl: command ID [3222295528]
03-12 18:05:22.980  2263  2448 E spcomlib: [spcom_ioctl] IOCTL failed: ret[-1], error [-4]
03-12 18:05:22.981  2263  2448 E spcomlib: [spcom_check_link_up_state] SPCom check for link up interrupted - ioctl ret[-4], cmd ret[0], wait[1]
03-12 18:05:22.981  2263  2448 D spcomlib: [spcom_check_link_up_state] SPCom check for link up retry interrupted call
03-12 18:05:22.981  2263  2448 D spcomlib: [spcom_ioctl] spcom_ioctl: command ID [3222295528]
03-12 18:05:22.987  2729  2861 E wlc     : event loop wait error
03-12 18:05:22.988  3101 15510 I AidlSensorManager: aidl_ssvc_poll: spurious wake up, back to work
03-12 18:05:22.999  1162 11274 I android.system.suspend-service: !@SystemSuspend: write mem-
03-12 18:05:23.016  2213  2307 E HeatmapThread: ECT Thread time in milliseconds: 1773338723
03-12 18:05:23.017  2213  2307 D HeatmapThread: !@ batteryplugType : 0
03-12 18:05:23.017  2213  2307 D HeatmapThread: !@ batteryLevel : 25  batteryTemperature : 332 
03-12 18:05:23.017  2213  2307 D HeatmapThread: !@ Heatmap currtime: 29555645
03-12 18:05:23.017  2213  2307 D HeatmapThread: !@ Heatmap prevtime: 29555636
03-12 18:05:23.017  2213  2307 D HeatmapThread: !@ Heatmap plugstarttime: 35791394
03-12 18:05:23.017  2213  2307 D HeatmapThread: !@ Heatmap prevv_dsoh_update_time: 29554952
03-12 18:05:23.017  2213  2307 E HeatmapThread: !@Entered the read from path function
03-12 18:05:23.017  2213  2307 E HeatmapThread: !@Read Extended_heatmap from efs is: 16969 0 0 0 0 0 0 0 0 0 0 0 0 0 0 0 0 0 2591 0 0 0 0 0 0 0 0 0 0 0 0 0 0 0 0 0 3242 0 0 0 0 0 0 0 0 0 0 0 0 0 0 0 0 0 3281 0 0 0 0 0 0 0 0 0 0 0 0 0 0 0 0 0 3361 0 0 0 0 0 0 0 0 0 0 0 0 0 0 0 0 0 3549 0 0 0 0 0 0 0 0 0 0 0 0 0 0 0 0 0 3487 0 0 0 0 0 0 0 0 0 0 0 0 0 0 0 0 0 3743 0 0 0 0 0 0 0 0 0 0 0 0 0 0 0 0 0 3670 0 0 0 0 0 0 0 0 0 0 0 0 0 0 0 0 0 3620 0 0 0 0 0 0 0 0 0 0 0 0 0 0 0 0 0 3745 0 0 0 0 0 0 0 0 0 0 0 0 0 0 0 0 0 14724 0 0 0 0 0 0 0 0 0 0 0 0 0 0 0 0 0 18397 0 0 0 0 0 0 0 0 0 0 0 0 0 0 0 0 0 36264 0 0 0 0 0 0 0 0 0 0 0 0 0 0 0 0 0 35523 0 0 0 0 0 0 0 0 0 0 0 0 0 0 0 0 0 32170 0 0 0 0 0 0 0 0 0 0 0 0 0 0 0 0 0 26700 0 0 0 0 0 0 0 0 0 0 0 0 0 0 0 0 0 20892 0 0 0 0 0 0 0 0 0 0 0 0 0 0 0 0 0 8966 0 0 0 0 0 0 0 0 0 0 0 0 0 0 0 0 0 8171 0 0 0 0 0 0 0 0 0 0 0 0 0 0 0 0 0 6833 0 0 0 0 0 0 0 0 0 0 0 0 0 0 0 0 0 3211 0 0 0 0 0 0 0 0 0 0 0 0 0 0 0 0 0 201 0 0 0 0 0 0 0 0 0 0 0 0 0 0 0 0 0 185 0 0 0 0 0 0 0 0 0 0 0 0 0 0 0 0 0 142 0 0 0 0 0 0 0 0 0 0 0 0 0 0 0 0 0 87 0 0
03-12 18:05:23.017  2213  2307 E HeatmapThread: !@Write Extended Heatmap to efs is: 16969 0 0 0 0 0 0 0 0 0 0 0 0 0 0 0 0 0 2591 0 0 0 0 0 0 0 0 0 0 0 0 0 0 0 0 0 3242 0 0 0 0 0 0 0 0 0 0 0 0 0 0 0 0 0 3281 0 0 0 0 0 0 0 0 0 0 0 0 0 0 0 0 0 3361 0 0 0 0 0 0 0 0 0 0 0 0 0 0 0 0 0 3549 0 0 0 0 0 0 0 0 0 0 0 0 0 0 0 0 0 3487 0 0 0 0 0 0 0 0 0 0 0 0 0 0 0 0 0 3743 0 0 0 0 0 0 0 0 0 0 0 0 0 0 0 0 0 3670 0 0 0 0 0 0 0 0 0 0 0 0 0 0 0 0 0 3620 0 0 0 0 0 0 0 0 0 0 0 0 0 0 0 0 0 3745 0 0 0 0 0 0 0 0 0 0 0 0 0 0 0 0 0 14724 0 0 0 0 0 0 0 0 0 0 0 0 0 0 0 0 0 18397 0 0 0 0 0 0 0 0 0 0 0 0 0 0 0 0 0 36264 0 0 0 0 0 0 0 0 0 0 0 0 0 0 0 0 0 35523 0 0 0 0 0 0 0 0 0 0 0 0 0 0 0 0 0 32170 0 0 0 0 0 0 0 0 0 0 0 0 0 0 0 0 0 26700 0 0 0 0 0 0 0 0 0 0 0 0 0 0 0 0 0 20892 0 0 0 0 0 0 0 0 0 0 0 0 0 0 0 0 0 8966 0 0 0 0 0 0 0 0 0 0 0 0 0 0 0 0 0 8172 0 0 0 0 0 0 0 0 0 0 0 0 0 0 0 0 0 6833 0 0 0 0 0 0 0 0 0 0 0 0 0 0 0 0 0 3211 0 0 0 0 0 0 0 0 0 0 0 0 0 0 0 0 0 201 0 0 0 0 0 0 0 0 0 0 0 0 0 0 0 0 0 185 0 0 0 0 0 0 0 0 0 0 0 0 0 0 0 0 0 142 0 0 0 0 0 0 0 0 0 0 0 0 0 0 0 0 0 87 0 0 
03-12 18:05:23.017  2213  2307 E HeatmapThread: !@ CAM New BSOH: 100
03-12 18:05:23.018  2174  2246 E BatteryDump: !@new_battery_dump : 3727,-525,100,100,25,332,295,347,332,0,349,359,0,Discharging,NO_CHARGING,None,Good,NONE,0,Normal,0,0,9300,0x40000000,0x10000,0x0,0,0,579,v0002,0000,0000,00000000,0,0,0,0,441,3748,2497,978,0,
03-12 18:05:23.018  2176  2176 I seh_thermal_service: getTemperaturesWithType SehTemperatureType: 3
03-12 18:05:23.018  2174  2174 I sehhealth-service: updateLrpSysfs: write: 349
03-12 18:05:23.049  2094  1883 I sensors-hal: handle_sns_client_event:379, [0][1191] accel_sample [ 1.724, -0.594,  9.595] 278033712617318
03-12 18:05:23.100  1162 11274 I android.system.suspend-service: !@SystemSuspend: wakeup_count+
03-12 18:05:23.100  1162 11274 I android.system.suspend-service: !@SystemSuspend: wakeup_count-
03-12 18:05:23.100  1162 11274 I android.system.suspend-service: !@SystemSuspend: mSuspendCounter+
03-12 18:05:23.100  1162 11274 I android.system.suspend-service: !@SystemSuspend: mSuspendCounter-
03-12 18:05:23.100  1162 11274 I android.system.suspend-service: !@SystemSuspend: write mem+
03-12 18:05:24.203  1156  1378 E spcomlib: [spcom_ioctl] IOCTL failed: ret[-1], error [-4]
03-12 18:05:24.203  1156  1378 E spcomlib: [spcom_check_link_up_state] SPCom check for link up interrupted - ioctl ret[-4], cmd ret[0], wait[1]
03-12 18:05:24.203  1156  1378 D spcomlib: [spcom_check_link_up_state] SPCom check for link up retry interrupted call
03-12 18:05:24.203  1156  1378 D spcomlib: [spcom_ioctl] spcom_ioctl: command ID [3222295528]
03-12 18:05:24.203  1158  1375 E spcomlib: [spcom_ioctl] IOCTL failed: ret[-1], error [-4]
03-12 18:05:24.203  1158  1375 E spcomlib: [spcom_check_link_up_state] SPCom check for link up interrupted - ioctl ret[-4], cmd ret[0], wait[1]
03-12 18:05:24.203  1158  1375 D spcomlib: [spcom_check_link_up_state] SPCom check for link up retry interrupted call
03-12 18:05:24.203  1158  1375 D spcomlib: [spcom_ioctl] spcom_ioctl: command ID [3222295528]
03-12 18:05:24.204  1165  1412 E spcomlib: [spcom_ioctl] IOCTL failed: ret[-1], error [-4]
03-12 18:05:24.204  1165  1412 E spcomlib: [spcom_check_link_up_state] SPCom check for link up interrupted - ioctl ret[-4], cmd ret[0], wait[1]
03-12 18:05:24.204  1165  1412 D spcomlib: [spcom_check_link_up_state] SPCom check for link up retry interrupted call
03-12 18:05:24.204  1165  1412 D spcomlib: [spcom_ioctl] spcom_ioctl: command ID [3222295528]
03-12 18:05:24.207  2263  2448 E spcomlib: [spcom_ioctl] IOCTL failed: ret[-1], error [-4]
03-12 18:05:24.207  2263  2448 E spcomlib: [spcom_check_link_up_state] SPCom check for link up interrupted - ioctl ret[-4], cmd ret[0], wait[1]
03-12 18:05:24.207  2263  2448 D spcomlib: [spcom_check_link_up_state] SPCom check for link up retry interrupted call
03-12 18:05:24.207  2263  2448 D spcomlib: [spcom_ioctl] spcom_ioctl: command ID [3222295528]
03-12 18:05:24.212  2729  2861 E wlc     : event loop wait error
03-12 18:05:24.212  3101 15510 I AidlSensorManager: aidl_ssvc_poll: spurious wake up, back to work
03-12 18:05:24.215  5643  5766 I RequestManager_FLP: onOpChanged, op=0 / packageName=com.osp.app.signin
03-12 18:05:24.223  1162 11274 I android.system.suspend-service: !@SystemSuspend: write mem-
03-12 18:05:24.223  2094  2276 I sensors-hal: handle_sns_client_event:435, [0][436] gyro_sample_cal(cal_available:1)(3) [ 0.000,-0.000,-0.000] bias[-0.005,-0.006,-0.001] 278034206299349
03-12 18:05:24.223  2094  2273 I sensors-hal: handle_sns_client_event:323, [0][733] mag_sample_cal(magcal_available:1): ts=278034034208411 ns; cal = [-12.575871, 16.388733, -43.603142], uncal = [-25.355871, 65.168732, 18.736860], bias = [-12.780000, 48.779999, 62.340000], status=3, cal_id=2
03-12 18:05:24.241  2176  2176 I seh_thermal_service: getTemperaturesWithType SehTemperatureType: 3
03-12 18:05:24.241  2174  2174 I sehhealth-service: updateLrpSysfs: write: 349
03-12 18:05:24.241  2174  2246 E BatteryDump: !@new_battery_dump : 3729,-525,100,100,25,332,295,346,332,0,349,359,0,Discharging,NO_CHARGING,None,Good,NONE,0,Normal,0,0,9300,0x40000000,0x10000,0x0,0,0,579,v0002,0000,0000,00000000,0,0,0,0,441,3748,2497,978,0,
03-12 18:05:24.323  1162 11274 I android.system.suspend-service: !@SystemSuspend: wakeup_count+
03-12 18:05:24.323  1162 11274 I android.system.suspend-service: !@SystemSuspend: wakeup_count-
03-12 18:05:24.323  1162 11274 I android.system.suspend-service: !@SystemSuspend: mSuspendCounter+
03-12 18:05:24.323  1162 11274 I android.system.suspend-service: !@SystemSuspend: mSuspendCounter-
03-12 18:05:24.323  1162 11274 I android.system.suspend-service: !@SystemSuspend: write mem+
03-12 18:05:24.599  1156  1378 E spcomlib: [spcom_ioctl] IOCTL failed: ret[-1], error [-4]
03-12 18:05:24.599  1156  1378 E spcomlib: [spcom_check_link_up_state] SPCom check for link up interrupted - ioctl ret[-4], cmd ret[0], wait[1]
03-12 18:05:24.599  1156  1378 D spcomlib: [spcom_check_link_up_state] SPCom check for link up retry interrupted call
03-12 18:05:24.599  1156  1378 D spcomlib: [spcom_ioctl] spcom_ioctl: command ID [3222295528]
03-12 18:05:24.599  1158  1375 E spcomlib: [spcom_ioctl] IOCTL failed: ret[-1], error [-4]
03-12 18:05:24.599  1158  1375 E spcomlib: [spcom_check_link_up_state] SPCom check for link up interrupted - ioctl ret[-4], cmd ret[0], wait[1]
03-12 18:05:24.599  1158  1375 D spcomlib: [spcom_check_link_up_state] SPCom check for link up retry interrupted call
03-12 18:05:24.599  1158  1375 D spcomlib: [spcom_ioctl] spcom_ioctl: command ID [3222295528]
03-12 18:05:24.599  1165  1412 E spcomlib: [spcom_ioctl] IOCTL failed: ret[-1], error [-4]
03-12 18:05:24.599  1165  1412 E spcomlib: [spcom_check_link_up_state] SPCom check for link up interrupted - ioctl ret[-4], cmd ret[0], wait[1]
03-12 18:05:24.599  1165  1412 D spcomlib: [spcom_check_link_up_state] SPCom check for link up retry interrupted call
03-12 18:05:24.599  1165  1412 D spcomlib: [spcom_ioctl] spcom_ioctl: command ID [3222295528]
03-12 18:05:24.603  2263  2448 E spcomlib: [spcom_ioctl] IOCTL failed: ret[-1], error [-4]
03-12 18:05:24.603  2263  2448 E spcomlib: [spcom_check_link_up_state] SPCom check for link up interrupted - ioctl ret[-4], cmd ret[0], wait[1]
03-12 18:05:24.603  2263  2448 D spcomlib: [spcom_check_link_up_state] SPCom check for link up retry interrupted call
03-12 18:05:24.603  2263  2448 D spcomlib: [spcom_ioctl] spcom_ioctl: command ID [3222295528]
03-12 18:05:24.606  2729  2861 E wlc     : event loop wait error
03-12 18:05:24.608  3101 15510 I AidlSensorManager: aidl_ssvc_poll: spurious wake up, back to work
03-12 18:05:24.624  1162 11274 I android.system.suspend-service: !@SystemSuspend: write mem-
03-12 18:05:24.638  2176  2176 I seh_thermal_service: getTemperaturesWithType SehTemperatureType: 3
03-12 18:05:24.638  2174  2174 I sehhealth-service: updateLrpSysfs: write: 349
03-12 18:05:24.639  2174  2246 E BatteryDump: !@new_battery_dump : 3716,-525,100,100,25,332,295,346,332,0,349,359,0,Discharging,NO_CHARGING,None,Good,NONE,0,Normal,0,0,9300,0x40000000,0x10000,0x0,0,0,579,v0002,0000,0000,00000000,0,0,0,0,441,3748,2496,978,0,
03-12 18:05:24.655 13030 13030 I adbd    : New TLS connection [fd=25]
03-12 18:05:24.657 13030  2568 I adbd    : host-25: connection terminated: read failed
03-12 18:05:24.725  1162 11274 I android.system.suspend-service: !@SystemSuspend: wakeup_count+
03-12 18:05:24.725  1162 11274 I android.system.suspend-service: !@SystemSuspend: wakeup_count-
03-12 18:05:24.725  1162 11274 I android.system.suspend-service: !@SystemSuspend: mSuspendCounter+
03-12 18:05:24.725  1162 11274 I android.system.suspend-service: !@SystemSuspend: mSuspendCounter-
03-12 18:05:24.725  1162 11274 I android.system.suspend-service: !@SystemSuspend: write mem+
03-12 18:05:25.439  1156  1378 E spcomlib: [spcom_ioctl] IOCTL failed: ret[-1], error [-4]
03-12 18:05:25.439  1156  1378 E spcomlib: [spcom_check_link_up_state] SPCom check for link up interrupted - ioctl ret[-4], cmd ret[0], wait[1]
03-12 18:05:25.439  1156  1378 D spcomlib: [spcom_check_link_up_state] SPCom check for link up retry interrupted call
03-12 18:05:25.439  1156  1378 D spcomlib: [spcom_ioctl] spcom_ioctl: command ID [3222295528]
03-12 18:05:25.439  1165  1412 E spcomlib: [spcom_ioctl] IOCTL failed: ret[-1], error [-4]
03-12 18:05:25.440  1158  1375 E spcomlib: [spcom_ioctl] IOCTL failed: ret[-1], error [-4]
03-12 18:05:25.442  1158  1375 E spcomlib: [spcom_check_link_up_state] SPCom check for link up interrupted - ioctl ret[-4], cmd ret[0], wait[1]
03-12 18:05:25.442  1158  1375 D spcomlib: [spcom_check_link_up_state] SPCom check for link up retry interrupted call
03-12 18:05:25.442  1158  1375 D spcomlib: [spcom_ioctl] spcom_ioctl: command ID [3222295528]
03-12 18:05:25.442  2263  2448 E spcomlib: [spcom_ioctl] IOCTL failed: ret[-1], error [-4]
03-12 18:05:25.442  2263  2448 E spcomlib: [spcom_check_link_up_state] SPCom check for link up interrupted - ioctl ret[-4], cmd ret[0], wait[1]
03-12 18:05:25.442  2263  2448 D spcomlib: [spcom_check_link_up_state] SPCom check for link up retry interrupted call
03-12 18:05:25.442  2263  2448 D spcomlib: [spcom_ioctl] spcom_ioctl: command ID [3222295528]
03-12 18:05:25.442  1165  1412 E spcomlib: [spcom_check_link_up_state] SPCom check for link up interrupted - ioctl ret[-4], cmd ret[0], wait[1]
03-12 18:05:25.442  1165  1412 D spcomlib: [spcom_check_link_up_state] SPCom check for link up retry interrupted call
