03-12 18:05:01.215  4896  4896 D InsignificantCoordinator: no update for Insignificant summary, there is no notifications 
03-12 18:05:01.220  3101  5111 D PowerManagerService: [api] release WakeLock DRAW_WAKE_LOCK                    'AOD_EnsureWorkingTime' ACQ=-200ms (uid=10048 pid=4896 displayId=0 lock=80abb21)
03-12 18:05:01.235  2100  2542 E SmcInvoke_MinkDescriptor: mem obj with id :11 not found in list
03-12 18:05:01.236  2100 15553 I sec_fr_QSeeInterfaceSMCInvoke: getAppObject
03-12 18:05:01.237  2521  2521 W KGTA_impls: : ctx->recvmsg->payload.payload.number:2
03-12 18:05:01.237  2521  2521 W KGTA_impls: : reply message - cmd:1, error code:0
03-12 18:05:01.237  2521  2521 E vendor.samsung.hardware.tlc.kg-service:  getKgState return=2
03-12 18:05:01.237  3101  3348 E AIDL_KGTA_CLIENT: kgta client : TZ_KGTA_getKgState returns : 2
03-12 18:05:01.238  3101  3348 I AIDL_KGTA_CLIENT: TZ_KGTA_terminate: kgta_server_aidl release_wake_lock
03-12 18:05:01.238  2521  2521 E vendor.samsung.hardware.tlc.kg-service: KGTA terminate
03-12 18:05:01.239  2100 15553 I sec_fr_QSeeInterfaceSMCInvoke: loadTA is succeed.
03-12 18:05:01.239  2100 15553 I QSeeAllocatorDMA: ~QSeeAllocatorDma is destroyed 
03-12 18:05:01.239  2100 15553 I sec_fr_QSeeEngine: starting qsapp succeed
03-12 18:05:01.239  2100 15553 I sec_fr_QSeeEngine: init success mState=0x3b
03-12 18:05:01.239  2100 15553 I sec_fr_NativeFaceService: E FaceService::engineInit
03-12 18:05:01.239  2100 15553 I sec_fr_NativeFaceService: E initialize - mState(3)
03-12 18:05:01.239  3101  4335 W SemFace : sehOpenTaSession FINISH (168ms) RESULT: 0
03-12 18:05:01.241  3101  3348 E AIDL_KGTA_CLIENT: TZ_KGTA_terminate: KGTA AIDL Service terminiated
03-12 18:05:01.241  3101  3348 D KG.KnoxGuardSeService: isKGAllowADB : true
03-12 18:05:01.241  3101  3348 D SecContentProvider: query(), uri = 17 selection = isUsbDebuggingEnabled
03-12 18:05:01.241  3101  3348 D SecContentProvider: called from android.uid.system:1000
03-12 18:05:01.241  3101  3348 D RestrictionPolicy: isUsbDebuggingEnabled : true
03-12 18:05:01.241  3101  3348 D UsbDeviceManager: Update mCurrentFunctions=sec_charging mSecCurrentFunctions=sec_charging,adb
03-12 18:05:01.242  3101  3348 W Looper  : Slow dispatch took 213ms android.fg app=system_server main=false group=FOREGROUND h=com.android.server.usb.UsbDeviceManager$UsbHandlerLegacy c=null m=13
03-12 18:05:01.242  3101  3348 W Looper  : Slow delivery took 215ms android.fg app=system_server main=false group=FOREGROUND h=android.os.Handler c=com.android.server.power.hint.HintManagerService$MyUidObserver$$ExternalSyntheticLambda0@8d393b m=0
03-12 18:05:01.242  3101  3348 V WindowManager: Finish Transition (#4747): created at 03-12 18:05:01.024 collect-started=0.124ms request-sent=0.185ms started=0.749ms ready=0.748ms sent=0.978ms commit=13.686ms finished=2.738ms
03-12 18:05:01.243  3101  3348 W Looper  : Drained
03-12 18:05:01.243  3101  3101 D SLocation: DeviceStatusNotifyManager - broadcastReceiver.onReceive start 278011942
03-12 18:05:01.243  3101  3101 D SLocation: DeviceStatusNotifyManager - broadcastReceiver.onReceive end 278011942
03-12 18:05:01.243  3101  5217 I SLocation: DeviceStatusNotifyManager - received action : android.intent.action.SCREEN_OFF, package : null
03-12 18:05:01.243  3101  6314 D LiftUpHandler:   mReceiver.onReceive : ACTION_SCREEN_OFF
03-12 18:05:01.244  3101  6314 D LiftUpHandler: [LTW] Running already.
03-12 18:05:01.245  7607  7607 I SDHMS:LOAD: type: LoadsFreqs, value: 0:0:0:0:0:0:0:0:0:0:0:0
03-12 18:05:01.245  3101  4246 D SensorService: setSContextDataLocked ints length 2 , byte length 4
03-12 18:05:01.245  3101  4246 D SensorService: setSContextDataLocked f20047c1
03-12 18:05:01.245  2094  2094 I sensors-hal: inject_sensor_data:412, handle 1502 send inject
03-12 18:05:01.245  2094  2094 I sensors-hal: sendContextData:303, sensor hal 4, (0xc1, 0x47, 0x0, 0xf2)
03-12 18:05:01.245  2094  2094 I sensors-hal: sendContextData:206, activities 4 c1, 1
03-12 18:05:01.245  2094  2094 I sensors-hal: sendUserData:227, Activities cmd 0xc1 0x47
03-12 18:05:01.245  2094  2094 I sensors-hal: create_send_context_data:45, sending create_send_context_data
03-12 18:05:01.245  2094  2094 I sensors-hal: send_context_data:701, activities, 4914309220830019584, 1320970896291267344, msgid:700
03-12 18:05:01.245  2094  2094 I sensors-hal: write_algo_lcd_onoff_state:210, algo_lcd_onoff : 0xf2
03-12 18:05:01.246  2094  2094 I sensors-hal: sendContextData:124, common_info 4
03-12 18:05:01.246  2203  2203 I SSC_DAEMON: handleSensorTestReqMsg:88, Sensor type :14, Msg type:15
03-12 18:05:01.246  2094  2094 I sensors-hal: sendUserData:147, CommonInfo 0xc1 0x47 0x0 0xf2
03-12 18:05:01.246  2094  2094 I sensors-hal: create_send_context_data:70, sending create_send_context_data
03-12 18:05:01.246  2094  2094 I sensors-hal: send_context_data:701, common_info, 4914309147815575552, 1320970896291267344, msgid:700
03-12 18:05:01.246  2203  2203 I SSC_DAEMON: physicalSensorTestReqMsg:235, 0.algo_id:19, num:3
03-12 18:05:01.246  2203  2203 I SSC_DAEMON: physicalSensorTestReqMsg:235, 1.algo_id:21, num:3
03-12 18:05:01.246  2203  2203 I SSC_DAEMON: physicalSensorTestReqMsg:235, 2.algo_id:22, num:3
03-12 18:05:01.246  2203  2203 I SSC_DAEMON: physicalSensorTestReqMsg:241, data_buf, 3,0
03-12 18:05:01.246  3101  3101 I ChimeraSystemEventListener: onReceive() - action: android.intent.action.SCREEN_OFF
03-12 18:05:01.246  3101  4245 I CAE     : handleMessage(CaPowerManager.java:295) - SCREEN_OFF_INTENT
03-12 18:05:01.246  3101  4333 I MR2ServiceImpl: Updating composite discovery preference | preference: RouteDiscoveryRequest{ preferredFeatures={}, activeScan=false }, active routers: []
03-12 18:05:01.246  2094  4244 I sensors-hal: qsh_conn_resp_cb:972, resp_value = 0 for activities 
03-12 18:05:01.246  3101  4348 V WifiProfileShare: screen off
03-12 18:05:01.246  3101  5705 D WifiProfileShare.Caster: stop caster
03-12 18:05:01.246  3101  5705 D WifiProfileShare.McfCast: -ME--- stopScan
03-12 18:05:01.246  3101  5705 I [MCFSDK_android_1.3.7026]_4_McfCasterImpl: stopScan - 
03-12 18:05:01.246  3101  4348 D SemWifiP2pGoPowerSave: handleScreenState: false
03-12 18:05:01.246  2094  4244 I sensors-hal: qsh_conn_resp_cb:972, resp_value = 0 for common_info 
03-12 18:05:01.246  3101  5705 V WifiProfileShare.Caster: clear all confirm history
03-12 18:05:01.246  3101  5705 V WifiProfileShare.MCF: clearUserConfirmHistory 
03-12 18:05:01.247  3101  4411 I DeviceBatteryInfoService: action: android.intent.action.SCREEN_OFF
03-12 18:05:01.247  6446  6446 I [MCFServer]_CasterManager: stopScan - bleSID = 0x40000
03-12 18:05:01.247  3101  4389 D WifiConnectivityMonitor: Fetch Detect Mode : 1
03-12 18:05:01.247  3101  4389 I WifiConnectivityMonitor: disable setMonitorEnabled by EVENT_SCREEN_OFF
03-12 18:05:01.247  3101  4389 I SemWifiEleStateTracker: setMonitorEnabled : false
03-12 18:05:01.247  3101  4389 I SemWifiEleStateTracker: mMonitorEnabled false
03-12 18:05:01.247  3101  4389 D SemWifiEleStateTracker: Stop Reading Baro
03-12 18:05:01.247  6446  6446 I [MCFServer]_ScanCallback: onDiscoveryStopped - publish to 0x0
03-12 18:05:01.247  3101  4385 D SemWifiTransportLayerMonitor.TcpMonitorHandler: MSG_SAVE_FILES
03-12 18:05:01.247  3101  4385 D SemWifiTransportLayerFileManager: saveWifiPackageInfoToFile
03-12 18:05:01.247  3101  4385 D SemWifiTransportLayerFileManager: writeWifiPackageInfoList
03-12 18:05:01.247  3101  4389 I WifiConnectivityMonitor: determineMode : MODE_AGG_BY_SWITCH_TO_MOBILE_DATA_OPTION
03-12 18:05:01.247  3101  4389 D SemWifiEleStateTracker: pedometer.getCurrentTotalStepCnt() : 16894
03-12 18:05:01.247  3101  4389 I SemWifiEleStateTracker: resetEleParameters
03-12 18:05:01.248  3101  4389 D WifiConnectivityMonitor: MultiNetwork : false || false
03-12 18:05:01.248  3101  4389 D WifiConnectivityMonitor: MultiNetwork legacy (10048) false
03-12 18:05:01.248  3101  4389 D WifiConnectivityMonitor: validationBlock : false
03-12 18:05:01.248  3101  4396 D SemWifiRssiBasePoller: RSSI_BASE_STOP
03-12 18:05:01.248  3101  3101 D [SS]BattUtils: [readNode]path:/sys/class/power_supply/battery/batt_read_raw_soc ,value:2500
03-12 18:05:01.248  3101  3101 I DeviceIdleController: [DEEP] ACTIVE to QUICK_DOZE_DELAY, reason=no activity, battery=25.00(0.05/7799)
03-12 18:05:01.248  3101  4410 I DeviceBatteryInfoService: screen off
03-12 18:05:01.248  2094  4443 I sensors-hal: qsh_conn_event_cb:927, event[0] sensor:Pocket mode  Wakeup, msg_id=715, ts=5337936243269
03-12 18:05:01.248  2203  3869 I SSC_DAEMON: autoRotationOdEvent:25, 3, 0, 0
03-12 18:05:01.248  2094  4443 I sensors-hal: qsh_conn_event_cb:927, event[0] sensor:Pocket Position Mode  Wakeup, msg_id=715, ts=5337936253219
03-12 18:05:01.248  3101  3101 D DeviceIdleController: scheduleAlarmLocked(60000/60000, wakeup=true)
03-12 18:05:01.248  2203  3869 I SSC_DAEMON: pocketModeOptionDefineEvent:33, 3, 0, 0, 0, 0
03-12 18:05:01.248  2203  3869 I SSC_DAEMON: pocketPosModeOptionDefineEvent:26, OD event:255,0,0,0,0
03-12 18:05:01.248  3101  4380 D SemStrongRssiRoaming: updateConnectStateAndBand()
03-12 18:05:01.248  3101  4380 D SemStrongRssiRoaming: updateRclCondition()
03-12 18:05:01.249  3101  4380 D SemStrongRssiRoaming:  RCL [2462, 5180, 2412]
03-12 18:05:01.249  3101  4380 D SemStrongRssiRoaming: updatePollingState 58, 59
03-12 18:05:01.249  3101  4380 D SemStrongRssiRoaming: updateLinkState:false
03-12 18:05:01.249  3101  3101 D [SS]BattUtils: [readNode]path:/sys/class/power_supply/battery/batt_read_raw_soc ,value:2500
03-12 18:05:01.249  3101  3101 I DeviceIdleController: [LIGHT] ACTIVE to INACTIVE, reason=no activity, battery=25.00(0.05/7799)
03-12 18:05:01.249  3101  3101 D DeviceIdleController: scheduleLightAlarmLocked(60000/60000, wakeup=true)
03-12 18:05:01.249  3101  3348 D LocationManagerService: screen interactive is now false
03-12 18:05:01.249  3101  3348 D LocationManagerService: gps provider request changed to ProviderRequest[OFF]
03-12 18:05:01.249  5643  5766 I NewStopController_FLP: onAvailableChanged=false
03-12 18:05:01.249  5643  5766 I NewStopController_FLP: motionMonitorComplete
03-12 18:05:01.249  5643  5766 I NewStopController_FLP: motionMonitorComplete, remove checking message
03-12 18:05:01.249  5643  5766 I NewStopController_FLP: Already finished to monitor
03-12 18:05:01.249  3101  4287 D GnssLocationProvider: setRequest ProviderRequest[OFF]
03-12 18:05:01.249  3101  4287 D GnssLocationProvider: mStarted =  true, isEnabled = true
03-12 18:05:01.249  3101  4287 D GnssLocationProvider: stopNavigating, mStarted=true
03-12 18:05:01.249  3101  3101 V WifiAwareStateManager: BroadcastReceiver: action=android.intent.action.SCREEN_OFF
03-12 18:05:01.249  3101  3101 D SemContextEngineService: ACTION_SCREEN_OFF
03-12 18:05:01.250  2092  2284 I GnssAidl: ===> stop line 231 
03-12 18:05:01.250  3101  4287 D CarrierConfigForGnss: isKORMarket : false
03-12 18:05:01.250  3101  4287 W AlarmManager: Unrecognized alarm listener com.android.server.location.gnss.GnssLocationProvider$$ExternalSyntheticLambda7@5e1a0f2
03-12 18:05:01.250  3101  4287 W AlarmManager: Unrecognized alarm listener com.android.server.location.gnss.GnssLocationProvider$$ExternalSyntheticLambda7@d477343
03-12 18:05:01.250  3101  4287 D GnssLocationProvider: stopBatching
03-12 18:05:01.250  5643  5766 I LocFrameworkMonitor_FLP: setNavigatingFromGlp, stopNavigating
03-12 18:05:01.250  2092  2457 I LocSvc_api_v02: ---> locClientSendReq line 2409 QMI_LOC_STOP_REQ_V02
03-12 18:05:01.250  2672  2672 E LocSvc_launcher: Parent woken up!
03-12 18:05:01.250  2092  3760 D qmi_secgps_clnt: SECGPS: QMI_SECGPS_AGNSS_CONFIG_MESSAGE_IND_V01 received
03-12 18:05:01.250  3101  5111 D SehGnssExtraCbJni: serviceAssertMessageCb.
03-12 18:05:01.251  2092  2457 I LocSvc_ApiV02: adjustLocClientEventMask:940] oldQmiMask=0xe02206060a24b qmiMask=0xd00206060a2c8 mInSession: 0, power state 0, retry queue empty 1, mEngineOn: 1, qmi mask has engine state 1
03-12 18:05:01.251  5643  5766 I GnssEngineManager_FLP: updateEngineEnabled, false / isFromAp=false
03-12 18:05:01.251  2092  2457 I LocSvc_api_v02: ---> locClientSendReq line 2409 QMI_LOC_REG_EVENTS_REQ_V02
03-12 18:05:01.251  5643  5766 I NewStopController_FLP: motionMonitorComplete
03-12 18:05:01.251  5643  5766 I NewStopController_FLP: motionMonitorComplete, remove checking message
03-12 18:05:01.251  5643  5766 I NewStopController_FLP: Already finished to monitor
03-12 18:05:01.251  5643  5766 I GpsSessionManager_FLP: closeGnssSession 278011949
03-12 18:05:01.251  5643  5766 I DataProvider_FLP: noteResetGps
03-12 18:05:01.251  3101  5111 I NSLocationMonitor: noteGpsOp, mode=3 (-1)
03-12 18:05:01.251  2092  3486 I LocSvc_ApiV02: <--- globalEventCb line 360 QMI_LOC_EVENT_REPORT_IND_V02
03-12 18:05:01.251  2092  3486 I LocSvc_LocApiBase: setQwesFeatureStatus:247] Feature : 20 isValid: 0
03-12 18:05:01.251  2092  3486 I LocSvc_LocApiBase: setQwesFeatureStatus:247] Feature : 8 isValid: 0
03-12 18:05:01.251  2092  3486 I LocSvc_LocApiBase: setQwesFeatureStatus:247] Feature : 7 isValid: 0
03-12 18:05:01.251  2092  3486 I LocSvc_LocApiBase: setQwesFeatureStatus:247] Feature : 17 isValid: 1
03-12 18:05:01.251  2092  3486 I LocSvc_LocApiBase: setQwesFeatureStatus:247] Feature : 6 isValid: 1
03-12 18:05:01.251  2092  3486 I LocSvc_LocApiBase: setQwesFeatureStatus:247] Feature : 5 isValid: 1
03-12 18:05:01.251  2092  3486 I LocSvc_LocApiBase: setQwesFeatureStatus:247] Feature : 4 isValid: 1
03-12 18:05:01.251  2092  3486 I LocSvc_LocApiBase: setQwesFeatureStatus:247] Feature : 3 isValid: 0
03-12 18:05:01.251  2092  3486 I LocSvc_LocApiBase: setQwesFeatureStatus:247] Feature : 13 isValid: 0
03-12 18:05:01.251  2092  3486 I LocSvc_LocApiBase: setQwesFeatureStatus:247] Feature : 2 isValid: 1
03-12 18:05:01.251  2092  3486 I LocSvc_LocApiBase: setQwesFeatureStatus:247] Feature : 1 isValid: 0
03-12 18:05:01.251  5643  5766 I GpsSession_FLP: Total distance      : 0.00 km
03-12 18:05:01.251  5643  5766 I GpsSession_FLP: Total duration      : 8 seconds
03-12 18:05:01.251  5643  5766 I GpsSession_FLP: Total fix duration  : 6 seconds 
03-12 18:05:01.251  5643  5766 I GpsSession_FLP: Total lost duration : 0 seconds
03-12 18:05:01.251  5643  5766 I GpsSession_FLP: Total lost sections : 1
03-12 18:05:01.251  5643  5766 I GpsSession_FLP: Time To First Fix   : 3 seconds
03-12 18:05:01.251  5643  5766 I SharedPreferences_FLP: removeExpiredLogs, 7 to 7
03-12 18:05:01.251  5643  5766 I ShadowRecoveryDetector_FLP: restored 7 daily summary
03-12 18:05:01.251  2092  2457 I android.hardware.gnss-aidl-service-qti: registerEventMask:  mMask: 0x168838244253 mQmiMask=0xd00206060a2c8 qmiMask=0xd00206060a2c8
03-12 18:05:01.251  2092  2457 I LocSvc_ApiV02: registerEventMask:829] mMask: 0x168838244253 mQmiMask=0xd00206060a2c8 qmiMask=0xd00206060a2c8
03-12 18:05:01.252  2092  2457 I LocSvc_api_v02: ---> locClientSendReq line 2409 QMI_LOC_SET_TRIBAND_STATE_REQ_V02
03-12 18:05:01.252  2092  2339 I LocSvc_GnssAdapter: ReportQwesFeatureStatus before caps 17001a7fff 
03-12 18:05:01.252  2092  2339 I LocSvc_GnssAdapter: ReportQwesFeatureStatus after caps 17001a7fff 
03-12 18:05:01.252  3101  4385 D SemWifiTransportLayerFileManager: saveWifiApInfoToFile
03-12 18:05:01.252  2092  3486 I LocSvc_ApiV02: <--- globalRespCb line 385 QMI_LOC_SET_TRIBAND_STATE_REQ_V02
03-12 18:05:01.252  3101  4385 D SemWifiTransportLayerFileManager: writeWifiApInfoList
03-12 18:05:01.252  3101  5111 D GnssManager: reportStatus : 2
03-12 18:05:01.252  3101  5217 V GnssSatellitesUtil: onStopped
03-12 18:05:01.252  3101  5111 D GnssManager: reportStatus : 4
03-12 18:05:01.252  2087  6828 I vendor.qti.bluetooth@1.0-ibs_handler: ProcessIbsCmd: Received IBS_SLEEP_IND: 0xFE
03-12 18:05:01.253  3101  3348 D PowerManagerService: [PWL] sb release: PowerManagerService.Broadcasts
03-12 18:05:01.254  3101  3101 E PersonaManagerService: DeviceLocked : true, DeviceSecure : true
03-12 18:05:01.254  3101  3101 D SGM:FgCheckThread: com.samsung.keyguard.KEYGUARD_STATE. check for pause
03-12 18:05:01.254  3101  3101 I MdnieScenarioControlService: action  :  com.samsung.server.PowerManagerService.action.USER_ACTIVITY
03-12 18:05:01.255  7768  1799 I [MCFDs]_ContinuityBleAdv@53880a6: onAdvertisingSetStarted - status=0
03-12 18:05:01.255  7768  1799 I [MCFDs]_ContinuityBleAdv@(ext)6a58ae7: startAdvertiser - md(a)[0218EB0061 E04DDC97F483AF52 211017 61008100071104 96101830505B02AE20F0 1796 3411F406 ], 432
03-12 18:05:01.255  3101  4385 D SemWifiTransportLayerFileManager: saveSwitchEnabledUidListToFile
03-12 18:05:01.255  3101  4011 D SGM:FgCheckThread: onLooperPrepared(), msg: MSG_KEY_GUARD_LOCKED
03-12 18:05:01.255  3101  4011 D SGM:FgCheckThread: sendFocusOutConditionally() - mPrevNotiPkg: com.nianticlabs.pokemongo, userId: 0
03-12 18:05:01.255  3101  4385 D SemWifiTransportLayerFileManager: writeSwitchEnabledUidInfoList - 
03-12 18:05:01.255  3101  4385 D SemWifiTransportLayerFileManager: writeSwitchEnabledUidInfoList - 
03-12 18:05:01.256  5147  6870 I bt_shim_advertiser: system/main/shim/le_advertising_manager.cc:155 StartAdvertisingSet: in shim layer
03-12 18:05:01.256  5147  6870 I bt_shim_advertiser: system/main/shim/le_advertising_manager.cc:174 StartAdvertisingSet: create advertising set, client_id:255, reg_id:-7468
03-12 18:05:01.256  5147  6324 W bluetooth: system/gd/hci/le_advertising_manager.cc:431 allocate_advertiser: advertiser_id=6
03-12 18:05:01.256  5147  6324 W bluetooth: system/gd/hci/le_advertising_manager.cc:643 create_extended_advertiser_with_id: advertiser_id=6
03-12 18:05:01.256  5147  6324 I bluetooth: system/gd/hci/le_advertising_manager.cc:722 create_extended_advertiser_with_id: Scheduling address rotation for advertiser_id=6
03-12 18:05:01.256  5147  6324 I bluetooth: system/gd/hci/le_address_manager.cc:581 GetNextPrivateAddressIntervalRange: client=advertising_set_6, nonwake=8m23s, wake=14m1s
03-12 18:05:01.256  5147  6324 I bluetooth: system/gd/hci/le_advertising_manager.cc:1307 enable_advertiser: advertiser_id=6
03-12 18:05:01.256  2087  6828 I vendor.qti.bluetooth@1.0-ibs_handler: ProcessIbsCmd: Received IBS_WAKE_IND: 0xFD
03-12 18:05:01.257  2087  6828 I vendor.qti.bluetooth@1.0-ibs_handler: ProcessIbsCmd: Writing IBS_WAKE_ACK
03-12 18:05:01.259  5147  6324 I bluetooth: system/gd/hci/le_advertising_manager.cc:1868 on_set_advertising_set_random_address_complete: update random address for advertising set 6 : xx:xx:xx:xx:0d:20
03-12 18:05:01.260  5147  6870 E BtGatt.AdvertiseManager: [GSIM LOG]: gsimLogHandler, msg: MESSAGE_ADV_SET_START, appName: com.samsung.android.mcfds, id: 6, isLegacy: false
03-12 18:05:01.262  3101  4255 E WifiStaIfaceAidlImpl: getCachedScanData failed with service-specific exception: android.os.ServiceSpecificException:  (code 4)
03-12 18:05:01.262  3101  4255 V WifiAwareStateManager: WaitState{ when=-12ms what=1 arg1=120 target=com.android.wifi.x.com.android.internal.util.StateMachine$SmHandler }
03-12 18:05:01.262  3101  4255 V WifiAwareStateManager: processCommand: msg={ when=-12ms what=1 arg1=120 target=com.android.wifi.x.com.android.internal.util.StateMachine$SmHandler }
03-12 18:05:01.262  3101  4255 V WifiAwareStateManager: reconfigureLocal(): transactionId=1097
03-12 18:05:01.267  2092  3486 I LocSvc_ApiV02: <--- globalEventCb line 360 QMI_LOC_EVENT_ENGINE_STATE_IND_V02
03-12 18:05:01.267  2092  2457 I LocSvc_ApiV02: proc:5226] current engine state 0, old engine state 1, in session 0
03-12 18:05:01.267  2092  2457 I LocSvc_ApiV02: adjustLocClientEventMask:940] oldQmiMask=0xe02206060a24b qmiMask=0xd00206060a248 mInSession: 0, power state 0, retry queue empty 1, mEngineOn: 0, qmi mask has engine state 0
03-12 18:05:01.267  2092  2457 I LocSvc_api_v02: ---> locClientSendReq line 2409 QMI_LOC_REG_EVENTS_REQ_V02
03-12 18:05:01.268  2092  3486 I LocSvc_ApiV02: <--- globalEventCb line 360 QMI_LOC_EVENT_REPORT_IND_V02
03-12 18:05:01.268  2092  3486 I LocSvc_LocApiBase: setQwesFeatureStatus:247] Feature : 20 isValid: 0
03-12 18:05:01.268  2092  3486 I LocSvc_LocApiBase: setQwesFeatureStatus:247] Feature : 8 isValid: 0
03-12 18:05:01.268  2092  3486 I LocSvc_LocApiBase: setQwesFeatureStatus:247] Feature : 7 isValid: 0
03-12 18:05:01.268  2092  3486 I LocSvc_LocApiBase: setQwesFeatureStatus:247] Feature : 17 isValid: 1
03-12 18:05:01.268  2092  3486 I LocSvc_LocApiBase: setQwesFeatureStatus:247] Feature : 6 isValid: 1
03-12 18:05:01.268  2092  3486 I LocSvc_LocApiBase: setQwesFeatureStatus:247] Feature : 5 isValid: 1
03-12 18:05:01.268  2092  3486 I LocSvc_LocApiBase: setQwesFeatureStatus:247] Feature : 4 isValid: 1
03-12 18:05:01.268  2092  3486 I LocSvc_LocApiBase: setQwesFeatureStatus:247] Feature : 3 isValid: 0
03-12 18:05:01.268  2092  3486 I LocSvc_LocApiBase: setQwesFeatureStatus:247] Feature : 13 isValid: 0
03-12 18:05:01.268  2092  3486 I LocSvc_LocApiBase: setQwesFeatureStatus:247] Feature : 2 isValid: 1
03-12 18:05:01.268  2092  3486 I LocSvc_LocApiBase: setQwesFeatureStatus:247] Feature : 1 isValid: 0
03-12 18:05:01.268  2092  2339 I LocSvc_GnssAdapter: ReportQwesFeatureStatus before caps 17001a7fff 
03-12 18:05:01.268  2092  2339 I LocSvc_GnssAdapter: ReportQwesFeatureStatus after caps 17001a7fff 
03-12 18:05:01.268  2092  2457 I android.hardware.gnss-aidl-service-qti: registerEventMask:  mMask: 0x168838244253 mQmiMask=0xd00206060a248 qmiMask=0xd00206060a248
03-12 18:05:01.268  2092  2457 I LocSvc_ApiV02: registerEventMask:829] mMask: 0x168838244253 mQmiMask=0xd00206060a248 qmiMask=0xd00206060a248
03-12 18:05:01.285  3101  3372 D KNOX_MDM_SettingsProvider: isChangeAllowed() : name = enabled_notification_listeners
03-12 18:05:01.285  3101  3372 D KNOX_MDM_SettingsProvider: isChangeAllowed() : name = enabled_notification_listeners
03-12 18:05:01.300  2087  6828 I vendor.qti.bluetooth@1.0-ibs_handler: ProcessIbsCmd: Received IBS_SLEEP_IND: 0xFE
03-12 18:05:01.306  7768  1799 I [MCFDs]_ContinuityBleAdv@(ext)6a58ae7: onAdvertisingSetStarted - status=0
03-12 18:05:01.306  3101  5217 D SLocation: WifiBssidMonitor - requestRefresh
03-12 18:05:01.307  3101  5217 W SLocation: WifiBssidMonitor - connected wifi : (d0:57:94:**:**:87/824)
03-12 18:05:01.341  2094  2273 I sensors-hal: handle_sns_client_event:323, [0][366] mag_sample_cal(magcal_available:1): ts=278012014208411 ns; cal = [-3.816180, 19.147224, -39.982216], uncal = [-16.596180, 67.927223, 22.357786], bias = [-12.780000, 48.779999, 62.340000], status=3, cal_id=2
03-12 18:05:01.348  3101  4354 D SilentRoamingManager: updatePnoNetworkList SSIDs { "_ST PANCRAS FREE", "3Kediler", "FiberHGW_HUF9PE", "NHS WiFi", "ShoshanaShoenbaum", "_TheCumberland", "ShirinÔÇÖs iPhone", "BTWholeHome-M2NS", "RL-Guest"  }
03-12 18:05:01.349  2646  2646 I wificond: Pno scan started for frequencies: 2412, 2417, 2422, 2427, 2432, 2437, 2447, 2452, 2457, 2462, 5180, 5200, 5220, 5240, 5260, 5280, 5300, 5320, 5500, 5520, 5540, 5560, 5580, 5600, 5620, 5660, 5680, 5700, 5745, 5765, 5785, 5805, 
03-12 18:05:01.349  2729  5650 D LOWI-9.0.1.112.a: [LOWI-Scan] wait_event:Wait done with Cmd 75
03-12 18:05:01.349  2729  5650 D LOWI-9.0.1.112.a: [LOWI-Scan] do_listen_events: Rcvd valid Netlink Cmd 0 Err 0
03-12 18:05:01.352  4896  4896 I KeyguardTransitionRepository: FINISHED transition: TransitionStep(from=GONE, to=DOZING, value=1.0, transitionState=FINISHED, ownerName=FromGoneTransitionInteractor(Sleep transition triggered))
03-12 18:05:01.352  4896  4896 D SecDefaultPanelBackgroundDisplayInteractor: blurReduced = false , minimalBatteryUse = false , statusBarState = KEYGUARD, keyguardState = DOZING
03-12 18:05:01.352  4896  4896 D SecDefaultPanelBackgroundDisplayInteractor: blurReduced = false , minimalBatteryUse = false , statusBarState = KEYGUARD, keyguardState = DOZING
03-12 18:05:01.367  3101  3157 I system_server: Background young concurrent mark compact GC freed 27MB AllocSpace bytes, 17(1564KB) LOS objects, 21% free, 176MB/223MB, paused 1.184ms,5.529ms total 120.731ms
03-12 18:05:01.423  4896  4896 I AlwaysOnDisplayEx: showChargingInfo: false
03-12 18:05:01.424  4896  4896 I AODBatteryManager: updateBatteryData: ACTION_BATTERY_CHANGED: true, isSleepModeChanged:false ,isRemainingTimeChanged: false, isUSBRestriction: false
03-12 18:05:01.424  4896  4896 I AODBatteryManager: getChargeEstimateTime: not charging
03-12 18:05:01.424  4896  4896 I AODBatteryManager: saveBatteryData : AOD BatteryData [mBatteryLevel=25, mBatteryStatus=DISCHARGING, mBatteryPlugType=NOT_DEFINED, mBatteryPlugged=false, mRemainingChargeTime=0, mBatteryChargingType=0, mBatteryChargerType=NORMAL, mBatteryOnline=NONE, mBatterySwellingMode=NONE, mBatteryProtectMode=false, mBatteryProtectModeType=3, mSleepChargingEvent=null, mSleepChargingEventFinishTime=null, mBatteryHealth=2, mIsDirectPowerMode=false, mIsUsbRestriction=false]
03-12 18:05:01.424  4896  4896 I ChargingInfoManager: removeMessages: 
03-12 18:05:01.424  4896  4896 W AODAlarmTimer_HIDE_CHARGING_INFO_TIMER: stop : not yet started 
03-12 18:05:01.424  4896  4896 I ChargingInfoManager: updateChargingInfo: newState = AOD ChargingInfo [mState=NONE, mIsCharging=false, mIsPlugged=false, mIsFullyCharged=false, mIsBatteryProtectMode=false, mBetteryLevel=25, mBetteryProtectModeType3, mIsSlowChargingfalse], oldState = AOD ChargingInfo [mState=NONE, mIsCharging=false, mIsPlugged=false, mIsFullyCharged=false, mIsBatteryProtectMode=false, mBetteryLevel=25, mBetteryProtectModeType3, mIsSlowChargingfalse]
03-12 18:05:01.424  4896  4896 I AODUtils: supportStandAloneCharging: not charging
03-12 18:05:01.438 22267  1763 W FA-SVC  : Failed to get uid, app: com.tranzmate
03-12 18:05:01.443 22267  1823 W FA-SVC  : Gms url request failed, app: com.tranzmate, GOOGLE_ANALYTICS, m1.ms: Exception in CronetUrlRequest: net::ERR_CONNECTION_REFUSED, ErrorCode=7, InternalErrorCode=-102, Retryable=false
03-12 18:05:01.443 22267  1763 W FA-SVC  : Network upload failed. Will retry later. code, error: 0, m1.ms: Exception in CronetUrlRequest: net::ERR_CONNECTION_REFUSED, ErrorCode=7, InternalErrorCode=-102, Retryable=false
03-12 18:05:01.442  3101  5111 D NetdEventListenerService: CSC Feature value: true
03-12 18:05:01.443  3101  5111 D NetdEventListenerService: CSC Feature value: true
03-12 18:05:01.444  3101  5111 D PowerManagerService: [api] release WakeLock DRAW_WAKE_LOCK                    'SprWallpaper:PowerUtil' ACQ=-1s1ms (uid=10142 pid=5171 displayId=0 lock=c49727f)
03-12 18:05:01.482  2094  2276 I sensors-hal: handle_sns_client_event:435, [0][330] gyro_sample_cal(cal_available:1)(3) [-0.049, 0.714, 0.192] bias[-0.005,-0.006,-0.001] 278012074040964
03-12 18:05:01.509  2087  6837 I vendor.qti.bluetooth@1.0-ibs_handler: DeviceSleep: TX Awake, Sending SLEEP_IND
03-12 18:05:01.510  2087  6837 D vendor.qti.bluetooth@1.0-ibs_handler: SerialClockVote: vote for UART CLK OFF
03-12 18:05:01.524  3101  5638 D SemWifiApSmartUtil:  getting AES
03-12 18:05:01.524  3101  5638 I SemWifiApSmartUtil: checkCommonConditionForAutoHotspot
03-12 18:05:01.524  3101  5638 I SemWifiApSmartUtil: default value : 1   isNearbyEnabled : true
03-12 18:05:01.524  3101  5638 I SemWifiApSmartUtil: Preconditions BLE is ON
03-12 18:05:01.524  3101  5638 I SemWifiApSmartBleScanner: checkPreConditions : CAN_USE_BLE 
03-12 18:05:01.524  3101  5638 I SemWifiApSmartUtil: checkCommonConditionForAutoHotspot
03-12 18:05:01.524  3101  5638 I SemWifiApSmartUtil: default value : 1   isNearbyEnabled : true
03-12 18:05:01.524  3101  5638 I SemWifiApSmartUtil: Preconditions BLE is ON
03-12 18:05:01.525  3101  5638 I SemWifiApSmartUtil: default value : 1   isNearbyEnabled : true
03-12 18:05:01.525  3101  5638 D BluetoothAdapter: semIsBleEnabled(): ON
03-12 18:05:01.525  3101  5638 I SemWifiApSmartUtil: default value : 1   isNearbyEnabled : true
03-12 18:05:01.525  3101  5638 E SemWifiApSmartBleScanner: mGuidScanFilterBluetoothLeScanFilter [mDeviceName=null, mDeviceAddress=null, mUuid=null, mUuidMask=null, mServiceSolicitationUuid=null, mServiceSolicitationUuidMask=null, mServiceDataUuid=null, mServiceData=null, mServiceDataMask=null, mManufacturerId=117, mManufacturerData=[1, 18, 116, 47, 40, -123, 0, 0, 0, 0, 4, 0, 0, 0, 0, 0, 0, 0, 0, 0, 0, 0, 0, 0], mManufacturerDataMask=[0, -1, -1, -1, -1, -1, 0, 0, 0, 0, 0, 0, 0, 0, 0, 0, 0, 0, 0, 0, 0, 0, 0, 0], mAdvertisingDataType=-1, mAdvertisingData=null, mAdvertisingDataMask=null, mTransportBlockFilter=null]
03-12 18:05:01.525  3101  5638 D BluetoothAdapter: isLeEnabled(): ON
03-12 18:05:01.525  3101  5638 D BluetoothLeScanner: Start Scan with callback
03-12 18:05:01.526  5147  6880 I bt_shim_scanner: system/main/shim/le_scanning_manager.cc:135 RegisterScanner: in shim layer, UUID=ce1e1dfd-e166-44be-a135-1b8da7746444
03-12 18:05:01.526  5147  6324 W bluetooth: system/gd/hci/le_scanning_manager.cc:650 register_scanner: register_scanner
03-12 18:05:01.526  3101  5111 D BluetoothLeScanner: onScannerRegistered() - status=0 scannerId=2 mScannerId=0
03-12 18:05:01.528  4896  4896 I KeyguardFingerprint: Waiting window focus change
03-12 18:05:01.528  4896  4896 D KeyguardFingerprint: shouldListenForFingerprint ( isFingerprintEnabled = true , mKeyguardIsVisible = true , mDeviceInteractive = false , mPrimaryBouncerIsOrWillBeShowing = false , mPrimaryBouncerFullyShown = false , mGoingToSleep = false , mSwitchingUser = false , mIsDreamingForBiometrics = true , mKeyguardUnlocking = false , mKeyguardGoingAway = false , mKeyguardShowing = true , mKeyguardOccluded = false , mSystemReady = true , mHasFocus = true
03-12 18:05:01.528  4896  4896 D KeyguardFingerprint: updateFingerprintListeningState#mFingerprintRunningState=1 shouldListenForFingerprint=true isUdfpsEnrolled=false bioType : 257
03-12 18:05:01.528  4896  4896 D KeyguardFace: shouldListenForFace ( isFaceDefaultCondition = false , isKeyguardVisible = true , isDeviceInteractive = false , mPrimaryBouncerFullyShown = false , isSwitchingUser = false , mIsDreamingForBiometrics = true , isGoingToSleep = false , isKeyguardGoingAway = false , mKeyguardUnlocking = false , isEarlyWakeUp = false , mIsScreenSaverRunning = false , mSystemReady = true , getUserUnlockedWithBiometric = false , isKeyguardShowing = true , isKeyguardOccluded = false , mHasFocus = true)
03-12 18:05:01.528  4896  4896 D KeyguardFace: shouldListenForFace ( return false, Face is not default condition)
03-12 18:05:01.528  4896  4896 D KeyguardFace: Can't stop stopListeningForFace(), mFaceRunningState = 0
03-12 18:05:01.532  3101  5638 I SemWifiApSmartBleScanner: Started scanning
03-12 18:05:01.534  7326  7326 W ContextImpl: Calling a method in the system process without a qualified user: android.app.ContextImpl.startService:2068 android.content.ContextWrapper.startService:872 android.content.ContextWrapper.startService:872 com.sec.android.diagmonagent.sa.receiver.CFLogReceiver.onReceive:56 android.app.ActivityThread.handleReceiver:5663 
03-12 18:05:01.538  5147  6871 E ScanManager: [GSIM LOG]: gsimLogHandler, msg: MESSAGE_SCAN_START, appName: android, scannerId: 2, reportDelayMillis=0
03-12 18:05:01.539  5147  6871 I bt_shim_scanner: system/main/shim/le_scanning_manager.cc:260 ScanFilterEnable: in shim layer
03-12 18:05:01.539  5147  6871 I bt_shim_scanner: system/main/shim/le_scanning_manager.cc:233 ScanFilterAdd: in shim layer
03-12 18:05:01.539  2087  2118 D vendor.qti.bluetooth@1.0-ibs_handler: SerialClockVote: vote for UART CLK ON
03-12 18:05:01.539  2087  2118 I vendor.qti.bluetooth@1.0-ibs_handler: DeviceWakeUp: Writing IBS_WAKE_IND
03-12 18:05:01.539  5147  6871 I bt_shim_scanner: system/main/shim/le_scanning_manager.cc:197 ScanFilterParamSetup: in shim layer, clientIf=2
03-12 18:05:01.539  2087  6828 I vendor.qti.bluetooth@1.0-ibs_handler: ProcessIbsCmd: Received IBS_WAKE_ACK: 0xFC
03-12 18:05:01.539  2087  6828 I vendor.qti.bluetooth@1.0-ibs_handler: ProcessIbsCmd: Signal wack_cond_
03-12 18:05:01.539  2087  2118 D vendor.qti.bluetooth@1.0-ibs_handler: DeviceWakeUp: Unblocked from waiting for FC, pthread_cond_timedwait ret = 0
03-12 18:05:01.540  2087  6828 I vendor.qti.bluetooth@1.0-ibs_handler: ProcessIbsCmd: Received IBS_WAKE_IND: 0xFD
03-12 18:05:01.540  2087  6828 I vendor.qti.bluetooth@1.0-ibs_handler: ProcessIbsCmd: Writing IBS_WAKE_ACK
03-12 18:05:01.565  2213  2307 E HeatmapThread: ECT Thread time in milliseconds: 1773338701
03-12 18:05:01.566  2213  2307 D HeatmapThread: !@ batteryplugType : 0
03-12 18:05:01.566  2213  2307 D HeatmapThread: !@ batteryLevel : 25  batteryTemperature : 331 
03-12 18:05:01.566  2213  2307 D HeatmapThread: !@ Heatmap currtime: 29555645
03-12 18:05:01.566  2213  2307 D HeatmapThread: !@ Heatmap prevtime: 29555636
03-12 18:05:01.566  2213  2307 D HeatmapThread: !@ Heatmap plugstarttime: 35791394
03-12 18:05:01.566  2213  2307 D HeatmapThread: !@ Heatmap prevv_dsoh_update_time: 29554952
03-12 18:05:01.566  2213  2307 E HeatmapThread: !@ CAM New BSOH: 100
03-12 18:05:01.588  2087  6828 I vendor.qti.bluetooth@1.0-ibs_handler: ProcessIbsCmd: Received IBS_SLEEP_IND: 0xFE
03-12 18:05:01.798  2087  6837 I vendor.qti.bluetooth@1.0-ibs_handler: DeviceSleep: TX Awake, Sending SLEEP_IND
03-12 18:05:01.798  2087  6837 D vendor.qti.bluetooth@1.0-ibs_handler: SerialClockVote: vote for UART CLK OFF
03-12 18:05:01.824  3101  3953 D HintManagerService: Starts cleaning for 10642
03-12 18:05:01.948  2087  6342 D vendor.qti.bluetooth@1.0-wake_lock: Release wakelock is released 
03-12 18:05:01.995  2218  2613 D Scheduler: displayPowerTimerCallback ExpiredDisplayPowerTimer: 1
03-12 18:05:02.036  5643  5766 I RequestManager_FLP: onOpChanged, op=0 / packageName=com.facebook.katana
03-12 18:05:02.045  5643  5766 I RequestManager_FLP: onOpChanged, op=0 / packageName=com.samsung.android.spay
03-12 18:05:02.045  5643  5766 I RequestManager_FLP: onOpChanged, op=0 / packageName=com.samsung.android.spayfw
03-12 18:05:02.051  1871 30807 I ecir    : (REDACTED) appOpsListener %s %s
03-12 18:05:02.051  1871 30807 I ecir    : (REDACTED) Ignoring irrelevant audio permission changes for package %s
03-12 18:05:02.051  5643  5766 I RequestManager_FLP: onOpChanged, op=0 / packageName=com.whatsapp
03-12 18:05:02.053  7326  7361 I id.diagmonagent: Explicit concurrent mark compact GC freed 770KB AllocSpace bytes, 0(0B) LOS objects, 91% free, 2422KB/26MB, paused 93us,643us total 8.776ms
03-12 18:05:02.069 22407  2121 I NearbyPresence: (REDACTED) [NP_EVENT] screenOn %s
03-12 18:05:02.069 22407  2121 I NearbyPresence: (REDACTED) [NP_CONTROL] %s
03-12 18:05:02.070 22407  2121 I NearbyPresence: (REDACTED) ScanProviderControllerImpl runOrUpdateScan %s
03-12 18:05:02.070 22407  1924 I NearbyPresence: (REDACTED) [NP_DEBUG] provider state %s medium %s %s
03-12 18:05:02.070 22407  1924 D BluetoothAdapter: isLeEnabled(): ON
03-12 18:05:02.070 22407  1924 D BluetoothLeScanner: Stop Scan with callback
03-12 18:05:02.071  5147  6880 I bt_shim_scanner: system/main/shim/le_scanning_manager.cc:141 Unregister: in shim layer, scannerId=3
03-12 18:05:02.071  5147  6324 W bluetooth: system/gd/hci/le_scanning_manager.cc:697 unregister_scanner: unregister_scanner
03-12 18:05:02.071 22407  1924 D BluetoothAdapter: isLeEnabled(): ON
03-12 18:05:02.072  5147  6871 I bt_shim_scanner: system/main/shim/le_scanning_manager.cc:197 ScanFilterParamSetup: in shim layer, clientIf=3
03-12 18:05:02.072 22407  1924 D BluetoothLeScanner: Start Scan with callback
03-12 18:05:02.072  5147  6871 I bt_shim_scanner: system/main/shim/le_scanning_manager.cc:151 Scan: in shim layer stopped
03-12 18:05:02.072  2087  2118 D vendor.qti.bluetooth@1.0-ibs_handler: SerialClockVote: vote for UART CLK ON
03-12 18:05:02.072  5147  6871 I bt_shim_scanner: system/main/shim/le_scanning_manager.cc:335 SetScanParameters: in shim layer, scannerId1m=1, scannerIdCoded=0
03-12 18:05:02.072  5147  6871 W bt_shim_scanner: system/main/shim/le_scanning_manager.cc:365 SetScanParameters: Set scan params scan_int_1m : 3120, scan_win_1m : 55, Duty : 1.76% | scan_int_coded : 0, scan_win_coded : 0, Duty : nan%
03-12 18:05:02.072  5147  6871 I bt_shim_scanner: system/main/shim/le_scanning_manager.cc:151 Scan: in shim layer started
03-12 18:05:02.072  5147  6880 I bt_shim_scanner: system/main/shim/le_scanning_manager.cc:135 RegisterScanner: in shim layer, UUID=f6d0c421-0826-4824-ac23-21fb03340389
03-12 18:05:02.072  7326  7326 W ContextImpl: Calling a method in the system process without a qualified user: android.app.ContextImpl.startService:2068 android.content.ContextWrapper.startService:872 android.content.ContextWrapper.startService:872 com.sec.android.diagmonagent.sa.receiver.CFLogReceiver.onReceive:56 android.app.ActivityThread.handleReceiver:5663 
03-12 18:05:02.072  5147  6871 E ScanManager: [GSIM LOG]: gsimLogHandler, msg: MESSAGE_SCAN_STOP, appName: com.google.android.gms, scannerId: 3, reportDelayMillis=0
03-12 18:05:02.072  2087  2118 D vendor.qti.bluetooth@1.0-wake_lock: Acquire wakelock is acquired 
03-12 18:05:02.072  2087  2118 I vendor.qti.bluetooth@1.0-ibs_handler: DeviceWakeUp: Writing IBS_WAKE_IND
03-12 18:05:02.077  2087  6828 I vendor.qti.bluetooth@1.0-ibs_handler: ProcessIbsCmd: Received IBS_WAKE_ACK: 0xFC
03-12 18:05:02.077  2087  6828 I vendor.qti.bluetooth@1.0-ibs_handler: ProcessIbsCmd: Signal wack_cond_
03-12 18:05:02.077  2087  2118 D vendor.qti.bluetooth@1.0-ibs_handler: DeviceWakeUp: Unblocked from waiting for FC, pthread_cond_timedwait ret = 0
03-12 18:05:02.077  5147  6324 W bluetooth: system/gd/hci/le_scanning_manager.cc:716 scan: address_manager_registered_
03-12 18:05:02.077  5147  6324 W bluetooth: system/gd/hci/le_scanning_manager.cc:768 stop_scan: stop_scan
03-12 18:05:02.078  5147  6324 I bluetooth: system/gd/hci/le_address_manager.cc:278 unregister_client: Client unregistered
03-12 18:05:02.078  5147  6324 I bluetooth: system/gd/hci/le_scanning_manager.cc:765 stop_scan: Scanning already stopped, return!
03-12 18:05:02.078  5147  6324 W bluetooth: system/gd/hci/le_scanning_manager.cc:732 start_scan: start_scan
03-12 18:05:02.078  5147  6324 W bluetooth: system/gd/hci/le_scanning_manager.cc:735 start_scan: Register address manager
03-12 18:05:02.078  5147  6324 W bluetooth: system/gd/hci/le_scanning_manager.cc:650 register_scanner: register_scanner
03-12 18:05:02.078  5147  6324 I bluetooth: system/gd/hci/le_address_manager.cc:263 register_client: Client registered
03-12 18:05:02.078 22407 22418 D BluetoothLeScanner: onScannerRegistered() - status=0 scannerId=3 mScannerId=0
03-12 18:05:02.079  2087  6828 I vendor.qti.bluetooth@1.0-ibs_handler: ProcessIbsCmd: Received IBS_WAKE_IND: 0xFD
03-12 18:05:02.079  2087  6828 I vendor.qti.bluetooth@1.0-ibs_handler: ProcessIbsCmd: Writing IBS_WAKE_ACK
03-12 18:05:02.079  5147  6871 E ScanManager: [GSIM LOG]: gsimLogHandler, msg: MESSAGE_SCAN_START, appName: com.google.android.gms, scannerId: 3, reportDelayMillis=0
03-12 18:05:02.079  7326  7326 W ContextImpl: Calling a method in the system process without a qualified user: android.app.ContextImpl.startService:2068 android.content.ContextWrapper.startService:872 android.content.ContextWrapper.startService:872 com.sec.android.diagmonagent.sa.receiver.CFLogReceiver.onReceive:56 android.app.ActivityThread.handleReceiver:5663 
03-12 18:05:02.103  4896  4896 I LockscreenNotificationIconsOnlyController: onNotificationInfoUpdated 1
03-12 18:05:02.104  4896  4896 I AODNotificationManager: updateNotification() 
03-12 18:05:02.104  4896  4896 E AbsSettings: refreshInner: refreshedSettingsDBItem key aod_content_type val = 5
03-12 18:05:02.104  4896  4896 I AODThemeSettingsHelper: getSingleThemeContentType = 5
03-12 18:05:02.104  4896  4896 D PluginAODManager: onNotificationInfoUpdated() 1
03-12 18:05:02.104  4896  4896 D PluginAODManager: onNotificationInfoUpdated() -1|android|62|null|1000
03-12 18:05:02.104  4896  4896 I AODNotificationManager: updateVisibleNotifications: 1
03-12 18:05:02.127  2087  6828 I vendor.qti.bluetooth@1.0-ibs_handler: ProcessIbsCmd: Received IBS_SLEEP_IND: 0xFE
03-12 18:05:02.279 22407  1924 I NearbyPresence: (REDACTED)  %s isScanning scanMode: %s.
03-12 18:05:02.279 22407  1924 I NearbyPresence: (REDACTED) [NP_DEBUG] scan updates %s medium %s
03-12 18:05:02.337  2087  6837 I vendor.qti.bluetooth@1.0-ibs_handler: DeviceSleep: TX Awake, Sending SLEEP_IND
03-12 18:05:02.337  2087  6837 D vendor.qti.bluetooth@1.0-ibs_handler: SerialClockVote: vote for UART CLK OFF
03-12 18:05:02.401  2587  2587 I CameraService: onUidStateChanged: uid=10048, procState is changed. (1 -> 5)
03-12 18:05:02.403  3101  4333 I MR2ServiceImpl: Updating composite discovery preference | preference: RouteDiscoveryRequest{ preferredFeatures={}, activeScan=false }, active routers: []
03-12 18:05:02.403  6327  6401 V OsAgent : broadcastSystemEvent - 7
03-12 18:05:02.404  2587  2587 W IPCThreadState: Sending oneway calls to frozen process.
03-12 18:05:02.456  3101  5705 D OpenNetworkQos[4.00]: getOpenNetworkQosScores: 30 26 26 [Private DNS is active. Result is ignored.]
03-12 18:05:02.456  3101  5705 E SemWifiService: getCurrentNetworkScore - invalid score data
03-12 18:05:02.456  3101  5705 V WifiProfileShare.Caster: current network score is empty
03-12 18:05:02.456  3101  5705 E WifiProfileShare.Caster: failed to generate qos array, need to check network score data
03-12 18:05:02.487  2087  6342 D vendor.qti.bluetooth@1.0-wake_lock: Release wakelock is released 
03-12 18:05:02.525  1162 11274 I android.system.suspend-service: !@SystemSuspend: wakeup_count-
03-12 18:05:02.525  1162 11274 I android.system.suspend-service: !@SystemSuspend: mSuspendCounter+
03-12 18:05:02.565  2213  2307 E HeatmapThread: ECT Thread time in milliseconds: 1773338702
03-12 18:05:02.566  2213  2307 D HeatmapThread: !@ batteryplugType : 0
03-12 18:05:02.566  2213  2307 D HeatmapThread: !@ batteryLevel : 25  batteryTemperature : 331 
03-12 18:05:02.566  2213  2307 D HeatmapThread: !@ Heatmap currtime: 29555645
03-12 18:05:02.566  2213  2307 D HeatmapThread: !@ Heatmap prevtime: 29555636
03-12 18:05:02.566  2213  2307 D HeatmapThread: !@ Heatmap plugstarttime: 35791394
03-12 18:05:02.566  2213  2307 D HeatmapThread: !@ Heatmap prevv_dsoh_update_time: 29554952
03-12 18:05:02.566  2213  2307 E HeatmapThread: !@ CAM New BSOH: 100
03-12 18:05:02.783  3101  3911 I ActivityManager: Changes in 10118 10 to 10, 128 to 0
03-12 18:05:02.799  7513  1749 I FA      : Application backgrounded at: timestamp_millis: 1773338700798
03-12 18:05:02.865  2094  1883 I sensors-hal: handle_sns_client_event:379, [0][901] accel_sample [ 1.846, -0.602,  9.616] 278013529122370
03-12 18:05:02.888 22407  2121 D BluetoothLeAdvertiser: Stop AdvertingSet
03-12 18:05:02.889  5147  6870 W BtGatt.AdvertiseManager: stopAdvertisingSet() - Enter the mNativeInterface
03-12 18:05:02.889  5147  6870 I bt_shim_advertiser: system/main/shim/le_advertising_manager.cc:80 Unregister: in shim layer
03-12 18:05:02.889  5147  6879 I bluetooth_core::gatt::server::isolation_manager: removing server (if any) associated with advertiser AdvertiserId(3)
03-12 18:05:02.889  5147  6324 W bluetooth: system/gd/hci/le_advertising_manager.cc:443 remove_advertiser: advertiser_id =3
03-12 18:05:02.890  5147  6870 E BtGatt.AdvertiseManager: [GSIM LOG]: gsimLogHandler, msg: MESSAGE_ADV_SET_STOP, appName: com.google.android.gms, id: 3, isLegacy: true
03-12 18:05:02.890 22407 22407 D BluetoothLeAdvertiser: onAdvertisingSetStopped(3)
03-12 18:05:02.890  2087  2118 D vendor.qti.bluetooth@1.0-ibs_handler: SerialClockVote: vote for UART CLK ON
03-12 18:05:02.891  2087  2118 D vendor.qti.bluetooth@1.0-wake_lock: Acquire wakelock is acquired 
03-12 18:05:02.891  2087  2118 I vendor.qti.bluetooth@1.0-ibs_handler: DeviceWakeUp: Writing IBS_WAKE_IND
03-12 18:05:02.896  2087  6828 I vendor.qti.bluetooth@1.0-ibs_handler: ProcessIbsCmd: Received IBS_WAKE_ACK: 0xFC
03-12 18:05:02.896  2087  6828 I vendor.qti.bluetooth@1.0-ibs_handler: ProcessIbsCmd: Signal wack_cond_
03-12 18:05:02.896  2087  2118 D vendor.qti.bluetooth@1.0-ibs_handler: DeviceWakeUp: Unblocked from waiting for FC, pthread_cond_timedwait ret = 0
03-12 18:05:02.897  2087  6828 I vendor.qti.bluetooth@1.0-ibs_handler: ProcessIbsCmd: Received IBS_WAKE_IND: 0xFD
03-12 18:05:02.897  2087  6828 I vendor.qti.bluetooth@1.0-ibs_handler: ProcessIbsCmd: Writing IBS_WAKE_ACK
03-12 18:05:02.902  2109  2109 I SS_POWER_HINT_SESSION: SS_ADPF 7513-10642-f5d0 destroy
03-12 18:05:02.902  2106  2355 I HYPER-HAL: [RequestManager.cpp]acquire(): Acquired ID : 253426731  [2109 / 20403]    HINT :      list : [TID_LOW_LATENCY / 0] [TID / 13598] [TID / 13600] [TID / 7513] [TID / 13516] 
03-12 18:05:02.902  2106  2355 I HYPER-HAL: [RequestManager.cpp]releaseLocked(): Released ID : 253426731
03-12 18:05:02.902  2106  2355 I HYPER-HAL: [RequestManager.cpp]acquire(): Acquired ID : 253449245  [2109 / 20404]    HINT :      list : [UCLAMP_MIN_BOOST / 0] [TIMEOUT / 0] [TID / 13598] [TID / 13600] [TID / 7513] [TID / 13516] 
03-12 18:05:02.902  2106  2355 I HYPER-HAL: [RequestManager.cpp]releaseLocked(): Released ID : 253449245
03-12 18:05:02.946  2087  6828 I vendor.qti.bluetooth@1.0-ibs_handler: ProcessIbsCmd: Received IBS_SLEEP_IND: 0xFE
03-12 18:05:03.021  3101  4674 D SGM:GameManager: identifyForegroundApp. com.nianticlabs.pokemongo, mCurrentUserId: 0, callerUserId: 0
03-12 18:05:03.021 27944 28018 I PolicyManager: [#CMH#] Is foreground game app: true
03-12 18:05:03.029  2109  2109 I SS_POWER_HINT_SESSION: SS_ADPF 4896-10048-8230 destroy
03-12 18:05:03.029  2106  2355 I HYPER-HAL: [RequestManager.cpp]acquire(): Acquired ID : 253336685  [2109 / 20399]    HINT :      list : [TID_LOW_LATENCY / 0] [TID / 5063] [TID / 5064] [TID / 4896] [TID / 5066] 
03-12 18:05:03.029  2106  2355 I HYPER-HAL: [RequestManager.cpp]releaseLocked(): Released ID : 253336685
03-12 18:05:03.029  2106  2355 I HYPER-HAL: [RequestManager.cpp]acquire(): Acquired ID : 253359195  [2109 / 20400]    HINT :      list : [UCLAMP_MIN_BOOST / 0] [TIMEOUT / 0] [TID / 5063] [TID / 5064] [TID / 4896] [TID / 5066] 
03-12 18:05:03.029  2106  2355 I HYPER-HAL: [RequestManager.cpp]releaseLocked(): Released ID : 253359195
03-12 18:05:03.075  1063  1063 D io_stats: !@   8,0 r 60332647 958769944 w 9518589 157022800 d 1248433 355912088 f 144586 852781 iot 3251804 0 th 0 0 0 pt 0 inp 0 0 156438.768
03-12 18:05:03.075  1063  1063 D io_stats: !@ Read_top(KB): binder:2100_2:normal(2100) 22052 binder:1163_2:normal(1163) 17468 vendor.samsung.:normal(2840) 2440
03-12 18:05:03.075  1063  1063 D io_stats: !@ Write_top(KB): kworker/u18:2:/(1830) 1668 nordvpn.android:low(28768) 536 f2fs_ckpt-254:6:/(5568) 444
03-12 18:05:03.149  3101  4417 D NetdEventListenerService: DNS Requested by 264, 10413(com.azure.authenticator), 4(FAIL), isBlocked=true, 0ms
03-12 18:05:03.154  2087  6837 I vendor.qti.bluetooth@1.0-ibs_handler: DeviceSleep: TX Awake, Sending SLEEP_IND
03-12 18:05:03.154  2087  6837 D vendor.qti.bluetooth@1.0-ibs_handler: SerialClockVote: vote for UART CLK OFF
03-12 18:05:03.172  2521  2521 I AidlLazyServiceRegistrar: Process has 0 (of 1 available) client(s) in use after notification vendor.samsung.hardware.tlc.kg.ISehKg/default has clients: 0
03-12 18:05:03.172  2521  2521 I AidlLazyServiceRegistrar: Trying to shut down the service. No clients in use for any service in process.
03-12 18:05:03.173  2521  2521 I AidlLazyServiceRegistrar: Unregistered all clients and exiting
03-12 18:05:03.304  2087  6342 D vendor.qti.bluetooth@1.0-wake_lock: Release wakelock is released 
03-12 18:05:03.381  2094  2273 I sensors-hal: handle_sns_client_event:323, [0][400] mag_sample_cal(magcal_available:1): ts=278014054208411 ns; cal = [-11.598670, 17.666893, -39.291073], uncal = [-24.378670, 66.446892, 23.048927], bias = [-12.780000, 48.779999, 62.340000], status=3, cal_id=2
03-12 18:05:03.534  3101  3440 D PowerManagerService: UserActivityStateListenerState: 0
03-12 18:05:03.565  2213  2307 E HeatmapThread: ECT Thread time in milliseconds: 1773338703
03-12 18:05:03.566  2094  2276 I sensors-hal: handle_sns_client_event:435, [0][340] gyro_sample_cal(cal_available:1)(3) [ 0.002, 0.007, 0.001] bias[-0.005,-0.006,-0.001] 278014162030391
03-12 18:05:03.568  2213  2307 D HeatmapThread: !@ batteryplugType : 0
03-12 18:05:03.568  2213  2307 D HeatmapThread: !@ batteryLevel : 25  batteryTemperature : 331 
03-12 18:05:03.568  2213  2307 D HeatmapThread: !@ Heatmap currtime: 29555645
03-12 18:05:03.568  2213  2307 D HeatmapThread: !@ Heatmap prevtime: 29555636
03-12 18:05:03.568  2213  2307 D HeatmapThread: !@ Heatmap plugstarttime: 35791394
03-12 18:05:03.568  2213  2307 D HeatmapThread: !@ Heatmap prevv_dsoh_update_time: 29554952
03-12 18:05:03.568  2213  2307 E HeatmapThread: !@ CAM New BSOH: 100
03-12 18:05:03.786  5643  5766 I RequestManager_FLP: onOpChanged, op=0 / packageName=com.osp.app.signin
03-12 18:05:03.832  5502 15753 I HoneySpace.Memory-Monitor: cancelTrimIfNeeded
03-12 18:05:03.851  2206 13799 D AAudioServiceStreamBase: run() call standby_l(), 825684 loops
03-12 18:05:03.851  2206 13799 I AudioFlinger::DualSpkControl: setAmpPower sensor status 0, enableAmp 0
03-12 18:05:03.851  2206 13799 D StreamHalAidl: [out|ioHandle:13] setParameters: parameters: "l_dual_speaker_amp_left_power_enable=false"
03-12 18:05:03.851  2099  3187 D AHAL_StreamOut_QTI: setVendorParameters : usecase: PRIMARY_PLAYBACK IoHandle: 13 : configured l_dual_speaker_amp_left_power_enable
03-12 18:05:03.851  2206 13799 D StreamHalAidl: [out|ioHandle:21] setParameters: parameters: "l_dual_speaker_amp_left_power_enable=false"
03-12 18:05:03.851  2099  3187 D AHAL_StreamOut_QTI: setVendorParameters : usecase: DEEP_BUFFER_PLAYBACK IoHandle: 21 : configured l_dual_speaker_amp_left_power_enable
03-12 18:05:03.851  2206 13799 D StreamHalAidl: [out|ioHandle:29] setParameters: parameters: "l_dual_speaker_amp_left_power_enable=false"
03-12 18:05:03.851  2099  3187 D AHAL_StreamOut_QTI: setVendorParameters : usecase: LOW_LATENCY_PLAYBACK IoHandle: 29 : configured l_dual_speaker_amp_left_power_enable
