03-12 18:11:13.807  3101  4242 I CAE     : parse(SLocationRunner.java:96) - SLocationRunner parse end:10
03-12 18:11:13.807  3101  4239 D SemContextService: Service.updateContext() : service = SLocation Core
03-12 18:11:13.809  3101  4246 D SensorService: setSContextDataLocked ints length 6 , byte length 19
03-12 18:11:13.809  3101  4246 D SensorService: setSContextDataLocked 103717c1
03-12 18:11:13.809  2094  2094 I sensors-hal: inject_sensor_data:412, handle 1502 send inject
03-12 18:11:13.809  2094  2094 I sensors-hal: sendContextData:303, sensor hal 19, (0xc1, 0x17, 0x37, 0x10)
03-12 18:11:13.809  2094  2094 E sensors-hal: sendContextData:133, slocationcore h 193 m 23 s 55
03-12 18:11:13.809  2094  2094 I sensors-hal: sendUserData:119, slocationcore sendUserData
03-12 18:11:13.809  2094  2094 E sensors-hal: create_send_context_data:64, slocationcore create_send_context_data
03-12 18:11:13.809 22407 22484 I FusedLocation: (REDACTED) location delivery to %s blocked - too fast
03-12 18:11:13.809  2094  2094 I sensors-hal: send_context_data:701, slocationcore, 4986366670857974562, 1320970896291267344, msgid:700
03-12 18:11:13.809 21233 21317 W ChipsetCorrectionsCompu: Pixel is inside building or within UNKNOWN clutter type
03-12 18:11:13.809  3101  5217 W CAE     : setCAProperty(ContextAwareService.java:515) - [setProperty 02] Mutex is unlocked for SLOCATION_RUNNER
03-12 18:11:13.809  3101  5217 D SemContextService: unlock : changeParameters
03-12 18:11:13.809  3101  5217 D SemContextManager:   .changeParameters : listener = Z.i@cc1d0ca, service=SLocation Core
03-12 18:11:13.810  3101  5217 D SLocation: PositionManager - Passive handleLocationChanged [F, A : 3.00, T : 1773339073788, ET : 278384487, h : 20/3]
03-12 18:11:13.810  2092  2282 I LocSvc_GnssAdapter: measCorrSetCorrectionsCommand:7651] GnssAdapter::measCorrSetCorrectionsCommand
03-12 18:11:13.810  2094  4244 I sensors-hal: qsh_conn_resp_cb:972, resp_value = 0 for slocationcore 
03-12 18:11:13.810  2094  4244 I sensors-hal: qsh_conn_event_cb:927, event[0] sensor:slocationcore  Wakeup, msg_id=1025, ts=5345089441071
03-12 18:11:13.810  2094  4244 E sensors-hal: handle_sns_client_event:78, slocationcore_event: msgid:1025
03-12 18:11:13.810  3101  5217 D SLocation: PositionManager - receive fused location
03-12 18:11:13.810  3101  5217 D SLocation: DuplicateLocationChecker_GeofenceLocationFilter - fused is duplicated last fused location
03-12 18:11:13.810  3101  5217 D SLocation: DuplicateLocationChecker_FilteredLastLocation - fused is duplicated last fused location
03-12 18:11:13.811  2092  2457 I LocSvc_api_v02: ---> locClientSendReq line 2409 UNKNOWN
03-12 18:11:13.811  3101  3101 D SemContextManager: onSemContextChanged() : event = SLocation Core
03-12 18:11:13.811  3101  3101 D SLocation: SensorHubWrapper - SemContextChanged type = 47, packet received
03-12 18:11:13.811  3101  5217 D SLocation: GeofenceCoreManager - received Extra Data from core, len : 5
03-12 18:11:13.811  3101  5217 D SLocation: GeofenceCoreManager - handleCommandCallback - GEOFENCE_REMOVE SUCCESS
03-12 18:11:13.811  3101  5217 I SLocation: SHardwareManager - handleRemoveCallback : GEOFENCE_SUCCESS, id = 15000
03-12 18:11:13.811  3101  5217 D SLocation: CommonCoreManager - received Extra Data from core, len : 5
03-12 18:11:13.811 22407 22484 I FusedLocation: (REDACTED) location delivery to %s blocked - too close
03-12 18:11:13.811  2092  3486 I LocSvc_ApiV02: <--- globalRespCb line 385 UNKNOWN
03-12 18:11:13.811 22407 22484 I FusedLocation: (REDACTED) location delivery to %s blocked - too fast
03-12 18:11:13.812  3101  4242 D CAE     : onGetSensorHubData(SensorHubParserProvider.java:92) - onGetSensorHubData Event [event buffer len :10], AP_WAKEUP
03-12 18:11:13.812  3101  4417 D NetdEventListenerService: DNS Requested by 264, 10413(com.azure.authenticator), 4(FAIL), isBlocked=true, 0ms
03-12 18:11:13.812  3101  4242 I CAE     : parse(SensorHubParserProvider.java:188) - buffer size = 10
03-12 18:11:13.812  3101  4242 I CAE     : parse(SensorHubParserProvider.java:199) - 1, 1, 55, 0, 5, 2, 16, 0, 58, -104,
03-12 18:11:13.812  3101  4242 I CAE     : parse(SLocationRunner.java:88) - SLocationRunner parse start : 3
03-12 18:11:13.812  3101  4242 D CAE     : display(ContextProvider.java:375) - ================= SLOCATION_RUNNER =================
03-12 18:11:13.812  3101  4242 I CAE     : display(ContextProvider.java:391) - ExtraDataArray=[1, 1, 55, 0, 5, 2, 16, 0, 58, -104]
03-12 18:11:13.812  3101  4242 I CAE     : parse(SLocationRunner.java:96) - SLocationRunner parse end:10
03-12 18:11:13.812  3101  4239 D SemContextService: Service.updateContext() : service = SLocation Core
03-12 18:11:13.812 22407  5113 W ChipsetCorrectionsCompu: Pixel is inside building or within UNKNOWN clutter type
03-12 18:11:13.813  3101  3101 D SemContextManager: onSemContextChanged() : event = SLocation Core
03-12 18:11:13.813  3101  3101 D SLocation: SensorHubWrapper - SemContextChanged type = 47, packet received
03-12 18:11:13.813  2092  2282 I LocSvc_GnssAdapter: measCorrSetCorrectionsCommand:7651] GnssAdapter::measCorrSetCorrectionsCommand
03-12 18:11:13.813  3101  5217 D SLocation: GeofenceCoreManager - received Extra Data from core, len : 5
03-12 18:11:13.813  3101  5217 D SLocation: GeofenceCoreManager - handleCommandCallback - GEOFENCE_ADD SUCCESS
03-12 18:11:13.813  3101  5217 I SLocation: SHardwareManager - handleAddCallback : GEOFENCE_SUCCESS id = 15000
03-12 18:11:13.813  3101  5217 D SLocation: CommonCoreManager - received Extra Data from core, len : 5
03-12 18:11:13.814  5643  5766 I GmsPassiveListener_FLP: onGmsLocationChanged, provider=fused / speed=0.24031913 / time=1773339073788 / elapsed=278384487925895
03-12 18:11:13.814  2092  2457 I LocSvc_api_v02: ---> locClientSendReq line 2409 UNKNOWN
03-12 18:11:13.815  2092  3486 I LocSvc_ApiV02: <--- globalRespCb line 385 UNKNOWN
03-12 18:11:13.819  2094  5135 I sensors-hal: handle_sns_client_event:353, mag_sample_uncal: ts=278384512233778 ns; value = [-2.273550, 54.790726, 21.930376], bias = [-12.780000, 48.779999, 62.340000]
03-12 18:11:13.839  2094  5135 I sensors-hal: handle_sns_client_event:353, mag_sample_uncal: ts=278384532233778 ns; value = [0.004320, 55.210564, 21.176521], bias = [-12.780000, 48.779999, 62.340000]
03-12 18:11:13.856  3101  6322 D MotionRecognitionService: inject vibrator info = 0.0
03-12 18:11:13.857  2094  2094 I sensors-hal: inject_sensor_data:309, accel - vib_onoff: 0
03-12 18:11:13.857  2094  2094 I sensors-hal: inject_sensor_data:315, write vib_onoff: 0
03-12 18:11:13.857  2203  2203 I SSC_DAEMON: handleSensorTestReqMsg:88, Sensor type :0, Msg type:3
03-12 18:11:13.858  2203  3869 I SSC_DAEMON: accelMotorStateEvent:102, main: 1, 0
03-12 18:11:13.858  2203  3869 I SSC_DAEMON: ledCoverEventMotorEvent:24, motor: 0
03-12 18:11:13.859  2094  5135 I sensors-hal: handle_sns_client_event:353, mag_sample_uncal: ts=278384552233778 ns; value = [-2.752980, 56.571606, 21.037214], bias = [-12.780000, 48.779999, 62.340000]
03-12 18:11:13.864  3101  7804 D SemContextService: lock : requestToUpdate
03-12 18:11:13.864  3101  7804 W CAE     : setCAProperty(ContextAwareService.java:509) - [setProperty 01] Mutex is locked for CH_LOC_TRIGGER
03-12 18:11:13.871  3101  4246 D SensorService: setSContextDataLocked ints length 2 , byte length 4
03-12 18:11:13.871  3101  4246 D SensorService: setSContextDataLocked 3db8
03-12 18:11:13.871  2094  2094 I sensors-hal: inject_sensor_data:412, handle 1502 send inject
03-12 18:11:13.871  2094  2094 I sensors-hal: sendContextData:303, sensor hal 4, (0xb8, 0x3d, 0x0, 0x0)
03-12 18:11:13.871  2094  2094 I sensors-hal: sendContextData:131, change_location_trigger 4,184
03-12 18:11:13.871  2094  2094 I sensors-hal: sendUserData:118, change_location_trigger h 184 m 61 s 0
03-12 18:11:13.871  2094  2094 I sensors-hal: create_send_context_data:66, change_location_trigger create_send_context_data
03-12 18:11:13.871  2094  2094 I sensors-hal: send_context_data:701, change_location_trigger, -244018566922240, 1320970896291267344, msgid:700
03-12 18:11:13.872  3101  7804 W CAE     : setCAProperty(ContextAwareService.java:515) - [setProperty 02] Mutex is unlocked for CH_LOC_TRIGGER
03-12 18:11:13.872  3101  7804 D SemContextService:     .requestToUpdate() : service = Location Change Trigger
03-12 18:11:13.872  3101  7804 D SemContextService: unlock : requestToUpdate
03-12 18:11:13.872  3101  7804 D SemContextManager:   .requestToUpdate : listener = com.android.server.location.nsflp.NSLocationMonitor$5@87f967e, service=Location Change Trigger
03-12 18:11:13.872  2094  4244 I sensors-hal: qsh_conn_resp_cb:972, resp_value = 0 for change_location_trigger 
03-12 18:11:13.872  5643 10627 I NewStopController_FLP: StateChecker, check stationary message
03-12 18:11:13.879  2094  5135 I sensors-hal: handle_sns_client_event:353, mag_sample_uncal: ts=278384572233778 ns; value = [-1.226475, 56.704937, 20.432056], bias = [-12.780000, 48.779999, 62.340000]
03-12 18:11:13.899  2094  5135 I sensors-hal: handle_sns_client_event:353, mag_sample_uncal: ts=278384592233778 ns; value = [-2.221800, 55.990814, 19.210846], bias = [-12.780000, 48.779999, 62.340000]
03-12 18:11:13.910  2094  4244 I sensors-hal: qsh_conn_event_cb:927, event[0] sensor:change_location_trigger  Wakeup, msg_id=1025, ts=5345091376050
03-12 18:11:13.910  2094  4244 I sensors-hal: handle_sns_client_event:85, change_location_trigger_event: msgid:1025
03-12 18:11:13.911  2094  4244 I sensors-hal: handle_sns_client_event:108, change_location_trigger_event: 255, 255
03-12 18:11:13.912  3101  4242 D CAE     : onGetSensorHubData(SensorHubParserProvider.java:92) - onGetSensorHubData Event [event buffer len :15], AP_WAKEUP
03-12 18:11:13.913  3101  4242 I CAE     : parse(SensorHubParserProvider.java:188) - buffer size = 15
03-12 18:11:13.913  3101  4242 I CAE     : parse(SensorHubParserProvider.java:199) - 1, 1, 61, -1, 0, 2, 1, 0, 0, 0, 1, 0, 0, 0, 0,
03-12 18:11:13.913  3101  4242 D CAE     : display(ContextProvider.java:375) - ================= CH_LOC_TRIGGER =================
03-12 18:11:13.913  3101  4242 I CAE     : display(ContextProvider.java:391) - duration=[1], property=[1], result=[2], reserved=[0]
03-12 18:11:13.913  3101  4239 D SemContextService: Service.updateContext() : service = Location Change Trigger
03-12 18:11:13.914  3101  4288 D SemContextManager: onSemContextChanged() : event = Location Change Trigger
03-12 18:11:13.914  3101  4288 D NSLocationMonitor: onSemContextChanged, activity : 1 result : 2 movement : 1
03-12 18:11:13.919  2094  5135 I sensors-hal: handle_sns_client_event:353, mag_sample_uncal: ts=278384612233778 ns; value = [-1.237245, 56.256977, 21.186361], bias = [-12.780000, 48.779999, 62.340000]
03-12 18:11:13.939  2094  5135 I sensors-hal: handle_sns_client_event:353, mag_sample_uncal: ts=278384632233778 ns; value = [-1.340835, 55.379520, 20.570791], bias = [-12.780000, 48.779999, 62.340000]
03-12 18:11:13.960  2094  5135 I sensors-hal: handle_sns_client_event:353, mag_sample_uncal: ts=278384652233778 ns; value = [-0.470775, 56.695560, 20.432207], bias = [-12.780000, 48.779999, 62.340000]
03-12 18:11:13.969  2176  3027 I thermal_core: pivot(AP) : 391, skin : 357
03-12 18:11:13.979  2094  5135 I sensors-hal: handle_sns_client_event:353, mag_sample_uncal: ts=278384672233778 ns; value = [-1.203300, 55.968212, 20.424856], bias = [-12.780000, 48.779999, 62.340000]
03-12 18:11:13.999  2094  5135 I sensors-hal: handle_sns_client_event:353, mag_sample_uncal: ts=278384692233778 ns; value = [-1.501545, 55.527557, 20.723927], bias = [-12.780000, 48.779999, 62.340000]
03-12 18:11:14.003  2099  3187 D AHAL_ModulePrimary_QTI: getVendorParameters: id count: 1
03-12 18:11:14.003  2099  3187 I PAL: PayloadBuilder: payloadTISPConfig: 4689: payloadInfo for TI Speakerprotection for parm_id 0x10010ee4 3812
03-12 18:11:14.004  2099  3187 I PAL: SpeakerProtectionTI: smartpa_get_temp: 2099: [TI-SmartPA] Get TAS_SA_GET_TV temp 16259127(31.011824) for channel 0
03-12 18:11:14.004  2099  3187 I PAL: SpeakerProtectionTI: getParameter: 2148: TEMPERATURE_RCV received 31
03-12 18:11:14.004  2099  3187 D AHAL_SecModulePrimary: onGetSECGenericParameters get temperature for g_hw_speaker_amp_temp_rcv: 31
03-12 18:11:14.004  2099  3187 D AHAL_ModulePrimary_QTI: getVendorParameters: id count: 1
03-12 18:11:14.004  2099  3187 I PAL: PayloadBuilder: payloadTISPConfig: 4689: payloadInfo for TI Speakerprotection for parm_id 0x20010ee4 3812
03-12 18:11:14.004  2099  3187 I PAL: SpeakerProtectionTI: smartpa_get_temp: 2099: [TI-SmartPA] Get TAS_SA_GET_TV temp 16266965(31.026773) for channel 1
03-12 18:11:14.004  2099  3187 I PAL: SpeakerProtectionTI: getParameter: 2148: TEMPERATURE_SPK received 31
03-12 18:11:14.004  2099  3187 D AHAL_SecModulePrimary: onGetSECGenericParameters get temperature for g_hw_speaker_amp_temp_spk: 31
03-12 18:11:14.005  7607  8506 I SDHMS:x : SIOP:: AP:391 BAT:345 USB:303 CHG:372 PA:387 WIFI:397 CF:374 BLK:0 SUBBAT:0 LRPTHM:378 SKIN:356 SKINF:348 SKINB:356 LRP:356 LRF:348 LRB:356 APT:348 APR:356 RCV:339 SPK:314 CHGF:347 CHGR:353 MEMF:346 MEMR:353 WIFIF:346 WIFIR:356 FCAM:302 UPSPK:372 DNSPK:304 VAP:391 VWIFI:389 AMB2:262 HIGH:0 AVGCUR:-716 POWER:-2636
03-12 18:11:14.005  7607  8506 I AudioManager: setParameters keyValuePairs = g_hw_speaker_amp_temp_spk=31
03-12 18:11:14.006  2206  8134 D AudioFlinger: setParameters: filtered dev setParameters keyvalue g_hw_speaker_amp_temp_spk=31
03-12 18:11:14.006  2099  3187 D AHAL_HFP_QTI: hfp_set_parameters enter
03-12 18:11:14.006  2099  3187 D AHAL_HFP_QTI: hfp_set_parameters Exit
03-12 18:11:14.006  2099  3187 D AHAL_SecModulePrimary: processSetVendorParameters: configured g_hw_speaker_amp_temp_spk
03-12 18:11:14.006  2099  3187 D AHAL_SecModulePrimary: processSetVendorParameters: handler set on Feature:0
03-12 18:11:14.006  2099  3187 D AHAL_SecModulePrimary: onSetSECGenericParameters set temperature for g_hw_speaker_amp_temp_spk: 31
03-12 18:11:14.006  2099  3187 I PAL: API: pal_set_param: 1377: Enter: param id 3002
03-12 18:11:14.006  2099  3187 D AGM: graph: graph_set_config: 1146 entry graph_handle 0x247534c
03-12 18:11:14.006  2099  3187 D AGM: graph: graph_set_config: 1154 exit, graph handle 0x247534c, ret 0
03-12 18:11:14.007  2206  8134 E ConversionHelperAidl: Function: parseAndSetVendorParameters Line: 94 Failed 
03-12 18:11:14.007  2206  8134 E ConversionHelperAidl: Function: parseAndSetVendorParameters Line: 94 Failed 
03-12 18:11:14.007  7607  8506 I AudioManager: setParameters keyValuePairs = g_hw_speaker_amp_temp_rcv=34
03-12 18:11:14.007  2206  8134 D AudioFlinger: setParameters: filtered dev setParameters keyvalue g_hw_speaker_amp_temp_rcv=34
03-12 18:11:14.007  2099  3187 D AHAL_HFP_QTI: hfp_set_parameters enter
03-12 18:11:14.007  2099  3187 D AHAL_HFP_QTI: hfp_set_parameters Exit
03-12 18:11:14.007  2099  3187 D AHAL_SecModulePrimary: processSetVendorParameters: configured g_hw_speaker_amp_temp_rcv
03-12 18:11:14.007  2099  3187 D AHAL_SecModulePrimary: processSetVendorParameters: handler set on Feature:0
03-12 18:11:14.007  2099  3187 D AHAL_SecModulePrimary: onSetSECGenericParameters set temperature for g_hw_speaker_amp_temp_rcv: 34
03-12 18:11:14.007  2099  3187 I PAL: API: pal_set_param: 1377: Enter: param id 3001
03-12 18:11:14.007  2099  3187 D AGM: graph: graph_set_config: 1146 entry graph_handle 0x247534c
03-12 18:11:14.008  2099  3187 D AGM: graph: graph_set_config: 1154 exit, graph handle 0x247534c, ret 0
03-12 18:11:14.008  2206  8134 E ConversionHelperAidl: Function: parseAndSetVendorParameters Line: 94 Failed 
03-12 18:11:14.008  2206  8134 E ConversionHelperAidl: Function: parseAndSetVendorParameters Line: 94 Failed 
03-12 18:11:14.009  7607  7860 I M0      : limitCPUFreq:: freq = -1
03-12 18:11:14.019  2094  5135 I sensors-hal: handle_sns_client_event:353, mag_sample_uncal: ts=278384712233778 ns; value = [-1.515450, 55.969593, 20.728247], bias = [-12.780000, 48.779999, 62.340000]
03-12 18:11:14.037  1063  1063 D io_stats: !@   8,0 r 60464880 960449132 w 9534788 157283804 d 1249405 356143532 f 144866 854962 iot 3257192 0 th 0 0 0 pt 0 inp 0 0 156688.182
03-12 18:11:14.037  1063  1063 D io_stats: !@ Read_top(KB): clabs.pokemongo:top(7513) 2428 system_server:normal(3101) 224 kworker/u17:1:/(15025) 120
03-12 18:11:14.037  1063  1063 D io_stats: !@ Write_top(KB): kworker/u18:2:/(1830) 2376 henticator:auth:low(27455) 80 soft.appmanager:low(27760) 24
03-12 18:11:14.039  2094  5135 I sensors-hal: handle_sns_client_event:353, mag_sample_uncal: ts=278384732233778 ns; value = [-2.739075, 56.129570, 21.032894], bias = [-12.780000, 48.779999, 62.340000]
03-12 18:11:14.041  3101  3157 I system_server: Background young concurrent mark compact GC freed 41MB AllocSpace bytes, 145(2896KB) LOS objects, 19% free, 179MB/223MB, paused 2.837ms,11.408ms total 228.269ms
03-12 18:11:14.060  2094  5135 I sensors-hal: handle_sns_client_event:353, mag_sample_uncal: ts=278384752233778 ns; value = [-0.719670, 56.266754, 19.214025], bias = [-12.780000, 48.779999, 62.340000]
03-12 18:11:14.078  2094  5135 I sensors-hal: handle_sns_client_event:353, mag_sample_uncal: ts=278384772233778 ns; value = [-1.564200, 56.254803, 21.944927], bias = [-12.780000, 48.779999, 62.340000]
03-12 18:11:14.098  2094  5135 I sensors-hal: handle_sns_client_event:353, mag_sample_uncal: ts=278384792233778 ns; value = [-1.394220, 55.812077, 21.788910], bias = [-12.780000, 48.779999, 62.340000]
03-12 18:11:14.113  2213  2307 E HeatmapThread: ECT Thread time in milliseconds: 1773339074
03-12 18:11:14.114  2213  2307 D HeatmapThread: !@ batteryplugType : 0
03-12 18:11:14.114  2213  2307 D HeatmapThread: !@ batteryLevel : 24  batteryTemperature : 343 
03-12 18:11:14.114  2213  2307 D HeatmapThread: !@ Heatmap currtime: 29555651
03-12 18:11:14.114  2213  2307 D HeatmapThread: !@ Heatmap prevtime: 29555636
03-12 18:11:14.114  2213  2307 D HeatmapThread: !@ Heatmap plugstarttime: 35791394
03-12 18:11:14.114  2213  2307 D HeatmapThread: !@ Heatmap prevv_dsoh_update_time: 29554952
03-12 18:11:14.114  2213  2307 E HeatmapThread: !@ CAM New BSOH: 100
03-12 18:11:14.119  2094  5135 I sensors-hal: handle_sns_client_event:353, mag_sample_uncal: ts=278384812233778 ns; value = [-0.925395, 56.107071, 21.033255], bias = [-12.780000, 48.779999, 62.340000]
03-12 18:11:14.130  2087  6828 I vendor.qti.bluetooth@1.0-ibs_handler: ProcessIbsCmd: Received IBS_WAKE_IND: 0xFD
03-12 18:11:14.130  2087  6828 D vendor.qti.bluetooth@1.0-ibs_handler: SerialClockVote: vote for UART CLK ON
03-12 18:11:14.130  2087  6828 D vendor.qti.bluetooth@1.0-wake_lock: Acquire wakelock is acquired 
03-12 18:11:14.130  2087  6828 I vendor.qti.bluetooth@1.0-ibs_handler: ProcessIbsCmd: Writing IBS_WAKE_ACK
03-12 18:11:14.137  5147  6851 I ScanController: onScanResult to scannerId: 10- eventType=0x0, addressType=1, address=XX:XX:XX:XX:59:27, primaryPhy=1, secondaryPhy=1, advertisingSid=0x3, txPower=127, rssi=-41, periodicAdvInt=0x0
03-12 18:11:14.139  2094  5135 I sensors-hal: handle_sns_client_event:353, mag_sample_uncal: ts=278384832233778 ns; value = [-2.016120, 57.003075, 21.193411], bias = [-12.780000, 48.779999, 62.340000]
03-12 18:11:14.157  5147  6851 I ScanController: onScanResult to scannerId: 10- eventType=0x1b, addressType=1, address=XX:XX:XX:XX:03:93, primaryPhy=1, secondaryPhy=0, advertisingSid=0xff, txPower=127, rssi=-55, periodicAdvInt=0x0
03-12 18:11:14.160  2094  5135 I sensors-hal: handle_sns_client_event:353, mag_sample_uncal: ts=278384852233778 ns; value = [0.004320, 55.210564, 21.176521], bias = [-12.780000, 48.779999, 62.340000]
03-12 18:11:14.179  2094  5135 I sensors-hal: handle_sns_client_event:353, mag_sample_uncal: ts=278384872233778 ns; value = [-0.950070, 56.101143, 21.791880], bias = [-12.780000, 48.779999, 62.340000]
03-12 18:11:14.196  2087  6828 I vendor.qti.bluetooth@1.0-ibs_handler: ProcessIbsCmd: Received IBS_SLEEP_IND: 0xFE
03-12 18:11:14.196  2087  6828 D vendor.qti.bluetooth@1.0-ibs_handler: SerialClockVote: vote for UART CLK OFF
03-12 18:11:14.199  2094  5135 I sensors-hal: handle_sns_client_event:353, mag_sample_uncal: ts=278384892233778 ns; value = [-2.095035, 56.131550, 19.819216], bias = [-12.780000, 48.779999, 62.340000]
03-12 18:11:14.219  2094  5135 I sensors-hal: handle_sns_client_event:353, mag_sample_uncal: ts=278384912233778 ns; value = [-0.822405, 56.687462, 21.949396], bias = [-12.780000, 48.779999, 62.340000]
03-12 18:11:14.238  2094  5135 I sensors-hal: handle_sns_client_event:353, mag_sample_uncal: ts=278384932233778 ns; value = [-1.467600, 55.238792, 19.962421], bias = [-12.780000, 48.779999, 62.340000]
03-12 18:11:14.259  2094  5135 I sensors-hal: handle_sns_client_event:353, mag_sample_uncal: ts=278384952233778 ns; value = [-0.782925, 56.696941, 20.735596], bias = [-12.780000, 48.779999, 62.340000]
03-12 18:11:14.264  2087  6828 I vendor.qti.bluetooth@1.0-ibs_handler: ProcessIbsCmd: Received IBS_WAKE_IND: 0xFD
03-12 18:11:14.264  2087  6828 D vendor.qti.bluetooth@1.0-ibs_handler: SerialClockVote: vote for UART CLK ON
03-12 18:11:14.264  2087  6828 I vendor.qti.bluetooth@1.0-ibs_handler: ProcessIbsCmd: Writing IBS_WAKE_ACK
03-12 18:11:14.266  5147  6851 I ScanController: onScanResult to scannerId: 10- eventType=0x1b, addressType=1, address=XX:XX:XX:XX:03:93, primaryPhy=1, secondaryPhy=0, advertisingSid=0xff, txPower=127, rssi=-55, periodicAdvInt=0x0
03-12 18:11:14.276  5147  6851 I ScanController: onScanResult to scannerId: 10- eventType=0x0, addressType=1, address=XX:XX:XX:XX:59:27, primaryPhy=1, secondaryPhy=1, advertisingSid=0x3, txPower=127, rssi=-39, periodicAdvInt=0x0
03-12 18:11:14.279  2094  5135 I sensors-hal: handle_sns_client_event:353, mag_sample_uncal: ts=278384972233778 ns; value = [-2.027490, 56.258053, 22.248285], bias = [-12.780000, 48.779999, 62.340000]
03-12 18:11:14.299  2094  5135 I sensors-hal: handle_sns_client_event:353, mag_sample_uncal: ts=278384992233778 ns; value = [-1.369545, 55.818005, 21.030285], bias = [-12.780000, 48.779999, 62.340000]
03-12 18:11:14.301  3101  4387 D SemWifiSwitchForIndividualAppsService: isSkipNetworkCondition - result:2
03-12 18:11:14.304  3101  5217 D SLocation: WifiBssidMonitor - requestRefresh
03-12 18:11:14.305  3101  5217 W SLocation: WifiBssidMonitor - connected wifi : (d0:57:94:**:**:87/824)
03-12 18:11:14.315  2087  6828 I vendor.qti.bluetooth@1.0-ibs_handler: ProcessIbsCmd: Received IBS_SLEEP_IND: 0xFE
03-12 18:11:14.315  2087  6828 D vendor.qti.bluetooth@1.0-ibs_handler: SerialClockVote: vote for UART CLK OFF
03-12 18:11:14.320  2094  5135 I sensors-hal: handle_sns_client_event:353, mag_sample_uncal: ts=278385012233778 ns; value = [-0.950070, 56.101143, 21.791880], bias = [-12.780000, 48.779999, 62.340000]
03-12 18:11:14.339  2094  5135 I sensors-hal: handle_sns_client_event:353, mag_sample_uncal: ts=278385032233778 ns; value = [-1.401990, 56.849419, 21.040365], bias = [-12.780000, 48.779999, 62.340000]
03-12 18:11:14.359  2094  5135 I sensors-hal: handle_sns_client_event:353, mag_sample_uncal: ts=278385052233778 ns; value = [-2.031525, 56.702461, 21.949156], bias = [-12.780000, 48.779999, 62.340000]
03-12 18:11:14.364  2087  6828 I vendor.qti.bluetooth@1.0-ibs_handler: ProcessIbsCmd: Received IBS_WAKE_IND: 0xFD
03-12 18:11:14.364  2087  6828 D vendor.qti.bluetooth@1.0-ibs_handler: SerialClockVote: vote for UART CLK ON
03-12 18:11:14.364  2087  6828 I vendor.qti.bluetooth@1.0-ibs_handler: ProcessIbsCmd: Writing IBS_WAKE_ACK
03-12 18:11:14.367  3101  4389 I SemWifiEleStateTracker: Ele Parameters BD : 13 13 13 13 13 13 MD : -90 -90 -91 -90 -90 -90 WD : -53 -54 -54 -53 -59 -60 GC : false false false false false false SC : false false false false false false SH : false false true false false false TB : false false false false false false
03-12 18:11:14.369  5147  6851 I ScanController: onScanResult to scannerId: 10- eventType=0x1b, addressType=1, address=XX:XX:XX:XX:03:93, primaryPhy=1, secondaryPhy=0, advertisingSid=0xff, txPower=127, rssi=-56, periodicAdvInt=0x0
03-12 18:11:14.379  2094  5135 I sensors-hal: handle_sns_client_event:353, mag_sample_uncal: ts=278385072233778 ns; value = [0.173565, 56.846073, 19.068241], bias = [-12.780000, 48.779999, 62.340000]
03-12 18:11:14.399  2094  5135 I sensors-hal: handle_sns_client_event:353, mag_sample_uncal: ts=278385092233778 ns; value = [-0.472275, 55.952911, 21.183632], bias = [-12.780000, 48.779999, 62.340000]
03-12 18:11:14.408  2087  6828 I vendor.qti.bluetooth@1.0-ibs_handler: ProcessIbsCmd: Received IBS_SLEEP_IND: 0xFE
03-12 18:11:14.408  2087  6828 D vendor.qti.bluetooth@1.0-ibs_handler: SerialClockVote: vote for UART CLK OFF
03-12 18:11:14.419  2094  5135 I sensors-hal: handle_sns_client_event:353, mag_sample_uncal: ts=278385112233778 ns; value = [-1.178625, 55.974136, 19.666231], bias = [-12.780000, 48.779999, 62.340000]
03-12 18:11:14.439  2094  5135 I sensors-hal: handle_sns_client_event:353, mag_sample_uncal: ts=278385132233778 ns; value = [-2.111340, 55.385345, 21.025816], bias = [-12.780000, 48.779999, 62.340000]
03-12 18:11:14.459  2094  5135 I sensors-hal: handle_sns_client_event:353, mag_sample_uncal: ts=278385152233778 ns; value = [0.298830, 56.244152, 20.428036], bias = [-12.780000, 48.779999, 62.340000]
03-12 18:11:14.479  2094  5135 I sensors-hal: handle_sns_client_event:353, mag_sample_uncal: ts=278385172233778 ns; value = [-0.877545, 55.376270, 20.267429], bias = [-12.780000, 48.779999, 62.340000]
03-12 18:11:14.499  2094  5135 I sensors-hal: handle_sns_client_event:353, mag_sample_uncal: ts=278385192233778 ns; value = [-2.136015, 55.379417, 21.784441], bias = [-12.780000, 48.779999, 62.340000]
03-12 18:11:14.519  2094  5135 I sensors-hal: handle_sns_client_event:353, mag_sample_uncal: ts=278385212233778 ns; value = [-0.774555, 55.956661, 21.183571], bias = [-12.780000, 48.779999, 62.340000]
03-12 18:11:14.523  3101  4395 D WifiConnectivityMonitor.NetworkStatsAnalyzer: Backhaul result - RSSI:-60, CE:27, PE:28, TI:31, PTI:32, TW:1, PTW:1, Tx:52, Rx:83, TxS:52, RxS:69, RESULT:true, IC:0, ICT:5, WC:0, WCT:5, R:0, RC:0, IE:0, EC:0
03-12 18:11:14.539  2094  5135 I sensors-hal: handle_sns_client_event:353, mag_sample_uncal: ts=278385232233778 ns; value = [-1.214070, 55.520252, 21.179161], bias = [-12.780000, 48.779999, 62.340000]
03-12 18:11:14.558  2087  6342 D vendor.qti.bluetooth@1.0-wake_lock: Release wakelock is released 
03-12 18:11:14.559  2094  5135 I sensors-hal: handle_sns_client_event:353, mag_sample_uncal: ts=278385252233778 ns; value = [-1.452195, 55.539406, 19.206676], bias = [-12.780000, 48.779999, 62.340000]
03-12 18:11:14.579  2094  5135 I sensors-hal: handle_sns_client_event:353, mag_sample_uncal: ts=278385272233778 ns; value = [-1.515450, 55.969593, 20.728247], bias = [-12.780000, 48.779999, 62.340000]
03-12 18:11:14.599  2094  5135 I sensors-hal: handle_sns_client_event:353, mag_sample_uncal: ts=278385292233778 ns; value = [-1.540125, 55.963669, 21.486872], bias = [-12.780000, 48.779999, 62.340000]
03-12 18:11:14.619  2094  5135 I sensors-hal: handle_sns_client_event:353, mag_sample_uncal: ts=278385312233778 ns; value = [-1.641615, 56.125923, 19.819305], bias = [-12.780000, 48.779999, 62.340000]
03-12 18:11:14.639  2094  5135 I sensors-hal: handle_sns_client_event:353, mag_sample_uncal: ts=278385332233778 ns; value = [0.761520, 55.943836, 20.425247], bias = [-12.780000, 48.779999, 62.340000]
03-12 18:11:14.659  2094  5135 I sensors-hal: handle_sns_client_event:353, mag_sample_uncal: ts=278385352233778 ns; value = [-1.364010, 56.116245, 20.577991], bias = [-12.780000, 48.779999, 62.340000]
03-12 18:11:14.676  2094  2876 I sensors-hal: handle_sns_client_event:379, [0][19347] accel_sample [-0.122,  0.696,  9.775] 278385369093726
03-12 18:11:14.678  2094  5135 I sensors-hal: handle_sns_client_event:353, mag_sample_uncal: ts=278385372233778 ns; value = [-2.452200, 55.825203, 21.788700], bias = [-12.780000, 48.779999, 62.340000]
03-12 18:11:14.699  2094  5135 I sensors-hal: handle_sns_client_event:353, mag_sample_uncal: ts=278385392233778 ns; value = [-0.656160, 56.837673, 21.343966], bias = [-12.780000, 48.779999, 62.340000]
03-12 18:11:14.719  2094  5135 I sensors-hal: handle_sns_client_event:353, mag_sample_uncal: ts=278385412233778 ns; value = [-0.784425, 55.954292, 21.487020], bias = [-12.780000, 48.779999, 62.340000]
03-12 18:11:14.738  2094  5135 I sensors-hal: handle_sns_client_event:353, mag_sample_uncal: ts=278385432233778 ns; value = [-2.111340, 55.385345, 21.025816], bias = [-12.780000, 48.779999, 62.340000]
03-12 18:11:14.759  2094  5135 I sensors-hal: handle_sns_client_event:353, mag_sample_uncal: ts=278385452233778 ns; value = [2.296095, 55.188362, 20.418346], bias = [-12.780000, 48.779999, 62.340000]
03-12 18:11:14.779  2094  5135 I sensors-hal: handle_sns_client_event:353, mag_sample_uncal: ts=278385472233778 ns; value = [-0.796695, 54.763680, 22.992750], bias = [-12.780000, 48.779999, 62.340000]
03-12 18:11:14.796  3101  4287 D GnssLocationProvider_ex: SV Count : 28 / 38      (PRN, Constellation, Type, SNR, Used)
03-12 18:11:14.796  5643  5766 I GnssEngineManager_FLP: updateSatelliteStatus, top4=33, top6=32, visibleSv=38, usedSv=28, usedL5Sv=2 (usedGps=6, usedGlo=3, usedBds=14, usedGal=5)
03-12 18:11:14.797  3101  4287 D GnssLocationProvider_ex: (1, GPS, L1, 23.4, 1) (2, GPS, L1, 34.0, 1) (3, GPS, L1, 23.3, 1) (8, GPS, L1, 30.5, 1) (14, GPS, L1, 18.4, 1) (22, GPS, L1, 19.5, 0) 
03-12 18:11:14.797  3101  4287 D GnssLocationProvider_ex: (32, GPS, L1, 30.8, 1) (2, GLONASS, L1, 21.1, 1) (1, GLONASS, L1, 19.9, 0) (24, GLONASS, L1, 27.5, 1) (3, GLONASS, L1, 31.8, 1) (43, BEIDOU, L1, 28.4, 1) 
03-12 18:11:14.797  3101  4287 D GnssLocationProvider_ex: (42, BEIDOU, L1, 20.6, 1) (39, BEIDOU, L1, 17.8, 1) (34, BEIDOU, L1, 25.9, 1) (33, BEIDOU, L1, 34.4, 1) (28, BEIDOU, L1, 15.3, 0) (21, BEIDOU, L1, 20.8, 1) 
03-12 18:11:14.797  3101  4287 D GnssLocationProvider_ex: (14, BEIDOU, L1, 33.3, 1) (5, BEIDOU, L1, 26.4, 1) (4, GALILEO, L1, 14.9, 1) (10, GALILEO, L1, 15.9, 1) (12, GALILEO, L1, 17.9, 0) (16, GALILEO, L1, 15.9, 0) 
03-12 18:11:14.797  3101  4287 D GnssLocationProvider_ex: (19, GALILEO, L1, 21.9, 0) (29, GALILEO, L1, 22.4, 1) (33, GALILEO, L1, 28.5, 1) (8, GPS, L5, 16.9, 0) (19, GALILEO, L5, 21.3, 1) (21, BEIDOU, L5, 19.9, 0) 
03-12 18:11:14.797  3101  4287 D GnssLocationProvider_ex: (33, BEIDOU, L5, 17.7, 0) (42, BEIDOU, L5, 19.5, 1) (21, BEIDOU, L1, 16.1, 0) (33, BEIDOU, L1, 33.4, 1) (34, BEIDOU, L1, 29.3, 1) (39, BEIDOU, L1, 25.6, 1) 
03-12 18:11:14.797  3101  4287 D GnssLocationProvider_ex: (42, BEIDOU, L1, 23.5, 1) (43, BEIDOU, L1, 23.5, 1) 
03-12 18:11:14.797  3101  4287 D GnssLocationProvider: reportLocation
03-12 18:11:14.797  5643  5766 I GnssEngineManager_FLP: onGpsLocationChanged, provider=gps / isMock=false / speed=0.0 / time=1773339075000 / elapsed=278385488343550
03-12 18:11:14.797  5643  5766 I NewStopController_FLP: isAvailableLastLoc, KeepStationary : false , timeGap : 7 , mStraightFixCount : 0
03-12 18:11:14.797  5643  5766 I NewStopController_FLP: onChangedGlpLocation, isGpsStopped= false, isReportingLL= false, isAvailableLastLoc : true
03-12 18:11:14.799  3101  5217 D SLocation: PositionManager - Passive handleLocationChanged [G, A : 3.79, T : 1773339075000, ET : 278385488, E : MI, h : 20/3]
03-12 18:11:14.800  3101  5217 D SLocation: PositionManager - receive gps location
03-12 18:11:14.800  3101  5217 D SLocation: GeofenceLocationFilter - location sent before 998, need to filter / provider : gps, accuracy : 3.7900925
03-12 18:11:14.800  3101  5217 I SLocation: GeofenceLocationFilter - alarm set, next time to send location : 278390500, E.Q@8cc30d1
03-12 18:11:14.800  2094  5135 I sensors-hal: handle_sns_client_event:353, mag_sample_uncal: ts=278385492233778 ns; value = [-0.598440, 56.109245, 20.274691], bias = [-12.780000, 48.779999, 62.340000]
03-12 18:11:14.800  3101 22612 I Mocca_VehicleDetectionHelper: (1.1.04.1)GPS: Avg speed: 0.0 Speed: 0.0 LIST: [0.0, 0.0, 0.0, 0.0, 0.0, 0.0, 0.0, 0.0, 0.0, 0.0]
03-12 18:11:14.800  3101 22612 D VehicleSensorHub: vehicleSendToSensorHub status : 2 type : 18
03-12 18:11:14.800  3101 22612 I SensorManager: Get Sensor type = 65586
03-12 18:11:14.800 21233 18062 I FrewleTileCacheManagerV: (REDACTED) Fetched %d AP models from cache
03-12 18:11:14.801  3101 22612 D SensorService: setSContextDataLocked ints length 3 , byte length 5
03-12 18:11:14.801  3101 22612 D SensorService: setSContextDataLocked 123c17c1
03-12 18:11:14.801  2094  2094 I sensors-hal: inject_sensor_data:412, handle 1502 send inject
03-12 18:11:14.801  2094  2094 I sensors-hal: sendContextData:303, sensor hal 5, (0xc1, 0x17, 0x3c, 0x12)
03-12 18:11:14.801  2094  2094 I sensors-hal: sendContextData:206, activities 5 c1, 1
03-12 18:11:14.801  2094  2094 I sensors-hal: sendUserData:227, Activities cmd 0xc1 0x17
03-12 18:11:14.801  2094  2094 I sensors-hal: create_send_context_data:45, sending create_send_context_data
03-12 18:11:14.801  2094  2094 I sensors-hal: send_context_data:701, activities, 4914309220830019584, 1320970896291267344, msgid:700
03-12 18:11:14.802  3101  5217 D SLocation: LastLocations - update latest location [G, A : 3.79, T : 1773339075000, ET : 278385488, E : MI, h : 20/3]
03-12 18:11:14.802  3101  5217 D SLocation: FilteredLastLocation - notify all last locations, loc : 3
03-12 18:11:14.802  2094  4244 I sensors-hal: qsh_conn_resp_cb:972, resp_value = 0 for activities 
03-12 18:11:14.802  3101 22612 W ContextImpl: Calling a method in the system process without a qualified user: android.app.ContextImpl.sendBroadcast:1335 com.samsung.android.mocca.app.vehicle.AdvancedVehicleDetection.reportAdvancedVehicleEvent:185 com.samsung.android.mocca.app.vehicle.AdvancedVehicleDetection.handleLocEvent:277 com.samsung.android.mocca.app.vehicle.AdvancedVehicleDetection.p:0 D.e.h:136 
03-12 18:11:14.804 22407 22484 I FusedLocation: (REDACTED) location delivery to %s blocked - too fast
03-12 18:11:14.804 22407 22484 I FusedLocation: (REDACTED) location delivery to %s blocked - too fast
03-12 18:11:14.804 22407 22484 I FusedLocation: (REDACTED) location delivery to %s blocked - too close
03-12 18:11:14.804 22407 22484 I FusedLocation: (REDACTED) location delivery to %s blocked - too fast
03-12 18:11:14.806  5643  5766 I GmsPassiveListener_FLP: onGmsLocationChanged, provider=fused / speed=0.24185845 / time=1773339074789 / elapsed=278385488343550
03-12 18:11:14.809  3101  5217 D SLocation: PositionManager - Passive handleLocationChanged [F, A : 3.00, T : 1773339074789, ET : 278385488, h : 20/3]
03-12 18:11:14.809  3101  5217 D SLocation: PositionManager - receive fused location
03-12 18:11:14.809  3101  5217 D SLocation: DuplicateLocationChecker_GeofenceLocationFilter - fused is duplicated last fused location
03-12 18:11:14.809  3101  5217 D SLocation: DuplicateLocationChecker_FilteredLastLocation - fused is duplicated last fused location
03-12 18:11:14.811 21233 21317 W ChipsetCorrectionsCompu: Pixel is inside building or within UNKNOWN clutter type
03-12 18:11:14.811  3101  5217 D SLocation: SLocationCoreSem - send to coreSem, packet length : 23 / [2, 30, 174, 45, 245, 255, 251, 102, 227, 0, 0, 0, 3, 2, 0, 0, 1, 156, 227, 62, 224, 229, 0]
03-12 18:11:14.811  3101  5217 D SemContextLocationCoreAttribute: setAttribute() mode : 0 action : 23
03-12 18:11:14.812  3101  5217 D SemContextService: lock : changeParameters
03-12 18:11:14.812  3101  5217 D SemContext.CaeProvider.LocationCoreImpl: setAttribute() mode : 0 action : 23
03-12 18:11:14.812  3101  5217 W CAE     : setCAProperty(ContextAwareService.java:509) - [setProperty 01] Mutex is locked for SLOCATION_RUNNER
03-12 18:11:14.812  3101  5217 I CAE     : setPropertyValue(SLocationRunner.java:116) - SLocationRunner setProperty header : 2, len : 23
03-12 18:11:14.812  2092  2282 I LocSvc_GnssAdapter: measCorrSetCorrectionsCommand:7651] GnssAdapter::measCorrSetCorrectionsCommand
03-12 18:11:14.812  3101  4246 D SensorService: setSContextDataLocked ints length 8 , byte length 26
03-12 18:11:14.812  3101  4246 D SensorService: setSContextDataLocked 23717c1
03-12 18:11:14.813  2092  2457 I LocSvc_api_v02: ---> locClientSendReq line 2409 UNKNOWN
03-12 18:11:14.813  2094  2094 I sensors-hal: inject_sensor_data:412, handle 1502 send inject
03-12 18:11:14.813  2094  2094 I sensors-hal: sendContextData:303, sensor hal 26, (0xc1, 0x17, 0x37, 0x2)
03-12 18:11:14.813  2094  2094 E sensors-hal: sendContextData:133, slocationcore h 193 m 23 s 55
03-12 18:11:14.813  2094  2094 I sensors-hal: sendUserData:119, slocationcore sendUserData
03-12 18:11:14.813  2094  2094 E sensors-hal: create_send_context_data:64, slocationcore create_send_context_data
03-12 18:11:14.813  2094  2094 I sensors-hal: send_context_data:701, slocationcore, 4986366670857974562, 1320970896291267344, msgid:700
03-12 18:11:14.813  3101  5217 W CAE     : setCAProperty(ContextAwareService.java:515) - [setProperty 02] Mutex is unlocked for SLOCATION_RUNNER
03-12 18:11:14.813  3101  5217 D SemContextService: unlock : changeParameters
03-12 18:11:14.813  3101  5217 D SemContextManager:   .changeParameters : listener = Z.i@cc1d0ca, service=SLocation Core
03-12 18:11:14.813  2094  4244 I sensors-hal: qsh_conn_resp_cb:972, resp_value = 0 for slocationcore 
03-12 18:11:14.813  2092  3486 I LocSvc_ApiV02: <--- globalRespCb line 385 UNKNOWN
03-12 18:11:14.813  2094  4244 I sensors-hal: qsh_conn_event_cb:927, event[0] sensor:slocationcore  Wakeup, msg_id=1025, ts=5345108711717
03-12 18:11:14.813  2094  4244 E sensors-hal: handle_sns_client_event:78, slocationcore_event: msgid:1025
03-12 18:11:14.813  2094  4244 I sensors-hal: insert_awaking_events:873, smp2p_event, 23.slocationcore, msgid:1025
03-12 18:11:14.814  3101  4242 D CAE     : onGetSensorHubData(SensorHubParserProvider.java:92) - onGetSensorHubData Event [event buffer len :10], AP_WAKEUP
03-12 18:11:14.815  3101  4242 I CAE     : parse(SensorHubParserProvider.java:188) - buffer size = 10
03-12 18:11:14.815  3101  4242 I CAE     : parse(SensorHubParserProvider.java:199) - 1, 1, 55, 0, 5, 2, 2, 0, 0, 0,
03-12 18:11:14.815  3101  4242 I CAE     : parse(SLocationRunner.java:88) - SLocationRunner parse start : 3
03-12 18:11:14.815  3101  4242 D CAE     : display(ContextProvider.java:375) - ================= SLOCATION_RUNNER =================
03-12 18:11:14.815  3101  4242 I CAE     : display(ContextProvider.java:391) - ExtraDataArray=[1, 1, 55, 0, 5, 2, 2, 0, 0, 0]
03-12 18:11:14.815  3101  4242 I CAE     : parse(SLocationRunner.java:96) - SLocationRunner parse end:10
03-12 18:11:14.815  3101  4239 D SemContextService: Service.updateContext() : service = SLocation Core
03-12 18:11:14.815  3101  3101 D SemContextManager: onSemContextChanged() : event = SLocation Core
03-12 18:11:14.816  3101  3101 D SLocation: SensorHubWrapper - SemContextChanged type = 47, packet received
03-12 18:11:14.816  3101  5217 D SLocation: GeofenceCoreManager - received Extra Data from core, len : 5
03-12 18:11:14.816  3101  5217 D SLocation: GeofenceCoreManager - handleCommandCallback - UNKNOWN_CALLBACK 2 SUCCESS
03-12 18:11:14.816  3101  5217 D SLocation: CommonCoreManager - received Extra Data from core, len : 5
03-12 18:11:14.816  3101  5217 D SLocation: CommonCoreManager - handleCommandCallback - FUNC_TYPE : SET_LOCATION  ERROR_CODE : ERROR_NONE
03-12 18:11:14.818 22407  5113 W ChipsetCorrectionsCompu: Pixel is inside building or within UNKNOWN clutter type
03-12 18:11:14.819  2092  2282 I LocSvc_GnssAdapter: measCorrSetCorrectionsCommand:7651] GnssAdapter::measCorrSetCorrectionsCommand
03-12 18:11:14.819  2094  5135 I sensors-hal: handle_sns_client_event:353, mag_sample_uncal: ts=278385512233778 ns; value = [-2.421990, 56.129372, 20.577782], bias = [-12.780000, 48.779999, 62.340000]
03-12 18:11:14.819  2092  2457 I LocSvc_api_v02: ---> locClientSendReq line 2409 UNKNOWN
03-12 18:11:14.819  2092  3486 I LocSvc_ApiV02: <--- globalRespCb line 385 UNKNOWN
03-12 18:11:14.839  2094  5135 I sensors-hal: handle_sns_client_event:353, mag_sample_uncal: ts=278385532233778 ns; value = [0.249480, 56.232304, 21.945286], bias = [-12.780000, 48.779999, 62.340000]
03-12 18:11:14.859  2094  5135 I sensors-hal: handle_sns_client_event:353, mag_sample_uncal: ts=278385552233778 ns; value = [-2.085765, 55.836861, 19.816336], bias = [-12.780000, 48.779999, 62.340000]
03-12 18:11:14.873  3101  4674 D SemContextService: lock : requestToUpdate
03-12 18:11:14.873  3101  4674 W CAE     : setCAProperty(ContextAwareService.java:509) - [setProperty 01] Mutex is locked for CH_LOC_TRIGGER
03-12 18:11:14.874  3101  4246 D SensorService: setSContextDataLocked ints length 2 , byte length 4
03-12 18:11:14.874  3101  4246 D SensorService: setSContextDataLocked 3db8
03-12 18:11:14.874  2094  2094 I sensors-hal: inject_sensor_data:412, handle 1502 send inject
03-12 18:11:14.874  2094  2094 I sensors-hal: sendContextData:303, sensor hal 4, (0xb8, 0x3d, 0x0, 0x0)
03-12 18:11:14.874  2094  2094 I sensors-hal: sendContextData:131, change_location_trigger 4,184
03-12 18:11:14.874  2094  2094 I sensors-hal: sendUserData:118, change_location_trigger h 184 m 61 s 0
03-12 18:11:14.874  2094  2094 I sensors-hal: create_send_context_data:66, change_location_trigger create_send_context_data
03-12 18:11:14.874  2094  2094 I sensors-hal: send_context_data:701, change_location_trigger, -244018566922240, 1320970896291267344, msgid:700
03-12 18:11:14.874  3101  4674 W CAE     : setCAProperty(ContextAwareService.java:515) - [setProperty 02] Mutex is unlocked for CH_LOC_TRIGGER
03-12 18:11:14.874  3101  4674 D SemContextService:     .requestToUpdate() : service = Location Change Trigger
03-12 18:11:14.874  3101  4674 D SemContextService: unlock : requestToUpdate
03-12 18:11:14.874  3101  4674 D SemContextManager:   .requestToUpdate : listener = com.android.server.location.nsflp.NSLocationMonitor$5@87f967e, service=Location Change Trigger
03-12 18:11:14.874  2094  4244 I sensors-hal: qsh_conn_resp_cb:972, resp_value = 0 for change_location_trigger 
03-12 18:11:14.874  5643 10627 I NewStopController_FLP: StateChecker, check stationary message
03-12 18:11:14.878  2094  5135 I sensors-hal: handle_sns_client_event:353, mag_sample_uncal: ts=278385572233778 ns; value = [-2.309130, 56.712135, 21.190472], bias = [-12.780000, 48.779999, 62.340000]
03-12 18:11:14.889  2094  4244 I sensors-hal: qsh_conn_event_cb:927, event[0] sensor:change_location_trigger  Wakeup, msg_id=1025, ts=5345110168493
03-12 18:11:14.889  2094  4244 I sensors-hal: handle_sns_client_event:85, change_location_trigger_event: msgid:1025
03-12 18:11:14.889  2094  4244 I sensors-hal: handle_sns_client_event:108, change_location_trigger_event: 255, 255
03-12 18:11:14.890  3101  4242 D CAE     : onGetSensorHubData(SensorHubParserProvider.java:92) - onGetSensorHubData Event [event buffer len :15], AP_WAKEUP
03-12 18:11:14.890  3101  4242 I CAE     : parse(SensorHubParserProvider.java:188) - buffer size = 15
03-12 18:11:14.890  3101  4242 I CAE     : parse(SensorHubParserProvider.java:199) - 1, 1, 61, -1, 0, 2, 1, 0, 0, 0, 1, 0, 0, 0, 0,
03-12 18:11:14.890  3101  4242 D CAE     : display(ContextProvider.java:375) - ================= CH_LOC_TRIGGER =================
03-12 18:11:14.890  3101  4242 I CAE     : display(ContextProvider.java:391) - duration=[1], property=[1], result=[2], reserved=[0]
03-12 18:11:14.891  3101  4239 D SemContextService: Service.updateContext() : service = Location Change Trigger
03-12 18:11:14.891  3101  4288 D SemContextManager: onSemContextChanged() : event = Location Change Trigger
03-12 18:11:14.891  3101  4288 D NSLocationMonitor: onSemContextChanged, activity : 1 result : 2 movement : 1
03-12 18:11:14.899  2094  5135 I sensors-hal: handle_sns_client_event:353, mag_sample_uncal: ts=278385592233778 ns; value = [-0.122445, 55.069832, 20.568151], bias = [-12.780000, 48.779999, 62.340000]
03-12 18:11:14.919  2094  5135 I sensors-hal: handle_sns_client_event:353, mag_sample_uncal: ts=278385612233778 ns; value = [-0.574365, 55.818111, 19.816637], bias = [-12.780000, 48.779999, 62.340000]
03-12 18:11:14.939  2094  5135 I sensors-hal: handle_sns_client_event:353, mag_sample_uncal: ts=278385632233778 ns; value = [-2.319000, 56.709766, 21.493921], bias = [-12.780000, 48.779999, 62.340000]
03-12 18:11:14.960  2094  5135 I sensors-hal: handle_sns_client_event:353, mag_sample_uncal: ts=278385652233778 ns; value = [-2.350965, 54.661850, 19.804756], bias = [-12.780000, 48.779999, 62.340000]
03-12 18:11:14.979  2094  5135 I sensors-hal: handle_sns_client_event:353, mag_sample_uncal: ts=278385672233778 ns; value = [1.031355, 56.971500, 20.435387], bias = [-12.780000, 48.779999, 62.340000]
03-12 18:11:14.999  2094  5135 I sensors-hal: handle_sns_client_event:353, mag_sample_uncal: ts=278385692233778 ns; value = [-0.623715, 55.806259, 21.333887], bias = [-12.780000, 48.779999, 62.340000]
03-12 18:11:15.019  2094  5135 I sensors-hal: handle_sns_client_event:353, mag_sample_uncal: ts=278385712233778 ns; value = [-0.004050, 55.950844, 20.728546], bias = [-12.780000, 48.779999, 62.340000]
03-12 18:11:15.038  2094  5135 I sensors-hal: handle_sns_client_event:353, mag_sample_uncal: ts=278385732233778 ns; value = [-1.331565, 55.084831, 20.567911], bias = [-12.780000, 48.779999, 62.340000]
03-12 18:11:15.060  2094  5135 I sensors-hal: handle_sns_client_event:353, mag_sample_uncal: ts=278385752233778 ns; value = [-0.028725, 55.944920, 21.487171], bias = [-12.780000, 48.779999, 62.340000]
03-12 18:11:15.079  2094  5135 I sensors-hal: handle_sns_client_event:353, mag_sample_uncal: ts=278385772233778 ns; value = [-2.445165, 56.866096, 20.584982], bias = [-12.780000, 48.779999, 62.340000]
03-12 18:11:15.099  2094  5135 I sensors-hal: handle_sns_client_event:353, mag_sample_uncal: ts=278385792233778 ns; value = [-2.320500, 55.967113, 22.245346], bias = [-12.780000, 48.779999, 62.340000]
03-12 18:11:15.113  2213  2307 E HeatmapThread: ECT Thread time in milliseconds: 1773339075
03-12 18:11:15.114  2213  2307 D HeatmapThread: !@ batteryplugType : 0
03-12 18:11:15.114  2213  2307 D HeatmapThread: !@ batteryLevel : 24  batteryTemperature : 343 
03-12 18:11:15.114  2213  2307 D HeatmapThread: !@ Heatmap currtime: 29555651
03-12 18:11:15.114  2213  2307 D HeatmapThread: !@ Heatmap prevtime: 29555636
03-12 18:11:15.114  2213  2307 D HeatmapThread: !@ Heatmap plugstarttime: 35791394
03-12 18:11:15.114  2213  2307 D HeatmapThread: !@ Heatmap prevv_dsoh_update_time: 29554952
03-12 18:11:15.114  2213  2307 E HeatmapThread: !@ CAM New BSOH: 100
03-12 18:11:15.119  2094  5135 I sensors-hal: handle_sns_client_event:353, mag_sample_uncal: ts=278385812233778 ns; value = [-1.478370, 54.790833, 20.716726], bias = [-12.780000, 48.779999, 62.340000]
03-12 18:11:15.138  2094  5135 I sensors-hal: handle_sns_client_event:353, mag_sample_uncal: ts=278385832233778 ns; value = [-2.551155, 54.800404, 21.171692], bias = [-12.780000, 48.779999, 62.340000]
03-12 18:11:15.159  2094  5135 I sensors-hal: handle_sns_client_event:353, mag_sample_uncal: ts=278385852233778 ns; value = [0.276555, 57.426468, 19.984381], bias = [-12.780000, 48.779999, 62.340000]
03-12 18:11:15.179  2094  5135 I sensors-hal: handle_sns_client_event:353, mag_sample_uncal: ts=278385872233778 ns; value = [0.276555, 57.426468, 19.984381], bias = [-12.780000, 48.779999, 62.340000]
03-12 18:11:15.200  2094  5135 I sensors-hal: handle_sns_client_event:353, mag_sample_uncal: ts=278385892233778 ns; value = [-1.655520, 56.567959, 19.823626], bias = [-12.780000, 48.779999, 62.340000]
03-12 18:11:15.218  2094  5135 I sensors-hal: handle_sns_client_event:353, mag_sample_uncal: ts=278385912233778 ns; value = [-1.655520, 56.567959, 19.823626], bias = [-12.780000, 48.779999, 62.340000]
03-12 18:11:15.239  2094  5135 I sensors-hal: handle_sns_client_event:353, mag_sample_uncal: ts=278385932233778 ns; value = [-0.574365, 55.818111, 19.816637], bias = [-12.780000, 48.779999, 62.340000]
03-12 18:11:15.249 22407 22492 W Settings: Setting airplane_mode_on has moved from android.provider.Settings.System to android.provider.Settings.Global, returning read-only value.
03-12 18:11:15.258  2729  5650 D LOWI-9.0.1.112.a: [LOWI-Scan] wait_event:Wait done with Cmd 33
03-12 18:11:15.258  2729  5650 D LOWI-9.0.1.112.a: [LOWI-Scan] do_listen_events: Rcvd valid Netlink Cmd 0 Err 0
03-12 18:11:15.259  2094  5135 I sensors-hal: handle_sns_client_event:353, mag_sample_uncal: ts=278385952233778 ns; value = [-0.447600, 55.958836, 20.425007], bias = [-12.780000, 48.779999, 62.340000]
03-12 18:11:15.278  2094  5135 I sensors-hal: handle_sns_client_event:353, mag_sample_uncal: ts=278385972233778 ns; value = [-0.482145, 55.950542, 21.487082], bias = [-12.780000, 48.779999, 62.340000]
03-12 18:11:15.299  2094  5135 I sensors-hal: handle_sns_client_event:353, mag_sample_uncal: ts=278385992233778 ns; value = [-2.122245, 57.312679, 19.527285], bias = [-12.780000, 48.779999, 62.340000]
03-12 18:11:15.306  3101  4387 D SemWifiSwitchForIndividualAppsService: isSkipNetworkCondition - result:2
03-12 18:11:15.309  2094  5117 I sensors-hal: handle_sns_std_sensor_event:157, [417] Pressure 1004.353, cal 0.632, sw_offset 0.000 (lsb(bit) 0xda 0x24 0x62)
03-12 18:11:15.311 32575 32575 I AudioPathManager: loadAudioPath() : loaded audio path is speaker (0)
03-12 18:11:15.311 32575 32575 I EffectManager: isSupportDolbyAtmosOnThisAudioPath() : path is speaker (0)
03-12 18:11:15.311 32575 32575 I EffectManager: isSupportDolbyAtmosOnThisAudioPath() : speaker type is stereo
03-12 18:11:15.311 32575 32575 I AudioPathManager: loadAudioPath() : loaded audio path is speaker (0)
03-12 18:11:15.311 32575 32575 I EffectManager: isSupportVoiceBoostOnCurrentAudioPath() : path is speaker (0)
03-12 18:11:15.311 32575 32575 I AudioPathManager: loadAudioPath() : loaded audio path is speaker (0)
