03-12 18:11:17.114  2213  2307 D HeatmapThread: !@ Heatmap currtime: 29555651
03-12 18:11:17.114  2213  2307 D HeatmapThread: !@ Heatmap prevtime: 29555636
03-12 18:11:17.114  2213  2307 D HeatmapThread: !@ Heatmap plugstarttime: 35791394
03-12 18:11:17.114  2213  2307 D HeatmapThread: !@ Heatmap prevv_dsoh_update_time: 29554952
03-12 18:11:17.114  2213  2307 E HeatmapThread: !@ CAM New BSOH: 100
03-12 18:11:17.118  2094  5135 I sensors-hal: handle_sns_client_event:353, mag_sample_uncal: ts=278387812233778 ns; value = [-2.436795, 56.125820, 21.032955], bias = [-12.780000, 48.779999, 62.340000]
03-12 18:11:17.139  2094  5135 I sensors-hal: handle_sns_client_event:353, mag_sample_uncal: ts=278387832233778 ns; value = [0.019125, 55.214119, 20.721346], bias = [-12.780000, 48.779999, 62.340000]
03-12 18:11:17.159  2094  5135 I sensors-hal: handle_sns_client_event:353, mag_sample_uncal: ts=278387852233778 ns; value = [-1.427265, 56.546432, 22.099562], bias = [-12.780000, 48.779999, 62.340000]
03-12 18:11:17.179  2094  5135 I sensors-hal: handle_sns_client_event:353, mag_sample_uncal: ts=278387872233778 ns; value = [-0.130215, 56.107174, 19.819607], bias = [-12.780000, 48.779999, 62.340000]
03-12 18:11:17.199  2094  5135 I sensors-hal: handle_sns_client_event:353, mag_sample_uncal: ts=278387892233778 ns; value = [-1.633845, 55.088581, 20.567852], bias = [-12.780000, 48.779999, 62.340000]
03-12 18:11:17.219  2094  5135 I sensors-hal: handle_sns_client_event:353, mag_sample_uncal: ts=278387912233778 ns; value = [-0.506820, 55.944614, 22.245707], bias = [-12.780000, 48.779999, 62.340000]
03-12 18:11:17.239  2094  5135 I sensors-hal: handle_sns_client_event:353, mag_sample_uncal: ts=278387932233778 ns; value = [-1.342335, 54.636871, 21.322216], bias = [-12.780000, 48.779999, 62.340000]
03-12 18:11:17.258  2094  5135 I sensors-hal: handle_sns_client_event:353, mag_sample_uncal: ts=278387952233778 ns; value = [-0.744090, 57.261936, 23.624161], bias = [-12.780000, 48.779999, 62.340000]
03-12 18:11:17.269  2099  2959 I PAL: ResourceManager: mixerEventWaitThreadLoop: 5460: Event Received PCM121 event
03-12 18:11:17.269  2099  2959 I PAL: SpeakerProtectionTI: handleTISADSPEvent: 371: Received an event from DSP 7154eeee
03-12 18:11:17.269  2099  2959 I PAL: SpeakerProtectionTI: handleTISADSPEvent: 390: Silence Detected with silence count = 153
03-12 18:11:17.279  2094  5135 I sensors-hal: handle_sns_client_event:353, mag_sample_uncal: ts=278387972233778 ns; value = [-0.961440, 55.356125, 22.846756], bias = [-12.780000, 48.779999, 62.340000]
03-12 18:11:17.300  2094  5135 I sensors-hal: handle_sns_client_event:353, mag_sample_uncal: ts=278387992233778 ns; value = [-0.194370, 56.091766, 21.792030], bias = [-12.780000, 48.779999, 62.340000]
03-12 18:11:17.309  2094  5117 I sensors-hal: handle_sns_std_sensor_event:157, [442] Pressure 1004.373, cal 0.632, sw_offset 0.000 (lsb(bit) 0x4 0x25 0x62)
03-12 18:11:17.312  2094  5141 I sensors-hal: handle_sns_client_event:468, [0][4080] gyro_sample_uncal [-0.005,-0.005,-0.001] [-0.004,-0.005,-0.000] 278388004457007
03-12 18:11:17.316  3101  4387 D SemWifiSwitchForIndividualAppsService: isSkipNetworkCondition - result:2
03-12 18:11:17.318  2094  5055 I sensors-hal: handle_sns_client_event:323, [0][1781] mag_sample_cal(magcal_available:1): ts=278388012233778 ns; cal = [13.038750, 7.157616, -40.397594], uncal = [0.258750, 55.937614, 21.942406], bias = [-12.780000, 48.779999, 62.340000], status=3, cal_id=2
03-12 18:11:17.319  2094  5135 I sensors-hal: handle_sns_client_event:353, mag_sample_uncal: ts=278388012233778 ns; value = [0.258750, 55.937614, 21.942406], bias = [-12.780000, 48.779999, 62.340000]
03-12 18:11:17.321  2094  5068 I sensors-hal: handle_sns_client_event:435, [0][1637] gyro_sample_cal(cal_available:1)(3) [-0.001,-0.000,-0.000] bias[-0.004,-0.005,-0.000] 278388006907111
03-12 18:11:17.339  2094  5135 I sensors-hal: handle_sns_client_event:353, mag_sample_uncal: ts=278388032233778 ns; value = [0.248880, 55.935242, 22.245855], bias = [-12.780000, 48.779999, 62.340000]
03-12 18:11:17.359  2094  5135 I sensors-hal: handle_sns_client_event:353, mag_sample_uncal: ts=278388052233778 ns; value = [-1.565700, 55.512150, 22.696352], bias = [-12.780000, 48.779999, 62.340000]
03-12 18:11:17.379  2094  5135 I sensors-hal: handle_sns_client_event:353, mag_sample_uncal: ts=278388072233778 ns; value = [-0.013320, 56.245533, 20.731426], bias = [-12.780000, 48.779999, 62.340000]
03-12 18:11:17.399  2094  5135 I sensors-hal: handle_sns_client_event:353, mag_sample_uncal: ts=278388092233778 ns; value = [0.322905, 55.953018, 19.969980], bias = [-12.780000, 48.779999, 62.340000]
03-12 18:11:17.419  2094  5135 I sensors-hal: handle_sns_client_event:353, mag_sample_uncal: ts=278388112233778 ns; value = [-0.625215, 55.063610, 22.085312], bias = [-12.780000, 48.779999, 62.340000]
03-12 18:11:17.439  2094  5135 I sensors-hal: handle_sns_client_event:353, mag_sample_uncal: ts=278388132233778 ns; value = [-1.285695, 56.690716, 22.252756], bias = [-12.780000, 48.779999, 62.340000]
03-12 18:11:17.459  2094  5135 I sensors-hal: handle_sns_client_event:353, mag_sample_uncal: ts=278388152233778 ns; value = [-1.482405, 55.235237, 20.417597], bias = [-12.780000, 48.779999, 62.340000]
03-12 18:11:17.479  2094  5135 I sensors-hal: handle_sns_client_event:353, mag_sample_uncal: ts=278388172233778 ns; value = [-0.711045, 56.527580, 23.313511], bias = [-12.780000, 48.779999, 62.340000]
03-12 18:11:17.499  2094  5135 I sensors-hal: handle_sns_client_event:353, mag_sample_uncal: ts=278388192233778 ns; value = [-1.226475, 56.704937, 20.432056], bias = [-12.780000, 48.779999, 62.340000]
03-12 18:11:17.519  2094  5135 I sensors-hal: handle_sns_client_event:353, mag_sample_uncal: ts=278388212233778 ns; value = [-0.169695, 56.097694, 21.033405], bias = [-12.780000, 48.779999, 62.340000]
03-12 18:11:17.540  2094  5135 I sensors-hal: handle_sns_client_event:353, mag_sample_uncal: ts=278388232233778 ns; value = [-0.696240, 56.531136, 22.858335], bias = [-12.780000, 48.779999, 62.340000]
03-12 18:11:17.559  2094  5135 I sensors-hal: handle_sns_client_event:353, mag_sample_uncal: ts=278388252233778 ns; value = [-1.705770, 56.110516, 21.791731], bias = [-12.780000, 48.779999, 62.340000]
03-12 18:11:17.579  2094  5135 I sensors-hal: handle_sns_client_event:353, mag_sample_uncal: ts=278388272233778 ns; value = [-2.064090, 54.357483, 20.560562], bias = [-12.780000, 48.779999, 62.340000]
03-12 18:11:17.583  2729  5650 D LOWI-9.0.1.112.a: [LOWI-Scan] wait_event:Wait done with Cmd 34
03-12 18:11:17.583  2729  5650 D LOWI-9.0.1.112.a: [LOWI-Scan] do_listen_events: Rcvd valid Netlink Cmd 34 Err 0
03-12 18:11:17.583  2729  5650 D LOWI-9.0.1.112.a: [LOWI-Scan]  -- associated
03-12 18:11:17.583  2729  5650 D LOWI-9.0.1.112.a: [LOWI-Scan] 
03-12 18:11:17.583  2729  5650 D LOWI-9.0.1.112.a: [LOWI-Scan] BSS d0:57:94:**:**:87 FREQ: 2462, cFreq1[40:80:160] = [0:0:0] cFreq2 = 0 SSID Shirin, RSSI(dBM): -62, 11mcRanging: No, Country Code =    
03-12 18:11:17.583  2729  5650 D LOWI-9.0.1.112.a: [LOWI-Scan] 
03-12 18:11:17.583  2729  5650 D LOWI-9.0.1.112.a: [LOWI-Scan] BSS d2:57:94:**:**:88 FREQ: 5180, cFreq1[40:80:160] = [5190:5210:0] cFreq2 = 0 SSID Shirin, RSSI(dBM): -56, 11mcRanging: No, Country Code = GB 
03-12 18:11:17.583  2729  5650 D LOWI-9.0.1.112.a: [LOWI-Scan] 
03-12 18:11:17.583  2729  5650 D LOWI-9.0.1.112.a: [LOWI-Scan] BSS 5c:60:ba:**:**:e9 FREQ: 2412, cFreq1[40:80:160] = [0:0:0] cFreq2 = 0 SSID DIRECT-E6-HP DeskJet 2800 series, RSSI(dBM): -53, 11mcRanging: No, Country Code = DE 
03-12 18:11:17.583  2729  5650 D LOWI-9.0.1.112.a: [LOWI-Scan] 
03-12 18:11:17.583  2729  5650 D LOWI-9.0.1.112.a: [LOWI-Scan] BSS 18:35:d1:**:**:67 FREQ: 5220, cFreq1[40:80:160] = [5230:5210:0] cFreq2 = 0 SSID VM7810624, RSSI(dBM): -85, 11mcRanging: No, Country Code = GB 
03-12 18:11:17.583  2729  5650 D LOWI-9.0.1.112.a: [LOWI-Scan] 
03-12 18:11:17.583  2729  5650 D LOWI-9.0.1.112.a: [LOWI-Scan] adjust_age:AP AGE upper limit reached. Dont store
03-12 18:11:17.583  2729  5650 D LOWI-9.0.1.112.a: [LOWI-Scan] BSS 62:b7:bd:**:**:64 FREQ: 2437, cFreq1[40:80:160] = [0:0:0] cFreq2 = 0 SSID _________, RSSI(dBM): -76, 11mcRanging: No, Country Code = GB 
03-12 18:11:17.583  2729  5650 D LOWI-9.0.1.112.a: [LOWI-Scan] 
03-12 18:11:17.583  2729  5650 D LOWI-9.0.1.112.a: [LOWI-Scan] BSS d2:57:94:**:**:8b FREQ: 5680, cFreq1[40:80:160] = [5670:5690:0] cFreq2 = 0 SSID ___________________, RSSI(dBM): -48, 11mcRanging: No, Country Code = GB 
03-12 18:11:17.583  2729  5650 D LOWI-9.0.1.112.a: [LOWI-Scan] 
03-12 18:11:17.583  2729  5650 D LOWI-9.0.1.112.a: [LOWI-Scan] adjust_age:AP AGE upper limit reached. Dont store
03-12 18:11:17.584  2729  5650 D LOWI-9.0.1.112.a: [LOWI-Scan] BSS 18:35:d1:**:**:61 FREQ: 2412, cFreq1[40:80:160] = [0:0:0] cFreq2 = 0 SSID VM7810624, RSSI(dBM): -69, 11mcRanging: No, Country Code = GB 
03-12 18:11:17.585  2729  5650 D LOWI-9.0.1.112.a: [LOWI-Scan] 
03-12 18:11:17.585  2729  5650 D LOWI-9.0.1.112.a: [LOWI-Scan] BSS 8c:9a:8f:**:**:60 FREQ: 2437, cFreq1[40:80:160] = [2437:0:0] cFreq2 = 0 SSID VM8700380, RSSI(dBM): -78, 11mcRanging: No, Country Code = NL 
03-12 18:11:17.585  2729  5650 D LOWI-9.0.1.112.a: [LOWI-Scan] 
03-12 18:11:17.586  2729  5650 D LOWI-9.0.1.112.a: [LOWI-Scan] adjust_age:AP AGE upper limit reached. Dont store
03-12 18:11:17.586  2729  5650 D LOWI-9.0.1.112.a: [LOWI-Scan] BSS 54:b7:bd:**:**:60 FREQ: 2437, cFreq1[40:80:160] = [0:0:0] cFreq2 = 0 SSID BT-NWF97W, RSSI(dBM): -75, 11mcRanging: No, Country Code = GB 
03-12 18:11:17.586  2729  5650 D LOWI-9.0.1.112.a: [LOWI-Scan] 
03-12 18:11:17.586  2729  5650 D LOWI-9.0.1.112.a: [LOWI-Scan] BSS 62:b7:bd:**:**:61 FREQ: 2437, cFreq1[40:80:160] = [0:0:0] cFreq2 = 0 SSID EE WiFi, RSSI(dBM): -78, 11mcRanging: No, Country Code = GB 
03-12 18:11:17.586  2729  5650 D LOWI-9.0.1.112.a: [LOWI-Scan] 
03-12 18:11:17.586  2729  5650 D LOWI-9.0.1.112.a: [LOWI-Scan] BSS 6a:19:4d:**:**:7d FREQ: 2462, cFreq1[40:80:160] = [0:0:0] cFreq2 = 0 SSID _________, RSSI(dBM): -84, 11mcRanging: No, Country Code = GB 
03-12 18:11:17.586  2729  5650 D LOWI-9.0.1.112.a: [LOWIDiagLog] Log: lowiMeasResult->request: invalid null argument
03-12 18:11:17.586  2729  5650 I LOWI-9.0.1.112.a: [LOWI-Scan] lowi_close_record:Scan done in 278350438ms, 11 APs in scan results
03-12 18:11:17.586  2729  5650 D LOWI-9.0.1.112.a: [LOWI-Scan] WipsScanUsingNL: passive scan cached 0, took 10839 ms, err 0
03-12 18:11:17.586  2729  5650 D LOWI-9.0.1.112.a: [LOWI-Scan] lowi_proc_req_passive_scan_with_live_meas - No WLAN Frames to be parsed
03-12 18:11:17.586  2729  5650 D LOWI-9.0.1.112.a: [LOWIScanResultReceiver] Send scan meas to listener
03-12 18:11:17.586  2729  5650 D LOWI-9.0.1.112.a: [LOWIScanResultReceiver] Enter passive listening mode
03-12 18:11:17.586  2729  5650 D LOWI-9.0.1.112.a: [LOWIWifiDriverInterface] getMeasurements - Passive listening mode
03-12 18:11:17.586  2729  5650 D LOWI-9.0.1.112.a: [LOWI-Scan] WipsScanUsingNL:wait -1 sec for netlink message
03-12 18:11:17.586  3101  3841 D WifiNl80211Manager: Scan result ready event
03-12 18:11:17.586  2729  2863 D LOWI-9.0.1.112.a: [LOWIEventReceiver] handleEvent:FROM:NA, TO:NA, REQ:NA, IREQ:NA, REQ_ID:0, RESP:NA, INFO:NA
03-12 18:11:17.586  2729  2863 D LOWI-9.0.1.112.a: [LOWIBackgroundScanMgr] isRspForBgScanMgr: evt(LOWI_NO_EVT) - not handled
03-12 18:11:17.586  2729  2863 D LOWI-9.0.1.112.a: [LOWIScheduler] manageMsg: NULL results or NULL request in results
03-12 18:11:17.587  2729  2863 D LOWI-9.0.1.112.a: [LOWIController] Measurements received
03-12 18:11:17.587  2729  2863 D LOWI-9.0.1.112.a: [LOWICacheManager] putInCache:Num of Meas to add: 11
03-12 18:11:17.587  2729  2863 D LOWI-9.0.1.112.a: [LOWIController] processMeasurementResults: No current Request. Cache measurements
03-12 18:11:17.587  2729  2863 D LOWI-9.0.1.112.a: [LOWIController] sendAsyncScanResponse: Request FreeWifiScanObserver_41 is from a different client.
03-12 18:11:17.587  2729  2863 D LOWI-9.0.1.112.a: [LOWIController] generateResponse: Type (ASYNC_DISCOVERY_SCAN_RESULTS) ScanStatus (1) request FreeWifiScanObserver_41
03-12 18:11:17.587  2729  2863 D LOWI-9.0.1.112.a: [LOWIEventDispatcher] sendResponse - originator = FreeWifiScanObserver
03-12 18:11:17.587  2729  2863 D LOWI-9.0.1.112.a: [LOWIUtils] injectScanMeasurements - num of APs = 11
03-12 18:11:17.587  2729  2863 I LOWI-9.0.1.112.a: [LOWIUtils] responseToOutPostcard - TO: FreeWifiScanObserver, FROM:   LOWI-SERVER, RESP:  LOWI_ASYNC_DISCOVERY_SCAN_RESULTS
03-12 18:11:17.587  2729  2863 D LOWI-9.0.1.112.a: [LOWIControllerExtn] sendLOWILpDiscoveryScanResponse: Not a discovery scan response
03-12 18:11:17.588  3101  3841 D WifiNative: Scan result ready event
03-12 18:11:17.589  3101  4261 D WificondScannerImpl: Filtering out 3 scan results.
03-12 18:11:17.590  2092  2457 I LocSvc_api_v02: ---> locClientSendReq line 2409 QMI_LOC_INJECT_WIFI_AP_DATA_REQ_V02
03-12 18:11:17.591  2092  3486 I LocSvc_ApiV02: <--- globalRespCb line 385 QMI_LOC_INJECT_WIFI_AP_DATA_REQ_V02
03-12 18:11:17.592  3101  4261 I WifiScanner: onFullResults
03-12 18:11:17.592  3101  4261 I WifiScanner: onFullResults
03-12 18:11:17.592  3101  4261 I WifiScanner: onFullResults
03-12 18:11:17.592 22407 22695 I WifiScanner: onFullResults
03-12 18:11:17.593 21233 21243 I WifiScanner: onFullResults
03-12 18:11:17.593 22407 22439 I WifiScanner: onFullResults
03-12 18:11:17.593 22407 22695 I WifiScanner: onFullResults
03-12 18:11:17.596  3101  5217 D SLocation: ReceiverPair - handleWifiScan - wifi scanned enter
03-12 18:11:17.596  3101  5217 D SLocation: ReceiverPair - ignore direction of location due to wifi, id = 28, reason = 500
03-12 18:11:17.596  3101  5217 I SLocation: ReceiverPairWithWifi - handle Wifi Scans ID = 90
03-12 18:11:17.597  3101  5217 I SLocation: ReceiverPairWithWifi - force set enter id=90 by wifi scan
03-12 18:11:17.597  3101  5217 D SLocation: ReceiverPair - ignore direction of location due to wifi, id = 90, reason = 500
03-12 18:11:17.597  3101  4346 D SemWifiScanPool: countryCode: GB, count: 5, totalSamples: 7, rate: 71.42857%
03-12 18:11:17.597  3101  5217 D SLocation: LocationProviderStatus - try to update provider status (GPS/NLP)
03-12 18:11:17.597  3101  5217 D SLocation: LocationProviderStatus - set isGpsOn : true, isNlpOn : true
03-12 18:11:17.597  3101  5217 D SLocation: LocationProviderStatus - gps & nlp status not changed
03-12 18:11:17.597  3101  5217 D SLocation: GeofenceCoreManager - geofence core command pending size : 2
03-12 18:11:17.597  3101  4346 V SemWifiScanPool: updateScanResult, full scan:8 configKeys: 7 pool_bssid:228 pool_configKeys:12
03-12 18:11:17.597  3101  5217 D SLocation: GeofenceCoreRecovery - removeGeofenceInfo id = 15000
03-12 18:11:17.597  3101  5217 D SLocation: SLocationCoreSem - send to coreSem, packet length : 3 / [17, 58, 152]
03-12 18:11:17.597  3101  5217 D SemContextLocationCoreAttribute: setAttribute() mode : 0 action : 23
03-12 18:11:17.597  3101  4346 D WifiConnectivityMonitor: onScanResultUpdated
03-12 18:11:17.597  3101  4346 D WifiConnectivityMonitor: mMaxScannedCountryCode : GB
03-12 18:11:17.597  3101  5217 D SemContextService: lock : changeParameters
03-12 18:11:17.598  3101  5217 D SemContext.CaeProvider.LocationCoreImpl: setAttribute() mode : 0 action : 23
03-12 18:11:17.598  3101  5217 W CAE     : setCAProperty(ContextAwareService.java:509) - [setProperty 01] Mutex is locked for SLOCATION_RUNNER
03-12 18:11:17.598  3101  5217 I CAE     : setPropertyValue(SLocationRunner.java:116) - SLocationRunner setProperty header : 17, len : 3
03-12 18:11:17.598  3101  4246 D SensorService: setSContextDataLocked ints length 3 , byte length 6
03-12 18:11:17.598  3101  4246 D SensorService: setSContextDataLocked 113717c1
03-12 18:11:17.598  2094  2094 I sensors-hal: inject_sensor_data:412, handle 1502 send inject
03-12 18:11:17.598  2094  2094 I sensors-hal: sendContextData:303, sensor hal 6, (0xc1, 0x17, 0x37, 0x11)
03-12 18:11:17.598  2094  2094 E sensors-hal: sendContextData:133, slocationcore h 193 m 23 s 55
03-12 18:11:17.598  2094  2094 I sensors-hal: sendUserData:119, slocationcore sendUserData
03-12 18:11:17.598  2094  2094 E sensors-hal: create_send_context_data:64, slocationcore create_send_context_data
03-12 18:11:17.599  2094  2094 I sensors-hal: send_context_data:701, slocationcore, 4986366670857974562, 1320970896291267344, msgid:700
03-12 18:11:17.599  3101  5217 W CAE     : setCAProperty(ContextAwareService.java:515) - [setProperty 02] Mutex is unlocked for SLOCATION_RUNNER
03-12 18:11:17.599  3101  5217 D SemContextService: unlock : changeParameters
03-12 18:11:17.599  3101  5217 D SemContextManager:   .changeParameters : listener = Z.i@cc1d0ca, service=SLocation Core
03-12 18:11:17.599  3101  5217 D SLocation: GeofenceCoreManager - geofence core command pending size : 1
03-12 18:11:17.599  3101  5217 D SLocation: GeofenceCoreRecovery - storeGeofenceInfo 1 id = 15000, radius = 10494
03-12 18:11:17.599  3101  5217 D SLocation: SLocationCoreSem - send to coreSem, packet length : 16 / [16, 58, 152, 30, 174, 45, 238, 255, 251, 100, 91, 0, 0, 40, 254, 1]
03-12 18:11:17.599  3101  5217 D SemContextLocationCoreAttribute: setAttribute() mode : 0 action : 23
03-12 18:11:17.599  3101  5217 D SemContextService: lock : changeParameters
03-12 18:11:17.599  3101  5217 D SemContext.CaeProvider.LocationCoreImpl: setAttribute() mode : 0 action : 23
03-12 18:11:17.599  3101  5217 W CAE     : setCAProperty(ContextAwareService.java:509) - [setProperty 01] Mutex is locked for SLOCATION_RUNNER
03-12 18:11:17.599  3101  5217 I CAE     : setPropertyValue(SLocationRunner.java:116) - SLocationRunner setProperty header : 16, len : 16
03-12 18:11:17.599  2094  4244 I sensors-hal: qsh_conn_resp_cb:972, resp_value = 0 for slocationcore 
03-12 18:11:17.599  3101  4246 D SensorService: setSContextDataLocked ints length 6 , byte length 19
03-12 18:11:17.599  3101  4246 D SensorService: setSContextDataLocked 103717c1
03-12 18:11:17.599  2094  4244 I sensors-hal: qsh_conn_event_cb:927, event[0] sensor:slocationcore  Wakeup, msg_id=1025, ts=5345162201142
03-12 18:11:17.599  2094  4244 E sensors-hal: handle_sns_client_event:78, slocationcore_event: msgid:1025
03-12 18:11:17.599  2094  4244 I sensors-hal: insert_awaking_events:873, smp2p_event, 25.slocationcore, msgid:1025
03-12 18:11:17.599  2094  2094 I sensors-hal: inject_sensor_data:412, handle 1502 send inject
03-12 18:11:17.599  2094  2094 I sensors-hal: sendContextData:303, sensor hal 19, (0xc1, 0x17, 0x37, 0x10)
03-12 18:11:17.599  2094  2094 E sensors-hal: sendContextData:133, slocationcore h 193 m 23 s 55
03-12 18:11:17.599  2094  2094 I sensors-hal: sendUserData:119, slocationcore sendUserData
03-12 18:11:17.599  2094  2094 E sensors-hal: create_send_context_data:64, slocationcore create_send_context_data
03-12 18:11:17.599  2094  2094 I sensors-hal: send_context_data:701, slocationcore, 4986366670857974562, 1320970896291267344, msgid:700
03-12 18:11:17.600  3101  5217 W CAE     : setCAProperty(ContextAwareService.java:515) - [setProperty 02] Mutex is unlocked for SLOCATION_RUNNER
03-12 18:11:17.600  3101  5217 D SemContextService: unlock : changeParameters
03-12 18:11:17.600  2094  5135 I sensors-hal: handle_sns_client_event:353, mag_sample_uncal: ts=278388292233778 ns; value = [-1.248615, 55.511955, 22.241236], bias = [-12.780000, 48.779999, 62.340000]
03-12 18:11:17.600  3101  5217 D SemContextManager:   .changeParameters : listener = Z.i@cc1d0ca, service=SLocation Core
03-12 18:11:17.600 22407  4106 I FrewleTileCacheManagerV: (REDACTED) Fetched %d AP models from cache
03-12 18:11:17.600  2094  4244 I sensors-hal: qsh_conn_resp_cb:972, resp_value = 0 for slocationcore 
03-12 18:11:17.600  2094  4244 I sensors-hal: qsh_conn_event_cb:927, event[0] sensor:slocationcore  Wakeup, msg_id=1025, ts=5345162214591
03-12 18:11:17.600  2094  4244 E sensors-hal: handle_sns_client_event:78, slocationcore_event: msgid:1025
03-12 18:11:17.600  3101  4242 D CAE     : onGetSensorHubData(SensorHubParserProvider.java:92) - onGetSensorHubData Event [event buffer len :10], AP_WAKEUP
03-12 18:11:17.600  3101  4242 I CAE     : parse(SensorHubParserProvider.java:188) - buffer size = 10
03-12 18:11:17.600  3101  4242 I CAE     : parse(SensorHubParserProvider.java:199) - 1, 1, 55, 0, 5, 2, 17, 0, 58, -104,
03-12 18:11:17.600  3101  4242 I CAE     : parse(SLocationRunner.java:88) - SLocationRunner parse start : 3
03-12 18:11:17.600  3101  4242 D CAE     : display(ContextProvider.java:375) - ================= SLOCATION_RUNNER =================
03-12 18:11:17.600  3101  4242 I CAE     : display(ContextProvider.java:391) - ExtraDataArray=[1, 1, 55, 0, 5, 2, 17, 0, 58, -104]
03-12 18:11:17.600  3101  4242 I CAE     : parse(SLocationRunner.java:96) - SLocationRunner parse end:10
03-12 18:11:17.600  3101  4242 D CAE     : onGetSensorHubData(SensorHubParserProvider.java:92) - onGetSensorHubData Event [event buffer len :10], AP_WAKEUP
03-12 18:11:17.601  3101  4239 D SemContextService: Service.updateContext() : service = SLocation Core
03-12 18:11:17.601  3101  4242 I CAE     : parse(SensorHubParserProvider.java:188) - buffer size = 10
03-12 18:11:17.601  3101  4242 I CAE     : parse(SensorHubParserProvider.java:199) - 1, 1, 55, 0, 5, 2, 16, 0, 58, -104,
03-12 18:11:17.601  3101  4242 I CAE     : parse(SLocationRunner.java:88) - SLocationRunner parse start : 3
03-12 18:11:17.601  3101  4242 D CAE     : display(ContextProvider.java:375) - ================= SLOCATION_RUNNER =================
03-12 18:11:17.601  3101  4242 I CAE     : display(ContextProvider.java:391) - ExtraDataArray=[1, 1, 55, 0, 5, 2, 16, 0, 58, -104]
03-12 18:11:17.601  3101  4242 I CAE     : parse(SLocationRunner.java:96) - SLocationRunner parse end:10
03-12 18:11:17.601  3101  4239 D SemContextService: Service.updateContext() : service = SLocation Core
03-12 18:11:17.603  3101  7818 D ActivityManager: Received SERVICE intent 0xb46e103 Key{startService pkg=com.google.android.gms/fused_location_provider intent=act=com.google.android.location.internal.action.FLP_FULL_POWER_LOCATION_RESULT xflg=0x4 pkg=com.google.android.gms cmp=com.google.android.gms/com.google.android.location.internal.PendingIntentCallbackService flags=0x2000000 u=0} requestCode=0 from uid 10279
03-12 18:11:17.605  3101  7801 D ActivityManager: Received SERVICE intent 0xed45567 Key{startService pkg=com.google.android.gms/fused_location_provider intent=act=com.google.android.location.internal.action.FLP_LOW_POWER_LOCATION_RESULT xflg=0x4 pkg=com.google.android.gms cmp=com.google.android.gms/com.google.android.location.internal.PendingIntentCallbackService flags=0x2000000 u=0} requestCode=0 from uid 10279
03-12 18:11:17.606  3101  7818 D ActivityManager: Received SERVICE intent 0xe37fd83 Key{startService pkg=com.google.android.gms/network_location_provider intent=act=com.google.android.gms.location.util.nlp.RESULT cat=[targeted_intent_op_prefix:.location.util.nlp.NlpInternalApi$NlpReceiverIntentOperation] xflg=0x4 cmp=com.google.android.gms/.chimera.PersistentIntentOperationService flags=0x2000000 u=0} requestCode=0 from uid 10279
03-12 18:11:17.607 22407 22484 I FusedLocation: (REDACTED) location delivery to %s blocked - too fast
03-12 18:11:17.607 22407 22484 I FusedLocation: (REDACTED) location delivery to %s blocked - too fast
03-12 18:11:17.608 22407 22484 I FusedLocation: (REDACTED) location delivery to %s blocked - too fast
03-12 18:11:17.609 22407 22484 I FusedLocation: (REDACTED) location delivery to %s blocked - too close
03-12 18:11:17.609 22407 22484 I FusedLocation: (REDACTED) location delivery to %s blocked - too fast
03-12 18:11:17.610  5643  5766 I GmsPassiveListener_FLP: onGmsLocationChanged, provider=fused / speed=0.23776026 / time=1773339077531 / elapsed=278388230659976
03-12 18:11:17.611 22407 22484 I gney    : Received empty WiFi-RTT scan. [CONTEXT service_id=6 ]
03-12 18:11:17.612  2092  2284 I GnssAidl: ===> injectLocation line 260 
03-12 18:11:17.612  2092  2457 I LocSvc_api_v02: ---> locClientSendReq line 2409 QMI_LOC_INJECT_POSITION_REQ_V02
03-12 18:11:17.612  3101  5217 D SLocation: PositionManager - Passive handleLocationChanged [F, A : 3.00, T : 1773339077531, ET : 278388230, h : 20/3]
03-12 18:11:17.612  3101  5217 D SLocation: PositionManager - receive fused location
03-12 18:11:17.612  3101  5217 D SLocation: PositionManager - Passive handleLocationChanged [N, A : 13.40, T : 1773339075545, ET : 278386047, h : 20/3]
03-12 18:11:17.612  3101  5217 D SLocation: DuplicateLocationChecker_GeofenceLocationFilter - fused is duplicated last fused location
03-12 18:11:17.612  3101  5217 D SLocation: DuplicateLocationChecker_FilteredLastLocation - fused is duplicated last fused location
03-12 18:11:17.612  3101  5217 D SLocation: GeofenceLocationFilter - location sent before 3811, need to filter / provider : network, accuracy : 13.403
03-12 18:11:17.613  3101  5217 W Settings: Setting airplane_mode_on has moved from android.provider.Settings.System to android.provider.Settings.Global, returning read-only value.
03-12 18:11:17.613  3101  5217 D SLocation: FilteredLastLocation - notify all last locations, loc : 3
03-12 18:11:17.613  2092  3486 I LocSvc_ApiV02: <--- globalRespCb line 385 QMI_LOC_INJECT_POSITION_REQ_V02
03-12 18:11:17.618  2094  5135 I sensors-hal: handle_sns_client_event:353, mag_sample_uncal: ts=278388312233778 ns; value = [-1.417395, 56.548801, 21.796110], bias = [-12.780000, 48.779999, 62.340000]
03-12 18:11:17.632  3101  4255 E WifiStaIfaceAidlImpl: getCachedScanData failed with service-specific exception: android.os.ServiceSpecificException:  (code 4)
03-12 18:11:17.634  3101 22612 I Mocca_VehicleDetectionHelper: (1.1.04.1)WiFi: WiFi delta: 3.0 totalKeys is: 10 ratio is: 30.000002
03-12 18:11:17.634  3101 22612 I Mocca_VehicleDetectionHelper: (1.1.04.1)WiFi: Updated WiFi status: 2
03-12 18:11:17.634  3101 22612 D VehicleSensorHub: vehicleSendToSensorHub status : 2 type : 16
03-12 18:11:17.634  3101 22612 I SensorManager: Get Sensor type = 65586
03-12 18:11:17.634  3101 22612 D SensorService: setSContextDataLocked ints length 3 , byte length 5
03-12 18:11:17.634  3101 22612 D SensorService: setSContextDataLocked 103c17c1
03-12 18:11:17.634  3101  3101 D GnssLocationProvider_ex: receive broadcast intent, action: android.net.wifi.SCAN_RESULTS
03-12 18:11:17.634  2094  2094 I sensors-hal: inject_sensor_data:412, handle 1502 send inject
03-12 18:11:17.634  2094  2094 I sensors-hal: sendContextData:303, sensor hal 5, (0xc1, 0x17, 0x3c, 0x10)
03-12 18:11:17.634  2094  2094 I sensors-hal: sendContextData:206, activities 5 c1, 1
03-12 18:11:17.634  2094  2094 I sensors-hal: sendUserData:227, Activities cmd 0xc1 0x17
03-12 18:11:17.634  2094  2094 I sensors-hal: create_send_context_data:45, sending create_send_context_data
03-12 18:11:17.634  2094  2094 I sensors-hal: send_context_data:701, activities, 4914309220830019584, 1320970896291267344, msgid:700
03-12 18:11:17.634  3101  4378 I SemWifiIntelligentConnectionManager: Iwh disabled : 2 / 0 / T / T
03-12 18:11:17.635  3101  3101 D SemContextManager: onSemContextChanged() : event = SLocation Core
03-12 18:11:17.635  3101  3101 D SLocation: SensorHubWrapper - SemContextChanged type = 47, packet received
03-12 18:11:17.635  3101  3101 D SemContextManager: onSemContextChanged() : event = SLocation Core
03-12 18:11:17.635  3101  3101 D SLocation: SensorHubWrapper - SemContextChanged type = 47, packet received
03-12 18:11:17.635 31317 31317 I wpa_sslib: cmd: GETNCHOMODE
03-12 18:11:17.635 31317 31317 I wpa_sslib: Response: GETNCHOMODE 0
03-12 18:11:17.635  3101 22612 W ContextImpl: Calling a method in the system process without a qualified user: android.app.ContextImpl.sendBroadcast:1335 com.samsung.android.mocca.app.vehicle.AdvancedVehicleDetection.reportAdvancedVehicleEvent:185 com.samsung.android.mocca.app.vehicle.AdvancedVehicleDetection.handleWifiScanResult:340 com.samsung.android.mocca.app.vehicle.AdvancedVehicleDetection.q:0 D.e.h:231 
03-12 18:11:17.635  3101  5217 D SLocation: GeofenceCoreManager - received Extra Data from core, len : 5
03-12 18:11:17.635  3101  5217 D SLocation: GeofenceCoreManager - handleCommandCallback - GEOFENCE_REMOVE SUCCESS
03-12 18:11:17.635  3101  5217 I SLocation: SHardwareManager - handleRemoveCallback : GEOFENCE_SUCCESS, id = 15000
03-12 18:11:17.636  3101  5217 D SLocation: CommonCoreManager - received Extra Data from core, len : 5
03-12 18:11:17.636  3101  5217 D SLocation: GeofenceCoreManager - received Extra Data from core, len : 5
03-12 18:11:17.636  3101  5217 D SLocation: GeofenceCoreManager - handleCommandCallback - GEOFENCE_ADD SUCCESS
03-12 18:11:17.636  3101  5217 I SLocation: SHardwareManager - handleAddCallback : GEOFENCE_SUCCESS id = 15000
03-12 18:11:17.636  3101  5217 D SLocation: CommonCoreManager - received Extra Data from core, len : 5
03-12 18:11:17.636  2094  4244 I sensors-hal: qsh_conn_resp_cb:972, resp_value = 0 for activities 
03-12 18:11:17.637  3101  4389 D WifiConnectivityMonitor: MultiNetwork : false || false
03-12 18:11:17.637  3101  4389 D WifiConnectivityMonitor: MultiNetwork legacy (10048) false
03-12 18:11:17.639  2094  5135 I sensors-hal: handle_sns_client_event:353, mag_sample_uncal: ts=278388332233778 ns; value = [-1.451340, 56.837566, 22.557615], bias = [-12.780000, 48.779999, 62.340000]
03-12 18:11:17.644  3101  4378 E SemThroughputPredictor: Null device capabilities passed to throughput predictor
03-12 18:11:17.645  3101  4378 I SemWifiIntelligentConnectionManager: HO config: 2 / T / T / T / T / F
03-12 18:11:17.645  3101  4378 I SemWifiIntelligentConnectionManager: IWH not enabled: d0:87 / 3 / 0 | F / 2 / T / T / F (1 / 0) | F / F / T / T / F / F / F / T / -1 / F | 0 / T / 6272 / false
03-12 18:11:17.658  2094  5135 I sensors-hal: handle_sns_client_event:353, mag_sample_uncal: ts=278388352233778 ns; value = [-1.404990, 55.364117, 22.543215], bias = [-12.780000, 48.779999, 62.340000]
03-12 18:11:17.679  2094  5135 I sensors-hal: handle_sns_client_event:353, mag_sample_uncal: ts=278388372233778 ns; value = [-2.050665, 56.994778, 22.255486], bias = [-12.780000, 48.779999, 62.340000]
03-12 18:11:17.699  2094  5135 I sensors-hal: handle_sns_client_event:353, mag_sample_uncal: ts=278388392233778 ns; value = [-0.760650, 55.514626, 21.179251], bias = [-12.780000, 48.779999, 62.340000]
03-12 18:11:17.719  2094  5135 I sensors-hal: handle_sns_client_event:353, mag_sample_uncal: ts=278388412233778 ns; value = [-1.575570, 55.509781, 22.999802], bias = [-12.780000, 48.779999, 62.340000]
03-12 18:11:17.739  2094  5135 I sensors-hal: handle_sns_client_event:353, mag_sample_uncal: ts=278388432233778 ns; value = [-0.770520, 55.512257, 21.482700], bias = [-12.780000, 48.779999, 62.340000]
03-12 18:11:17.759  2094  5135 I sensors-hal: handle_sns_client_event:353, mag_sample_uncal: ts=278388452233778 ns; value = [-0.483045, 55.504951, 21.937937], bias = [-12.780000, 48.779999, 62.340000]
03-12 18:11:17.779  2094  5135 I sensors-hal: handle_sns_client_event:353, mag_sample_uncal: ts=278388472233778 ns; value = [-1.340835, 55.379520, 20.570791], bias = [-12.780000, 48.779999, 62.340000]
03-12 18:11:17.796  3101  4287 D GnssLocationProvider_ex: SV Count : 27 / 39      (PRN, Constellation, Type, SNR, Used)
03-12 18:11:17.796  3101  4287 D GnssLocationProvider_ex: (1, GPS, L1, 23.1, 1) (2, GPS, L1, 30.4, 1) (3, GPS, L1, 20.6, 1) (4, GPS, L1, 17.3, 1) (8, GPS, L1, 32.9, 1) (14, GPS, L1, 18.4, 0) 
03-12 18:11:17.796  3101  4287 D GnssLocationProvider_ex: (22, GPS, L1, 18.0, 1) (32, GPS, L1, 31.6, 1) (2, GLONASS, L1, 19.1, 1) (1, GLONASS, L1, 17.2, 0) (24, GLONASS, L1, 26.3, 1) (3, GLONASS, L1, 31.6, 1) 
03-12 18:11:17.796  3101  4287 D GnssLocationProvider_ex: (43, BEIDOU, L1, 26.7, 1) (42, BEIDOU, L1, 23.2, 1) (39, BEIDOU, L1, 17.8, 0) (34, BEIDOU, L1, 28.8, 1) (33, BEIDOU, L1, 35.0, 1) (21, BEIDOU, L1, 20.8, 0) 
03-12 18:11:17.796  3101  4287 D GnssLocationProvider_ex: (14, BEIDOU, L1, 33.6, 1) (5, BEIDOU, L1, 24.2, 1) (4, GALILEO, L1, 14.9, 0) (10, GALILEO, L1, 15.9, 1) (12, GALILEO, L1, 17.9, 0) (16, GALILEO, L1, 15.9, 1) 
03-12 18:11:17.796  3101  4287 D GnssLocationProvider_ex: (19, GALILEO, L1, 16.4, 0) (29, GALILEO, L1, 16.7, 1) (33, GALILEO, L1, 26.3, 1) (3, GPS, L5, 15.4, 0) (8, GPS, L5, 16.6, 0) (19, GALILEO, L5, 17.2, 1) 
03-12 18:11:17.796  3101  4287 D GnssLocationProvider_ex: (21, BEIDOU, L5, 19.9, 0) (33, BEIDOU, L5, 16.5, 0) (42, BEIDOU, L5, 17.3, 1) (21, BEIDOU, L1, 22.6, 0) (33, BEIDOU, L1, 33.8, 1) (34, BEIDOU, L1, 31.1, 1) 
03-12 18:11:17.796  3101  4287 D GnssLocationProvider_ex: (39, BEIDOU, L1, 26.3, 1) (42, BEIDOU, L1, 25.8, 1) (43, BEIDOU, L1, 23.1, 1) 
03-12 18:11:17.797  5643  5766 I GnssEngineManager_FLP: updateSatelliteStatus, top4=33, top6=32, visibleSv=39, usedSv=27, usedL5Sv=2 (usedGps=7, usedGlo=3, usedBds=12, usedGal=5)
03-12 18:11:17.798  3101  4287 D GnssLocationProvider: reportLocation
03-12 18:11:17.799  5643  5766 I GnssEngineManager_FLP: onGpsLocationChanged, provider=gps / isMock=false / speed=0.0 / time=1773339078000 / elapsed=278388488746518
03-12 18:11:17.800  2094  5135 I sensors-hal: handle_sns_client_event:353, mag_sample_uncal: ts=278388492233778 ns; value = [-2.149920, 55.821453, 21.788759], bias = [-12.780000, 48.779999, 62.340000]
03-12 18:11:17.801  3101 22612 I Mocca_VehicleDetectionHelper: (1.1.04.1)GPS: Avg speed: 0.0 Speed: 0.0 LIST: [0.0, 0.0, 0.0, 0.0, 0.0, 0.0, 0.0, 0.0, 0.0, 0.0]
03-12 18:11:17.801  3101 22612 D VehicleSensorHub: vehicleSendToSensorHub status : 2 type : 18
03-12 18:11:17.801  3101 22612 I SensorManager: Get Sensor type = 65586
03-12 18:11:17.801  3101 22612 D SensorService: setSContextDataLocked ints length 3 , byte length 5
03-12 18:11:17.801  3101 22612 D SensorService: setSContextDataLocked 123c17c1
03-12 18:11:17.801  2094  2094 I sensors-hal: inject_sensor_data:412, handle 1502 send inject
03-12 18:11:17.801  2094  2094 I sensors-hal: sendContextData:303, sensor hal 5, (0xc1, 0x17, 0x3c, 0x12)
03-12 18:11:17.801  2094  2094 I sensors-hal: sendContextData:206, activities 5 c1, 1
03-12 18:11:17.801  2094  2094 I sensors-hal: sendUserData:227, Activities cmd 0xc1 0x17
03-12 18:11:17.801  2094  2094 I sensors-hal: create_send_context_data:45, sending create_send_context_data
03-12 18:11:17.801  2094  2094 I sensors-hal: send_context_data:701, activities, 4914309220830019584, 1320970896291267344, msgid:700
03-12 18:11:17.802  2094  4244 I sensors-hal: qsh_conn_resp_cb:972, resp_value = 0 for activities 
03-12 18:11:17.802  3101 22612 W ContextImpl: Calling a method in the system process without a qualified user: android.app.ContextImpl.sendBroadcast:1335 com.samsung.android.mocca.app.vehicle.AdvancedVehicleDetection.reportAdvancedVehicleEvent:185 com.samsung.android.mocca.app.vehicle.AdvancedVehicleDetection.handleLocEvent:277 com.samsung.android.mocca.app.vehicle.AdvancedVehicleDetection.p:0 D.e.h:136 
03-12 18:11:17.803 21233   404 I FrewleTileCacheManagerV: (REDACTED) Fetched %d AP models from cache
03-12 18:11:17.803  5643  5766 I NewStopController_FLP: isAvailableLastLoc, KeepStationary : false , timeGap : 13 , mStraightFixCount : 0
03-12 18:11:17.803  5643  5766 I NewStopController_FLP: onChangedGlpLocation, isGpsStopped= false, isReportingLL= false, isAvailableLastLoc : true
03-12 18:11:17.803  3101  5217 D SLocation: PositionManager - Passive handleLocationChanged [G, A : 3.79, T : 1773339078000, ET : 278388488, E : MI, h : 20/3]
03-12 18:11:17.803  3101  5217 D SLocation: PositionManager - receive gps location
03-12 18:11:17.804  3101  5217 D SLocation: GeofenceLocationFilter - location sent before 4002, need to filter / provider : gps, accuracy : 3.7900925
03-12 18:11:17.804  3101  5217 D SLocation: LastLocations - update latest location [G, A : 3.79, T : 1773339078000, ET : 278388488, E : MI, h : 20/3]
03-12 18:11:17.804  3101  5217 D SLocation: FilteredLastLocation - notify all last locations, loc : 3
03-12 18:11:17.806 22407 22484 I FusedLocation: (REDACTED) location delivery to %s blocked - too fast
03-12 18:11:17.806 22407 22484 I FusedLocation: (REDACTED) location delivery to %s blocked - too fast
03-12 18:11:17.806 22407 22484 I FusedLocation: (REDACTED) location delivery to %s blocked - too fast
03-12 18:11:17.806 22407 22484 I FusedLocation: (REDACTED) location delivery to %s blocked - too close
03-12 18:11:17.806 22407 22484 I FusedLocation: (REDACTED) location delivery to %s blocked - too fast
03-12 18:11:17.808  3101  5217 D SLocation: PositionManager - Passive handleLocationChanged [F, A : 3.00, T : 1773339077790, ET : 278388488, h : 20/3]
03-12 18:11:17.808  3101  5217 D SLocation: PositionManager - receive fused location
03-12 18:11:17.808  3101  5217 D SLocation: DuplicateLocationChecker_GeofenceLocationFilter - fused is duplicated last fused location
03-12 18:11:17.809  3101  5217 D SLocation: DuplicateLocationChecker_FilteredLastLocation - fused is duplicated last fused location
03-12 18:11:17.809  5643  5766 I GmsPassiveListener_FLP: onGmsLocationChanged, provider=fused / speed=0.25066012 / time=1773339077790 / elapsed=278388488746518
03-12 18:11:17.812 21233 21317 W ChipsetCorrectionsCompu: Pixel is inside building or within UNKNOWN clutter type
03-12 18:11:17.812  2092  2284 I LocSvc_GnssAdapter: measCorrSetCorrectionsCommand:7651] GnssAdapter::measCorrSetCorrectionsCommand
03-12 18:11:17.812  2092  2457 I LocSvc_api_v02: ---> locClientSendReq line 2409 UNKNOWN
03-12 18:11:17.813  2092  3486 I LocSvc_ApiV02: <--- globalRespCb line 385 UNKNOWN
03-12 18:11:17.814 22407  5106 W ChipsetCorrectionsCompu: Pixel is inside building or within UNKNOWN clutter type
03-12 18:11:17.815  2092  2284 I LocSvc_GnssAdapter: measCorrSetCorrectionsCommand:7651] GnssAdapter::measCorrSetCorrectionsCommand
03-12 18:11:17.815  2092  2457 I LocSvc_api_v02: ---> locClientSendReq line 2409 UNKNOWN
03-12 18:11:17.816  2092  3486 I LocSvc_ApiV02: <--- globalRespCb line 385 UNKNOWN
03-12 18:11:17.818  2094  5135 I sensors-hal: handle_sns_client_event:353, mag_sample_uncal: ts=278388512233778 ns; value = [-1.587975, 56.694466, 22.252695], bias = [-12.780000, 48.779999, 62.340000]
03-12 18:11:17.839  2094  5135 I sensors-hal: handle_sns_client_event:353, mag_sample_uncal: ts=278388532233778 ns; value = [-1.753620, 56.841316, 22.557554], bias = [-12.780000, 48.779999, 62.340000]
03-12 18:11:17.858  2094  5135 I sensors-hal: handle_sns_client_event:353, mag_sample_uncal: ts=278388552233778 ns; value = [-1.252650, 55.956364, 21.942106], bias = [-12.780000, 48.779999, 62.340000]
03-12 18:11:17.879  2094  5135 I sensors-hal: handle_sns_client_event:353, mag_sample_uncal: ts=278388572233778 ns; value = [-1.505580, 55.971962, 20.424797], bias = [-12.780000, 48.779999, 62.340000]
03-12 18:11:17.881  3101  3841 D SemContextService: lock : requestToUpdate
03-12 18:11:17.881  3101  3841 W CAE     : setCAProperty(ContextAwareService.java:509) - [setProperty 01] Mutex is locked for CH_LOC_TRIGGER
03-12 18:11:17.881  3101  4246 D SensorService: setSContextDataLocked ints length 2 , byte length 4
03-12 18:11:17.881  3101  4246 D SensorService: setSContextDataLocked 3db8
03-12 18:11:17.881  2094  2094 I sensors-hal: inject_sensor_data:412, handle 1502 send inject
03-12 18:11:17.881  2094  2094 I sensors-hal: sendContextData:303, sensor hal 4, (0xb8, 0x3d, 0x0, 0x0)
03-12 18:11:17.881  2094  2094 I sensors-hal: sendContextData:131, change_location_trigger 4,184
03-12 18:11:17.881  2094  2094 I sensors-hal: sendUserData:118, change_location_trigger h 184 m 61 s 0
03-12 18:11:17.881  2094  2094 I sensors-hal: create_send_context_data:66, change_location_trigger create_send_context_data
03-12 18:11:17.881  2094  2094 I sensors-hal: send_context_data:701, change_location_trigger, -244018566922240, 1320970896291267344, msgid:700
03-12 18:11:17.882  3101  3841 W CAE     : setCAProperty(ContextAwareService.java:515) - [setProperty 02] Mutex is unlocked for CH_LOC_TRIGGER
03-12 18:11:17.882  3101  3841 D SemContextService:     .requestToUpdate() : service = Location Change Trigger
03-12 18:11:17.882  3101  3841 D SemContextService: unlock : requestToUpdate
03-12 18:11:17.882  3101  3841 D SemContextManager:   .requestToUpdate : listener = com.android.server.location.nsflp.NSLocationMonitor$5@87f967e, service=Location Change Trigger
03-12 18:11:17.882  5643 10627 I NewStopController_FLP: StateChecker, check stationary message
03-12 18:11:17.882  2094  4244 I sensors-hal: qsh_conn_resp_cb:972, resp_value = 0 for change_location_trigger 
03-12 18:11:17.891  2094  4244 I sensors-hal: qsh_conn_event_cb:927, event[0] sensor:change_location_trigger  Wakeup, msg_id=1025, ts=5345167797363
03-12 18:11:17.891  2094  4244 I sensors-hal: handle_sns_client_event:85, change_location_trigger_event: msgid:1025
03-12 18:11:17.891  2094  4244 I sensors-hal: handle_sns_client_event:108, change_location_trigger_event: 255, 255
03-12 18:11:17.891  2094  4244 I sensors-hal: insert_awaking_events:873, smp2p_event, 35.change_location_trigger, msgid:1025
03-12 18:11:17.892  3101  4242 D CAE     : onGetSensorHubData(SensorHubParserProvider.java:92) - onGetSensorHubData Event [event buffer len :15], AP_WAKEUP
03-12 18:11:17.892  3101  4242 I CAE     : parse(SensorHubParserProvider.java:188) - buffer size = 15
03-12 18:11:17.892  3101  4242 I CAE     : parse(SensorHubParserProvider.java:199) - 1, 1, 61, -1, 0, 2, 1, 0, 0, 0, 1, 0, 0, 0, 0,
03-12 18:11:17.893  3101  4242 D CAE     : display(ContextProvider.java:375) - ================= CH_LOC_TRIGGER =================
03-12 18:11:17.893  3101  4242 I CAE     : display(ContextProvider.java:391) - duration=[1], property=[1], result=[2], reserved=[0]
03-12 18:11:17.893  3101  4239 D SemContextService: Service.updateContext() : service = Location Change Trigger
03-12 18:11:17.893  3101  4288 D SemContextManager: onSemContextChanged() : event = Location Change Trigger
03-12 18:11:17.893  3101  4288 D NSLocationMonitor: onSemContextChanged, activity : 1 result : 2 movement : 1
03-12 18:11:17.899  2094  5135 I sensors-hal: handle_sns_client_event:353, mag_sample_uncal: ts=278388592233778 ns; value = [-1.482405, 55.235237, 20.417597], bias = [-12.780000, 48.779999, 62.340000]
03-12 18:11:17.919  2094  5135 I sensors-hal: handle_sns_client_event:353, mag_sample_uncal: ts=278388612233778 ns; value = [1.037625, 55.191513, 21.935356], bias = [-12.780000, 48.779999, 62.340000]
03-12 18:11:17.939  2094  5135 I sensors-hal: handle_sns_client_event:353, mag_sample_uncal: ts=278388632233778 ns; value = [-2.584200, 55.534760, 21.482342], bias = [-12.780000, 48.779999, 62.340000]
03-12 18:11:17.959  2094  5135 I sensors-hal: handle_sns_client_event:353, mag_sample_uncal: ts=278388652233778 ns; value = [-1.516950, 55.226944, 21.479671], bias = [-12.780000, 48.779999, 62.340000]
03-12 18:11:17.972  2094  4548 I sensors-hal: handle_sns_std_sensor_event:127, [SSC_LIGHT] A: 14(14),c:67,b:73,m:0,cl:13,l:14,s:11,l0:46121,l1:9210,s0:75,s1:16,acl:1,opr:0.67,f(r):91,u(bl):89,if:64,wi:0,si:0,64(N:0)
03-12 18:11:17.979  2094  5135 I sensors-hal: handle_sns_client_event:353, mag_sample_uncal: ts=278388672233778 ns; value = [-0.950070, 56.101143, 21.791880], bias = [-12.780000, 48.779999, 62.340000]
03-12 18:11:17.999  2094  5135 I sensors-hal: handle_sns_client_event:353, mag_sample_uncal: ts=278388692233778 ns; value = [-1.930290, 55.539104, 19.965210], bias = [-12.780000, 48.779999, 62.340000]
03-12 18:11:18.018  2094  5135 I sensors-hal: handle_sns_client_event:353, mag_sample_uncal: ts=278388712233778 ns; value = [-0.963975, 56.543179, 21.796200], bias = [-12.780000, 48.779999, 62.340000]
03-12 18:11:18.037  1063  1063 D io_stats: !@   8,0 r 60464946 960450000 w 9534788 157283804 d 1249405 356143532 f 144866 854962 iot 3257196 0 th 0 0 0 pt 0 inp 0 0 156692.183
03-12 18:11:18.038  1063  1063 D io_stats: !@ Read_top(KB): .gms.persistent:high(22407) 788 clabs.pokemongo:top(7513) 64 .gms.persistent:low(21233) 16
03-12 18:11:18.041  2094  5135 I sensors-hal: handle_sns_client_event:353, mag_sample_uncal: ts=278388732233778 ns; value = [-0.241320, 57.268158, 22.107000], bias = [-12.780000, 48.779999, 62.340000]
03-12 18:11:18.059  2094  5135 I sensors-hal: handle_sns_client_event:353, mag_sample_uncal: ts=278388752233778 ns; value = [0.258750, 55.937614, 21.942406], bias = [-12.780000, 48.779999, 62.340000]
03-12 18:11:18.079  2094  5135 I sensors-hal: handle_sns_client_event:353, mag_sample_uncal: ts=278388772233778 ns; value = [-0.506220, 56.241676, 21.945137], bias = [-12.780000, 48.779999, 62.340000]
03-12 18:11:18.099  2094  5135 I sensors-hal: handle_sns_client_event:353, mag_sample_uncal: ts=278388792233778 ns; value = [-0.409020, 55.522724, 19.662062], bias = [-12.780000, 48.779999, 62.340000]
03-12 18:11:18.113  2213  2307 E HeatmapThread: ECT Thread time in milliseconds: 1773339078
03-12 18:11:18.114  2213  2307 D HeatmapThread: !@ batteryplugType : 0
03-12 18:11:18.114  2213  2307 D HeatmapThread: !@ batteryLevel : 24  batteryTemperature : 343 
03-12 18:11:18.114  2213  2307 D HeatmapThread: !@ Heatmap currtime: 29555651
03-12 18:11:18.114  2213  2307 D HeatmapThread: !@ Heatmap prevtime: 29555636
03-12 18:11:18.114  2213  2307 D HeatmapThread: !@ Heatmap plugstarttime: 35791394
03-12 18:11:18.114  2213  2307 D HeatmapThread: !@ Heatmap prevv_dsoh_update_time: 29554952
03-12 18:11:18.114  2213  2307 E HeatmapThread: !@ CAM New BSOH: 100
03-12 18:11:18.119  2094  5135 I sensors-hal: handle_sns_client_event:353, mag_sample_uncal: ts=278388812233778 ns; value = [0.610680, 56.094246, 20.274931], bias = [-12.780000, 48.779999, 62.340000]
03-12 18:11:18.123  2087  6828 I vendor.qti.bluetooth@1.0-ibs_handler: ProcessIbsCmd: Received IBS_WAKE_IND: 0xFD
03-12 18:11:18.123  2087  6828 D vendor.qti.bluetooth@1.0-ibs_handler: SerialClockVote: vote for UART CLK ON
03-12 18:11:18.123  2087  6828 D vendor.qti.bluetooth@1.0-wake_lock: Acquire wakelock is acquired 
03-12 18:11:18.123  2087  6828 I vendor.qti.bluetooth@1.0-ibs_handler: ProcessIbsCmd: Writing IBS_WAKE_ACK
03-12 18:11:18.131  5147  6851 I ScanController: onScanResult to scannerId: 10- eventType=0x1b, addressType=1, address=XX:XX:XX:XX:03:93, primaryPhy=1, secondaryPhy=0, advertisingSid=0xff, txPower=127, rssi=-47, periodicAdvInt=0x0
03-12 18:11:18.140  2094  5135 I sensors-hal: handle_sns_client_event:353, mag_sample_uncal: ts=278388832233778 ns; value = [-0.608310, 56.106873, 20.578142], bias = [-12.780000, 48.779999, 62.340000]
03-12 18:11:18.146  5147  6851 I ScanController: onScanResult to scannerId: 10- eventType=0x0, addressType=1, address=XX:XX:XX:XX:59:27, primaryPhy=1, secondaryPhy=1, advertisingSid=0x3, txPower=127, rssi=-48, periodicAdvInt=0x0
03-12 18:11:18.159  2094  5135 I sensors-hal: handle_sns_client_event:353, mag_sample_uncal: ts=278388852233778 ns; value = [-0.124425, 57.406517, 23.018822], bias = [-12.780000, 48.779999, 62.340000]
03-12 18:11:18.179  2094  5135 I sensors-hal: handle_sns_client_event:353, mag_sample_uncal: ts=278388872233778 ns; value = [-0.974745, 56.095219, 22.550505], bias = [-12.780000, 48.779999, 62.340000]
03-12 18:11:18.185  2087  6828 I vendor.qti.bluetooth@1.0-ibs_handler: ProcessIbsCmd: Received IBS_SLEEP_IND: 0xFE
03-12 18:11:18.185  2087  6828 D vendor.qti.bluetooth@1.0-ibs_handler: SerialClockVote: vote for UART CLK OFF
03-12 18:11:18.199  2094  5135 I sensors-hal: handle_sns_client_event:353, mag_sample_uncal: ts=278388892233778 ns; value = [-0.974745, 56.095219, 22.550505], bias = [-12.780000, 48.779999, 62.340000]
03-12 18:11:18.215  2087  6828 I vendor.qti.bluetooth@1.0-ibs_handler: ProcessIbsCmd: Received IBS_WAKE_IND: 0xFD
03-12 18:11:18.215  2087  6828 D vendor.qti.bluetooth@1.0-ibs_handler: SerialClockVote: vote for UART CLK ON
03-12 18:11:18.215  2087  6828 I vendor.qti.bluetooth@1.0-ibs_handler: ProcessIbsCmd: Writing IBS_WAKE_ACK
03-12 18:11:18.216  3101  4315 D UsbStatsMonitor: 0 0 0 0 0 0 0 0 0 0 0 0 0 0 0 0 0 0 0 0 0 0 0 0 0 0 0 0 0 0 0 0 0 0 0 0 0 0 0 0 0 0 0 0 0 0 0 0 0 0 0 0 0 0 0 0 0 223338299396
03-12 18:11:18.219  2094  5135 I sensors-hal: handle_sns_client_event:353, mag_sample_uncal: ts=278388912233778 ns; value = [-0.194370, 56.091766, 21.792030], bias = [-12.780000, 48.779999, 62.340000]
03-12 18:11:18.219  5147  6851 I ScanController: onScanResult to scannerId: 10- eventType=0x1b, addressType=1, address=XX:XX:XX:XX:03:93, primaryPhy=1, secondaryPhy=0, advertisingSid=0xff, txPower=127, rssi=-47, periodicAdvInt=0x0
03-12 18:11:18.239  2094  5135 I sensors-hal: handle_sns_client_event:353, mag_sample_uncal: ts=278388932233778 ns; value = [-0.208275, 56.533802, 21.796350], bias = [-12.780000, 48.779999, 62.340000]
03-12 18:11:18.257  2087  6828 I vendor.qti.bluetooth@1.0-ibs_handler: ProcessIbsCmd: Received IBS_SLEEP_IND: 0xFE
03-12 18:11:18.257  2087  6828 D vendor.qti.bluetooth@1.0-ibs_handler: SerialClockVote: vote for UART CLK OFF
03-12 18:11:18.258  2094  5135 I sensors-hal: handle_sns_client_event:353, mag_sample_uncal: ts=278388952233778 ns; value = [-0.770520, 55.512257, 21.482700], bias = [-12.780000, 48.779999, 62.340000]
03-12 18:11:18.279  2094  5135 I sensors-hal: handle_sns_client_event:353, mag_sample_uncal: ts=278388972233778 ns; value = [-1.667790, 55.377346, 21.329357], bias = [-12.780000, 48.779999, 62.340000]
03-12 18:11:18.282  2094  4548 I sensors-hal: handle_sns_client_event:202, auto_rotation_debug_2 mode,255, type,1,0 acc,-0.120,0.703,9.753, ar,0, ver,14, pedo,1,e,1,i,3
03-12 18:11:18.297  2087  6828 I vendor.qti.bluetooth@1.0-ibs_handler: ProcessIbsCmd: Received IBS_WAKE_IND: 0xFD
03-12 18:11:18.297  2087  6828 D vendor.qti.bluetooth@1.0-ibs_handler: SerialClockVote: vote for UART CLK ON
03-12 18:11:18.297  2087  6828 I vendor.qti.bluetooth@1.0-ibs_handler: ProcessIbsCmd: Writing IBS_WAKE_ACK
