--------- beginning of main
03-12 18:11:12.114  2213  2307 E HeatmapThread: !@ CAM New BSOH: 100
03-12 18:11:12.119  2094  5135 I sensors-hal: handle_sns_client_event:353, mag_sample_uncal: ts=278382812233778 ns; value = [-0.011820, 56.988182, 19.980001], bias = [-12.780000, 48.779999, 62.340000]
03-12 18:11:12.139  2094  5135 I sensors-hal: handle_sns_client_event:353, mag_sample_uncal: ts=278382832233778 ns; value = [-0.696495, 55.530029, 19.206825], bias = [-12.780000, 48.779999, 62.340000]
03-12 18:11:12.159  2094  5135 I sensors-hal: handle_sns_client_event:353, mag_sample_uncal: ts=278382852233778 ns; value = [-0.696495, 55.530029, 19.206825], bias = [-12.780000, 48.779999, 62.340000]
03-12 18:11:12.180  2094  5135 I sensors-hal: handle_sns_client_event:353, mag_sample_uncal: ts=278382872233778 ns; value = [-2.285955, 55.975410, 21.183271], bias = [-12.780000, 48.779999, 62.340000]
03-12 18:11:12.199  2094  5135 I sensors-hal: handle_sns_client_event:353, mag_sample_uncal: ts=278382892233778 ns; value = [-0.914625, 56.555031, 20.278950], bias = [-12.780000, 48.779999, 62.340000]
03-12 18:11:12.219  2094  5135 I sensors-hal: handle_sns_client_event:353, mag_sample_uncal: ts=278382912233778 ns; value = [-1.189395, 55.526176, 20.420536], bias = [-12.780000, 48.779999, 62.340000]
03-12 18:11:12.239  2094  5135 I sensors-hal: handle_sns_client_event:353, mag_sample_uncal: ts=278382932233778 ns; value = [-1.189395, 55.526176, 20.420536], bias = [-12.780000, 48.779999, 62.340000]
03-12 18:11:12.259  2094  5135 I sensors-hal: handle_sns_client_event:353, mag_sample_uncal: ts=278382952233778 ns; value = [-1.476870, 55.533482, 19.965302], bias = [-12.780000, 48.779999, 62.340000]
03-12 18:11:12.280  2094  5135 I sensors-hal: handle_sns_client_event:353, mag_sample_uncal: ts=278382972233778 ns; value = [-1.344870, 55.823929, 20.271660], bias = [-12.780000, 48.779999, 62.340000]
03-12 18:11:12.292  3101  4387 D SemWifiSwitchForIndividualAppsService: isSkipNetworkCondition - result:2
03-12 18:11:12.298  2094  5135 I sensors-hal: handle_sns_client_event:353, mag_sample_uncal: ts=278382992233778 ns; value = [-0.660195, 57.282082, 21.044836], bias = [-12.780000, 48.779999, 62.340000]
03-12 18:11:12.309 32575 32575 I AudioPathManager: loadAudioPath() : loaded audio path is speaker (0)
03-12 18:11:12.309 32575 32575 I EffectManager: isSupportDolbyAtmosOnThisAudioPath() : path is speaker (0)
03-12 18:11:12.309 32575 32575 I EffectManager: isSupportDolbyAtmosOnThisAudioPath() : speaker type is stereo
03-12 18:11:12.309 32575 32575 I AudioPathManager: loadAudioPath() : loaded audio path is speaker (0)
03-12 18:11:12.309 32575 32575 I EffectManager: isSupportVoiceBoostOnCurrentAudioPath() : path is speaker (0)
03-12 18:11:12.309 32575 32575 I AudioPathManager: loadAudioPath() : loaded audio path is speaker (0)
03-12 18:11:12.309 32575 32575 I EffectManager: isSupportVolumeNormalizationOnCurrentAudioPath() : path is speaker (0)
03-12 18:11:12.309 32575 32575 I DVFSHelper: isNecessaryToBoostCPU() : isDolbyOn? true, isUHQUpscalerOn? false, isVoiceBoostOn? true, isVolumeNormalizationOn? false
03-12 18:11:12.309 32575 32575 I SemDvfsHyPerManager: acquire hyper - class com.sec.android.app.soundalive.SoundAliveApplication/32575@0, type = -999
03-12 18:11:12.309 32575 32575 I DVFSHelper: acquireBoostingCPU() : cpu is boosting by hint 10009
03-12 18:11:12.309  2106  2355 I HYPER-HAL: [RequestManager.cpp]acquire(): Acquired ID : 530581600  [32575 / 0]    HINT : SOUNDALIVE_DVFS_45_PERCENT    list : [TIMEOUT / 30000] 
03-12 18:11:12.320  2094  5135 I sensors-hal: handle_sns_client_event:353, mag_sample_uncal: ts=278383012233778 ns; value = [-2.435895, 56.571407, 20.582102], bias = [-12.780000, 48.779999, 62.340000]
03-12 18:11:12.339  2094  5135 I sensors-hal: handle_sns_client_event:353, mag_sample_uncal: ts=278383032233778 ns; value = [-1.681095, 56.116444, 21.033106], bias = [-12.780000, 48.779999, 62.340000]
03-12 18:11:12.359  2094  5135 I sensors-hal: handle_sns_client_event:353, mag_sample_uncal: ts=278383052233778 ns; value = [-1.377315, 56.855343, 20.281740], bias = [-12.780000, 48.779999, 62.340000]
03-12 18:11:12.372  2094  4548 I sensors-hal: handle_sns_std_sensor_event:127, [SSC_LIGHT] A: 15(15),c:67,b:73,m:0,cl:13,l:15,s:13,l0:47511,l1:9524,s0:91,s1:20,acl:1,opr:0.67,f(r):91,u(bl):89,if:64,wi:0,si:0,64(N:0)
03-12 18:11:12.373  2094  2859 I sensors-hal: handle_sns_std_sensor_event:408, [SSC_LIGHT] P: 15(15),c:67,b:73,m:0,cl:13,l:15,s:13,l0:47511,l1:9524,s0:91,s1:20,acl:1,opr:0.67,f(r):91,u(bl):89,if:64,wi:0,si:0,64(N:0)
03-12 18:11:12.380  2094  5135 I sensors-hal: handle_sns_client_event:353, mag_sample_uncal: ts=278383072233778 ns; value = [-0.489915, 56.987881, 20.738535], bias = [-12.780000, 48.779999, 62.340000]
03-12 18:11:12.398  2094  5135 I sensors-hal: handle_sns_client_event:353, mag_sample_uncal: ts=278383092233778 ns; value = [-0.922995, 57.295311, 19.830976], bias = [-12.780000, 48.779999, 62.340000]
03-12 18:11:12.419  2094  5135 I sensors-hal: handle_sns_client_event:353, mag_sample_uncal: ts=278383112233778 ns; value = [-0.457470, 55.956467, 20.728456], bias = [-12.780000, 48.779999, 62.340000]
03-12 18:11:12.439  2094  5135 I sensors-hal: handle_sns_client_event:353, mag_sample_uncal: ts=278383132233778 ns; value = [-0.853470, 55.085136, 19.809376], bias = [-12.780000, 48.779999, 62.340000]
03-12 18:11:12.459  2094  5135 I sensors-hal: handle_sns_client_event:353, mag_sample_uncal: ts=278383152233778 ns; value = [-0.940800, 55.806454, 21.789000], bias = [-12.780000, 48.779999, 62.340000]
03-12 18:11:12.467  2087  6828 I vendor.qti.bluetooth@1.0-ibs_handler: ProcessIbsCmd: Received IBS_WAKE_IND: 0xFD
03-12 18:11:12.467  2087  6828 D vendor.qti.bluetooth@1.0-ibs_handler: SerialClockVote: vote for UART CLK ON
03-12 18:11:12.467  2087  6828 D vendor.qti.bluetooth@1.0-wake_lock: Acquire wakelock is acquired 
03-12 18:11:12.467  2087  6828 I vendor.qti.bluetooth@1.0-ibs_handler: ProcessIbsCmd: Writing IBS_WAKE_ACK
03-12 18:11:12.476  5147  6851 I ScanController: onScanResult to scannerId: 10- eventType=0x1b, addressType=1, address=XX:XX:XX:XX:03:93, primaryPhy=1, secondaryPhy=0, advertisingSid=0xff, txPower=127, rssi=-46, periodicAdvInt=0x0
03-12 18:11:12.479  2094  5135 I sensors-hal: handle_sns_client_event:353, mag_sample_uncal: ts=278383172233778 ns; value = [-0.599040, 55.812183, 20.575262], bias = [-12.780000, 48.779999, 62.340000]
03-12 18:11:12.499  2094  5135 I sensors-hal: handle_sns_client_event:353, mag_sample_uncal: ts=278383192233778 ns; value = [-0.711300, 55.526474, 19.662001], bias = [-12.780000, 48.779999, 62.340000]
03-12 18:11:12.518  2087  6828 I vendor.qti.bluetooth@1.0-ibs_handler: ProcessIbsCmd: Received IBS_SLEEP_IND: 0xFE
03-12 18:11:12.518  2087  6828 D vendor.qti.bluetooth@1.0-ibs_handler: SerialClockVote: vote for UART CLK OFF
03-12 18:11:12.519  2094  5135 I sensors-hal: handle_sns_client_event:353, mag_sample_uncal: ts=278383212233778 ns; value = [-1.213170, 55.965843, 20.728306], bias = [-12.780000, 48.779999, 62.340000]
03-12 18:11:12.539  2094  5135 I sensors-hal: handle_sns_client_event:353, mag_sample_uncal: ts=278383232233778 ns; value = [-2.111940, 55.088284, 21.326385], bias = [-12.780000, 48.779999, 62.340000]
--------- beginning of system
03-12 18:11:12.541  3101  4545 V GameManagerService: Game loading power mode ON (game state change isLoading=true)
03-12 18:11:12.541  2106  2355 I HYPER-HAL: [RequestManager.cpp]acquire(): Acquired ID : 2233445  [2109 / 4]    HINT :      list : 
03-12 18:11:12.541  2106  2355 E HYPER-HAL: [Request.cpp]acquire(): Request:: id : 2233445, No Resource to set, but wrong args existed
03-12 18:11:12.550  3101  4545 V GameManagerService: Game loading power mode OFF (game state change isLoading=false)
03-12 18:11:12.559  2094  5135 I sensors-hal: handle_sns_client_event:353, mag_sample_uncal: ts=278383252233778 ns; value = [-1.979640, 55.527256, 21.482460], bias = [-12.780000, 48.779999, 62.340000]
03-12 18:11:12.566  2087  6828 I vendor.qti.bluetooth@1.0-ibs_handler: ProcessIbsCmd: Received IBS_WAKE_IND: 0xFD
03-12 18:11:12.566  2087  6828 D vendor.qti.bluetooth@1.0-ibs_handler: SerialClockVote: vote for UART CLK ON
03-12 18:11:12.566  2087  6828 I vendor.qti.bluetooth@1.0-ibs_handler: ProcessIbsCmd: Writing IBS_WAKE_ACK
03-12 18:11:12.572  5147  6851 I ScanController: onScanResult to scannerId: 10- eventType=0x1b, addressType=1, address=XX:XX:XX:XX:03:93, primaryPhy=1, secondaryPhy=0, advertisingSid=0xff, txPower=127, rssi=-47, periodicAdvInt=0x0
03-12 18:11:12.580  2094  5135 I sensors-hal: handle_sns_client_event:353, mag_sample_uncal: ts=278383272233778 ns; value = [-1.897845, 54.507690, 19.955132], bias = [-12.780000, 48.779999, 62.340000]
03-12 18:11:12.587  5147  6851 I ScanController: onScanResult to scannerId: 10- eventType=0x0, addressType=1, address=XX:XX:XX:XX:59:27, primaryPhy=1, secondaryPhy=1, advertisingSid=0x3, txPower=127, rssi=-59, periodicAdvInt=0x0
03-12 18:11:12.589  3101  7804 D VibratorManagerService: converted usage = TOUCH(18)
03-12 18:11:12.589  3101  7804 D VibratorManagerService: vibrate - uid: 10642, opPkg: com.nianticlabs.pokemongo, effect: Mono{mEffect=Composed{segments=[Step{amplitude=-1.0, frequencyHz=0.0, duration=500}], repeat=-1, mMagnitudeType=TYPE_EXTRA}}, attrs: VibrationAttributes{mUsage=TOUCH, mAudioUsage= USAGE_UNKNOWN, mFlags=0, tags=}, reason: null, token: android.os.BinderProxy@e38430a
03-12 18:11:12.589  3101  7804 D VibratorManagerService: Starting vibrate for vibration 8196
03-12 18:11:12.589  3101  7804 D VibratorManagerService: Check AppOp mode VIBRATE for uid 10642 and package com.nianticlabs.pokemongo returned audio=allow, op=allow
03-12 18:11:12.589  3101  7804 D VibratorManagerService: Starting vibration 8196 on thread
03-12 18:11:12.590  3101  7804 D VibratorManagerService: Start AppOp mode VIBRATE for uid 10642 and package com.nianticlabs.pokemongo returned allow
03-12 18:11:12.591  3101  3960 D VibrationThread: Playing vibration id 8196 StartSequentialEffectStep
03-12 18:11:12.592  3101  3960 D VibrationThread: StartSequentialEffectStep for effect #0
03-12 18:11:12.593  2178  2178 E SecVibrator-HAL-AIDL-EXT: V_5_0: performPrebakedHapticPattern 0 : 4000 : 0
03-12 18:11:12.593  2178  2178 E SecVibrator-HAL-AIDL-CORE: HW_API: [setForceFeedbackAmplitude]amplitude: 4000
03-12 18:11:12.599  2094  5135 I sensors-hal: handle_sns_client_event:353, mag_sample_uncal: ts=278383292233778 ns; value = [-1.953465, 56.275829, 19.972410], bias = [-12.780000, 48.779999, 62.340000]
03-12 18:11:12.600  2178  2178 E SecVibrator-HAL-AIDL-CORE: HW_API: [uploadForceFeedbackeffect]ioctl success ,uploaded effect with ID: 0
03-12 18:11:12.600  3101  3960 D VibrationThread: Running amplitude step with 0ms latency.
03-12 18:11:12.600  3101  3960 D VibrationThread: Turning on vibrator 0 for 500ms
03-12 18:11:12.600  3101  3960 D VibrationThread: Turning on vibrator 0 for 500ms
03-12 18:11:12.600  3101  6322 D MotionRecognitionService: inject vibrator info = 1.0
03-12 18:11:12.600  2094  2094 I sensors-hal: inject_sensor_data:309, accel - vib_onoff: 1
03-12 18:11:12.601  2094  2094 I sensors-hal: inject_sensor_data:315, write vib_onoff: 1
03-12 18:11:12.601  2203  2203 I SSC_DAEMON: handleSensorTestReqMsg:88, Sensor type :0, Msg type:3
03-12 18:11:12.602  2178  2178 E SecVibrator-HAL-AIDL-CORE: V_2_0: Vibrator on for timeoutMs: 500
03-12 18:11:12.602  2178  2178 E SecVibrator-HAL-AIDL-CORE: HW_API: do_on for timeoutMs: 500
03-12 18:11:12.602  2203  3869 I SSC_DAEMON: accelMotorStateEvent:102, main: 1, 1
03-12 18:11:12.602  2203  3869 I SSC_DAEMON: ledCoverEventMotorEvent:24, motor: 1
03-12 18:11:12.603  2178  2178 E SecVibrator-HAL-AIDL-CORE: HW_API: [uploadForceFeedbackeffect]ioctl success ,uploaded effect with ID: 0
03-12 18:11:12.603  2178  2178 E SecVibrator-HAL-AIDL-CORE: HW_API: [triggerForceFeedbackVibration]on: 1
03-12 18:11:12.603  3101  3960 D VibrationThread: Turned on vibrator 0, result = 500
03-12 18:11:12.619  2094  5135 I sensors-hal: handle_sns_client_event:353, mag_sample_uncal: ts=278383312233778 ns; value = [-0.925395, 56.107071, 21.033255], bias = [-12.780000, 48.779999, 62.340000]
03-12 18:11:12.626  2087  6828 I vendor.qti.bluetooth@1.0-ibs_handler: ProcessIbsCmd: Received IBS_SLEEP_IND: 0xFE
03-12 18:11:12.626  2087  6828 D vendor.qti.bluetooth@1.0-ibs_handler: SerialClockVote: vote for UART CLK OFF
03-12 18:11:12.638  2094  5135 I sensors-hal: handle_sns_client_event:353, mag_sample_uncal: ts=278383332233778 ns; value = [-0.744345, 56.260830, 19.972651], bias = [-12.780000, 48.779999, 62.340000]
03-12 18:11:12.653  3101  4380 V SemStrongRssiRoaming: POLL (Rssi:-60 MinRssi:-49 Guard:1)
03-12 18:11:12.659  2094  5135 I sensors-hal: handle_sns_client_event:353, mag_sample_uncal: ts=278383352233778 ns; value = [-1.595265, 54.652473, 19.804907], bias = [-12.780000, 48.779999, 62.340000]
03-12 18:11:12.675  2094  2876 I sensors-hal: handle_sns_client_event:379, [0][19117] accel_sample [-0.103,  0.735,  9.729] 278383368064455
03-12 18:11:12.679  2094  5135 I sensors-hal: handle_sns_client_event:353, mag_sample_uncal: ts=278383372233778 ns; value = [-2.491035, 55.260212, 18.900137], bias = [-12.780000, 48.779999, 62.340000]
03-12 18:11:12.698  2094  5135 I sensors-hal: handle_sns_client_event:353, mag_sample_uncal: ts=278383392233778 ns; value = [-1.681095, 56.116444, 21.033106], bias = [-12.780000, 48.779999, 62.340000]
03-12 18:11:12.719  2094  5135 I sensors-hal: handle_sns_client_event:353, mag_sample_uncal: ts=278383412233778 ns; value = [-0.483045, 55.504951, 21.937937], bias = [-12.780000, 48.779999, 62.340000]
03-12 18:11:12.738  2094  5135 I sensors-hal: handle_sns_client_event:353, mag_sample_uncal: ts=278383432233778 ns; value = [0.320505, 54.764778, 21.172262], bias = [-12.780000, 48.779999, 62.340000]
03-12 18:11:12.759  2094  5135 I sensors-hal: handle_sns_client_event:353, mag_sample_uncal: ts=278383452233778 ns; value = [-3.446925, 55.408146, 20.266920], bias = [-12.780000, 48.779999, 62.340000]
03-12 18:11:12.776  2087  6342 D vendor.qti.bluetooth@1.0-wake_lock: Release wakelock is released 
03-12 18:11:12.780  2094  5135 I sensors-hal: handle_sns_client_event:353, mag_sample_uncal: ts=278383472233778 ns; value = [-2.244975, 56.727539, 19.218046], bias = [-12.780000, 48.779999, 62.340000]
03-12 18:11:12.795  3101  4287 D GnssLocationProvider_ex: SV Count : 27 / 37      (PRN, Constellation, Type, SNR, Used)
03-12 18:11:12.795  3101  4287 D GnssLocationProvider_ex: (1, GPS, L1, 25.5, 1) (2, GPS, L1, 31.6, 1) (3, GPS, L1, 23.4, 1) (8, GPS, L1, 31.8, 1) (14, GPS, L1, 18.4, 1) (22, GPS, L1, 19.5, 0) 
03-12 18:11:12.795  3101  4287 D GnssLocationProvider_ex: (32, GPS, L1, 31.4, 1) (2, GLONASS, L1, 21.1, 1) (1, GLONASS, L1, 19.9, 0) (24, GLONASS, L1, 25.1, 1) (3, GLONASS, L1, 32.3, 1) (43, BEIDOU, L1, 27.4, 1) 
03-12 18:11:12.795  3101  4287 D GnssLocationProvider_ex: (42, BEIDOU, L1, 21.2, 0) (39, BEIDOU, L1, 17.8, 1) (34, BEIDOU, L1, 26.4, 1) (33, BEIDOU, L1, 34.4, 1) (28, BEIDOU, L1, 15.3, 0) (21, BEIDOU, L1, 20.8, 1) 
03-12 18:11:12.795  3101  4287 D GnssLocationProvider_ex: (14, BEIDOU, L1, 34.2, 1) (5, BEIDOU, L1, 26.4, 1) (4, GALILEO, L1, 14.9, 1) (10, GALILEO, L1, 18.5, 1) (12, GALILEO, L1, 17.9, 1) (19, GALILEO, L1, 21.9, 0) 
03-12 18:11:12.795  3101  4287 D GnssLocationProvider_ex: (29, GALILEO, L1, 22.4, 1) (33, GALILEO, L1, 29.2, 1) (8, GPS, L5, 16.9, 0) (19, GALILEO, L5, 21.3, 0) (21, BEIDOU, L5, 19.9, 0) (33, BEIDOU, L5, 17.7, 0) 
03-12 18:11:12.795  3101  4287 D GnssLocationProvider_ex: (42, BEIDOU, L5, 19.7, 1) (21, BEIDOU, L1, 16.1, 0) (33, BEIDOU, L1, 33.2, 1) (34, BEIDOU, L1, 30.5, 1) (39, BEIDOU, L1, 23.3, 1) (42, BEIDOU, L1, 23.7, 1) 
03-12 18:11:12.795  3101  4287 D GnssLocationProvider_ex: (43, BEIDOU, L1, 21.5, 1) 
03-12 18:11:12.796  5643  5766 I GnssEngineManager_FLP: updateSatelliteStatus, top4=33, top6=32, visibleSv=37, usedSv=27, usedL5Sv=1 (usedGps=6, usedGlo=3, usedBds=13, usedGal=5)
03-12 18:11:12.797  3101  4287 D GnssLocationProvider: reportLocation
03-12 18:11:12.798  5643  5766 I GnssEngineManager_FLP: onGpsLocationChanged, provider=gps / isMock=false / speed=0.0 / time=1773339073000 / elapsed=278383488209176
03-12 18:11:12.798  5643  5766 I NewStopController_FLP: isAvailableLastLoc, KeepStationary : false , timeGap : 8 , mStraightFixCount : 0
03-12 18:11:12.798  5643  5766 I NewStopController_FLP: onChangedGlpLocation, isGpsStopped= false, isReportingLL= false, isAvailableLastLoc : true
03-12 18:11:12.799  2094  5135 I sensors-hal: handle_sns_client_event:353, mag_sample_uncal: ts=278383492233778 ns; value = [-0.590670, 55.071907, 21.023235], bias = [-12.780000, 48.779999, 62.340000]
03-12 18:11:12.799  3101  4287 D ActivityManager: Received BROADCAST intent 0xccd4ed7 Key{broadcastIntent pkg=com.samsung.android.mcfds intent=act=com.samsung.android.ce.sensor.LocationProvider.INTENT_MOVE_CONTEXT_PASSIVE_LOCATION xflg=0x4 pkg=com.samsung.android.mcfds flags=0x2000000 u=0} requestCode=2024320 sent=0 from uid 1000
03-12 18:11:12.802 22407 22484 I FusedLocation: (REDACTED) location delivery to %s blocked - too fast
03-12 18:11:12.802 21233   405 I FrewleTileCacheManagerV: (REDACTED) Fetched %d AP models from cache
03-12 18:11:12.805 22407 22484 I FusedLocation: (REDACTED) location delivery to %s blocked - too fast
03-12 18:11:12.805 22407 22484 I FusedLocation: (REDACTED) location delivery to %s blocked - too close
03-12 18:11:12.805 22407 22484 I FusedLocation: (REDACTED) location delivery to %s blocked - too fast
03-12 18:11:12.808 21233 21317 W ChipsetCorrectionsCompu: Pixel is inside building or within UNKNOWN clutter type
03-12 18:11:12.808  2092  2282 I LocSvc_GnssAdapter: measCorrSetCorrectionsCommand:7651] GnssAdapter::measCorrSetCorrectionsCommand
03-12 18:11:12.808  2092  2457 I LocSvc_api_v02: ---> locClientSendReq line 2409 UNKNOWN
03-12 18:11:12.809  5643  5766 I GmsPassiveListener_FLP: onGmsLocationChanged, provider=fused / speed=0.24893697 / time=1773339072790 / elapsed=278383488209176
03-12 18:11:12.807  3101  5217 D SLocation: PositionManager - Passive handleLocationChanged [G, A : 3.79, T : 1773339073000, ET : 278383488, E : MI, h : 20/3]
03-12 18:11:12.809  3101 22612 I Mocca_VehicleDetectionHelper: (1.1.04.1)GPS: Avg speed: 0.0 Speed: 0.0 LIST: [0.0, 0.0, 0.0, 0.0, 0.0, 0.0, 0.0, 0.0, 0.0, 0.0]
03-12 18:11:12.809  3101 22612 D VehicleSensorHub: vehicleSendToSensorHub status : 2 type : 18
03-12 18:11:12.809  3101 22612 I SensorManager: Get Sensor type = 65586
03-12 18:11:12.809  3101 22612 D SensorService: setSContextDataLocked ints length 3 , byte length 5
03-12 18:11:12.809  3101 22612 D SensorService: setSContextDataLocked 123c17c1
03-12 18:11:12.809  3101  5217 D SLocation: PositionManager - receive gps location
03-12 18:11:12.809  2094  2094 I sensors-hal: inject_sensor_data:412, handle 1502 send inject
03-12 18:11:12.809  2094  2094 I sensors-hal: sendContextData:303, sensor hal 5, (0xc1, 0x17, 0x3c, 0x12)
03-12 18:11:12.809  2094  2094 I sensors-hal: sendContextData:206, activities 5 c1, 1
03-12 18:11:12.809  2094  2094 I sensors-hal: sendUserData:227, Activities cmd 0xc1 0x17
03-12 18:11:12.809  2094  2094 I sensors-hal: create_send_context_data:45, sending create_send_context_data
03-12 18:11:12.809  3101  5217 D SLocation: GeofenceLocationFilter - location sent before 4008, need to filter / provider : gps, accuracy : 3.7900925
03-12 18:11:12.809  2094  2094 I sensors-hal: send_context_data:701, activities, 4914309220830019584, 1320970896291267344, msgid:700
03-12 18:11:12.810  2094  4244 I sensors-hal: qsh_conn_resp_cb:972, resp_value = 0 for activities 
03-12 18:11:12.810  3101  5217 D SLocation: LastLocations - update latest location [G, A : 3.79, T : 1773339073000, ET : 278383488, E : MI, h : 20/3]
03-12 18:11:12.811  3101 22612 W ContextImpl: Calling a method in the system process without a qualified user: android.app.ContextImpl.sendBroadcast:1335 com.samsung.android.mocca.app.vehicle.AdvancedVehicleDetection.reportAdvancedVehicleEvent:185 com.samsung.android.mocca.app.vehicle.AdvancedVehicleDetection.handleLocEvent:277 com.samsung.android.mocca.app.vehicle.AdvancedVehicleDetection.p:0 D.e.h:136 
03-12 18:11:12.811  3101  5217 D SLocation: FilteredLastLocation - notify all last locations, loc : 3
03-12 18:11:12.811  2092  3486 I LocSvc_ApiV02: <--- globalRespCb line 385 UNKNOWN
03-12 18:11:12.813  3101  5217 D SLocation: PositionManager - Passive handleLocationChanged [F, A : 3.00, T : 1773339072790, ET : 278383488, h : 20/3]
03-12 18:11:12.813  3101  5217 D SLocation: PositionManager - receive fused location
03-12 18:11:12.813  3101  5217 D SLocation: DuplicateLocationChecker_GeofenceLocationFilter - fused is duplicated last fused location
03-12 18:11:12.813  3101  5217 D SLocation: DuplicateLocationChecker_FilteredLastLocation - fused is duplicated last fused location
03-12 18:11:12.818 22407  5113 W ChipsetCorrectionsCompu: Pixel is inside building or within UNKNOWN clutter type
03-12 18:11:12.818  2092  2282 I LocSvc_GnssAdapter: measCorrSetCorrectionsCommand:7651] GnssAdapter::measCorrSetCorrectionsCommand
03-12 18:11:12.819  2092  2457 I LocSvc_api_v02: ---> locClientSendReq line 2409 UNKNOWN
03-12 18:11:12.819  2092  3486 I LocSvc_ApiV02: <--- globalRespCb line 385 UNKNOWN
03-12 18:11:12.819  2094  5135 I sensors-hal: handle_sns_client_event:353, mag_sample_uncal: ts=278383512233778 ns; value = [-0.925395, 56.107071, 21.033255], bias = [-12.780000, 48.779999, 62.340000]
03-12 18:11:12.838  3101  5641 I NSLocationMonitor: getGPSUsingApps() called
03-12 18:11:12.838  5643  5702 W NSLocationManager_FLP: add uid 10642 to freeze Allowlist by using gps in foreground
03-12 18:11:12.838  5643  5702 I NSLocationManager_FLP: getGPSUsingApps, No change
03-12 18:11:12.838  2094  5135 I sensors-hal: handle_sns_client_event:353, mag_sample_uncal: ts=278383532233778 ns; value = [-0.638520, 55.802704, 21.789061], bias = [-12.780000, 48.779999, 62.340000]
03-12 18:11:12.840  3101  5641 D FreecessHandler: freeze com.nianticlabs.pokemongo(10642) result : 12
03-12 18:11:12.860  2094  5135 I sensors-hal: handle_sns_client_event:353, mag_sample_uncal: ts=278383552233778 ns; value = [0.083880, 55.526581, 18.448351], bias = [-12.780000, 48.779999, 62.340000]
03-12 18:11:12.862  3101  4674 D SemContextService: lock : requestToUpdate
03-12 18:11:12.862  3101  4674 W CAE     : setCAProperty(ContextAwareService.java:509) - [setProperty 01] Mutex is locked for CH_LOC_TRIGGER
03-12 18:11:12.862  3101  4246 D SensorService: setSContextDataLocked ints length 2 , byte length 4
03-12 18:11:12.862  3101  4246 D SensorService: setSContextDataLocked 3db8
03-12 18:11:12.862  2094  2094 I sensors-hal: inject_sensor_data:412, handle 1502 send inject
03-12 18:11:12.862  2094  2094 I sensors-hal: sendContextData:303, sensor hal 4, (0xb8, 0x3d, 0x0, 0x0)
03-12 18:11:12.862  2094  2094 I sensors-hal: sendContextData:131, change_location_trigger 4,184
03-12 18:11:12.862  2094  2094 I sensors-hal: sendUserData:118, change_location_trigger h 184 m 61 s 0
03-12 18:11:12.862  2094  2094 I sensors-hal: create_send_context_data:66, change_location_trigger create_send_context_data
03-12 18:11:12.862  2094  2094 I sensors-hal: send_context_data:701, change_location_trigger, -244018566922240, 1320970896291267344, msgid:700
03-12 18:11:12.863  3101  4674 W CAE     : setCAProperty(ContextAwareService.java:515) - [setProperty 02] Mutex is unlocked for CH_LOC_TRIGGER
03-12 18:11:12.863  3101  4674 D SemContextService:     .requestToUpdate() : service = Location Change Trigger
03-12 18:11:12.863  3101  4674 D SemContextService: unlock : requestToUpdate
03-12 18:11:12.863  3101  4674 D SemContextManager:   .requestToUpdate : listener = com.android.server.location.nsflp.NSLocationMonitor$5@87f967e, service=Location Change Trigger
03-12 18:11:12.863  5643 10627 I NewStopController_FLP: StateChecker, check stationary message
03-12 18:11:12.863  2094  4244 I sensors-hal: qsh_conn_resp_cb:972, resp_value = 0 for change_location_trigger 
03-12 18:11:12.866  2094  4244 I sensors-hal: qsh_conn_event_cb:927, event[0] sensor:change_location_trigger  Wakeup, msg_id=1025, ts=5345071331662
03-12 18:11:12.866  2094  4244 I sensors-hal: handle_sns_client_event:85, change_location_trigger_event: msgid:1025
03-12 18:11:12.866  2094  4244 I sensors-hal: handle_sns_client_event:108, change_location_trigger_event: 255, 255
03-12 18:11:12.866  2094  4244 I sensors-hal: insert_awaking_events:873, smp2p_event, 33.change_location_trigger, msgid:1025
03-12 18:11:12.867  3101  4242 D CAE     : onGetSensorHubData(SensorHubParserProvider.java:92) - onGetSensorHubData Event [event buffer len :15], AP_WAKEUP
03-12 18:11:12.867  3101  4242 I CAE     : parse(SensorHubParserProvider.java:188) - buffer size = 15
03-12 18:11:12.867  3101  4242 I CAE     : parse(SensorHubParserProvider.java:199) - 1, 1, 61, -1, 0, 2, 1, 0, 0, 0, 1, 0, 0, 0, 0,
03-12 18:11:12.867  3101  4242 D CAE     : display(ContextProvider.java:375) - ================= CH_LOC_TRIGGER =================
03-12 18:11:12.867  3101  4242 I CAE     : display(ContextProvider.java:391) - duration=[1], property=[1], result=[2], reserved=[0]
03-12 18:11:12.868  3101  4239 D SemContextService: Service.updateContext() : service = Location Change Trigger
03-12 18:11:12.868  3101  4288 D SemContextManager: onSemContextChanged() : event = Location Change Trigger
03-12 18:11:12.868  3101  4288 D NSLocationMonitor: onSemContextChanged, activity : 1 result : 2 movement : 1
03-12 18:11:12.879  2094  5135 I sensors-hal: handle_sns_client_event:353, mag_sample_uncal: ts=278383572233778 ns; value = [-2.013240, 55.111984, 18.291885], bias = [-12.780000, 48.779999, 62.340000]
03-12 18:11:12.898  2094  5135 I sensors-hal: handle_sns_client_event:353, mag_sample_uncal: ts=278383592233778 ns; value = [-1.928790, 56.281754, 19.213785], bias = [-12.780000, 48.779999, 62.340000]
03-12 18:11:12.920  2094  5135 I sensors-hal: handle_sns_client_event:353, mag_sample_uncal: ts=278383612233778 ns; value = [-2.424990, 54.644073, 22.080631], bias = [-12.780000, 48.779999, 62.340000]
03-12 18:11:12.939  2094  5135 I sensors-hal: handle_sns_client_event:353, mag_sample_uncal: ts=278383632233778 ns; value = [0.633255, 55.060459, 20.568302], bias = [-12.780000, 48.779999, 62.340000]
03-12 18:11:12.959  2094  5135 I sensors-hal: handle_sns_client_event:353, mag_sample_uncal: ts=278383652233778 ns; value = [-1.305390, 55.833408, 19.057861], bias = [-12.780000, 48.779999, 62.340000]
03-12 18:11:12.979  2094  5135 I sensors-hal: handle_sns_client_event:353, mag_sample_uncal: ts=278383672233778 ns; value = [-0.852870, 55.382195, 19.508804], bias = [-12.780000, 48.779999, 62.340000]
03-12 18:11:12.999  2094  5135 I sensors-hal: handle_sns_client_event:353, mag_sample_uncal: ts=278383692233778 ns; value = [-1.304790, 56.130466, 18.757290], bias = [-12.780000, 48.779999, 62.340000]
03-12 18:11:13.020  2094  5135 I sensors-hal: handle_sns_client_event:353, mag_sample_uncal: ts=278383712233778 ns; value = [-3.154515, 55.402023, 20.570431], bias = [-12.780000, 48.779999, 62.340000]
03-12 18:11:13.039  2094  5135 I sensors-hal: handle_sns_client_event:353, mag_sample_uncal: ts=278383732233778 ns; value = [-0.160425, 55.803005, 21.030525], bias = [-12.780000, 48.779999, 62.340000]
03-12 18:11:13.059  2094  5135 I sensors-hal: handle_sns_client_event:353, mag_sample_uncal: ts=278383752233778 ns; value = [-0.615345, 55.065979, 21.781860], bias = [-12.780000, 48.779999, 62.340000]
03-12 18:11:13.078  2094  5135 I sensors-hal: handle_sns_client_event:353, mag_sample_uncal: ts=278383772233778 ns; value = [-1.896345, 55.250340, 19.203707], bias = [-12.780000, 48.779999, 62.340000]
03-12 18:11:13.099  2094  5135 I sensors-hal: handle_sns_client_event:353, mag_sample_uncal: ts=278383792233778 ns; value = [-0.575865, 55.075459, 20.568062], bias = [-12.780000, 48.779999, 62.340000]
03-12 18:11:13.100  3101  3960 D VibrationThread: Playing vibration id 8196 on vibrator 0 CompleteEffectVibratorStep
03-12 18:11:13.100  3101  3960 D VibrationThread: Running complete vibration step on vibrator 0
03-12 18:11:13.105  3101 25249 D VibratorManagerService: Vibration 8196 step 0 on vibrator 0 complete, notifying thread
03-12 18:11:13.106  3101 25249 D VibrationThread: Vibration complete reported by vibrator 0
03-12 18:11:13.106  3101  3960 D VibrationThread: Received completion callback from 0, accepted = true
03-12 18:11:13.106  3101  3960 D VibrationThread: Playing vibration id 8196 on vibrator 0 TurnOffVibratorStep
03-12 18:11:13.106  3101  3960 D VibrationThread: Turning off vibrator 0
03-12 18:11:13.106  2178  2178 E SecVibrator-HAL-AIDL-CORE: V_2_0: Vibrator off
03-12 18:11:13.106  2178  2178 E SecVibrator-HAL-AIDL-CORE: HW_API: do_off
03-12 18:11:13.106  2178  2178 E SecVibrator-HAL-AIDL-CORE: HW_API: [triggerForceFeedbackVibration]on: 0
03-12 18:11:13.106  3101  3960 D VibrationThread: Vibration 8196 finished with EndInfo{status=FINISHED, endedBy=null}
03-12 18:11:13.106  3101  3960 D VibrationThread: Playing vibration id 8196 FinishSequentialEffectStep (cleanup)
03-12 18:11:13.106  3101  3960 D VibrationThread: FinishSequentialEffectStep for effect #0
03-12 18:11:13.107  3101  3960 D VibratorManagerService: VibrationThread released vibration 8196
03-12 18:11:13.107  3101  3960 D VibratorManagerService: Finish AppOp mode VIBRATE for uid 10642 and package com.nianticlabs.pokemongo
03-12 18:11:13.108  3101  3960 D VibratorManagerService: Vibration for uid=10642 and with attrs=VibrationAttributes{mUsage=TOUCH, mAudioUsage= USAGE_UNKNOWN, mFlags=0, tags=} ended with status FINISHED
03-12 18:11:13.113  2213  2307 E HeatmapThread: ECT Thread time in milliseconds: 1773339073
03-12 18:11:13.114  2213  2307 D HeatmapThread: !@ batteryplugType : 0
03-12 18:11:13.114  2213  2307 D HeatmapThread: !@ batteryLevel : 24  batteryTemperature : 343 
03-12 18:11:13.114  2213  2307 D HeatmapThread: !@ Heatmap currtime: 29555651
03-12 18:11:13.114  2213  2307 D HeatmapThread: !@ Heatmap prevtime: 29555636
03-12 18:11:13.114  2213  2307 D HeatmapThread: !@ Heatmap plugstarttime: 35791394
03-12 18:11:13.114  2213  2307 D HeatmapThread: !@ Heatmap prevv_dsoh_update_time: 29554952
03-12 18:11:13.114  2213  2307 E HeatmapThread: !@ CAM New BSOH: 100
03-12 18:11:13.119  2094  5135 I sensors-hal: handle_sns_client_event:353, mag_sample_uncal: ts=278383812233778 ns; value = [-2.295825, 55.973042, 21.486721], bias = [-12.780000, 48.779999, 62.340000]
03-12 18:11:13.138  2094  5135 I sensors-hal: handle_sns_client_event:353, mag_sample_uncal: ts=278383832233778 ns; value = [-1.671825, 55.821754, 21.030226], bias = [-12.780000, 48.779999, 62.340000]
03-12 18:11:13.159  2094  5135 I sensors-hal: handle_sns_client_event:353, mag_sample_uncal: ts=278383852233778 ns; value = [-2.132115, 57.310310, 19.830736], bias = [-12.780000, 48.779999, 62.340000]
03-12 18:11:13.179  2094  5135 I sensors-hal: handle_sns_client_event:353, mag_sample_uncal: ts=278383872233778 ns; value = [-0.910590, 56.110622, 20.578081], bias = [-12.780000, 48.779999, 62.340000]
03-12 18:11:13.199  2094  5135 I sensors-hal: handle_sns_client_event:353, mag_sample_uncal: ts=278383892233778 ns; value = [-1.354140, 56.118618, 20.274540], bias = [-12.780000, 48.779999, 62.340000]
03-12 18:11:13.219  2094  5135 I sensors-hal: handle_sns_client_event:353, mag_sample_uncal: ts=278383912233778 ns; value = [-0.411120, 54.483017, 20.714056], bias = [-12.780000, 48.779999, 62.340000]
03-12 18:11:13.239  2094  5135 I sensors-hal: handle_sns_client_event:353, mag_sample_uncal: ts=278383932233778 ns; value = [-1.645650, 56.570328, 19.520176], bias = [-12.780000, 48.779999, 62.340000]
03-12 18:11:13.257  3101  4255 E WifiStaIfaceAidlImpl: getCachedScanData failed with service-specific exception: android.os.ServiceSpecificException:  (code 4)
03-12 18:11:13.259  2094  5135 I sensors-hal: handle_sns_client_event:353, mag_sample_uncal: ts=278383952233778 ns; value = [-1.339335, 56.122173, 19.819366], bias = [-12.780000, 48.779999, 62.340000]
03-12 18:11:13.261  3101 14739 D SemWifiUsabilityStatsMonitor: onWifiUsabilityStats - seqNum 22279, isSameBssidAndFreq true
03-12 18:11:13.261  4621  4621 I EPDG -- SIM1 [SMARTWIFI]: isProfiling, hash=48280387, started=true
03-12 18:11:13.261  4621  4621 I EPDG -- SIM1 [SMARTWIFI]: isProfiling, hash=48280387, started=true
03-12 18:11:13.262  3101  4360 I SemWifiLinkQualityMonitor: Link stat: 1047 / 63 / 1.51 (56) / 117 / -57.0 || 100.0 : 117.00 / 0.5 : 0.66 / 0.55 : 0.06 / G (G) || 94bfd0872462: 0.367 / 21.823 / N || A N / 0 0 / N 2.0 / N X 1 / 156687406 0 || 2026-03-12 18:11:12  / 0: 0 0 0 0 0 0 / 0: 0 0 0 0 0 0 / 0: 0 0 0 0 0 0
03-12 18:11:13.262  4621  4621 I EPDG -- SIM1 [SMARTWIFI]: Rssi : -57 highrange : -75 lowrange : -85 mIsRssiInHystersis : false
03-12 18:11:13.262  4621  4621 I EPDG -- SIM1 [SMARTWIFI]: Rssi : -57 highrange : -75 lowrange : -85 mIsRssiInHystersis : false
03-12 18:11:13.262  4621  4621 I EPDG -- SIM1 [SMARTWIFI]: getHandoverThresholdMet: value is: false
03-12 18:11:13.262  3101  4361 D InsDataManager: onOutageCountUpdate() - Outage Data: 0, LQ : N. Outage Triggered: false
03-12 18:11:13.262  3101  4361 D SemInsManager: {"bssid": "94bfd0872462","rssi": -57.0,"latency": 0.3665814050448196,"outage_count": 0,"lq_callback_triggered": false,"outage_log": "Link stat: 1047 / 63 / 1.51 (56) / 117 / -57.0 || 100.0 : 117.00 / 0.5 : 0.66 / 0.55 : 0.06 / G (G) || 94bfd0872462: 0.367 / 21.823 / N || A N / 0 0 / N 2.0 / N X 1 / 156687406 0 || 2026-03-12 18:11:12  / 0: 0 0 0 0 0 0 / 0: 0 0 0 0 0 0 / 0: 0 0 0 0 0 0""Magnetic Sensor Events size": "0""Pressure Sensor Events size": "0"}
03-12 18:11:13.279  2094  5135 I sensors-hal: handle_sns_client_event:353, mag_sample_uncal: ts=278383972233778 ns; value = [-2.247975, 55.242241, 20.720896], bias = [-12.780000, 48.779999, 62.340000]
03-12 18:11:13.297  3101  4387 D SemWifiSwitchForIndividualAppsService: isSkipNetworkCondition - result:2
03-12 18:11:13.299  2094  5135 I sensors-hal: handle_sns_client_event:353, mag_sample_uncal: ts=278383992233778 ns; value = [-1.468500, 54.793201, 20.413277], bias = [-12.780000, 48.779999, 62.340000]
03-12 18:11:13.309  2094  5117 I sensors-hal: handle_sns_std_sensor_event:157, [392] Pressure 1004.311, cal 0.632, sw_offset 0.000 (lsb(bit) 0x81 0x23 0x62)
03-12 18:11:13.310  2094  5141 I sensors-hal: handle_sns_client_event:468, [0][3620] gyro_sample_uncal [-0.004,-0.005,-0.001] [-0.004,-0.005,-0.000] 278384002400913
03-12 18:11:13.319  2094  5068 I sensors-hal: handle_sns_client_event:435, [0][1453] gyro_sample_cal(cal_available:1)(3) [ 0.000,-0.000,-0.000] bias[-0.004,-0.005,-0.000] 278384004851018
03-12 18:11:13.320  2094  5055 I sensors-hal: handle_sns_client_event:323, [0][1581] mag_sample_cal(magcal_available:1): ts=278384012233778 ns; cal = [12.347805, 7.479450, -42.670738], uncal = [-0.432195, 56.259449, 19.669262], bias = [-12.780000, 48.779999, 62.340000], status=3, cal_id=2
03-12 18:11:13.320  2094  5135 I sensors-hal: handle_sns_client_event:353, mag_sample_uncal: ts=278384012233778 ns; value = [-0.432195, 56.259449, 19.669262], bias = [-12.780000, 48.779999, 62.340000]
03-12 18:11:13.339  2094  5135 I sensors-hal: handle_sns_client_event:353, mag_sample_uncal: ts=278384032233778 ns; value = [-0.782925, 56.696941, 20.735596], bias = [-12.780000, 48.779999, 62.340000]
03-12 18:11:13.359  2094  5135 I sensors-hal: handle_sns_client_event:353, mag_sample_uncal: ts=278384052233778 ns; value = [-2.200125, 54.511440, 19.955070], bias = [-12.780000, 48.779999, 62.340000]
03-12 18:11:13.379  2094  5135 I sensors-hal: handle_sns_client_event:353, mag_sample_uncal: ts=278384072233778 ns; value = [-0.535785, 55.382000, 19.053692], bias = [-12.780000, 48.779999, 62.340000]
03-12 18:11:13.398  2094  5135 I sensors-hal: handle_sns_client_event:353, mag_sample_uncal: ts=278384092233778 ns; value = [-1.453695, 54.796757, 19.958101], bias = [-12.780000, 48.779999, 62.340000]
03-12 18:11:13.419  2094  5135 I sensors-hal: handle_sns_client_event:353, mag_sample_uncal: ts=278384112233778 ns; value = [-0.112575, 55.072205, 20.264700], bias = [-12.780000, 48.779999, 62.340000]
03-12 18:11:13.439  2094  5135 I sensors-hal: handle_sns_client_event:353, mag_sample_uncal: ts=278384132233778 ns; value = [-0.202740, 56.832047, 21.344057], bias = [-12.780000, 48.779999, 62.340000]
03-12 18:11:13.460  2094  5135 I sensors-hal: handle_sns_client_event:353, mag_sample_uncal: ts=278384152233778 ns; value = [-1.305390, 55.833408, 19.057861], bias = [-12.780000, 48.779999, 62.340000]
03-12 18:11:13.479  2094  5135 I sensors-hal: handle_sns_client_event:353, mag_sample_uncal: ts=278384172233778 ns; value = [-1.954965, 55.533180, 20.723835], bias = [-12.780000, 48.779999, 62.340000]
03-12 18:11:13.499  2094  5135 I sensors-hal: handle_sns_client_event:353, mag_sample_uncal: ts=278384192233778 ns; value = [-1.404990, 55.364117, 22.543215], bias = [-12.780000, 48.779999, 62.340000]
03-12 18:11:13.519  2094  5135 I sensors-hal: handle_sns_client_event:353, mag_sample_uncal: ts=278384212233778 ns; value = [-0.711300, 55.526474, 19.662001], bias = [-12.780000, 48.779999, 62.340000]
03-12 18:11:13.539  2094  5135 I sensors-hal: handle_sns_client_event:353, mag_sample_uncal: ts=278384232233778 ns; value = [-0.935265, 56.104698, 21.336706], bias = [-12.780000, 48.779999, 62.340000]
03-12 18:11:13.560  2094  5135 I sensors-hal: handle_sns_client_event:353, mag_sample_uncal: ts=278384252233778 ns; value = [-0.744345, 56.260830, 19.972651], bias = [-12.780000, 48.779999, 62.340000]
03-12 18:11:13.578  2094  5135 I sensors-hal: handle_sns_client_event:353, mag_sample_uncal: ts=278384272233778 ns; value = [-1.214670, 55.223194, 21.479731], bias = [-12.780000, 48.779999, 62.340000]
03-12 18:11:13.599  2094  5135 I sensors-hal: handle_sns_client_event:353, mag_sample_uncal: ts=278384292233778 ns; value = [-0.712800, 54.783825, 20.413427], bias = [-12.780000, 48.779999, 62.340000]
03-12 18:11:13.619  2094  5135 I sensors-hal: handle_sns_client_event:353, mag_sample_uncal: ts=278384312233778 ns; value = [0.043800, 55.220043, 19.962721], bias = [-12.780000, 48.779999, 62.340000]
03-12 18:11:13.639  2094  5135 I sensors-hal: handle_sns_client_event:353, mag_sample_uncal: ts=278384332233778 ns; value = [-1.189995, 55.229118, 20.721106], bias = [-12.780000, 48.779999, 62.340000]
03-12 18:11:13.659  2094  5135 I sensors-hal: handle_sns_client_event:353, mag_sample_uncal: ts=278384352233778 ns; value = [-0.183600, 56.539730, 21.037725], bias = [-12.780000, 48.779999, 62.340000]
03-12 18:11:13.679  2094  5135 I sensors-hal: handle_sns_client_event:353, mag_sample_uncal: ts=278384372233778 ns; value = [-0.434295, 55.219742, 20.721256], bias = [-12.780000, 48.779999, 62.340000]
03-12 18:11:13.698  2094  5135 I sensors-hal: handle_sns_client_event:353, mag_sample_uncal: ts=278384392233778 ns; value = [-0.784425, 55.954292, 21.487020], bias = [-12.780000, 48.779999, 62.340000]
03-12 18:11:13.720  2094  5135 I sensors-hal: handle_sns_client_event:353, mag_sample_uncal: ts=278384412233778 ns; value = [-1.356240, 55.078907, 21.326536], bias = [-12.780000, 48.779999, 62.340000]
03-12 18:11:13.739  2094  5135 I sensors-hal: handle_sns_client_event:353, mag_sample_uncal: ts=278384432233778 ns; value = [-0.573765, 56.115170, 19.516066], bias = [-12.780000, 48.779999, 62.340000]
03-12 18:11:13.759  2094  5135 I sensors-hal: handle_sns_client_event:353, mag_sample_uncal: ts=278384452233778 ns; value = [-1.995045, 55.226639, 22.238205], bias = [-12.780000, 48.779999, 62.340000]
03-12 18:11:13.779  2094  5135 I sensors-hal: handle_sns_client_event:353, mag_sample_uncal: ts=278384472233778 ns; value = [-2.550255, 55.245995, 20.720837], bias = [-12.780000, 48.779999, 62.340000]
03-12 18:11:13.795  3101  4287 D GnssLocationProvider_ex: SV Count : 29 / 37      (PRN, Constellation, Type, SNR, Used)
03-12 18:11:13.795  3101  4287 D GnssLocationProvider_ex: (1, GPS, L1, 22.4, 1) (2, GPS, L1, 31.8, 1) (3, GPS, L1, 20.5, 1) (8, GPS, L1, 31.9, 1) (14, GPS, L1, 18.4, 1) (22, GPS, L1, 19.5, 0) 
03-12 18:11:13.795  3101  4287 D GnssLocationProvider_ex: (32, GPS, L1, 30.9, 1) (2, GLONASS, L1, 21.1, 1) (1, GLONASS, L1, 19.9, 0) (24, GLONASS, L1, 24.8, 1) (3, GLONASS, L1, 32.1, 1) (43, BEIDOU, L1, 28.1, 1) 
03-12 18:11:13.795  3101  4287 D GnssLocationProvider_ex: (42, BEIDOU, L1, 21.2, 1) (39, BEIDOU, L1, 17.8, 1) (34, BEIDOU, L1, 26.5, 1) (33, BEIDOU, L1, 34.6, 1) (28, BEIDOU, L1, 15.3, 0) (21, BEIDOU, L1, 20.8, 1) 
03-12 18:11:13.795  3101  4287 D GnssLocationProvider_ex: (14, BEIDOU, L1, 34.5, 1) (5, BEIDOU, L1, 26.4, 1) (4, GALILEO, L1, 14.9, 1) (10, GALILEO, L1, 15.9, 1) (12, GALILEO, L1, 17.9, 1) (19, GALILEO, L1, 21.9, 0) 
03-12 18:11:13.795  3101  4287 D GnssLocationProvider_ex: (29, GALILEO, L1, 22.4, 1) (33, GALILEO, L1, 28.6, 1) (8, GPS, L5, 16.9, 0) (19, GALILEO, L5, 21.3, 1) (21, BEIDOU, L5, 19.9, 0) (33, BEIDOU, L5, 17.7, 0) 
03-12 18:11:13.795  3101  4287 D GnssLocationProvider_ex: (42, BEIDOU, L5, 19.5, 1) (21, BEIDOU, L1, 16.1, 0) (33, BEIDOU, L1, 33.0, 1) (34, BEIDOU, L1, 30.4, 1) (39, BEIDOU, L1, 24.1, 1) (42, BEIDOU, L1, 23.7, 1) 
03-12 18:11:13.795  3101  4287 D GnssLocationProvider_ex: (43, BEIDOU, L1, 23.5, 1) 
03-12 18:11:13.796  3101  4287 D GnssLocationProvider: reportLocation
03-12 18:11:13.796  5643  5766 I GnssEngineManager_FLP: updateSatelliteStatus, top4=33, top6=32, visibleSv=37, usedSv=29, usedL5Sv=2 (usedGps=6, usedGlo=3, usedBds=14, usedGal=6)
03-12 18:11:13.798  3101 22612 I Mocca_VehicleDetectionHelper: (1.1.04.1)GPS: Avg speed: 0.0 Speed: 0.0 LIST: [0.0, 0.0, 0.0, 0.0, 0.0, 0.0, 0.0, 0.0, 0.0, 0.0]
03-12 18:11:13.798  3101 22612 D VehicleSensorHub: vehicleSendToSensorHub status : 2 type : 18
03-12 18:11:13.798  3101 22612 I SensorManager: Get Sensor type = 65586
03-12 18:11:13.798  5643  5766 I GpsSession_FLP: State[GPS_FIX] is changed to TRACKING
03-12 18:11:13.798  5643  5766 I GnssEngineManager_FLP: onGpsLocationChanged, provider=gps / isMock=false / speed=0.0 / time=1773339074000 / elapsed=278384487925895
03-12 18:11:13.798  3101 22612 D SensorService: setSContextDataLocked ints length 3 , byte length 5
03-12 18:11:13.798  3101 22612 D SensorService: setSContextDataLocked 123c17c1
03-12 18:11:13.798  5643  5766 I NewStopController_FLP: isAvailableLastLoc, KeepStationary : false , timeGap : 9 , mStraightFixCount : 0
03-12 18:11:13.798  5643  5766 I NewStopController_FLP: onChangedGlpLocation, isGpsStopped= false, isReportingLL= false, isAvailableLastLoc : true
03-12 18:11:13.798  2094  2094 I sensors-hal: inject_sensor_data:412, handle 1502 send inject
03-12 18:11:13.798  2094  2094 I sensors-hal: sendContextData:303, sensor hal 5, (0xc1, 0x17, 0x3c, 0x12)
03-12 18:11:13.798  2094  2094 I sensors-hal: sendContextData:206, activities 5 c1, 1
03-12 18:11:13.798  2094  2094 I sensors-hal: sendUserData:227, Activities cmd 0xc1 0x17
03-12 18:11:13.798  2094  2094 I sensors-hal: create_send_context_data:45, sending create_send_context_data
03-12 18:11:13.798  2094  2094 I sensors-hal: send_context_data:701, activities, 4914309220830019584, 1320970896291267344, msgid:700
03-12 18:11:13.798  3101  5217 D SLocation: PositionManager - Passive handleLocationChanged [G, A : 3.79, T : 1773339074000, ET : 278384487, E : MI, h : 20/3]
03-12 18:11:13.799  2094  5135 I sensors-hal: handle_sns_client_event:353, mag_sample_uncal: ts=278384492233778 ns; value = [-1.188495, 55.971767, 19.969681], bias = [-12.780000, 48.779999, 62.340000]
03-12 18:11:13.799  2094  4244 I sensors-hal: qsh_conn_resp_cb:972, resp_value = 0 for activities 
03-12 18:11:13.800  3101 22612 W ContextImpl: Calling a method in the system process without a qualified user: android.app.ContextImpl.sendBroadcast:1335 com.samsung.android.mocca.app.vehicle.AdvancedVehicleDetection.reportAdvancedVehicleEvent:185 com.samsung.android.mocca.app.vehicle.AdvancedVehicleDetection.handleLocEvent:277 com.samsung.android.mocca.app.vehicle.AdvancedVehicleDetection.p:0 D.e.h:136 
03-12 18:11:13.800 21233   404 I FrewleTileCacheManagerV: (REDACTED) Fetched %d AP models from cache
03-12 18:11:13.801  3101  5217 D SLocation: PositionManager - receive gps location
03-12 18:11:13.802  3101  5217 I SLocation: GeofenceLocationFilter - fire alarm & cancel, E.Q@be2ecdd
03-12 18:11:13.802  3101  5217 W SLocation: GeopointGeofenceManger - refresh wifi to receive loc
03-12 18:11:13.802  3101  5217 D SLocation: GeopointGeofenceManger - Location reported : fix method = 3 / 3.7900925
03-12 18:11:13.802  3101  5217 D SLocation: LastLocations - update latest location [G, A : 3.79, T : 1773339074000, ET : 278384487, E : MI, h : 20/3]
03-12 18:11:13.802  3101  5217 D SLocation: FilteredLastLocation - notify all last locations, loc : 3
03-12 18:11:13.803  3101  5217 D SLocation: ReceiverPair - ignore direction of location due to wifi, id = 90, reason = 400
03-12 18:11:13.803  3101  5217 D SLocation: GeopointLastLocation - last location still available 14 / 9223372036854775807
03-12 18:11:13.804  3101  5217 D SLocation: GeopointGeofenceObserver - location : [G, A : 3.79, T : 1773339074000, ET : 278384487, E : MI, h : 20/3], radius : 10494
03-12 18:11:13.804  3101  5217 D SLocation: LocationProviderStatus - try to update provider status (GPS/NLP)
03-12 18:11:13.804  3101  5217 D SLocation: LocationProviderStatus - set isGpsOn : true, isNlpOn : true
03-12 18:11:13.804  3101  5217 D SLocation: LocationProviderStatus - gps & nlp status not changed
03-12 18:11:13.804  3101  5217 D SLocation: GeofenceCoreManager - geofence core command pending size : 2
03-12 18:11:13.804  3101  5217 D SLocation: GeofenceCoreRecovery - removeGeofenceInfo id = 15000
03-12 18:11:13.804  3101  5217 D SLocation: SLocationCoreSem - send to coreSem, packet length : 3 / [17, 58, 152]
03-12 18:11:13.804  3101  5217 D SemContextLocationCoreAttribute: setAttribute() mode : 0 action : 23
03-12 18:11:13.804  3101  5217 D SemContextService: lock : changeParameters
03-12 18:11:13.804  3101  5217 D SemContext.CaeProvider.LocationCoreImpl: setAttribute() mode : 0 action : 23
03-12 18:11:13.804  3101  5217 W CAE     : setCAProperty(ContextAwareService.java:509) - [setProperty 01] Mutex is locked for SLOCATION_RUNNER
03-12 18:11:13.804  3101  5217 I CAE     : setPropertyValue(SLocationRunner.java:116) - SLocationRunner setProperty header : 17, len : 3
03-12 18:11:13.804  3101  4246 D SensorService: setSContextDataLocked ints length 3 , byte length 6
03-12 18:11:13.804  3101  4246 D SensorService: setSContextDataLocked 113717c1
03-12 18:11:13.804 22407 22484 I FusedLocation: (REDACTED) location delivery to %s blocked - too fast
03-12 18:11:13.804  2094  2094 I sensors-hal: inject_sensor_data:412, handle 1502 send inject
03-12 18:11:13.804  2094  2094 I sensors-hal: sendContextData:303, sensor hal 6, (0xc1, 0x17, 0x37, 0x11)
03-12 18:11:13.804  2094  2094 E sensors-hal: sendContextData:133, slocationcore h 193 m 23 s 55
03-12 18:11:13.804  2094  2094 I sensors-hal: sendUserData:119, slocationcore sendUserData
03-12 18:11:13.804  2094  2094 E sensors-hal: create_send_context_data:64, slocationcore create_send_context_data
03-12 18:11:13.804  2094  2094 I sensors-hal: send_context_data:701, slocationcore, 4986366670857974562, 1320970896291267344, msgid:700
03-12 18:11:13.805  2094  4244 I sensors-hal: qsh_conn_resp_cb:972, resp_value = 0 for slocationcore 
03-12 18:11:13.805  2094  4244 I sensors-hal: qsh_conn_event_cb:927, event[0] sensor:slocationcore  Wakeup, msg_id=1025, ts=5345089352084
03-12 18:11:13.805  2094  4244 E sensors-hal: handle_sns_client_event:78, slocationcore_event: msgid:1025
03-12 18:11:13.805  2094  4244 I sensors-hal: insert_awaking_events:873, smp2p_event, 22.slocationcore, msgid:1025
03-12 18:11:13.806  3101  5217 W CAE     : setCAProperty(ContextAwareService.java:515) - [setProperty 02] Mutex is unlocked for SLOCATION_RUNNER
03-12 18:11:13.806  3101  5217 D SemContextService: unlock : changeParameters
03-12 18:11:13.806  3101  5217 D SemContextManager:   .changeParameters : listener = Z.i@cc1d0ca, service=SLocation Core
03-12 18:11:13.806  3101  5217 D SLocation: GeofenceCoreManager - geofence core command pending size : 1
03-12 18:11:13.806  3101  5217 D SLocation: GeofenceCoreRecovery - storeGeofenceInfo 1 id = 15000, radius = 10494
03-12 18:11:13.806  3101  5217 D SLocation: SLocationCoreSem - send to coreSem, packet length : 16 / [16, 58, 152, 30, 174, 45, 238, 255, 251, 100, 91, 0, 0, 40, 254, 1]
03-12 18:11:13.806  3101  5217 D SemContextLocationCoreAttribute: setAttribute() mode : 0 action : 23
03-12 18:11:13.806  3101  5217 D SemContextService: lock : changeParameters
03-12 18:11:13.806  3101  5217 D SemContext.CaeProvider.LocationCoreImpl: setAttribute() mode : 0 action : 23
03-12 18:11:13.806  3101  5217 W CAE     : setCAProperty(ContextAwareService.java:509) - [setProperty 01] Mutex is locked for SLOCATION_RUNNER
03-12 18:11:13.806  3101  5217 I CAE     : setPropertyValue(SLocationRunner.java:116) - SLocationRunner setProperty header : 16, len : 16
03-12 18:11:13.807  3101  4242 D CAE     : onGetSensorHubData(SensorHubParserProvider.java:92) - onGetSensorHubData Event [event buffer len :10], AP_WAKEUP
03-12 18:11:13.807  3101  4242 I CAE     : parse(SensorHubParserProvider.java:188) - buffer size = 10
03-12 18:11:13.807  3101  4242 I CAE     : parse(SensorHubParserProvider.java:199) - 1, 1, 55, 0, 5, 2, 17, 0, 58, -104,
03-12 18:11:13.807  3101  4242 I CAE     : parse(SLocationRunner.java:88) - SLocationRunner parse start : 3
03-12 18:11:13.807  3101  4242 D CAE     : display(ContextProvider.java:375) - ================= SLOCATION_RUNNER =================
03-12 18:11:13.807  3101  4242 I CAE     : display(ContextProvider.java:391) - ExtraDataArray=[1, 1, 55, 0, 5, 2, 17, 0, 58, -104]
