03-12 17:58:51.994 32193 32218 I VRI[]@fee016f: mWNT: t=0xb4000074bf0d3e90 mBlastBufferQueue=0xb40000761f16ec70 fn= 5 HdrRenderState mRenderHdrSdrRatio=1.0 caller= android.view.ViewRootImpl$10.onFrameDraw:6536 android.view.ViewRootImpl$4.onFrameDraw:2489 android.view.ThreadedRenderer$1.onFrameDraw:718 
03-12 17:58:52.010 32193 32193 I BLASTBufferQueue_Java: update, w= 202 h= 202 mName = VRI[]@fee016f mNativeObject= 0xb40000761f16ec70 sc.mNativeObject= 0xb4000075ff0aab90 format= -3 caller= android.view.ViewRootImpl.updateBlastSurfaceIfNeeded:3574 android.view.ViewRootImpl.relayoutWindow:11685 android.view.ViewRootImpl.performTraversals:4804 android.view.ViewRootImpl.doTraversal:3924 android.view.ViewRootImpl$TraversalRunnable.run:12903 android.view.Choreographer$CallbackRecord.run:1901 
03-12 17:58:52.010 32193 32193 I VRI[]@fee016f: Relayout returned: old=(0,291,202,493) new=(0,291,202,493) relayoutAsync=true req=(202,202)0 dur=0 res=0x0 s={true 0xb4000075af0e1260} ch=false seqId=0
03-12 17:58:52.010 32193 32193 I VRI[]@fee016f: registerCallbackForPendingTransactions
03-12 17:58:52.010 32193 32219 I VRI[]@fee016f: mWNT: t=0xb4000074bf0d4e50 mBlastBufferQueue=0xb40000761f16ec70 fn= 6 HdrRenderState mRenderHdrSdrRatio=1.0 caller= android.view.ViewRootImpl$10.onFrameDraw:6536 android.view.ViewRootImpl$4.onFrameDraw:2489 android.view.ThreadedRenderer$1.onFrameDraw:718 
03-12 17:58:52.026 32193 32193 I BLASTBufferQueue_Java: update, w= 202 h= 202 mName = VRI[]@fee016f mNativeObject= 0xb40000761f16ec70 sc.mNativeObject= 0xb4000075ff0aab90 format= -3 caller= android.view.ViewRootImpl.updateBlastSurfaceIfNeeded:3574 android.view.ViewRootImpl.relayoutWindow:11685 android.view.ViewRootImpl.performTraversals:4804 android.view.ViewRootImpl.doTraversal:3924 android.view.ViewRootImpl$TraversalRunnable.run:12903 android.view.Choreographer$CallbackRecord.run:1901 
03-12 17:58:52.026 32193 32193 I VRI[]@fee016f: Relayout returned: old=(0,291,202,493) new=(0,291,202,493) relayoutAsync=true req=(202,202)0 dur=0 res=0x0 s={true 0xb4000075af0e1260} ch=false seqId=0
03-12 17:58:52.027 32193 32193 I VRI[]@fee016f: registerCallbackForPendingTransactions
03-12 17:58:52.027 32193 32218 I VRI[]@fee016f: mWNT: t=0xb4000074bf0d2ed0 mBlastBufferQueue=0xb40000761f16ec70 fn= 7 HdrRenderState mRenderHdrSdrRatio=1.0 caller= android.view.ViewRootImpl$10.onFrameDraw:6536 android.view.ViewRootImpl$4.onFrameDraw:2489 android.view.ThreadedRenderer$1.onFrameDraw:718 
03-12 17:58:52.043 32193 32193 I BLASTBufferQueue_Java: update, w= 202 h= 202 mName = VRI[]@fee016f mNativeObject= 0xb40000761f16ec70 sc.mNativeObject= 0xb4000075ff0aab90 format= -3 caller= android.view.ViewRootImpl.updateBlastSurfaceIfNeeded:3574 android.view.ViewRootImpl.relayoutWindow:11685 android.view.ViewRootImpl.performTraversals:4804 android.view.ViewRootImpl.doTraversal:3924 android.view.ViewRootImpl$TraversalRunnable.run:12903 android.view.Choreographer$CallbackRecord.run:1901 
03-12 17:58:52.043 32193 32193 I VRI[]@fee016f: Relayout returned: old=(0,291,202,493) new=(0,291,202,493) relayoutAsync=true req=(202,202)0 dur=0 res=0x0 s={true 0xb4000075af0e1260} ch=false seqId=0
03-12 17:58:52.043 32193 32193 I VRI[]@fee016f: registerCallbackForPendingTransactions
03-12 17:58:52.044 32193 32219 I VRI[]@fee016f: mWNT: t=0xb4000074bf0d19d0 mBlastBufferQueue=0xb40000761f16ec70 fn= 8 HdrRenderState mRenderHdrSdrRatio=1.0 caller= android.view.ViewRootImpl$10.onFrameDraw:6536 android.view.ViewRootImpl$4.onFrameDraw:2489 android.view.ThreadedRenderer$1.onFrameDraw:718 
03-12 17:58:52.060 32193 32193 I BLASTBufferQueue_Java: update, w= 202 h= 202 mName = VRI[]@fee016f mNativeObject= 0xb40000761f16ec70 sc.mNativeObject= 0xb4000075ff0aab90 format= -3 caller= android.view.ViewRootImpl.updateBlastSurfaceIfNeeded:3574 android.view.ViewRootImpl.relayoutWindow:11685 android.view.ViewRootImpl.performTraversals:4804 android.view.ViewRootImpl.doTraversal:3924 android.view.ViewRootImpl$TraversalRunnable.run:12903 android.view.Choreographer$CallbackRecord.run:1901 
03-12 17:58:52.060 32193 32193 I VRI[]@fee016f: Relayout returned: old=(0,291,202,493) new=(0,291,202,493) relayoutAsync=true req=(202,202)0 dur=0 res=0x0 s={true 0xb4000075af0e1260} ch=false seqId=0
03-12 17:58:52.060 32193 32193 I VRI[]@fee016f: registerCallbackForPendingTransactions
03-12 17:58:52.060 32193 32218 I VRI[]@fee016f: mWNT: t=0xb4000074bf0d35d0 mBlastBufferQueue=0xb40000761f16ec70 fn= 9 HdrRenderState mRenderHdrSdrRatio=1.0 caller= android.view.ViewRootImpl$10.onFrameDraw:6536 android.view.ViewRootImpl$4.onFrameDraw:2489 android.view.ThreadedRenderer$1.onFrameDraw:718 
03-12 17:58:52.076 32193 32193 I BLASTBufferQueue_Java: update, w= 202 h= 202 mName = VRI[]@fee016f mNativeObject= 0xb40000761f16ec70 sc.mNativeObject= 0xb4000075ff0aab90 format= -3 caller= android.view.ViewRootImpl.updateBlastSurfaceIfNeeded:3574 android.view.ViewRootImpl.relayoutWindow:11685 android.view.ViewRootImpl.performTraversals:4804 android.view.ViewRootImpl.doTraversal:3924 android.view.ViewRootImpl$TraversalRunnable.run:12903 android.view.Choreographer$CallbackRecord.run:1901 
03-12 17:58:52.076 32193 32193 I VRI[]@fee016f: Relayout returned: old=(0,291,202,493) new=(0,291,202,493) relayoutAsync=true req=(202,202)0 dur=0 res=0x0 s={true 0xb4000075af0e1260} ch=false seqId=0
03-12 17:58:52.077 32193 32193 I VRI[]@fee016f: registerCallbackForPendingTransactions
03-12 17:58:52.077 32193 32219 I VRI[]@fee016f: mWNT: t=0xb4000074bf0d0f50 mBlastBufferQueue=0xb40000761f16ec70 fn= 10 HdrRenderState mRenderHdrSdrRatio=1.0 caller= android.view.ViewRootImpl$10.onFrameDraw:6536 android.view.ViewRootImpl$4.onFrameDraw:2489 android.view.ThreadedRenderer$1.onFrameDraw:718 
03-12 17:58:52.093 32193 32193 I BLASTBufferQueue_Java: update, w= 202 h= 202 mName = VRI[]@fee016f mNativeObject= 0xb40000761f16ec70 sc.mNativeObject= 0xb4000075ff0aab90 format= -3 caller= android.view.ViewRootImpl.updateBlastSurfaceIfNeeded:3574 android.view.ViewRootImpl.relayoutWindow:11685 android.view.ViewRootImpl.performTraversals:4804 android.view.ViewRootImpl.doTraversal:3924 android.view.ViewRootImpl$TraversalRunnable.run:12903 android.view.Choreographer$CallbackRecord.run:1901 
03-12 17:58:52.093 32193 32193 I VRI[]@fee016f: Relayout returned: old=(0,291,202,493) new=(0,291,202,493) relayoutAsync=true req=(202,202)0 dur=0 res=0x0 s={true 0xb4000075af0e1260} ch=false seqId=0
03-12 17:58:52.093 32193 32193 I VRI[]@fee016f: registerCallbackForPendingTransactions
03-12 17:58:52.094 32193 32218 I VRI[]@fee016f: mWNT: t=0xb4000074bf0d2d10 mBlastBufferQueue=0xb40000761f16ec70 fn= 11 HdrRenderState mRenderHdrSdrRatio=1.0 caller= android.view.ViewRootImpl$10.onFrameDraw:6536 android.view.ViewRootImpl$4.onFrameDraw:2489 android.view.ThreadedRenderer$1.onFrameDraw:718 
03-12 17:58:52.110 32193 32193 I BLASTBufferQueue_Java: update, w= 202 h= 202 mName = VRI[]@fee016f mNativeObject= 0xb40000761f16ec70 sc.mNativeObject= 0xb4000075ff0aab90 format= -3 caller= android.view.ViewRootImpl.updateBlastSurfaceIfNeeded:3574 android.view.ViewRootImpl.relayoutWindow:11685 android.view.ViewRootImpl.performTraversals:4804 android.view.ViewRootImpl.doTraversal:3924 android.view.ViewRootImpl$TraversalRunnable.run:12903 android.view.Choreographer$CallbackRecord.run:1901 
03-12 17:58:52.110 32193 32193 I VRI[]@fee016f: Relayout returned: old=(0,291,202,493) new=(0,291,202,493) relayoutAsync=true req=(202,202)0 dur=0 res=0x0 s={true 0xb4000075af0e1260} ch=false seqId=0
03-12 17:58:52.110 32193 32193 I VRI[]@fee016f: registerCallbackForPendingTransactions
03-12 17:58:52.110 32193 32219 I VRI[]@fee016f: mWNT: t=0xb4000074bf0d1650 mBlastBufferQueue=0xb40000761f16ec70 fn= 12 HdrRenderState mRenderHdrSdrRatio=1.0 caller= android.view.ViewRootImpl$10.onFrameDraw:6536 android.view.ViewRootImpl$4.onFrameDraw:2489 android.view.ThreadedRenderer$1.onFrameDraw:718 
03-12 17:58:52.126 32193 32193 I BLASTBufferQueue_Java: update, w= 202 h= 202 mName = VRI[]@fee016f mNativeObject= 0xb40000761f16ec70 sc.mNativeObject= 0xb4000075ff0aab90 format= -3 caller= android.view.ViewRootImpl.updateBlastSurfaceIfNeeded:3574 android.view.ViewRootImpl.relayoutWindow:11685 android.view.ViewRootImpl.performTraversals:4804 android.view.ViewRootImpl.doTraversal:3924 android.view.ViewRootImpl$TraversalRunnable.run:12903 android.view.Choreographer$CallbackRecord.run:1901 
03-12 17:58:52.126 32193 32193 I VRI[]@fee016f: Relayout returned: old=(0,291,202,493) new=(0,291,202,493) relayoutAsync=true req=(202,202)0 dur=0 res=0x0 s={true 0xb4000075af0e1260} ch=false seqId=0
03-12 17:58:52.126 32193 32193 I VRI[]@fee016f: registerCallbackForPendingTransactions
03-12 17:58:52.127 32193 32218 I VRI[]@fee016f: mWNT: t=0xb4000074bf0d2b50 mBlastBufferQueue=0xb40000761f16ec70 fn= 13 HdrRenderState mRenderHdrSdrRatio=1.0 caller= android.view.ViewRootImpl$10.onFrameDraw:6536 android.view.ViewRootImpl$4.onFrameDraw:2489 android.view.ThreadedRenderer$1.onFrameDraw:718 
03-12 17:58:52.501 32193 32193 D ScreenCaptureService: Screenshot saved: /data/user/0/com.pokerarity.scanner/cache/scan_1773338332162.png
03-12 17:58:52.503 32193 32193 I BLASTBufferQueue_Java: update, w= 202 h= 202 mName = VRI[]@fee016f mNativeObject= 0xb40000761f16ec70 sc.mNativeObject= 0xb4000075ff0aab90 format= -3 caller= android.view.ViewRootImpl.updateBlastSurfaceIfNeeded:3574 android.view.ViewRootImpl.relayoutWindow:11685 android.view.ViewRootImpl.performTraversals:4804 android.view.ViewRootImpl.doTraversal:3924 android.view.ViewRootImpl$TraversalRunnable.run:12903 android.view.Choreographer$CallbackRecord.run:1901 
03-12 17:58:52.503 32193 32193 I VRI[]@fee016f: Relayout returned: old=(0,291,202,493) new=(0,291,202,493) relayoutAsync=true req=(202,202)0 dur=1 res=0x0 s={true 0xb4000075af0e1260} ch=false seqId=0
03-12 17:58:52.503 32193 32193 I VRI[]@fee016f: registerCallbackForPendingTransactions
03-12 17:58:52.503 32193 32193 D ScanManager: onReceive: action=com.pokerarity.scanner.SCREENSHOT_READY, extras=extra_screenshot_path
03-12 17:58:52.503 32193 32193 D ScanManager: onReceive: path=/data/user/0/com.pokerarity.scanner/cache/scan_1773338332162.png
03-12 17:58:52.503 32193 32193 D ScanManager: processScan: starting with /data/user/0/com.pokerarity.scanner/cache/scan_1773338332162.png
03-12 17:58:52.504 32193 32219 I VRI[]@fee016f: mWNT: t=0xb4000074bf0d3b10 mBlastBufferQueue=0xb40000761f16ec70 fn= 14 HdrRenderState mRenderHdrSdrRatio=1.0 caller= android.view.ViewRootImpl$10.onFrameDraw:6536 android.view.ViewRootImpl$4.onFrameDraw:2489 android.view.ThreadedRenderer$1.onFrameDraw:718 
03-12 17:58:52.505 32193 32213 W BitmapFactory: Null Options, creating a new one.
03-12 17:58:52.507 32193 32213 I Kumiho-Kumiho: getPackageName: com.pokerarity.scanner
03-12 17:58:52.577 32193 32213 I Kumiho-Kumiho: getPackageName: com.pokerarity.scanner
03-12 17:58:52.579 32193 32215 E TextParser: Failed to load Pokemon names
03-12 17:58:52.579 32193 32215 E TextParser: java.io.FileNotFoundException: pokemon_names.json
03-12 17:58:52.579 32193 32215 E TextParser: 	at android.content.res.AssetManager.nativeOpenAsset(Native Method)
03-12 17:58:52.579 32193 32215 E TextParser: 	at android.content.res.AssetManager.open(AssetManager.java:1075)
03-12 17:58:52.579 32193 32215 E TextParser: 	at android.content.res.AssetManager.open(AssetManager.java:1052)
03-12 17:58:52.579 32193 32215 E TextParser: 	at com.pokerarity.scanner.util.ocr.TextParser.loadPokemonNames(TextParser.kt:203)
03-12 17:58:52.579 32193 32215 E TextParser: 	at com.pokerarity.scanner.util.ocr.TextParser.<init>(TextParser.kt:17)
03-12 17:58:52.579 32193 32215 E TextParser: 	at com.pokerarity.scanner.util.ocr.OCRProcessor.<init>(OCRProcessor.kt:19)
03-12 17:58:52.579 32193 32215 E TextParser: 	at com.pokerarity.scanner.service.ScanManager$ocrProcessor$2.invoke(ScanManager.kt:45)
03-12 17:58:52.579 32193 32215 E TextParser: 	at com.pokerarity.scanner.service.ScanManager$ocrProcessor$2.invoke(ScanManager.kt:45)
03-12 17:58:52.579 32193 32215 E TextParser: 	at kotlin.SynchronizedLazyImpl.getValue(LazyJVM.kt:74)
03-12 17:58:52.579 32193 32215 E TextParser: 	at com.pokerarity.scanner.service.ScanManager.getOcrProcessor(ScanManager.kt:45)
03-12 17:58:52.579 32193 32215 E TextParser: 	at com.pokerarity.scanner.service.ScanManager.access$getOcrProcessor(ScanManager.kt:36)
03-12 17:58:52.579 32193 32215 E TextParser: 	at com.pokerarity.scanner.service.ScanManager$processScan$1$ocrDeferred$1.invokeSuspend(ScanManager.kt:98)
03-12 17:58:52.579 32193 32215 E TextParser: 	at kotlin.coroutines.jvm.internal.BaseContinuationImpl.resumeWith(ContinuationImpl.kt:33)
03-12 17:58:52.579 32193 32215 E TextParser: 	at kotlinx.coroutines.DispatchedTask.run(DispatchedTask.kt:101)
03-12 17:58:52.579 32193 32215 E TextParser: 	at kotlinx.coroutines.internal.LimitedDispatcher$Worker.run(LimitedDispatcher.kt:113)
03-12 17:58:52.579 32193 32215 E TextParser: 	at kotlinx.coroutines.scheduling.TaskImpl.run(Tasks.kt:89)
03-12 17:58:52.579 32193 32215 E TextParser: 	at kotlinx.coroutines.scheduling.CoroutineScheduler.runSafely(CoroutineScheduler.kt:589)
03-12 17:58:52.579 32193 32215 E TextParser: 	at kotlinx.coroutines.scheduling.CoroutineScheduler$Worker.executeTask(CoroutineScheduler.kt:823)
03-12 17:58:52.579 32193 32215 E TextParser: 	at kotlinx.coroutines.scheduling.CoroutineScheduler$Worker.runWorker(CoroutineScheduler.kt:720)
03-12 17:58:52.579 32193 32215 E TextParser: 	at kotlinx.coroutines.scheduling.CoroutineScheduler$Worker.run(CoroutineScheduler.kt:707)
03-12 17:58:52.656 32193 32212 D nativeloader: Load /data/app/~~D07AtXKwHMcVzJMtZySJQg==/com.pokerarity.scanner-BVQPwey95qtmxrbUpNbuMw==/base.apk!/lib/arm64-v8a/libjpgt.so using class loader ns clns-9 (caller=/data/app/~~D07AtXKwHMcVzJMtZySJQg==/com.pokerarity.scanner-BVQPwey95qtmxrbUpNbuMw==/base.apk): ok
03-12 17:58:52.658 32193 32212 D nativeloader: Load /data/app/~~D07AtXKwHMcVzJMtZySJQg==/com.pokerarity.scanner-BVQPwey95qtmxrbUpNbuMw==/base.apk!/lib/arm64-v8a/libpngt.so using class loader ns clns-9 (caller=/data/app/~~D07AtXKwHMcVzJMtZySJQg==/com.pokerarity.scanner-BVQPwey95qtmxrbUpNbuMw==/base.apk): ok
03-12 17:58:52.660 32193 32212 D nativeloader: Load /data/app/~~D07AtXKwHMcVzJMtZySJQg==/com.pokerarity.scanner-BVQPwey95qtmxrbUpNbuMw==/base.apk!/lib/arm64-v8a/liblept.so using class loader ns clns-9 (caller=/data/app/~~D07AtXKwHMcVzJMtZySJQg==/com.pokerarity.scanner-BVQPwey95qtmxrbUpNbuMw==/base.apk): ok
03-12 17:58:52.682 32193 32212 D nativeloader: Load /data/app/~~D07AtXKwHMcVzJMtZySJQg==/com.pokerarity.scanner-BVQPwey95qtmxrbUpNbuMw==/base.apk!/lib/arm64-v8a/libtess.so using class loader ns clns-9 (caller=/data/app/~~D07AtXKwHMcVzJMtZySJQg==/com.pokerarity.scanner-BVQPwey95qtmxrbUpNbuMw==/base.apk): ok
03-12 17:58:52.941 32193   417 I Tesseract(native): Initialized Tesseract API with language=eng
03-12 17:58:52.942 32193 32212 I Tesseract(native): Initialized Tesseract API with language=eng
03-12 17:58:52.942 32193   415 I Tesseract(native): Initialized Tesseract API with language=eng
03-12 17:58:52.945 32193   417 V Leptonica(native): Java_com_googlecode_leptonica_android_ReadFile_nativeReadBitmap
03-12 17:58:52.945 32193   415 V Leptonica(native): Java_com_googlecode_leptonica_android_ReadFile_nativeReadBitmap
03-12 17:58:52.945 32193 32212 V Leptonica(native): Java_com_googlecode_leptonica_android_ReadFile_nativeReadBitmap
03-12 17:58:52.945 32193   417 I erarity.scanner: hiddenapi: Accessing hidden field Landroid/graphics/Bitmap;->mNativePtr:J (runtime_flags=0, domain=platform, api=unsupported) from Lcom/googlecode/leptonica/android/ReadFile; (domain=app, TargetSdkVersion=35) using JNI: allowed
03-12 17:58:52.946 32193   418 I Tesseract(native): Initialized Tesseract API with language=eng
03-12 17:58:52.946 32193   418 V Leptonica(native): Java_com_googlecode_leptonica_android_ReadFile_nativeReadBitmap
03-12 17:58:52.951 32193   419 I Tesseract(native): Initialized Tesseract API with language=eng
03-12 17:58:52.951 32193   419 V Leptonica(native): Java_com_googlecode_leptonica_android_ReadFile_nativeReadBitmap
03-12 17:58:52.956 32193   416 I Tesseract(native): Initialized Tesseract API with language=eng
03-12 17:58:52.956 32193   416 V Leptonica(native): Java_com_googlecode_leptonica_android_ReadFile_nativeReadBitmap
03-12 17:58:52.967 32193 32213 I Tesseract(native): Initialized Tesseract API with language=eng
03-12 17:58:52.967 32193 32213 V Leptonica(native): Java_com_googlecode_leptonica_android_ReadFile_nativeReadBitmap
03-12 17:58:52.972 32193 32215 I Tesseract(native): Initialized Tesseract API with language=eng
03-12 17:58:52.972 32193 32215 V Leptonica(native): Java_com_googlecode_leptonica_android_ReadFile_nativeReadBitmap
03-12 17:58:53.112 32193   418 I Tesseract(native): Initialized Tesseract API with language=eng
03-12 17:58:53.112 32193   418 V Leptonica(native): Java_com_googlecode_leptonica_android_ReadFile_nativeReadBitmap
03-12 17:58:53.385 32193 32215 D OCRProcessor: Raw OCR: cp='03576 /' hp='78/78HP
03-12 17:58:53.385 32193 32215 D OCRProcessor: H9' name='Pikachu1┬░┬░' candy='GYMS & RAIDS .RAINER BATTLE'
03-12 17:58:53.385 32193 32215 D OCRProcessor: a Present' mega='03' weight='' height='6' stardust='H/C HH'
03-12 17:58:53.390 32193 32215 W OCRProcessor: Neither user name nor candy name could be parsed
03-12 17:58:53.390 32193 32215 W Bitmap  : Called getWidth() on a recycle()'d bitmap! This is undefined behavior!
03-12 17:58:53.390 32193 32215 W Bitmap  : Called getHeight() on a recycle()'d bitmap! This is undefined behavior!
03-12 17:58:53.390 32193 32215 W Bitmap  : Called getWidth() on a recycle()'d bitmap! This is undefined behavior!
03-12 17:58:53.391 32193 32215 W Bitmap  : Called getHeight() on a recycle()'d bitmap! This is undefined behavior!
03-12 17:58:53.391 32193 32215 W Bitmap  : Called getWidth() on a recycle()'d bitmap! This is undefined behavior!
03-12 17:58:53.391 32193 32215 W Bitmap  : Called getHeight() on a recycle()'d bitmap! This is undefined behavior!
03-12 17:58:53.391 32193 32215 E ScanManager: OCR failed
03-12 17:58:53.391 32193 32215 E ScanManager: java.lang.IllegalArgumentException: cannot use a recycled source in createBitmap
03-12 17:58:53.391 32193 32215 E ScanManager: 	at android.graphics.Bitmap.createBitmap(Bitmap.java:961)
03-12 17:58:53.391 32193 32215 E ScanManager: 	at android.graphics.Bitmap.createBitmap(Bitmap.java:914)
03-12 17:58:53.391 32193 32215 E ScanManager: 	at com.pokerarity.scanner.util.ocr.OCRProcessor.extractRegion(OCRProcessor.kt:191)
03-12 17:58:53.391 32193 32215 E ScanManager: 	at com.pokerarity.scanner.util.ocr.OCRProcessor.extractRegion$default(OCRProcessor.kt:178)
03-12 17:58:53.391 32193 32215 E ScanManager: 	at com.pokerarity.scanner.util.ocr.OCRProcessor$processImage$2.invokeSuspend(OCRProcessor.kt:141)
03-12 17:58:53.391 32193 32215 E ScanManager: 	at kotlin.coroutines.jvm.internal.BaseContinuationImpl.resumeWith(ContinuationImpl.kt:33)
03-12 17:58:53.391 32193 32215 E ScanManager: 	at kotlinx.coroutines.DispatchedTask.run(DispatchedTask.kt:101)
03-12 17:58:53.391 32193 32215 E ScanManager: 	at kotlinx.coroutines.scheduling.CoroutineScheduler.runSafely(CoroutineScheduler.kt:589)
03-12 17:58:53.391 32193 32215 E ScanManager: 	at kotlinx.coroutines.scheduling.CoroutineScheduler$Worker.executeTask(CoroutineScheduler.kt:832)
03-12 17:58:53.391 32193 32215 E ScanManager: 	at kotlinx.coroutines.scheduling.CoroutineScheduler$Worker.runWorker(CoroutineScheduler.kt:720)
03-12 17:58:53.391 32193 32215 E ScanManager: 	at kotlinx.coroutines.scheduling.CoroutineScheduler$Worker.run(CoroutineScheduler.kt:707)
03-12 17:58:53.391 32193 32215 W ScanManager: Retryable error (OCR_FAILED), attempt 1
03-12 17:58:53.393 32193 32193 I Toast   : show: caller = com.pokerarity.scanner.service.ScanManager$handleError$1.invokeSuspend:196 
03-12 17:58:53.393 32193 32193 I Toast   : show: contextDispId = 0 mCustomDisplayId = -1 focusedDisplayId = 0 isActivityContext = false
03-12 17:58:53.903 32193 32193 D ScreenCaptureService: Screenshot saved: /data/user/0/com.pokerarity.scanner/cache/scan_1773338333574.png
03-12 17:58:53.905 32193 32193 D ScanManager: onReceive: action=com.pokerarity.scanner.SCREENSHOT_READY, extras=extra_screenshot_path
03-12 17:58:53.905 32193 32193 D ScanManager: onReceive: path=/data/user/0/com.pokerarity.scanner/cache/scan_1773338333574.png
03-12 17:58:53.905 32193 32193 D ScanManager: processScan: starting with /data/user/0/com.pokerarity.scanner/cache/scan_1773338333574.png
03-12 17:58:53.905 32193 32215 W BitmapFactory: Null Options, creating a new one.
03-12 17:58:53.906 32193 32215 I Kumiho-Kumiho: getPackageName: com.pokerarity.scanner
03-12 17:58:53.972 32193 32215 I Kumiho-Kumiho: getPackageName: com.pokerarity.scanner
03-12 17:58:54.193 32193   418 I Tesseract(native): Initialized Tesseract API with language=eng
03-12 17:58:54.193 32193   418 V Leptonica(native): Java_com_googlecode_leptonica_android_ReadFile_nativeReadBitmap
03-12 17:58:54.213 32193   419 I Tesseract(native): Initialized Tesseract API with language=eng
03-12 17:58:54.213 32193   419 V Leptonica(native): Java_com_googlecode_leptonica_android_ReadFile_nativeReadBitmap
03-12 17:58:54.220 32193   415 I Tesseract(native): Initialized Tesseract API with language=eng
03-12 17:58:54.220 32193   415 V Leptonica(native): Java_com_googlecode_leptonica_android_ReadFile_nativeReadBitmap
03-12 17:58:54.223 32193 32212 I Tesseract(native): Initialized Tesseract API with language=eng
03-12 17:58:54.223 32193 32212 V Leptonica(native): Java_com_googlecode_leptonica_android_ReadFile_nativeReadBitmap
03-12 17:58:54.234 32193   417 I Tesseract(native): Initialized Tesseract API with language=eng
03-12 17:58:54.234 32193   417 V Leptonica(native): Java_com_googlecode_leptonica_android_ReadFile_nativeReadBitmap
03-12 17:58:54.251 32193 32215 I Tesseract(native): Initialized Tesseract API with language=eng
03-12 17:58:54.251 32193 32215 V Leptonica(native): Java_com_googlecode_leptonica_android_ReadFile_nativeReadBitmap
03-12 17:58:54.256 32193   416 I Tesseract(native): Initialized Tesseract API with language=eng
03-12 17:58:54.256 32193   416 V Leptonica(native): Java_com_googlecode_leptonica_android_ReadFile_nativeReadBitmap
03-12 17:58:54.291 32193 32213 I Tesseract(native): Initialized Tesseract API with language=eng
03-12 17:58:54.291 32193 32213 V Leptonica(native): Java_com_googlecode_leptonica_android_ReadFile_nativeReadBitmap
03-12 17:58:54.347 32193   419 I Tesseract(native): Initialized Tesseract API with language=eng
03-12 17:58:54.347 32193   419 V Leptonica(native): Java_com_googlecode_leptonica_android_ReadFile_nativeReadBitmap
03-12 17:58:54.586 32193   418 D OCRProcessor: Raw OCR: cp='CP576' hp='78/78HP
03-12 17:58:54.586 32193   418 D OCRProcessor: H9' name='Pikachu1┬░┬░' candy='GYMS & RAIDS .RAINER BATTLE'
03-12 17:58:54.586 32193   418 D OCRProcessor: a Present' mega='03' weight='' height='6' stardust='H/C HH'
03-12 17:58:54.586 32193   418 W OCRProcessor: Neither user name nor candy name could be parsed
03-12 17:58:54.586 32193   418 W Bitmap  : Called getWidth() on a recycle()'d bitmap! This is undefined behavior!
03-12 17:58:54.586 32193   418 W Bitmap  : Called getHeight() on a recycle()'d bitmap! This is undefined behavior!
03-12 17:58:54.586 32193   418 W Bitmap  : Called getWidth() on a recycle()'d bitmap! This is undefined behavior!
03-12 17:58:54.586 32193   418 W Bitmap  : Called getHeight() on a recycle()'d bitmap! This is undefined behavior!
03-12 17:58:54.586 32193   418 W Bitmap  : Called getWidth() on a recycle()'d bitmap! This is undefined behavior!
03-12 17:58:54.586 32193   418 W Bitmap  : Called getHeight() on a recycle()'d bitmap! This is undefined behavior!
03-12 17:58:54.587 32193   418 E ScanManager: OCR failed
03-12 17:58:54.587 32193   418 E ScanManager: java.lang.IllegalArgumentException: cannot use a recycled source in createBitmap
03-12 17:58:54.587 32193   418 E ScanManager: 	at android.graphics.Bitmap.createBitmap(Bitmap.java:961)
03-12 17:58:54.587 32193   418 E ScanManager: 	at android.graphics.Bitmap.createBitmap(Bitmap.java:914)
03-12 17:58:54.587 32193   418 E ScanManager: 	at com.pokerarity.scanner.util.ocr.OCRProcessor.extractRegion(OCRProcessor.kt:191)
03-12 17:58:54.587 32193   418 E ScanManager: 	at com.pokerarity.scanner.util.ocr.OCRProcessor.extractRegion$default(OCRProcessor.kt:178)
03-12 17:58:54.587 32193   418 E ScanManager: 	at com.pokerarity.scanner.util.ocr.OCRProcessor$processImage$2.invokeSuspend(OCRProcessor.kt:141)
03-12 17:58:54.587 32193   418 E ScanManager: 	at kotlin.coroutines.jvm.internal.BaseContinuationImpl.resumeWith(ContinuationImpl.kt:33)
03-12 17:58:54.587 32193   418 E ScanManager: 	at kotlinx.coroutines.DispatchedTask.run(DispatchedTask.kt:101)
03-12 17:58:54.587 32193   418 E ScanManager: 	at kotlinx.coroutines.scheduling.CoroutineScheduler.runSafely(CoroutineScheduler.kt:589)
03-12 17:58:54.587 32193   418 E ScanManager: 	at kotlinx.coroutines.scheduling.CoroutineScheduler$Worker.executeTask(CoroutineScheduler.kt:832)
03-12 17:58:54.587 32193   418 E ScanManager: 	at kotlinx.coroutines.scheduling.CoroutineScheduler$Worker.runWorker(CoroutineScheduler.kt:720)
03-12 17:58:54.587 32193   418 E ScanManager: 	at kotlinx.coroutines.scheduling.CoroutineScheduler$Worker.run(CoroutineScheduler.kt:707)
03-12 17:58:54.587 32193   418 W ScanManager: Retryable error (OCR_FAILED), attempt 2
03-12 17:58:54.588 32193 32193 I Toast   : show: caller = com.pokerarity.scanner.service.ScanManager$handleError$1.invokeSuspend:196 
03-12 17:58:54.588 32193 32193 I Toast   : show: contextDispId = 0 mCustomDisplayId = -1 focusedDisplayId = 0 isActivityContext = false
03-12 17:58:55.028 32193 32193 D ScreenCaptureService: Screenshot saved: /data/user/0/com.pokerarity.scanner/cache/scan_1773338334761.png
03-12 17:58:55.029 32193 32193 I VRI[]@fee016f: call setFrameRateCategory for touch hint category=no preference, reason=boost timeout, vri=VRI[]@fee016f
03-12 17:58:55.030 32193 32193 D ScanManager: onReceive: action=com.pokerarity.scanner.SCREENSHOT_READY, extras=extra_screenshot_path
03-12 17:58:55.030 32193 32193 D ScanManager: onReceive: path=/data/user/0/com.pokerarity.scanner/cache/scan_1773338334761.png
03-12 17:58:55.030 32193 32193 D ScanManager: processScan: starting with /data/user/0/com.pokerarity.scanner/cache/scan_1773338334761.png
03-12 17:58:55.031 32193   418 W BitmapFactory: Null Options, creating a new one.
03-12 17:58:55.031 32193   418 I Kumiho-Kumiho: getPackageName: com.pokerarity.scanner
03-12 17:58:55.087 32193   418 I Kumiho-Kumiho: getPackageName: com.pokerarity.scanner
03-12 17:58:55.264 32193   418 I Tesseract(native): Initialized Tesseract API with language=eng
03-12 17:58:55.264 32193   418 V Leptonica(native): Java_com_googlecode_leptonica_android_ReadFile_nativeReadBitmap
03-12 17:58:55.311 32193 32213 I Tesseract(native): Initialized Tesseract API with language=eng
03-12 17:58:55.311 32193 32213 V Leptonica(native): Java_com_googlecode_leptonica_android_ReadFile_nativeReadBitmap
03-12 17:58:55.333 32193 32215 I Tesseract(native): Initialized Tesseract API with language=eng
03-12 17:58:55.333 32193 32215 V Leptonica(native): Java_com_googlecode_leptonica_android_ReadFile_nativeReadBitmap
03-12 17:58:55.426 32193   415 I Tesseract(native): Initialized Tesseract API with language=eng
03-12 17:58:55.426 32193   415 V Leptonica(native): Java_com_googlecode_leptonica_android_ReadFile_nativeReadBitmap
03-12 17:58:55.439 32193   416 I Tesseract(native): Initialized Tesseract API with language=eng
03-12 17:58:55.440 32193   416 V Leptonica(native): Java_com_googlecode_leptonica_android_ReadFile_nativeReadBitmap
03-12 17:58:55.519 32193 32212 I Tesseract(native): Initialized Tesseract API with language=eng
03-12 17:58:55.519 32193 32212 V Leptonica(native): Java_com_googlecode_leptonica_android_ReadFile_nativeReadBitmap
03-12 17:58:55.532 32193   419 I Tesseract(native): Initialized Tesseract API with language=eng
03-12 17:58:55.532 32193   419 V Leptonica(native): Java_com_googlecode_leptonica_android_ReadFile_nativeReadBitmap
03-12 17:58:55.535 32193   417 I Tesseract(native): Initialized Tesseract API with language=eng
03-12 17:58:55.535 32193   417 V Leptonica(native): Java_com_googlecode_leptonica_android_ReadFile_nativeReadBitmap
03-12 17:58:55.547 32193 32215 I Tesseract(native): Initialized Tesseract API with language=eng
03-12 17:58:55.547 32193 32215 V Leptonica(native): Java_com_googlecode_leptonica_android_ReadFile_nativeReadBitmap
03-12 17:58:55.747 32193   418 D OCRProcessor: Raw OCR: cp='CP5 2' hp='78/78HP
03-12 17:58:55.747 32193   418 D OCRProcessor: H9' name='Pikachu1┬░┬░' candy='GYMS & RAIDS .RAINER BATTLE'
03-12 17:58:55.747 32193   418 D OCRProcessor: a Present' mega='03' weight='' height='6' stardust='H/C HH'
03-12 17:58:55.747 32193   418 W OCRProcessor: Neither user name nor candy name could be parsed
03-12 17:58:55.748 32193   418 W Bitmap  : Called getWidth() on a recycle()'d bitmap! This is undefined behavior!
03-12 17:58:55.748 32193   418 W Bitmap  : Called getHeight() on a recycle()'d bitmap! This is undefined behavior!
03-12 17:58:55.748 32193   418 W Bitmap  : Called getWidth() on a recycle()'d bitmap! This is undefined behavior!
03-12 17:58:55.748 32193   418 W Bitmap  : Called getHeight() on a recycle()'d bitmap! This is undefined behavior!
03-12 17:58:55.748 32193   418 W Bitmap  : Called getWidth() on a recycle()'d bitmap! This is undefined behavior!
03-12 17:58:55.748 32193   418 W Bitmap  : Called getHeight() on a recycle()'d bitmap! This is undefined behavior!
03-12 17:58:55.748 32193   418 E ScanManager: OCR failed
03-12 17:58:55.748 32193   418 E ScanManager: java.lang.IllegalArgumentException: cannot use a recycled source in createBitmap
03-12 17:58:55.748 32193   418 E ScanManager: 	at android.graphics.Bitmap.createBitmap(Bitmap.java:961)
03-12 17:58:55.748 32193   418 E ScanManager: 	at android.graphics.Bitmap.createBitmap(Bitmap.java:914)
03-12 17:58:55.748 32193   418 E ScanManager: 	at com.pokerarity.scanner.util.ocr.OCRProcessor.extractRegion(OCRProcessor.kt:191)
03-12 17:58:55.748 32193   418 E ScanManager: 	at com.pokerarity.scanner.util.ocr.OCRProcessor.extractRegion$default(OCRProcessor.kt:178)
03-12 17:58:55.748 32193   418 E ScanManager: 	at com.pokerarity.scanner.util.ocr.OCRProcessor$processImage$2.invokeSuspend(OCRProcessor.kt:141)
03-12 17:58:55.748 32193   418 E ScanManager: 	at kotlin.coroutines.jvm.internal.BaseContinuationImpl.resumeWith(ContinuationImpl.kt:33)
03-12 17:58:55.748 32193   418 E ScanManager: 	at kotlinx.coroutines.DispatchedTask.run(DispatchedTask.kt:101)
03-12 17:58:55.748 32193   418 E ScanManager: 	at kotlinx.coroutines.scheduling.CoroutineScheduler.runSafely(CoroutineScheduler.kt:589)
03-12 17:58:55.748 32193   418 E ScanManager: 	at kotlinx.coroutines.scheduling.CoroutineScheduler$Worker.executeTask(CoroutineScheduler.kt:832)
03-12 17:58:55.748 32193   418 E ScanManager: 	at kotlinx.coroutines.scheduling.CoroutineScheduler$Worker.runWorker(CoroutineScheduler.kt:720)
03-12 17:58:55.748 32193   418 E ScanManager: 	at kotlinx.coroutines.scheduling.CoroutineScheduler$Worker.run(CoroutineScheduler.kt:707)
03-12 17:58:55.749 32193 32193 I Toast   : show: caller = com.pokerarity.scanner.service.ScanManager$handleError$3.invokeSuspend:205 
03-12 17:58:55.749 32193 32193 I Toast   : show: contextDispId = 0 mCustomDisplayId = -1 focusedDisplayId = 0 isActivityContext = false
03-12 18:00:09.491 32193 32193 I VRI[]@fee016f: ViewPostIme pointer 0
03-12 18:00:09.492 32193 32193 I VRI[]@fee016f: call setFrameRateCategory for touch hint category=high hint, reason=touch, vri=VRI[]@fee016f
03-12 18:00:09.513 32193 32193 I BLASTBufferQueue_Java: update, w= 202 h= 202 mName = VRI[]@fee016f mNativeObject= 0xb40000761f16ec70 sc.mNativeObject= 0xb4000075ff0aab90 format= -3 caller= android.view.ViewRootImpl.updateBlastSurfaceIfNeeded:3574 android.view.ViewRootImpl.relayoutWindow:11685 android.view.ViewRootImpl.performTraversals:4804 android.view.ViewRootImpl.doTraversal:3924 android.view.ViewRootImpl$TraversalRunnable.run:12903 android.view.Choreographer$CallbackRecord.run:1901 
03-12 18:00:09.514 32193 32193 I VRI[]@fee016f: Relayout returned: old=(0,291,202,493) new=(0,291,202,493) relayoutAsync=true req=(202,202)0 dur=0 res=0x0 s={true 0xb4000075af0e1260} ch=false seqId=0
03-12 18:00:09.514 32193 32193 I VRI[]@fee016f: registerCallbackForPendingTransactions
03-12 18:00:09.515 32193 32218 I VRI[]@fee016f: mWNT: t=0xb4000074bf0d58d0 mBlastBufferQueue=0xb40000761f16ec70 fn= 15 HdrRenderState mRenderHdrSdrRatio=1.0 caller= android.view.ViewRootImpl$10.onFrameDraw:6536 android.view.ViewRootImpl$4.onFrameDraw:2489 android.view.ThreadedRenderer$1.onFrameDraw:718 
03-12 18:00:09.530 32193 32193 I BLASTBufferQueue_Java: update, w= 202 h= 202 mName = VRI[]@fee016f mNativeObject= 0xb40000761f16ec70 sc.mNativeObject= 0xb4000075ff0aab90 format= -3 caller= android.view.ViewRootImpl.updateBlastSurfaceIfNeeded:3574 android.view.ViewRootImpl.relayoutWindow:11685 android.view.ViewRootImpl.performTraversals:4804 android.view.ViewRootImpl.doTraversal:3924 android.view.ViewRootImpl$TraversalRunnable.run:12903 android.view.Choreographer$CallbackRecord.run:1901 
03-12 18:00:09.530 32193 32193 I VRI[]@fee016f: Relayout returned: old=(0,291,202,493) new=(0,291,202,493) relayoutAsync=true req=(202,202)0 dur=0 res=0x0 s={true 0xb4000075af0e1260} ch=false seqId=0
03-12 18:00:09.531 32193 32193 I VRI[]@fee016f: registerCallbackForPendingTransactions
03-12 18:00:09.531 32193 32219 I VRI[]@fee016f: mWNT: t=0xb4000074bf0d4590 mBlastBufferQueue=0xb40000761f16ec70 fn= 16 HdrRenderState mRenderHdrSdrRatio=1.0 caller= android.view.ViewRootImpl$10.onFrameDraw:6536 android.view.ViewRootImpl$4.onFrameDraw:2489 android.view.ThreadedRenderer$1.onFrameDraw:718 
03-12 18:00:09.540 32193 32193 I VRI[]@fee016f: ViewPostIme pointer 1
03-12 18:00:09.547 32193 32193 I BLASTBufferQueue_Java: update, w= 202 h= 202 mName = VRI[]@fee016f mNativeObject= 0xb40000761f16ec70 sc.mNativeObject= 0xb4000075ff0aab90 format= -3 caller= android.view.ViewRootImpl.updateBlastSurfaceIfNeeded:3574 android.view.ViewRootImpl.relayoutWindow:11685 android.view.ViewRootImpl.performTraversals:4804 android.view.ViewRootImpl.doTraversal:3924 android.view.ViewRootImpl$TraversalRunnable.run:12903 android.view.Choreographer$CallbackRecord.run:1901 
03-12 18:00:09.547 32193 32193 I VRI[]@fee016f: Relayout returned: old=(0,291,202,493) new=(0,291,202,493) relayoutAsync=true req=(202,202)0 dur=0 res=0x0 s={true 0xb4000075af0e1260} ch=false seqId=0
03-12 18:00:09.547 32193 32193 I VRI[]@fee016f: registerCallbackForPendingTransactions
03-12 18:00:09.548 32193 32218 I VRI[]@fee016f: mWNT: t=0xb4000074bf0d3790 mBlastBufferQueue=0xb40000761f16ec70 fn= 17 HdrRenderState mRenderHdrSdrRatio=1.0 caller= android.view.ViewRootImpl$10.onFrameDraw:6536 android.view.ViewRootImpl$4.onFrameDraw:2489 android.view.ThreadedRenderer$1.onFrameDraw:718 
03-12 18:00:09.563 32193 32193 I BLASTBufferQueue_Java: update, w= 202 h= 202 mName = VRI[]@fee016f mNativeObject= 0xb40000761f16ec70 sc.mNativeObject= 0xb4000075ff0aab90 format= -3 caller= android.view.ViewRootImpl.updateBlastSurfaceIfNeeded:3574 android.view.ViewRootImpl.relayoutWindow:11685 android.view.ViewRootImpl.performTraversals:4804 android.view.ViewRootImpl.doTraversal:3924 android.view.ViewRootImpl$TraversalRunnable.run:12903 android.view.Choreographer$CallbackRecord.run:1901 
03-12 18:00:09.563 32193 32193 I VRI[]@fee016f: Relayout returned: old=(0,291,202,493) new=(0,291,202,493) relayoutAsync=true req=(202,202)0 dur=0 res=0x0 s={true 0xb4000075af0e1260} ch=false seqId=0
03-12 18:00:09.563 32193 32193 I VRI[]@fee016f: registerCallbackForPendingTransactions
03-12 18:00:09.563 32193 32219 I VRI[]@fee016f: mWNT: t=0xb4000074bf0e9c90 mBlastBufferQueue=0xb40000761f16ec70 fn= 18 HdrRenderState mRenderHdrSdrRatio=1.0 caller= android.view.ViewRootImpl$10.onFrameDraw:6536 android.view.ViewRootImpl$4.onFrameDraw:2489 android.view.ThreadedRenderer$1.onFrameDraw:718 
03-12 18:00:09.580 32193 32193 I BLASTBufferQueue_Java: update, w= 202 h= 202 mName = VRI[]@fee016f mNativeObject= 0xb40000761f16ec70 sc.mNativeObject= 0xb4000075ff0aab90 format= -3 caller= android.view.ViewRootImpl.updateBlastSurfaceIfNeeded:3574 android.view.ViewRootImpl.relayoutWindow:11685 android.view.ViewRootImpl.performTraversals:4804 android.view.ViewRootImpl.doTraversal:3924 android.view.ViewRootImpl$TraversalRunnable.run:12903 android.view.Choreographer$CallbackRecord.run:1901 
03-12 18:00:09.580 32193 32193 I VRI[]@fee016f: Relayout returned: old=(0,291,202,493) new=(0,291,202,493) relayoutAsync=true req=(202,202)0 dur=0 res=0x0 s={true 0xb4000075af0e1260} ch=false seqId=0
03-12 18:00:09.580 32193 32193 I VRI[]@fee016f: registerCallbackForPendingTransactions
03-12 18:00:09.581 32193 32218 I VRI[]@fee016f: mWNT: t=0xb4000074bf0d4750 mBlastBufferQueue=0xb40000761f16ec70 fn= 19 HdrRenderState mRenderHdrSdrRatio=1.0 caller= android.view.ViewRootImpl$10.onFrameDraw:6536 android.view.ViewRootImpl$4.onFrameDraw:2489 android.view.ThreadedRenderer$1.onFrameDraw:718 
03-12 18:00:09.597 32193 32193 I BLASTBufferQueue_Java: update, w= 202 h= 202 mName = VRI[]@fee016f mNativeObject= 0xb40000761f16ec70 sc.mNativeObject= 0xb4000075ff0aab90 format= -3 caller= android.view.ViewRootImpl.updateBlastSurfaceIfNeeded:3574 android.view.ViewRootImpl.relayoutWindow:11685 android.view.ViewRootImpl.performTraversals:4804 android.view.ViewRootImpl.doTraversal:3924 android.view.ViewRootImpl$TraversalRunnable.run:12903 android.view.Choreographer$CallbackRecord.run:1901 
03-12 18:00:09.597 32193 32193 I VRI[]@fee016f: Relayout returned: old=(0,291,202,493) new=(0,291,202,493) relayoutAsync=true req=(202,202)0 dur=0 res=0x0 s={true 0xb4000075af0e1260} ch=false seqId=0
03-12 18:00:09.597 32193 32193 I VRI[]@fee016f: registerCallbackForPendingTransactions
03-12 18:00:09.597 32193 32219 I VRI[]@fee016f: mWNT: t=0xb4000074bf0cb450 mBlastBufferQueue=0xb40000761f16ec70 fn= 20 HdrRenderState mRenderHdrSdrRatio=1.0 caller= android.view.ViewRootImpl$10.onFrameDraw:6536 android.view.ViewRootImpl$4.onFrameDraw:2489 android.view.ThreadedRenderer$1.onFrameDraw:718 
03-12 18:00:09.613 32193 32193 I BLASTBufferQueue_Java: update, w= 202 h= 202 mName = VRI[]@fee016f mNativeObject= 0xb40000761f16ec70 sc.mNativeObject= 0xb4000075ff0aab90 format= -3 caller= android.view.ViewRootImpl.updateBlastSurfaceIfNeeded:3574 android.view.ViewRootImpl.relayoutWindow:11685 android.view.ViewRootImpl.performTraversals:4804 android.view.ViewRootImpl.doTraversal:3924 android.view.ViewRootImpl$TraversalRunnable.run:12903 android.view.Choreographer$CallbackRecord.run:1901 
03-12 18:00:09.613 32193 32193 I VRI[]@fee016f: Relayout returned: old=(0,291,202,493) new=(0,291,202,493) relayoutAsync=true req=(202,202)0 dur=0 res=0x0 s={true 0xb4000075af0e1260} ch=false seqId=0
03-12 18:00:09.614 32193 32193 I VRI[]@fee016f: registerCallbackForPendingTransactions
03-12 18:00:09.614 32193 32218 I VRI[]@fee016f: mWNT: t=0xb4000074bf0cc950 mBlastBufferQueue=0xb40000761f16ec70 fn= 21 HdrRenderState mRenderHdrSdrRatio=1.0 caller= android.view.ViewRootImpl$10.onFrameDraw:6536 android.view.ViewRootImpl$4.onFrameDraw:2489 android.view.ThreadedRenderer$1.onFrameDraw:718 
03-12 18:00:09.630 32193 32193 I BLASTBufferQueue_Java: update, w= 202 h= 202 mName = VRI[]@fee016f mNativeObject= 0xb40000761f16ec70 sc.mNativeObject= 0xb4000075ff0aab90 format= -3 caller= android.view.ViewRootImpl.updateBlastSurfaceIfNeeded:3574 android.view.ViewRootImpl.relayoutWindow:11685 android.view.ViewRootImpl.performTraversals:4804 android.view.ViewRootImpl.doTraversal:3924 android.view.ViewRootImpl$TraversalRunnable.run:12903 android.view.Choreographer$CallbackRecord.run:1901 
03-12 18:00:09.630 32193 32193 I VRI[]@fee016f: Relayout returned: old=(0,291,202,493) new=(0,291,202,493) relayoutAsync=true req=(202,202)0 dur=1 res=0x0 s={true 0xb4000075af0e1260} ch=false seqId=0
03-12 18:00:09.630 32193 32193 I VRI[]@fee016f: registerCallbackForPendingTransactions
03-12 18:00:09.631 32193 32219 I VRI[]@fee016f: mWNT: t=0xb4000074bf0d5390 mBlastBufferQueue=0xb40000761f16ec70 fn= 22 HdrRenderState mRenderHdrSdrRatio=1.0 caller= android.view.ViewRootImpl$10.onFrameDraw:6536 android.view.ViewRootImpl$4.onFrameDraw:2489 android.view.ThreadedRenderer$1.onFrameDraw:718 
03-12 18:00:09.647 32193 32193 I BLASTBufferQueue_Java: update, w= 202 h= 202 mName = VRI[]@fee016f mNativeObject= 0xb40000761f16ec70 sc.mNativeObject= 0xb4000075ff0aab90 format= -3 caller= android.view.ViewRootImpl.updateBlastSurfaceIfNeeded:3574 android.view.ViewRootImpl.relayoutWindow:11685 android.view.ViewRootImpl.performTraversals:4804 android.view.ViewRootImpl.doTraversal:3924 android.view.ViewRootImpl$TraversalRunnable.run:12903 android.view.Choreographer$CallbackRecord.run:1901 
03-12 18:00:09.647 32193 32193 I VRI[]@fee016f: Relayout returned: old=(0,291,202,493) new=(0,291,202,493) relayoutAsync=true req=(202,202)0 dur=0 res=0x0 s={true 0xb4000075af0e1260} ch=false seqId=0
03-12 18:00:09.647 32193 32193 I VRI[]@fee016f: registerCallbackForPendingTransactions
03-12 18:00:09.648 32193 32218 I VRI[]@fee016f: mWNT: t=0xb4000074bf0d2610 mBlastBufferQueue=0xb40000761f16ec70 fn= 23 HdrRenderState mRenderHdrSdrRatio=1.0 caller= android.view.ViewRootImpl$10.onFrameDraw:6536 android.view.ViewRootImpl$4.onFrameDraw:2489 android.view.ThreadedRenderer$1.onFrameDraw:718 
03-12 18:00:09.663 32193 32193 I BLASTBufferQueue_Java: update, w= 202 h= 202 mName = VRI[]@fee016f mNativeObject= 0xb40000761f16ec70 sc.mNativeObject= 0xb4000075ff0aab90 format= -3 caller= android.view.ViewRootImpl.updateBlastSurfaceIfNeeded:3574 android.view.ViewRootImpl.relayoutWindow:11685 android.view.ViewRootImpl.performTraversals:4804 android.view.ViewRootImpl.doTraversal:3924 android.view.ViewRootImpl$TraversalRunnable.run:12903 android.view.Choreographer$CallbackRecord.run:1901 
03-12 18:00:09.664 32193 32193 I VRI[]@fee016f: Relayout returned: old=(0,291,202,493) new=(0,291,202,493) relayoutAsync=true req=(202,202)0 dur=0 res=0x0 s={true 0xb4000075af0e1260} ch=false seqId=0
03-12 18:00:09.664 32193 32193 I VRI[]@fee016f: registerCallbackForPendingTransactions
03-12 18:00:09.664 32193 32219 I VRI[]@fee016f: mWNT: t=0xb4000074bf0c8f90 mBlastBufferQueue=0xb40000761f16ec70 fn= 24 HdrRenderState mRenderHdrSdrRatio=1.0 caller= android.view.ViewRootImpl$10.onFrameDraw:6536 android.view.ViewRootImpl$4.onFrameDraw:2489 android.view.ThreadedRenderer$1.onFrameDraw:718 
03-12 18:00:09.680 32193 32193 I BLASTBufferQueue_Java: update, w= 202 h= 202 mName = VRI[]@fee016f mNativeObject= 0xb40000761f16ec70 sc.mNativeObject= 0xb4000075ff0aab90 format= -3 caller= android.view.ViewRootImpl.updateBlastSurfaceIfNeeded:3574 android.view.ViewRootImpl.relayoutWindow:11685 android.view.ViewRootImpl.performTraversals:4804 android.view.ViewRootImpl.doTraversal:3924 android.view.ViewRootImpl$TraversalRunnable.run:12903 android.view.Choreographer$CallbackRecord.run:1901 
03-12 18:00:09.680 32193 32193 I VRI[]@fee016f: Relayout returned: old=(0,291,202,493) new=(0,291,202,493) relayoutAsync=true req=(202,202)0 dur=0 res=0x0 s={true 0xb4000075af0e1260} ch=false seqId=0
03-12 18:00:09.680 32193 32193 I VRI[]@fee016f: registerCallbackForPendingTransactions
03-12 18:00:09.681 32193 32218 I VRI[]@fee016f: mWNT: t=0xb4000074bf0cee10 mBlastBufferQueue=0xb40000761f16ec70 fn= 25 HdrRenderState mRenderHdrSdrRatio=1.0 caller= android.view.ViewRootImpl$10.onFrameDraw:6536 android.view.ViewRootImpl$4.onFrameDraw:2489 android.view.ThreadedRenderer$1.onFrameDraw:718 
03-12 18:00:09.697 32193 32193 I BLASTBufferQueue_Java: update, w= 202 h= 202 mName = VRI[]@fee016f mNativeObject= 0xb40000761f16ec70 sc.mNativeObject= 0xb4000075ff0aab90 format= -3 caller= android.view.ViewRootImpl.updateBlastSurfaceIfNeeded:3574 android.view.ViewRootImpl.relayoutWindow:11685 android.view.ViewRootImpl.performTraversals:4804 android.view.ViewRootImpl.doTraversal:3924 android.view.ViewRootImpl$TraversalRunnable.run:12903 android.view.Choreographer$CallbackRecord.run:1901 
03-12 18:00:09.697 32193 32193 I VRI[]@fee016f: Relayout returned: old=(0,291,202,493) new=(0,291,202,493) relayoutAsync=true req=(202,202)0 dur=1 res=0x0 s={true 0xb4000075af0e1260} ch=false seqId=0
03-12 18:00:09.697 32193 32193 I VRI[]@fee016f: registerCallbackForPendingTransactions
03-12 18:00:09.698 32193 32219 I VRI[]@fee016f: mWNT: t=0xb4000074bf0cfc10 mBlastBufferQueue=0xb40000761f16ec70 fn= 26 HdrRenderState mRenderHdrSdrRatio=1.0 caller= android.view.ViewRootImpl$10.onFrameDraw:6536 android.view.ViewRootImpl$4.onFrameDraw:2489 android.view.ThreadedRenderer$1.onFrameDraw:718 
03-12 18:00:10.096 32193 32193 D ScreenCaptureService: Screenshot saved: /data/user/0/com.pokerarity.scanner/cache/scan_1773338409726.png
03-12 18:00:10.097 32193 32193 I BLASTBufferQueue_Java: update, w= 202 h= 202 mName = VRI[]@fee016f mNativeObject= 0xb40000761f16ec70 sc.mNativeObject= 0xb4000075ff0aab90 format= -3 caller= android.view.ViewRootImpl.updateBlastSurfaceIfNeeded:3574 android.view.ViewRootImpl.relayoutWindow:11685 android.view.ViewRootImpl.performTraversals:4804 android.view.ViewRootImpl.doTraversal:3924 android.view.ViewRootImpl$TraversalRunnable.run:12903 android.view.Choreographer$CallbackRecord.run:1901 
03-12 18:00:10.097 32193 32193 I VRI[]@fee016f: Relayout returned: old=(0,291,202,493) new=(0,291,202,493) relayoutAsync=true req=(202,202)0 dur=0 res=0x0 s={true 0xb4000075af0e1260} ch=false seqId=0
03-12 18:00:10.098 32193 32193 I VRI[]@fee016f: registerCallbackForPendingTransactions
03-12 18:00:10.098 32193 32218 I VRI[]@fee016f: mWNT: t=0xb4000074bf0cde50 mBlastBufferQueue=0xb40000761f16ec70 fn= 27 HdrRenderState mRenderHdrSdrRatio=1.0 caller= android.view.ViewRootImpl$10.onFrameDraw:6536 android.view.ViewRootImpl$4.onFrameDraw:2489 android.view.ThreadedRenderer$1.onFrameDraw:718 
03-12 18:00:10.098 32193 32193 D ScanManager: onReceive: action=com.pokerarity.scanner.SCREENSHOT_READY, extras=extra_screenshot_path
03-12 18:00:10.098 32193 32193 D ScanManager: onReceive: path=/data/user/0/com.pokerarity.scanner/cache/scan_1773338409726.png
03-12 18:00:10.098 32193 32193 D ScanManager: processScan: starting with /data/user/0/com.pokerarity.scanner/cache/scan_1773338409726.png
03-12 18:00:10.099 32193   418 W BitmapFactory: Null Options, creating a new one.
03-12 18:00:10.099 32193   418 I Kumiho-Kumiho: getPackageName: com.pokerarity.scanner
03-12 18:00:10.165 32193   418 I Kumiho-Kumiho: getPackageName: com.pokerarity.scanner
03-12 18:00:10.455 32193   415 I Tesseract(native): Initialized Tesseract API with language=eng
03-12 18:00:10.456 32193   415 V Leptonica(native): Java_com_googlecode_leptonica_android_ReadFile_nativeReadBitmap
03-12 18:00:10.466 32193   416 I Tesseract(native): Initialized Tesseract API with language=eng
03-12 18:00:10.466 32193   416 V Leptonica(native): Java_com_googlecode_leptonica_android_ReadFile_nativeReadBitmap
03-12 18:00:10.476 32193 32215 I Tesseract(native): Initialized Tesseract API with language=eng
03-12 18:00:10.476 32193 32215 V Leptonica(native): Java_com_googlecode_leptonica_android_ReadFile_nativeReadBitmap
03-12 18:00:10.530 32193 32213 I Tesseract(native): Initialized Tesseract API with language=eng
03-12 18:00:10.530 32193 32213 V Leptonica(native): Java_com_googlecode_leptonica_android_ReadFile_nativeReadBitmap
03-12 18:00:10.557 32193 32212 I Tesseract(native): Initialized Tesseract API with language=eng
03-12 18:00:10.557 32193 32212 V Leptonica(native): Java_com_googlecode_leptonica_android_ReadFile_nativeReadBitmap
03-12 18:00:10.622 32193   419 I Tesseract(native): Initialized Tesseract API with language=eng
03-12 18:00:10.623 32193   419 V Leptonica(native): Java_com_googlecode_leptonica_android_ReadFile_nativeReadBitmap
03-12 18:00:10.628 32193   417 I Tesseract(native): Initialized Tesseract API with language=eng
03-12 18:00:10.628 32193   417 V Leptonica(native): Java_com_googlecode_leptonica_android_ReadFile_nativeReadBitmap
03-12 18:00:10.643 32193   418 I Tesseract(native): Initialized Tesseract API with language=eng
03-12 18:00:10.643 32193   418 V Leptonica(native): Java_com_googlecode_leptonica_android_ReadFile_nativeReadBitmap
03-12 18:00:10.697 32193   415 I Tesseract(native): Initialized Tesseract API with language=eng
03-12 18:00:10.697 32193   415 V Leptonica(native): Java_com_googlecode_leptonica_android_ReadFile_nativeReadBitmap
03-12 18:00:11.046 32193   416 D OCRProcessor: Raw OCR: cp='CP1764' hp='122 / 122 HP' name='Raichu' candy='3 Brick Break l-├®-
03-12 18:00:11.046 32193   416 D OCRProcessor: o,ooo g 2 e' mega='' weight='' height='6' stardust='593 1 
03-12 18:00:11.046 32193   416 D OCRProcessor: 1  74141 PH3211 1'
03-12 18:00:11.047 32193   416 W OCRProcessor: Neither user name nor candy name could be parsed
03-12 18:00:11.047 32193   416 W Bitmap  : Called getWidth() on a recycle()'d bitmap! This is undefined behavior!
03-12 18:00:11.047 32193   416 W Bitmap  : Called getHeight() on a recycle()'d bitmap! This is undefined behavior!
03-12 18:00:11.047 32193   416 W Bitmap  : Called getWidth() on a recycle()'d bitmap! This is undefined behavior!
03-12 18:00:11.047 32193   416 W Bitmap  : Called getHeight() on a recycle()'d bitmap! This is undefined behavior!
03-12 18:00:11.047 32193   416 W Bitmap  : Called getWidth() on a recycle()'d bitmap! This is undefined behavior!
03-12 18:00:11.047 32193   416 W Bitmap  : Called getHeight() on a recycle()'d bitmap! This is undefined behavior!
03-12 18:00:11.048 32193   416 E ScanManager: OCR failed
03-12 18:00:11.048 32193   416 E ScanManager: java.lang.IllegalArgumentException: cannot use a recycled source in createBitmap
