03-12 18:05:03.851  2206 13799 D StreamHalAidl: [out|ioHandle:37] setParameters: parameters: "l_dual_speaker_amp_left_power_enable=false"
03-12 18:05:03.851  2099  3187 D AHAL_StreamOut_QTI: setVendorParameters : usecase: ULL_PLAYBACK IoHandle: 37 : configured l_dual_speaker_amp_left_power_enable
03-12 18:05:03.851  2206 13799 D StreamHalAidl: [out|ioHandle:45] setParameters: parameters: "l_dual_speaker_amp_left_power_enable=false"
03-12 18:05:03.851  2099  3187 D AHAL_StreamOut_QTI: setVendorParameters : usecase: HAPTICS_PLAYBACK IoHandle: 45 : configured l_dual_speaker_amp_left_power_enable
03-12 18:05:03.852  2206 13799 D StreamHalAidl: [out|ioHandle:61] setParameters: parameters: "l_dual_speaker_amp_left_power_enable=false"
03-12 18:05:03.852  2099  3187 D AHAL_StreamOut_QTI: setVendorParameters : usecase: DEEP_BUFFER_PLAYBACK IoHandle: 61 : configured l_dual_speaker_amp_left_power_enable
03-12 18:05:03.852  2206 13799 D StreamHalAidl: [out|ioHandle:69] setParameters: parameters: "l_dual_speaker_amp_left_power_enable=false"
03-12 18:05:03.852  2099  3187 D AHAL_StreamOut_QTI: setVendorParameters : usecase: VOIP_PLAYBACK IoHandle: 69 : configured l_dual_speaker_amp_left_power_enable
03-12 18:05:03.852  2206 13799 D StreamHalAidl: [out|ioHandle:77] setParameters: parameters: "l_dual_speaker_amp_left_power_enable=false"
03-12 18:05:03.852  2099  3187 D AHAL_StreamOut_QTI: setVendorParameters : usecase: IN_CALL_MUSIC IoHandle: 77 : configured l_dual_speaker_amp_left_power_enable
03-12 18:05:03.852  2206 13799 D StreamHalAidl: [out|ioHandle:437] setParameters: parameters: "l_dual_speaker_amp_left_power_enable=false"
03-12 18:05:03.852  2099  3187 D AHAL_StreamOut_QTI: setVendorParameters : usecase: MMAP_PLAYBACK IoHandle: 437 : configured l_dual_speaker_amp_left_power_enable
03-12 18:05:03.852  2206 13799 D StreamHalAidl: [out|ioHandle:437] standby
03-12 18:05:03.852  2099 13787 E PAL: SessionAlsaPcm: GetMmapPosition: 4433: 0
03-12 18:05:04.039  4621  4816 I EPDG -- SIM1 [SMARTWIFI]: isProfiling, hash=48280387, started=true
03-12 18:05:04.040  4621  4816 I EPDG -- SIM1 [SMARTWIFI]: isProfiling, hash=48280387, started=true
03-12 18:05:04.040  4621  4816 I EPDG -- SIM1 [SMARTWIFI]: Rssi : -55 highrange : -75 lowrange : -85 mIsRssiInHystersis : false
03-12 18:05:04.040  4621  4816 I EPDG -- SIM1 [SMARTWIFI]: getHandoverThresholdMet: value is: false
03-12 18:05:04.068  6446  6446 I [MCFServer]_BleAdapterManager: stop - 
03-12 18:05:04.068  6446  6446 I [MCFServer]_McfMainController: updateStandAloneBleMode - isStandAloneBleMode/SubscriberCallbacks.size()/CasterCallbacks.size()/BleAdapterCallbacks.size() = (true/2/1/0)
03-12 18:05:04.565  2213  2307 E HeatmapThread: ECT Thread time in milliseconds: 1773338704
03-12 18:05:04.567  2213  2307 D HeatmapThread: !@ batteryplugType : 0
03-12 18:05:04.567  2213  2307 D HeatmapThread: !@ batteryLevel : 25  batteryTemperature : 331 
03-12 18:05:04.567  2213  2307 D HeatmapThread: !@ Heatmap currtime: 29555645
03-12 18:05:04.567  2213  2307 D HeatmapThread: !@ Heatmap prevtime: 29555636
03-12 18:05:04.567  2213  2307 D HeatmapThread: !@ Heatmap plugstarttime: 35791394
03-12 18:05:04.567  2213  2307 D HeatmapThread: !@ Heatmap prevv_dsoh_update_time: 29554952
03-12 18:05:04.567  2213  2307 E HeatmapThread: !@ CAM New BSOH: 100
03-12 18:05:04.664  3101  4276 D InetDiagMessage: Destroyed 0 sockets, proto=IPPROTO_TCP, family=AF_INET, states=14
03-12 18:05:04.665  3101  4276 D InetDiagMessage: Destroyed 0 sockets, proto=IPPROTO_TCP, family=AF_INET6, states=14
03-12 18:05:04.665  3101  4276 D InetDiagMessage: Destroyed live tcp sockets for uids={10068} in 3ms
03-12 18:05:04.666  3101  4276 D InetDiagMessage: Destroyed 0 sockets, proto=IPPROTO_TCP, family=AF_INET, states=14
03-12 18:05:04.667  3101  4276 D InetDiagMessage: Destroyed 0 sockets, proto=IPPROTO_TCP, family=AF_INET6, states=14
03-12 18:05:04.667  3101  4276 D InetDiagMessage: Destroyed live tcp sockets for uids={20068} in 2ms
03-12 18:05:04.882  3101  4276 D InetDiagMessage: Destroyed 0 sockets, proto=IPPROTO_TCP, family=AF_INET, states=14
03-12 18:05:04.883  3101  4276 D InetDiagMessage: Destroyed 0 sockets, proto=IPPROTO_TCP, family=AF_INET6, states=14
03-12 18:05:04.883  3101  4276 D InetDiagMessage: Destroyed live tcp sockets for uids={10389} in 2ms
03-12 18:05:04.885  3101  4276 D InetDiagMessage: Destroyed 0 sockets, proto=IPPROTO_TCP, family=AF_INET, states=14
03-12 18:05:04.886  3101  4276 D InetDiagMessage: Destroyed 0 sockets, proto=IPPROTO_TCP, family=AF_INET6, states=14
03-12 18:05:04.886  3101  4276 D InetDiagMessage: Destroyed live tcp sockets for uids={20389} in 2ms
03-12 18:05:04.888  2094  1883 I sensors-hal: handle_sns_client_event:379, [0][930] accel_sample [ 1.703, -0.596,  9.609] 278015547516693
03-12 18:05:05.075  1063  1063 D io_stats: !@   8,0 r 60332672 958770652 w 9518733 157023948 d 1248522 355916616 f 144588 852788 iot 3251820 0 th 0 0 0 pt 0 inp 0 0 156440.768
03-12 18:05:05.108  2582  2582 I CNSS    : cnss_open_log_file: directory /data/vendor/log/wifi/ created
03-12 18:05:05.343 32575 32575 I DVFSHelper: acquireBoostingCPU() : stop boosting cpu
03-12 18:05:05.343 32575 32575 I DVFSHelper: releaseBoostingCPU() : release boosting cpu
03-12 18:05:05.344  2106  2355 I HYPER-HAL: [RequestManager.cpp]releaseLocked(): Released ID : 530581600
03-12 18:05:05.361  2094  2273 I sensors-hal: handle_sns_client_event:323, [0][433] mag_sample_cal(magcal_available:1): ts=278016034208411 ns; cal = [-10.779286, 16.917786, -38.994667], uncal = [-23.559286, 65.697784, 23.345335], bias = [-12.780000, 48.779999, 62.340000], status=3, cal_id=2
03-12 18:05:05.445  2094  2276 I sensors-hal: handle_sns_client_event:435, [0][349] gyro_sample_cal(cal_available:1)(3) [ 0.001, 0.003, 0.000] bias[-0.005,-0.006,-0.001] 278016041225286
03-12 18:05:05.565  2213  2307 E HeatmapThread: ECT Thread time in milliseconds: 1773338705
03-12 18:05:05.567  2213  2307 D HeatmapThread: !@ batteryplugType : 0
03-12 18:05:05.567  2213  2307 D HeatmapThread: !@ batteryLevel : 25  batteryTemperature : 331 
03-12 18:05:05.567  2213  2307 D HeatmapThread: !@ Heatmap currtime: 29555645
03-12 18:05:05.567  2213  2307 D HeatmapThread: !@ Heatmap prevtime: 29555636
03-12 18:05:05.567  2213  2307 D HeatmapThread: !@ Heatmap plugstarttime: 35791394
03-12 18:05:05.567  2213  2307 D HeatmapThread: !@ Heatmap prevv_dsoh_update_time: 29554952
03-12 18:05:05.567  2213  2307 E HeatmapThread: !@ CAM New BSOH: 100
03-12 18:05:05.675 10387 10387 I ContactsProvider: [P] onTrimMemory-success
03-12 18:05:06.040  3101  4276 D InetDiagMessage: Destroyed 0 sockets, proto=IPPROTO_TCP, family=AF_INET, states=14
03-12 18:05:06.042  3101  4276 D InetDiagMessage: Destroyed 0 sockets, proto=IPPROTO_TCP, family=AF_INET6, states=14
03-12 18:05:06.042  3101  4276 D InetDiagMessage: Destroyed live tcp sockets for uids={10392} in 6ms
03-12 18:05:06.045  3101  4276 D InetDiagMessage: Destroyed 0 sockets, proto=IPPROTO_TCP, family=AF_INET, states=14
03-12 18:05:06.047  3101  4276 D InetDiagMessage: Destroyed 0 sockets, proto=IPPROTO_TCP, family=AF_INET6, states=14
03-12 18:05:06.047  3101  4276 D InetDiagMessage: Destroyed live tcp sockets for uids={20392} in 4ms
03-12 18:05:06.565  2213  2307 E HeatmapThread: ECT Thread time in milliseconds: 1773338706
03-12 18:05:06.567  2213  2307 D HeatmapThread: !@ batteryplugType : 0
03-12 18:05:06.567  2213  2307 D HeatmapThread: !@ batteryLevel : 25  batteryTemperature : 331 
03-12 18:05:06.567  2213  2307 D HeatmapThread: !@ Heatmap currtime: 29555645
03-12 18:05:06.567  2213  2307 D HeatmapThread: !@ Heatmap prevtime: 29555636
03-12 18:05:06.567  2213  2307 D HeatmapThread: !@ Heatmap plugstarttime: 35791394
03-12 18:05:06.567  2213  2307 D HeatmapThread: !@ Heatmap prevv_dsoh_update_time: 29554952
03-12 18:05:06.567  2213  2307 E HeatmapThread: !@ CAM New BSOH: 100
03-12 18:05:06.665  2582  2582 I CNSS    : /sys/wifi/max_chipset_log_size doesn't exist
03-12 18:05:06.807  3101  3965 D ActivityManager: Received BROADCAST intent 0x578f2fd Key{broadcastIntent pkg=android intent=act=FIRST_ALARM_TRIGGER_ACTION flg=0x40000000 xflg=0x4 pkg=android flags=0x4000000 u=0} requestCode=0 sent=0 from uid 1000
03-12 18:05:06.808  3101  5217 W SLocation: GeopointGeofenceManger - refresh wifi to receive loc
03-12 18:05:06.808  3101  3965 D ActivityManager: Received BROADCAST intent 0x8004a47 Key{broadcastIntent pkg=com.google.android.gms/com.google.android.gms.scheduler intent=act=com.google.android.gms.gcm.ACTION_CHECK_QUEUE xflg=0x4 cmp=com.google.android.gms/.gcm.nts.SchedulerInternalReceiver flags=0x2000000 u=0} requestCode=0 sent=0 from uid 1000
03-12 18:05:06.809  3101  5217 E SLocation: GeopointLastLocation - Last location is more well than current Location.
03-12 18:05:06.809  3101  5217 D SLocation: GeopointGeofenceManger - Location reported : fix method = 14 / 9.787
03-12 18:05:06.810  3101  3396 I ActivityManager: Changes in 10118 10 to 10, 0 to 128
03-12 18:05:06.810  3101  5217 D SLocation: ReceiverPair - ignore direction of location due to wifi, id = 90, reason = 400
03-12 18:05:06.811  3101  3101 D PDSTrigger: mPolicyIntentReceiver broadcast received action : FIRST_ALARM_TRIGGER_ACTION
03-12 18:05:06.811  3101  5217 D SLocation: GeopointLastLocation - last location still available 6021 / 9223372036854775807
03-12 18:05:06.811  3101  5217 D SLocation: GeopointGeofenceObserver - location : [G, A : 3.87, T : 1773338701000, ET : 278011487, E : MI, h : 20/3], radius : 10495
03-12 18:05:06.811  3101  5217 D SLocation: LocationProviderStatus - try to update provider status (GPS/NLP)
03-12 18:05:06.811  3101  5217 D SLocation: LocationProviderStatus - set isGpsOn : true, isNlpOn : true
03-12 18:05:06.811  3101  5217 D SLocation: LocationProviderStatus - gps & nlp status not changed
03-12 18:05:06.811  3101  5217 D SLocation: GeofenceCoreManager - geofence core command pending size : 2
03-12 18:05:06.811  3101  5217 D SLocation: GeofenceCoreRecovery - removeGeofenceInfo id = 15000
03-12 18:05:06.811  3101  5217 D SLocation: SLocationCoreSem - send to coreSem, packet length : 3 / [17, 58, 152]
03-12 18:05:06.811  3101  5217 D SemContextLocationCoreAttribute: setAttribute() mode : 0 action : 23
03-12 18:05:06.811  3101  5217 D SemContextService: lock : changeParameters
03-12 18:05:06.811  3101  5217 D SemContext.CaeProvider.LocationCoreImpl: setAttribute() mode : 0 action : 23
03-12 18:05:06.812  3101  5217 W CAE     : setCAProperty(ContextAwareService.java:509) - [setProperty 01] Mutex is locked for SLOCATION_RUNNER
03-12 18:05:06.812  3101  5217 I CAE     : setPropertyValue(SLocationRunner.java:116) - SLocationRunner setProperty header : 17, len : 3
03-12 18:05:06.812  3101  4246 D SensorService: setSContextDataLocked ints length 3 , byte length 6
03-12 18:05:06.812  3101  4246 D SensorService: setSContextDataLocked 113717c1
03-12 18:05:06.813  3101  3101 D MARsTrigger: mPolicyIntentReceiver broadcast received action : FIRST_ALARM_TRIGGER_ACTION
03-12 18:05:06.813  2094  2094 I sensors-hal: inject_sensor_data:412, handle 1502 send inject
03-12 18:05:06.813  2094  2094 I sensors-hal: sendContextData:303, sensor hal 6, (0xc1, 0x17, 0x37, 0x11)
03-12 18:05:06.813  2094  2094 E sensors-hal: sendContextData:133, slocationcore h 193 m 23 s 55
03-12 18:05:06.813  2094  2094 I sensors-hal: sendUserData:119, slocationcore sendUserData
03-12 18:05:06.813  2094  2094 E sensors-hal: create_send_context_data:64, slocationcore create_send_context_data
03-12 18:05:06.813  2094  2094 I sensors-hal: send_context_data:701, slocationcore, 4986366670857974562, 1320970896291267344, msgid:700
03-12 18:05:06.814  3101  5217 W CAE     : setCAProperty(ContextAwareService.java:515) - [setProperty 02] Mutex is unlocked for SLOCATION_RUNNER
03-12 18:05:06.814  3101  5217 D SemContextService: unlock : changeParameters
03-12 18:05:06.814  2094  4244 I sensors-hal: qsh_conn_resp_cb:972, resp_value = 0 for slocationcore 
03-12 18:05:06.814  3101  5217 D SemContextManager:   .changeParameters : listener = Z.i@cc1d0ca, service=SLocation Core
03-12 18:05:06.814  3101  5217 D SLocation: GeofenceCoreManager - geofence core command pending size : 1
03-12 18:05:06.814  3101  5217 D SLocation: GeofenceCoreRecovery - storeGeofenceInfo 1 id = 15000, radius = 10495
03-12 18:05:06.814  3101  5217 D SLocation: SLocationCoreSem - send to coreSem, packet length : 16 / [16, 58, 152, 30, 174, 45, 213, 255, 251, 100, 101, 0, 0, 40, 255, 1]
03-12 18:05:06.814  3101  5217 D SemContextLocationCoreAttribute: setAttribute() mode : 0 action : 23
03-12 18:05:06.814  2094  4244 I sensors-hal: qsh_conn_event_cb:927, event[0] sensor:slocationcore  Wakeup, msg_id=1025, ts=5338043119810
03-12 18:05:06.814  2094  4244 E sensors-hal: handle_sns_client_event:78, slocationcore_event: msgid:1025
03-12 18:05:06.814  3101  5217 D SemContextService: lock : changeParameters
03-12 18:05:06.814  2094  4244 I sensors-hal: insert_awaking_events:873, smp2p_event, 30.slocationcore, msgid:1025
03-12 18:05:06.814  3101  5217 D SemContext.CaeProvider.LocationCoreImpl: setAttribute() mode : 0 action : 23
03-12 18:05:06.814  3101  5217 W CAE     : setCAProperty(ContextAwareService.java:509) - [setProperty 01] Mutex is locked for SLOCATION_RUNNER
03-12 18:05:06.815  3101  3428 D MARsPolicyManager: triggerAction called!
03-12 18:05:06.815  3101  3428 I NSLocationMonitor: getGPSUsingApps() called
03-12 18:05:06.815  3101  5217 I CAE     : setPropertyValue(SLocationRunner.java:116) - SLocationRunner setProperty header : 16, len : 16
03-12 18:05:06.815  5643  6950 I NSLocationManager_FLP: getGPSUsingApps, No change
03-12 18:05:06.815  3101  4246 D SensorService: setSContextDataLocked ints length 6 , byte length 19
03-12 18:05:06.815  3101  4246 D SensorService: setSContextDataLocked 103717c1
03-12 18:05:06.815  2094  2094 I sensors-hal: inject_sensor_data:412, handle 1502 send inject
03-12 18:05:06.815  2094  2094 I sensors-hal: sendContextData:303, sensor hal 19, (0xc1, 0x17, 0x37, 0x10)
03-12 18:05:06.815  2094  2094 E sensors-hal: sendContextData:133, slocationcore h 193 m 23 s 55
03-12 18:05:06.815  2094  2094 I sensors-hal: sendUserData:119, slocationcore sendUserData
03-12 18:05:06.815  2094  2094 E sensors-hal: create_send_context_data:64, slocationcore create_send_context_data
03-12 18:05:06.815  2094  2094 I sensors-hal: send_context_data:701, slocationcore, 4986366670857974562, 1320970896291267344, msgid:700
03-12 18:05:06.817  5643  5766 I RequestManager_FLP: onOpChanged, op=0 / packageName=com.osp.app.signin
03-12 18:05:06.818  2094  4244 I sensors-hal: qsh_conn_resp_cb:972, resp_value = 0 for slocationcore 
03-12 18:05:06.818  2094  4244 I sensors-hal: qsh_conn_event_cb:927, event[0] sensor:slocationcore  Wakeup, msg_id=1025, ts=5338043198908
03-12 18:05:06.818  2094  4244 E sensors-hal: handle_sns_client_event:78, slocationcore_event: msgid:1025
03-12 18:05:06.819  3101  5217 W CAE     : setCAProperty(ContextAwareService.java:515) - [setProperty 02] Mutex is unlocked for SLOCATION_RUNNER
03-12 18:05:06.819  3101  5217 D SemContextService: unlock : changeParameters
03-12 18:05:06.819  3101  5217 D SemContextManager:   .changeParameters : listener = Z.i@cc1d0ca, service=SLocation Core
03-12 18:05:06.820  3101  4246 D SensorService: setSContextDataLocked ints length 3 , byte length 5
03-12 18:05:06.820  3101  4246 D SensorService: setSContextDataLocked 5120ec1
03-12 18:05:06.820  2094  2094 I sensors-hal: inject_sensor_data:412, handle 1502 send inject
03-12 18:05:06.820  2094  2094 I sensors-hal: sendContextData:303, sensor hal 5, (0xc1, 0xe, 0x12, 0x5)
03-12 18:05:06.820  2094  2094 I sensors-hal: sendContextData:206, activities 5 c1, 1
03-12 18:05:06.820  2094  2094 I sensors-hal: sendUserData:227, Activities cmd 0xc1 0xe
03-12 18:05:06.820  2094  2094 I sensors-hal: sendUserData:241, Activities system time h 18 m 5 s 6
03-12 18:05:06.820  2094  2094 I sensors-hal: create_send_context_data:45, sending create_send_context_data
03-12 18:05:06.820  2094  2094 I sensors-hal: send_context_data:701, activities, 4914309220830019584, 1320970896291267344, msgid:700
03-12 18:05:06.820  2094  2094 I sensors-hal: save_screen_data:449, no screen data, skip~~
03-12 18:05:06.820  2094  2094 I sensors-hal: sendContextData:124, common_info 5
03-12 18:05:06.820  2094  2094 I sensors-hal: sendUserData:147, CommonInfo 0xc1 0xe 0x12 0x5
03-12 18:05:06.820  2094  2094 I sensors-hal: create_send_context_data:70, sending create_send_context_data
03-12 18:05:06.820  2094  2094 I sensors-hal: send_context_data:701, common_info, 4914309147815575552, 1320970896291267344, msgid:700
03-12 18:05:06.821  3101  4242 D CAE     : onGetSensorHubData(SensorHubParserProvider.java:92) - onGetSensorHubData Event [event buffer len :10], AP_SLEEP
03-12 18:05:06.821  3101  4242 I CAE     : parse(SensorHubParserProvider.java:188) - buffer size = 10
03-12 18:05:06.821  2094  4244 I sensors-hal: qsh_conn_resp_cb:972, resp_value = 0 for activities 
03-12 18:05:06.821  3101  4242 I CAE     : parse(SensorHubParserProvider.java:199) - 1, 1, 55, 0, 5, 2, 17, 0, 58, -104,
03-12 18:05:06.821  2094  4244 I sensors-hal: qsh_conn_resp_cb:972, resp_value = 0 for common_info 
03-12 18:05:06.821  3101  4242 I CAE     : parse(SLocationRunner.java:88) - SLocationRunner parse start : 3
03-12 18:05:06.821  3101  4242 D CAE     : display(ContextProvider.java:375) - ================= SLOCATION_RUNNER =================
03-12 18:05:06.821  3101  4242 I CAE     : display(ContextProvider.java:391) - ExtraDataArray=[1, 1, 55, 0, 5, 2, 17, 0, 58, -104]
03-12 18:05:06.822  3101  4242 I CAE     : parse(SLocationRunner.java:96) - SLocationRunner parse end:10
03-12 18:05:06.822  3101  4246 D SensorService: setSContextDataLocked ints length 3 , byte length 5
03-12 18:05:06.822  3101  4246 D SensorService: setSContextDataLocked 5120ec1
03-12 18:05:06.822  2094  2094 I sensors-hal: inject_sensor_data:412, handle 1502 send inject
03-12 18:05:06.822  3101  3428 W Binder  : Outgoing transactions from this process must be FLAG_ONEWAY
03-12 18:05:06.822  3101  3428 W Binder  : java.lang.Throwable
03-12 18:05:06.822  3101  3428 W Binder  : 	at android.os.BinderProxy.transact(BinderProxy.java:566)
03-12 18:05:06.822  3101  3428 W Binder  : 	at android.bluetooth.IBluetoothGatt$Stub$Proxy.getAdvertisingSetUids(IBluetoothGatt.java:1678)
03-12 18:05:06.822  3101  3428 W Binder  : 	at android.bluetooth.BluetoothAdapter.getAdvertisingSetUids(BluetoothAdapter.java:8476)
03-12 18:05:06.822  3101  3428 W Binder  : 	at android.bluetooth.BluetoothAdapter.getHWUsingApps(BluetoothAdapter.java:1342)
03-12 18:05:06.822  3101  3428 W Binder  : 	at com.android.server.am.mars.filter.filter.BlueToothConnectedFilter.updateBTUsingPackages(qb/106573977 970c3892a8eaa74829cf94d5fbec3ef3055ad47bee2a6f3fdc4bdb739f76e0cd:22)
03-12 18:05:06.822  3101  3428 W Binder  : 	at com.android.server.am.MARsPolicyManager.triggerAction(qb/106573977 970c3892a8eaa74829cf94d5fbec3ef3055ad47bee2a6f3fdc4bdb739f76e0cd:96)
03-12 18:05:06.822  3101  3428 W Binder  : 	at com.android.server.am.MARsHandler$MainHandler.handleMessage(qb/106573977 970c3892a8eaa74829cf94d5fbec3ef3055ad47bee2a6f3fdc4bdb739f76e0cd:1830)
03-12 18:05:06.822  3101  3428 W Binder  : 	at android.os.Handler.dispatchMessage(Handler.java:110)
03-12 18:05:06.822  3101  3428 W Binder  : 	at android.os.Looper.loopOnce(Looper.java:273)
03-12 18:05:06.822  3101  3428 W Binder  : 	at android.os.Looper.loop(Looper.java:363)
03-12 18:05:06.822  3101  3428 W Binder  : 	at com.android.server.am.MARsHandler$MainThread.run(qb/106573977 970c3892a8eaa74829cf94d5fbec3ef3055ad47bee2a6f3fdc4bdb739f76e0cd:27)
03-12 18:05:06.822  2094  2094 I sensors-hal: sendContextData:303, sensor hal 5, (0xc1, 0xe, 0x12, 0x5)
03-12 18:05:06.822  2094  2094 I sensors-hal: sendContextData:206, activities 5 c1, 1
03-12 18:05:06.822  2094  2094 I sensors-hal: sendUserData:227, Activities cmd 0xc1 0xe
03-12 18:05:06.822  2094  2094 I sensors-hal: sendUserData:241, Activities system time h 18 m 5 s 6
03-12 18:05:06.822  2094  2094 I sensors-hal: create_send_context_data:45, sending create_send_context_data
03-12 18:05:06.822  2094  2094 I sensors-hal: send_context_data:701, activities, 4914309220830019584, 1320970896291267344, msgid:700
03-12 18:05:06.822  2094  2094 I sensors-hal: save_screen_data:449, no screen data, skip~~
03-12 18:05:06.822  2094  2094 I sensors-hal: sendContextData:124, common_info 5
03-12 18:05:06.822  2094  2094 I sensors-hal: sendUserData:147, CommonInfo 0xc1 0xe 0x12 0x5
03-12 18:05:06.822  2094  2094 I sensors-hal: create_send_context_data:70, sending create_send_context_data
03-12 18:05:06.822  2094  2094 I sensors-hal: send_context_data:701, common_info, 4914309147815575552, 1320970896291267344, msgid:700
03-12 18:05:06.822  3101  4239 D SemContextService: Service.updateContext() : service = SLocation Core
03-12 18:05:06.822  3101  4242 D CAE     : onGetSensorHubData(SensorHubParserProvider.java:92) - onGetSensorHubData Event [event buffer len :10], AP_SLEEP
03-12 18:05:06.822  3101  4242 I CAE     : parse(SensorHubParserProvider.java:188) - buffer size = 10
03-12 18:05:06.822  3101  4242 I CAE     : parse(SensorHubParserProvider.java:199) - 1, 1, 55, 0, 5, 2, 16, 0, 58, -104,
03-12 18:05:06.822  3101  4242 I CAE     : parse(SLocationRunner.java:88) - SLocationRunner parse start : 3
03-12 18:05:06.822  3101  4242 D CAE     : display(ContextProvider.java:375) - ================= SLOCATION_RUNNER =================
03-12 18:05:06.822  3101  4242 I CAE     : display(ContextProvider.java:391) - ExtraDataArray=[1, 1, 55, 0, 5, 2, 16, 0, 58, -104]
03-12 18:05:06.822  3101  4242 I CAE     : parse(SLocationRunner.java:96) - SLocationRunner parse end:10
03-12 18:05:06.822  2094  4244 I sensors-hal: qsh_conn_resp_cb:972, resp_value = 0 for activities 
03-12 18:05:06.822  3101  4239 D SemContextService: Service.updateContext() : service = SLocation Core
03-12 18:05:06.822  2094  4244 I sensors-hal: qsh_conn_resp_cb:972, resp_value = 0 for common_info 
03-12 18:05:06.826  3101  5641 W LocationManagerService: onFreezeStateChanged, uid[10409]=true
03-12 18:05:06.826  3101  5641 I PowerManagerService: [PWL] SetWakeLockEnableDisable uid = 10409 , disable= true
03-12 18:05:06.826  3101  5641 I PowerManagerService: [PWL] can not change uid =  10409
03-12 18:05:06.827  3101  3428 D ActivityManager: FCA:FCA recordedFileRss = 0, and changeinRss = 48604
03-12 18:05:06.827  3101  3428 D FreecessController: FZ : com.microsoft.emmx(10409) [28500] reason: LEV [cached:O
03-12 18:05:06.829  3101  5641 W LocationManagerService: onFreezeStateChanged, uid[10636]=true
03-12 18:05:06.829  3101  5641 I PowerManagerService: [PWL] SetWakeLockEnableDisable uid = 10636 , disable= true
03-12 18:05:06.829  3101  5641 I PowerManagerService: [PWL] can not change uid =  10636
03-12 18:05:06.830  3101  3428 D ActivityManager: FCA:FCA recordedFileRss = 0, and changeinRss = 54516
03-12 18:05:06.830  3101  3428 D FreecessController: FZ : com.nordvpn.android(10636) [28768] reason: LEV [cached:O
03-12 18:05:06.844  3101  3101 D SemContextManager: onSemContextChanged() : event = SLocation Core
03-12 18:05:06.844  3101  3101 D SLocation: SensorHubWrapper - SemContextChanged type = 47, packet received
03-12 18:05:06.844  3101  3101 D SemContextManager: onSemContextChanged() : event = SLocation Core
03-12 18:05:06.844  3101  3101 D SLocation: SensorHubWrapper - SemContextChanged type = 47, packet received
03-12 18:05:06.845  3101  5217 D SLocation: GeofenceCoreManager - received Extra Data from core, len : 5
03-12 18:05:06.845  3101  5217 D SLocation: GeofenceCoreManager - handleCommandCallback - GEOFENCE_REMOVE SUCCESS
03-12 18:05:06.845  3101  5217 I SLocation: SHardwareManager - handleRemoveCallback : GEOFENCE_SUCCESS, id = 15000
03-12 18:05:06.845  3101  5217 D SLocation: CommonCoreManager - received Extra Data from core, len : 5
03-12 18:05:06.845  3101  5217 D SLocation: GeofenceCoreManager - received Extra Data from core, len : 5
03-12 18:05:06.845  3101  5217 D SLocation: GeofenceCoreManager - handleCommandCallback - GEOFENCE_ADD SUCCESS
03-12 18:05:06.845  3101  5217 I SLocation: SHardwareManager - handleAddCallback : GEOFENCE_SUCCESS id = 15000
03-12 18:05:06.845  3101  5217 D SLocation: CommonCoreManager - received Extra Data from core, len : 5
03-12 18:05:06.907  2094  1883 I sensors-hal: handle_sns_client_event:379, [0][959] accel_sample [ 1.709, -0.593,  9.601] 278017565907943
03-12 18:05:06.998  3101  4279 I serviceDiscovery: [MdnsSocketProvider] Stop monitoring sockets.
03-12 18:05:06.999  3101  4279 D ConnectivityManager: StackLog: [android.net.ConnectivityManager.unregisterNetworkCallback(ConnectivityManager.java:5578)] [android.net.connectivity.com.android.server.connectivity.mdns.MdnsSocketProvider.maybeStopMonitoringSockets(MdnsSocketProvider.java:416)] [android.net.connectivity.com.android.server.connectivity.mdns.MdnsSocketProvider.unrequestSocket(MdnsSocketProvider.java:834)] [android.net.connectivity.com.android.server.connectivity.mdns.MdnsAdvertiser$InterfaceAdvertiserRequest.onAdvertiserDestroyed(MdnsAdvertiser.java:485)] [android.net.connectivity.com.android.server.connectivity.mdns.MdnsAdvertiser.destroyAdvertiser(MdnsAdvertiser.java:424)] [android.net.connectivity.com.android.server.connectivity.mdns.MdnsAdvertiser.-$$Nest$mdestroyAdvertiser(MdnsAdvertiser.java:0)] [android.net.connectivity.com.android.server.connectivity.mdns.MdnsAdvertiser$1.onAllServicesRemoved(MdnsAdvertiser.java:337)] [android.net.connectivity.com.android.server.connectivity.mdns.MdnsInterfaceAdvertiser$AnnouncingCallback.lambda$onFinished$0(MdnsInterfaceAdvertiser.java:169)] [android.net.connectivity.com.android.server.connectivity.mdns.MdnsInterfaceAdvertiser$AnnouncingCallback.$r8$lambda$CVMRJEj49oCAhm7tm-BAmIZCWDY(MdnsInterfaceAdvertiser.java:0)] [android.net.connectivity.com.android.server.connectivity.mdns.MdnsInterfaceAdvertiser$AnnouncingCallback$$ExternalSyntheticLambda0.run(R8$$SyntheticClass:0)]
03-12 18:05:06.999  3101  4279 I TetheringManager: unregisterTetheringEventCallback caller:android
03-12 18:05:07.000  3101  3410 D BatteryExternalStatsWorker: update stats : procstate-change (10)
03-12 18:05:07.001  3101  3410 D BatteryExternalStatsWorker: Fetch WiFi data
03-12 18:05:07.001  3101  3410 D BatteryExternalStatsWorker: Update Rail Energy data
03-12 18:05:07.011  3101  4304 D AS.VolumeMonitor: Music is stopped
03-12 18:05:07.011  3101  4300 I SemVolumeMonitor: getOneHourRms: call getParameter. bytes:244=max(244,60)
03-12 18:05:07.012  2099  3187 I audiohalservice.qti: music stopped. return zero
03-12 18:05:07.013  2206 27855 V VolumeMonitor_Score: merge() fg:0x2 dev:0x2, type:1, cnt:0, result:0|0|0|0|0|0|0|0|0|0|0|0|0|0|0|0|0|0|0|0|0|0|0|0|0|0|0|0|0|0|0|0|0|0|0|0|0|0|0|0|0|0|0|0|0|0|0|0|0|0|
03-12 18:05:07.013  2206 27855 V VolumeMonitor_Score: getFinalStatus() src[0] histCnt:0 result:0|0|0|0|0|0|0|0|0|0|0|0|0|0|0|0|0|0|0|0|0|0|0|0|0|0|0|0|0|0|0|0|0|0|0|0|0|0|0|0|0|0|0|0|0|0|0|0|0|0|
03-12 18:05:07.013  2206 27855 V VolumeMonitor_Score: getFinalStatus() src[1] histCnt:0 result:0|0|0|0|0|0|0|0|0|0|0|0|0|0|0|0|0|0|0|0|0|0|0|0|0|0|0|0|0|0|0|0|0|0|0|0|0|0|0|0|0|0|0|0|0|0|0|0|0|0|
03-12 18:05:07.013  2206 27855 V VolumeMonitor_Score: getFinalStatus() src[2] histCnt:0 result:0|0|0|0|0|0|0|0|0|0|0|0|0|0|0|0|0|0|0|0|0|0|0|0|0|0|0|0|0|0|0|0|0|0|0|0|0|0|0|0|0|0|0|0|0|0|0|0|0|0|
03-12 18:05:07.013  2206 27855 V VolumeMonitor_Score: getFinalStatus() 2026 2 12 18 5 7, 60, result:0|||0|||0|||0|||0|||0|||0|||0|||0|||0|||0|||1|9|||
03-12 18:05:07.013  3101  4300 I SemVolumeMonitor: getOneHourRms: getParameter done
03-12 18:05:07.014  3101  4255 E WifiStaIfaceAidlImpl: getCachedScanData failed with service-specific exception: android.os.ServiceSpecificException:  (code 4)
03-12 18:05:07.014  3101  3410 D BatteryExternalStatsWorker: mStats lock released
03-12 18:05:07.015  3101  4300 I ActivityManager: Changes in 10155 19 to 5, 0 to 144
03-12 18:05:07.017  3101  4338 D BackgroundInstallControlService: Package event received: 0
03-12 18:05:07.017   630   640 I VolumeMonitorProvider: call() with _method : setVolumeData()
03-12 18:05:07.017   630   640 I VolumeMonitorProvider: _arg : 0|0|0|0|0|0|0|0|0|0|0|19|└Ç└Ç└Ç└Ç└Ç└Ç└Ç└Ç└Ç└Ç└Ç└Ç└Ç└Ç└Ç└Ç└Ç└Ç└Ç└Ç└Ç└Ç└Ç└Ç└Ç└Ç└Ç└Ç└Ç└Ç└Ç└Ç└Ç└Ç└Ç_QUEUE└Ç└Ç└Ç└Ç└Ç└Ç└Ç└Ç└Ç!└Ç└Ç└Çcom.google.android.gms.persistent)└Ç└Ç└Ç.chimera.PersistentIntentOperationService└Ç└Ç└Ç└Ç└Ç└Ç└Çcom.google.android.gms└Ç└Ç└Çcom.google.android.gms└Ç└Ç└Ç└Ç└Ç└Ç└Ç└Ç└Ç└Ç└Ç└Ç└Ç└Ç└Ç└Ç└Ç´┐¢´┐¢
03-12 18:05:07.017   630   640 I VolumeDataManager: isValidData() : delimiter count is 12
03-12 18:05:07.017   630   640 W VolumeDataManager: decodeData() : All data is 0 or -1, so skip decode process
03-12 18:05:07.019  3101  3410 D BatteryExternalStatsWorker: Update wifi state
03-12 18:05:07.019  3101  3410 D BatteryExternalStatsWorker: done updateExternalStatsLocked
03-12 18:05:07.043  4621  4816 I EPDG -- SIM1 [SMARTWIFI]: isProfiling, hash=48280387, started=true
03-12 18:05:07.043  4621  4816 I EPDG -- SIM1 [SMARTWIFI]: isProfiling, hash=48280387, started=true
03-12 18:05:07.043  4621  4816 I EPDG -- SIM1 [SMARTWIFI]: Rssi : -60 highrange : -75 lowrange : -85 mIsRssiInHystersis : false
03-12 18:05:07.043  4621  4816 I EPDG -- SIM1 [SMARTWIFI]: getHandoverThresholdMet: value is: false
03-12 18:05:07.076  1063  1063 D io_stats: !@   8,0 r 60332723 958771808 w 9518741 157023972 d 1248522 355916616 f 144589 852790 iot 3251840 0 th 0 0 0 pt 0 inp 0 0 156442.769
03-12 18:05:07.076  1063  1063 D io_stats: !@ Read_top(KB): d.process.acore:low(10387) 744 facebook.katana:low(28587) 664 binder:1990_4:normal(1990) 176
03-12 18:05:07.076  1063  1063 D io_stats: !@ Write_top(KB): nordvpn.android:low(28768) 536 f2fs_ckpt-254:6:/(5568) 272 kworker/3:3:/(22385) 252
03-12 18:05:07.130  4554  4697 D PhoneInterfaceManager: setDataEnabledForReason() Reason=1 Pid=3101 App=system
03-12 18:05:07.131  4554  4697 D PhoneInterfaceManager: setDataEnabledForReason() Reason=1 Pid=3101 App=system
03-12 18:05:07.258  3101  3157 I system_server: Background young concurrent mark compact GC freed 40MB AllocSpace bytes, 21(368KB) LOS objects, 17% free, 183MB/223MB, paused 1.281ms,6.236ms total 146.127ms
03-12 18:05:07.310  3101  5217 D SLocation: WifiBssidMonitor - requestRefresh
03-12 18:05:07.311  3101  5217 W SLocation: WifiBssidMonitor - connected wifi : (d0:57:94:**:**:87/824)
03-12 18:05:07.342  2094  2273 I sensors-hal: handle_sns_client_event:323, [0][466] mag_sample_cal(magcal_available:1): ts=278018014208411 ns; cal = [-10.967145, 17.170998, -39.649780], uncal = [-23.747145, 65.950996, 22.690222], bias = [-12.780000, 48.779999, 62.340000], status=3, cal_id=2
03-12 18:05:07.533  2094  2276 I sensors-hal: handle_sns_client_event:435, [0][359] gyro_sample_cal(cal_available:1)(3) [ 0.000, 0.001,-0.000] bias[-0.005,-0.006,-0.001] 278018129213620
03-12 18:05:07.565  2213  2307 E HeatmapThread: ECT Thread time in milliseconds: 1773338707
03-12 18:05:07.569  2213  2307 D HeatmapThread: !@ batteryplugType : 0
03-12 18:05:07.569  2213  2307 D HeatmapThread: !@ batteryLevel : 25  batteryTemperature : 331 
03-12 18:05:07.569  2213  2307 D HeatmapThread: !@ Heatmap currtime: 29555645
03-12 18:05:07.569  2213  2307 D HeatmapThread: !@ Heatmap prevtime: 29555636
03-12 18:05:07.569  2213  2307 D HeatmapThread: !@ Heatmap plugstarttime: 35791394
03-12 18:05:07.569  2213  2307 D HeatmapThread: !@ Heatmap prevv_dsoh_update_time: 29554952
03-12 18:05:07.569  2213  2307 E HeatmapThread: !@ CAM New BSOH: 100
03-12 18:05:07.739 22407 22407 D BoundBrokerSvc: onUnbind: Intent { act=com.google.android.gms.findmydevice.spot.service.locationreport.START dat=chimera-action:/... xflg=0x4 cmp=com.google.android.gms/.chimera.PersistentApiService }
03-12 18:05:07.740 22267 22267 D BoundBrokerSvc: onUnbind: Intent { act=com.google.android.gms.onboardingconsent.api.ConsentManagerApiService.START dat=chimera-action:/... xflg=0x4 cmp=com.google.android.gms/.chimera.GmsApiService }
03-12 18:05:08.555 22267 22267 D BoundBrokerSvc: onUnbind: Intent { act=com.google.android.gms.pay.service.BIND dat=chimera-action:/... xflg=0x4 cmp=com.google.android.gms/.chimera.GmsApiService }
03-12 18:05:08.556  3101  4674 I ActivityManager: Changes in 10116 5 to 8, 184 to 128
03-12 18:05:08.566  2213  2307 E HeatmapThread: ECT Thread time in milliseconds: 1773338708
03-12 18:05:08.567  2213  2307 D HeatmapThread: !@ batteryplugType : 0
03-12 18:05:08.567  2213  2307 D HeatmapThread: !@ batteryLevel : 25  batteryTemperature : 331 
03-12 18:05:08.567  2213  2307 D HeatmapThread: !@ Heatmap currtime: 29555645
03-12 18:05:08.567  2213  2307 D HeatmapThread: !@ Heatmap prevtime: 29555636
03-12 18:05:08.567  2213  2307 D HeatmapThread: !@ Heatmap plugstarttime: 35791394
03-12 18:05:08.567  2213  2307 D HeatmapThread: !@ Heatmap prevv_dsoh_update_time: 29554952
03-12 18:05:08.567  2213  2307 E HeatmapThread: !@ CAM New BSOH: 100
03-12 18:05:08.710 22407 22407 D BoundBrokerSvc: onUnbind: Intent { act=com.google.android.gms.auth.aang.events.services.START dat=chimera-action:/... xflg=0x4 cmp=com.google.android.gms/.chimera.PersistentApiService }
03-12 18:05:08.833  3101  3951 D ActivityManager: FCA:Reclamation for pid: 28500
03-12 18:05:08.878 22407  2121 I NearbyConnections: Invalidate cached hpkeKey for client 264901374
03-12 18:05:08.895 31317 31317 I wpa_supplicant: Heartbeat 5833
03-12 18:05:08.895  3101  3951 D ActivityManager: FCA:Reclamation for pid: 28768
03-12 18:05:08.925  2094  1883 I sensors-hal: handle_sns_client_event:379, [0][988] accel_sample [ 1.736, -0.600,  9.589] 278019584288776
03-12 18:05:09.077  1063  1063 D io_stats: !@   8,0 r 60332736 958772008 w 9518780 157030204 d 1248530 355916820 f 144589 852790 iot 3251852 0 th 0 0 0 pt 0 inp 0 0 156444.770
03-12 18:05:09.382  2094  2273 I sensors-hal: handle_sns_client_event:323, [0][500] mag_sample_cal(magcal_available:1): ts=278020054208411 ns; cal = [-10.839536, 16.916054, -38.691223], uncal = [-23.619535, 65.696053, 23.648775], bias = [-12.780000, 48.779999, 62.340000], status=3, cal_id=2
03-12 18:05:09.412  2094  2276 I sensors-hal: handle_sns_client_event:435, [0][368] gyro_sample_cal(cal_available:1)(3) [ 0.000, 0.001, 0.000] bias[-0.005,-0.006,-0.001] 278020008392578
03-12 18:05:09.565  2213  2307 E HeatmapThread: ECT Thread time in milliseconds: 1773338709
03-12 18:05:09.568  2213  2307 D HeatmapThread: !@ batteryplugType : 0
03-12 18:05:09.568  2213  2307 D HeatmapThread: !@ batteryLevel : 25  batteryTemperature : 331 
03-12 18:05:09.568  2213  2307 D HeatmapThread: !@ Heatmap currtime: 29555645
03-12 18:05:09.568  2213  2307 D HeatmapThread: !@ Heatmap prevtime: 29555636
03-12 18:05:09.568  2213  2307 D HeatmapThread: !@ Heatmap plugstarttime: 35791394
03-12 18:05:09.568  2213  2307 D HeatmapThread: !@ Heatmap prevv_dsoh_update_time: 29554952
03-12 18:05:09.568  2213  2307 E HeatmapThread: !@ CAM New BSOH: 100
03-12 18:05:09.667  3101  4358 I SemWifiServiceDetector: Service det. suspended: T / T / 22189
03-12 18:05:09.741  4896  5070 D TileLifecycleManager: Unbinding service Intent { act=android.service.quicksettings.action.QS_TILE xflg=0x4 cmp=com.samsung.android.app.aodservice/.settings.AODTileService (has extras) } UserHandle{0}
03-12 18:05:10.057  4621  4816 I EPDG -- SIM1 [SMARTWIFI]: isProfiling, hash=48280387, started=true
03-12 18:05:10.058  4621  4816 I EPDG -- SIM1 [SMARTWIFI]: isProfiling, hash=48280387, started=true
03-12 18:05:10.058  4621  4816 I EPDG -- SIM1 [SMARTWIFI]: Rssi : -54 highrange : -75 lowrange : -85 mIsRssiInHystersis : false
03-12 18:05:10.058  4621  4816 I EPDG -- SIM1 [SMARTWIFI]: getHandoverThresholdMet: value is: false
03-12 18:05:10.565  2213  2307 E HeatmapThread: ECT Thread time in milliseconds: 1773338710
03-12 18:05:10.567  2213  2307 D HeatmapThread: !@ batteryplugType : 0
03-12 18:05:10.567  2213  2307 D HeatmapThread: !@ batteryLevel : 25  batteryTemperature : 331 
03-12 18:05:10.567  2213  2307 D HeatmapThread: !@ Heatmap currtime: 29555645
03-12 18:05:10.567  2213  2307 D HeatmapThread: !@ Heatmap prevtime: 29555636
03-12 18:05:10.567  2213  2307 D HeatmapThread: !@ Heatmap plugstarttime: 35791394
03-12 18:05:10.567  2213  2307 D HeatmapThread: !@ Heatmap prevv_dsoh_update_time: 29554952
03-12 18:05:10.567  2213  2307 E HeatmapThread: !@ CAM New BSOH: 100
03-12 18:05:10.574  7513  7539 I ActivityMonitor: Stopping activity monitor
03-12 18:05:10.574  7513  7539 I ActivityMonitor: Removing activity updates
03-12 18:05:10.578  7513  7539 I ActivityMonitor: Successfully removed activity updates
03-12 18:05:10.579  7513  7539 I AwarenessProcessor: Done executing action: com.nianticlabs.FitnessUpdateAction
03-12 18:05:10.581  7513  7553 I WM-WorkerWrapper: Worker result SUCCESS for Work [ id=4e899f05-ce9a-497b-b480-935bdc2d6f70, tags={ com.nianticlabs.background.fitness.FitnessWorker, hh-fitness-job-service-single } ]
03-12 18:05:10.581  2176  3027 I thermal_core: pivot(AP) : 368, skin : 352
03-12 18:05:10.585  2587  2587 I CameraService: onUidStateChanged: uid=10642, procState is changed. (8 -> 10)
03-12 18:05:10.586  3101  4674 W ProcessStats: Tracking association SourceState{a19c2f7 com.nianticlabs.pokemongo/10642 Top #670896} whose proc state 1 is better than process ProcessState{a196d89 com.android.vending/10278 pkg=com.android.vending} proc state 2 (15 skipped)
03-12 18:05:10.587  2587  2587 W IPCThreadState: Sending oneway calls to frozen process.
03-12 18:05:10.587  2587  2587 I CameraService: onUidStateChanged: uid=10642, procState is changed. (10 -> 12)
03-12 18:05:10.588  2587  2587 W IPCThreadState: Sending oneway calls to frozen process.
03-12 18:05:10.616  2099  3187 D AHAL_ModulePrimary_QTI: getVendorParameters: id count: 1
03-12 18:05:10.616  2099  3187 I PAL: PayloadBuilder: payloadTISPConfig: 4689: payloadInfo for TI Speakerprotection for parm_id 0x10010ee4 3812
03-12 18:05:10.617  2099  3187 I PAL: SpeakerProtectionTI: smartpa_get_temp: 2099: [TI-SmartPA] Get TAS_SA_GET_TV temp 16258745(31.011095) for channel 0
03-12 18:05:10.617  2099  3187 I PAL: SpeakerProtectionTI: getParameter: 2148: TEMPERATURE_RCV received 31
03-12 18:05:10.617  2099  3187 D AHAL_SecModulePrimary: onGetSECGenericParameters get temperature for g_hw_speaker_amp_temp_rcv: 31
03-12 18:05:10.617  2099 18001 D AHAL_ModulePrimary_QTI: getVendorParameters: id count: 1
03-12 18:05:10.617  2099 18001 I PAL: PayloadBuilder: payloadTISPConfig: 4689: payloadInfo for TI Speakerprotection for parm_id 0x20010ee4 3812
03-12 18:05:10.618  2099 18001 I PAL: SpeakerProtectionTI: smartpa_get_temp: 2099: [TI-SmartPA] Get TAS_SA_GET_TV temp 16266510(31.025906) for channel 1
03-12 18:05:10.618  2099 18001 I PAL: SpeakerProtectionTI: getParameter: 2148: TEMPERATURE_SPK received 31
03-12 18:05:10.618  2099 18001 D AHAL_SecModulePrimary: onGetSECGenericParameters get temperature for g_hw_speaker_amp_temp_spk: 31
03-12 18:05:10.619  7607  8506 I SDHMS:x : SIOP:: AP:368 BAT:336 USB:295 CHG:358 PA:364 WIFI:374 CF:364 BLK:0 SUBBAT:0 LRPTHM:363 SKIN:349 SKINF:341 SKINB:349 LRP:349 LRF:341 LRB:349 APT:341 APR:347 RCV:337 SPK:316 CHGF:340 CHGR:346 MEMF:340 MEMR:346 WIFIF:340 WIFIR:349 FCAM:295 UPSPK:365 DNSPK:299 VAP:377 VWIFI:384 AMB2:258 HIGH:0 AVGCUR:-732 POWER:-2704
03-12 18:05:10.619  7607  8506 I AudioManager: setParameters keyValuePairs = g_hw_speaker_amp_temp_spk=32
03-12 18:05:10.620  2206 11035 D AudioFlinger: setParameters: filtered dev setParameters keyvalue g_hw_speaker_amp_temp_spk=32
03-12 18:05:10.620  2099 18001 D AHAL_HFP_QTI: hfp_set_parameters enter
03-12 18:05:10.620  2099 18001 D AHAL_HFP_QTI: hfp_set_parameters Exit
03-12 18:05:10.620  2099 18001 D AHAL_SecModulePrimary: processSetVendorParameters: configured g_hw_speaker_amp_temp_spk
03-12 18:05:10.620  2099 18001 D AHAL_SecModulePrimary: processSetVendorParameters: handler set on Feature:0
03-12 18:05:10.620  2099 18001 D AHAL_SecModulePrimary: onSetSECGenericParameters set temperature for g_hw_speaker_amp_temp_spk: 32
03-12 18:05:10.620  2099 18001 I PAL: API: pal_set_param: 1377: Enter: param id 3002
03-12 18:05:10.620  2099 18001 D AGM: graph: graph_set_config: 1146 entry graph_handle 0x247534c
03-12 18:05:10.621  2099 18001 D AGM: graph: graph_set_config: 1154 exit, graph handle 0x247534c, ret 0
03-12 18:05:10.621  2206 11035 E ConversionHelperAidl: Function: parseAndSetVendorParameters Line: 94 Failed 
03-12 18:05:10.621  2206 11035 E ConversionHelperAidl: Function: parseAndSetVendorParameters Line: 94 Failed 
03-12 18:05:10.622  7607  8506 I AudioManager: setParameters keyValuePairs = g_hw_speaker_amp_temp_rcv=34
03-12 18:05:10.622  2206 11035 D AudioFlinger: setParameters: filtered dev setParameters keyvalue g_hw_speaker_amp_temp_rcv=34
03-12 18:05:10.622  2099  3187 D AHAL_HFP_QTI: hfp_set_parameters enter
03-12 18:05:10.622  2099  3187 D AHAL_HFP_QTI: hfp_set_parameters Exit
03-12 18:05:10.622  2099  3187 D AHAL_SecModulePrimary: processSetVendorParameters: configured g_hw_speaker_amp_temp_rcv
03-12 18:05:10.622  2099  3187 D AHAL_SecModulePrimary: processSetVendorParameters: handler set on Feature:0
03-12 18:05:10.622  2099  3187 D AHAL_SecModulePrimary: onSetSECGenericParameters set temperature for g_hw_speaker_amp_temp_rcv: 34
03-12 18:05:10.622  2099  3187 I PAL: API: pal_set_param: 1377: Enter: param id 3001
03-12 18:05:10.622  2099  3187 D AGM: graph: graph_set_config: 1146 entry graph_handle 0x247534c
03-12 18:05:10.623  2099  3187 D AGM: graph: graph_set_config: 1154 exit, graph handle 0x247534c, ret 0
03-12 18:05:10.623  2206 11035 E ConversionHelperAidl: Function: parseAndSetVendorParameters Line: 94 Failed 
03-12 18:05:10.624  2206 11035 E ConversionHelperAidl: Function: parseAndSetVendorParameters Line: 94 Failed 
03-12 18:05:10.625  7607  7860 I M0      : limitCPUFreq:: freq = -1
03-12 18:05:10.626  2106  2355 I HYPER-HAL: [RequestManager.cpp]releaseLocked(): Released ID : 28959858
03-12 18:05:10.944  2094  1883 I sensors-hal: handle_sns_client_event:379, [0][1017] accel_sample [ 1.732, -0.599,  9.587] 278021602657161
03-12 18:05:11.031  3101  3951 D ActivityManager: freezing 27944 com.samsung.cmh
03-12 18:05:11.039  3101  4276 D InetDiagMessage: Destroyed 0 sockets, proto=IPPROTO_TCP, family=AF_INET, states=14
03-12 18:05:11.042  3101  4276 D InetDiagMessage: Destroyed 0 sockets, proto=IPPROTO_TCP, family=AF_INET6, states=14
03-12 18:05:11.042  3101  4276 D InetDiagMessage: Destroyed live tcp sockets for uids={5004} in 9ms
03-12 18:05:11.059 21233 21281 I NearbyPresence: (REDACTED) %s verified [==] new request %s equals to the old request
03-12 18:05:11.069 22407  2121 I NearbyPresence: (REDACTED) %s verified [==] new request %s equals to the old request
03-12 18:05:11.075 22407  1800 I CastService: [instance-28] [com.google.android.gms] Disconnecting
03-12 18:05:11.075 22407  1800 I CastService: [instance-28] [com.google.android.gms] Disposing ConnectedClient; controller = CSC.
03-12 18:05:11.077  1063  1063 D io_stats: !@   8,0 r 60332742 958772116 w 9518788 157030228 d 1248530 355916820 f 144590 852792 iot 3251856 0 th 0 0 0 pt 0 inp 0 0 156446.770
03-12 18:05:11.078  1063  1063 D io_stats: !@ Read_top(KB): system_server:normal(3101) 196 clabs.pokemongo:low(7513) 104 .gms.persistent:high(22407) 4
03-12 18:05:11.078  1063  1063 D io_stats: !@ Write_top(KB): kworker/u17:2:/(524) 6232 soft.appmanager:low(27760) 16 kworker/3:3:/(22385) 8
03-12 18:05:11.361  2094  2273 I sensors-hal: handle_sns_client_event:323, [0][533] mag_sample_cal(magcal_available:1): ts=278022034208411 ns; cal = [-11.889174, 16.696465, -40.261669], uncal = [-24.669174, 65.476463, 22.078331], bias = [-12.780000, 48.779999, 62.340000], status=3, cal_id=2
03-12 18:05:11.505  2094  2276 I sensors-hal: handle_sns_client_event:435, [0][378] gyro_sample_cal(cal_available:1)(3) [ 0.001, 0.002, 0.000] bias[-0.005,-0.006,-0.001] 278022096356276
03-12 18:05:11.534  1163  1767 I keystore2: system/security/keystore2/watchdog/src/lib.rs:377 - Watchdog thread idle -> terminating. Have a great day.
03-12 18:05:11.565  2213  2307 E HeatmapThread: ECT Thread time in milliseconds: 1773338711
03-12 18:05:11.569  2213  2307 D HeatmapThread: !@ batteryplugType : 0
03-12 18:05:11.569  2213  2307 D HeatmapThread: !@ batteryLevel : 25  batteryTemperature : 331 
03-12 18:05:11.569  2213  2307 D HeatmapThread: !@ Heatmap currtime: 29555645
03-12 18:05:11.569  2213  2307 D HeatmapThread: !@ Heatmap prevtime: 29555636
03-12 18:05:11.569  2213  2307 D HeatmapThread: !@ Heatmap plugstarttime: 35791394
03-12 18:05:11.569  2213  2307 D HeatmapThread: !@ Heatmap prevv_dsoh_update_time: 29554952
03-12 18:05:11.569  2213  2307 E HeatmapThread: !@ CAM New BSOH: 100
03-12 18:05:11.816  3101  3428 D MARsPolicyManager: triggerAction called!
03-12 18:05:11.816  3101  3428 I NSLocationMonitor: getGPSUsingApps() called
03-12 18:05:11.816  5643  6950 I NSLocationManager_FLP: getGPSUsingApps, No change
03-12 18:05:11.817  3101  3428 W Binder  : Outgoing transactions from this process must be FLAG_ONEWAY
03-12 18:05:11.817  3101  3428 W Binder  : java.lang.Throwable
03-12 18:05:11.817  3101  3428 W Binder  : 	at android.os.BinderProxy.transact(BinderProxy.java:566)
03-12 18:05:11.817  3101  3428 W Binder  : 	at android.bluetooth.IBluetoothGatt$Stub$Proxy.getAdvertisingSetUids(IBluetoothGatt.java:1678)
03-12 18:05:11.817  3101  3428 W Binder  : 	at android.bluetooth.BluetoothAdapter.getAdvertisingSetUids(BluetoothAdapter.java:8476)
03-12 18:05:11.817  3101  3428 W Binder  : 	at android.bluetooth.BluetoothAdapter.getHWUsingApps(BluetoothAdapter.java:1342)
03-12 18:05:11.817  3101  3428 W Binder  : 	at com.android.server.am.mars.filter.filter.BlueToothConnectedFilter.updateBTUsingPackages(qb/106573977 970c3892a8eaa74829cf94d5fbec3ef3055ad47bee2a6f3fdc4bdb739f76e0cd:22)
03-12 18:05:11.817  3101  3428 W Binder  : 	at com.android.server.am.MARsPolicyManager.triggerAction(qb/106573977 970c3892a8eaa74829cf94d5fbec3ef3055ad47bee2a6f3fdc4bdb739f76e0cd:96)
03-12 18:05:11.817  3101  3428 W Binder  : 	at com.android.server.am.MARsHandler$MainHandler.handleMessage(qb/106573977 970c3892a8eaa74829cf94d5fbec3ef3055ad47bee2a6f3fdc4bdb739f76e0cd:1830)
03-12 18:05:11.817  3101  3428 W Binder  : 	at android.os.Handler.dispatchMessage(Handler.java:110)
03-12 18:05:11.817  3101  3428 W Binder  : 	at android.os.Looper.loopOnce(Looper.java:273)
03-12 18:05:11.817  3101  3428 W Binder  : 	at android.os.Looper.loop(Looper.java:363)
03-12 18:05:11.817  3101  3428 W Binder  : 	at com.android.server.am.MARsHandler$MainThread.run(qb/106573977 970c3892a8eaa74829cf94d5fbec3ef3055ad47bee2a6f3fdc4bdb739f76e0cd:27)
03-12 18:05:12.565  2213  2307 E HeatmapThread: ECT Thread time in milliseconds: 1773338712
03-12 18:05:12.568  2213  2307 D HeatmapThread: !@ batteryplugType : 0
03-12 18:05:12.569  2213  2307 D HeatmapThread: !@ batteryLevel : 25  batteryTemperature : 331 
03-12 18:05:12.569  2213  2307 D HeatmapThread: !@ Heatmap currtime: 29555645
03-12 18:05:12.569  2213  2307 D HeatmapThread: !@ Heatmap prevtime: 29555636
03-12 18:05:12.569  2213  2307 D HeatmapThread: !@ Heatmap plugstarttime: 35791394
03-12 18:05:12.569  2213  2307 D HeatmapThread: !@ Heatmap prevv_dsoh_update_time: 29554952
03-12 18:05:12.569  2213  2307 E HeatmapThread: !@ CAM New BSOH: 100
03-12 18:05:12.814 22267 22267 D BoundBrokerSvc: onUnbind: Intent { act=com.google.android.gms.measurement.START xflg=0x4 pkg=com.google.android.gms }
03-12 18:05:12.957  2094  1883 I sensors-hal: handle_sns_client_event:379, [0][1046] accel_sample [ 1.733, -0.599,  9.591] 278023621012214
03-12 18:05:13.044  3101  3393 I ActivityManager: Changes in 10155 5 to 15, 144 to 0
03-12 18:05:13.071  4621  4816 I EPDG -- SIM1 [SMARTWIFI]: isProfiling, hash=48280387, started=true
03-12 18:05:13.071  4621  4816 I EPDG -- SIM1 [SMARTWIFI]: isProfiling, hash=48280387, started=true
03-12 18:05:13.071  4621  4816 I EPDG -- SIM1 [SMARTWIFI]: Rssi : -53 highrange : -75 lowrange : -85 mIsRssiInHystersis : false
03-12 18:05:13.071  4621  4816 I EPDG -- SIM1 [SMARTWIFI]: getHandoverThresholdMet: value is: false
03-12 18:05:13.078  1063  1063 D io_stats: !@   8,0 r 60332743 958772120 w 9518800 157031216 d 1248530 355916820 f 144590 852792 iot 3251860 0 th 0 0 0 pt 0 inp 0 0 156448.771
03-12 18:05:13.342  2094  2273 I sensors-hal: handle_sns_client_event:323, [0][566] mag_sample_cal(magcal_available:1): ts=278024014208411 ns; cal = [-11.218301, 16.728935, -39.249550], uncal = [-23.998301, 65.508934, 23.090448], bias = [-12.780000, 48.779999, 62.340000], status=3, cal_id=2
03-12 18:05:13.565  2213  2307 E HeatmapThread: ECT Thread time in milliseconds: 1773338713
03-12 18:05:13.568  2213  2307 D HeatmapThread: !@ batteryplugType : 0
03-12 18:05:13.568  2213  2307 D HeatmapThread: !@ batteryLevel : 25  batteryTemperature : 331 
03-12 18:05:13.568  2213  2307 D HeatmapThread: !@ Heatmap currtime: 29555645
03-12 18:05:13.568  2213  2307 D HeatmapThread: !@ Heatmap prevtime: 29555636
03-12 18:05:13.568  2213  2307 D HeatmapThread: !@ Heatmap plugstarttime: 35791394
03-12 18:05:13.568  2213  2307 D HeatmapThread: !@ Heatmap prevv_dsoh_update_time: 29554952
03-12 18:05:13.568  2213  2307 E HeatmapThread: !@ CAM New BSOH: 100
03-12 18:05:13.593  2094  2276 I sensors-hal: handle_sns_client_event:435, [0][388] gyro_sample_cal(cal_available:1)(3) [ 0.000, 0.001, 0.000] bias[-0.005,-0.006,-0.001] 278024184305755
03-12 18:05:14.070 30006 30006 I GWT:SessionWorker: [daemonapp] Clear appWidget-72-worker resource
03-12 18:05:14.070 30006 30006 I GWT:SessionWorker: [daemonapp] SessionWorker appWidget-72 end
03-12 18:05:14.070 30006 30006 I GWT:SessionWorker: [daemonapp] closeSession appWidget-72
03-12 18:05:14.070 30006 30006 I GWT:GlanceSession: [daemonapp] close: this=AppWidgetSession{c710f23 id=72 widget=com.sec.android.daemonapp.home.HomeAppWidget }
