03-28 15:27:45.411 13879 14722 D OCRProcessor: Candy -> null
03-28 15:27:45.411 13879 14722 D OCRProcessor: Name raw='Ditto'
03-28 15:27:45.411 13879 14722 D OCRProcessor: NameHC raw=''
03-28 15:27:45.411 13879 14722 D OCRProcessor: DisplayName -> Ditto
03-28 15:27:45.411 13879 14722 D OCRProcessor: Badge raw='2'
03-28 15:27:45.411 13879 14722 D OCRProcessor: BadgeWM raw='2'
03-28 15:27:45.411 13879 14722 D OCRProcessor: BadgeHC raw='.'
03-28 15:27:45.411 13879 14722 D OCRProcessor: BadgeBinary raw=''
03-28 15:27:45.411 13879 14722 D OCRProcessor: BadgeDirect raw=''
03-28 15:27:45.411 13879 14722 D OCRProcessor: Bottom raw='Transcfz: RNDS _ Ma'
03-28 15:27:45.411 13879 14722 D OCRProcessor: Date -> null
03-28 15:27:45.411 13879 14722 D OCRProcessor: RealName -> Ditto
03-28 15:27:45.411 13879 14722 D OCRProcessor: NameRaw -> Ditto
03-28 15:27:45.411 13879 14722 D OCRProcessor: NameFallback -> 
03-28 15:27:46.786 13879 14722 D ScanManager: Variant classifier(global): species=Ditto, sprite=132_00, type=base, shiny=false, costume=false, score=0.55160254, confidence=0.6679197, top=[Ditto:0.552]
03-28 15:27:46.786 13879 14722 D ScanManager: Variant classifier(species): species=Ditto, sprite=132_00, type=base, shiny=false, costume=false, score=0.55160254, confidence=0.61387825, top=[132_00:0.552, 132_00_shiny:0.673]
03-28 15:27:46.786 13879 14722 D VisualFeatureDetector: Detecting features for pokemon: Ditto (SizeTag: null)
03-28 15:27:47.473 13879 14722 D VisualFeatureDetector: Shiny Analysis for Ditto: DistToNormal=154.0908822740658, DistToShiny=120.53215338655491
03-28 15:27:47.473 13879 14722 D VisualFeatureDetector: Shiny Analysis for Ditto: DistToNormal=154.0908822740658, DistToShiny=120.53215338655491
03-28 15:27:47.473 13879 14722 D VisualFeatureDetector: Shiny Hist Analysis for Ditto: normalMass=0.055197477, shinyMass=0.07527025, refGap=75.0
03-28 15:27:47.505 13879 14722 D VisualFeatureDetector: Lucky Analysis: cardGreen=0.09736842, cardGold=0.0, focusStrict=0.0, focusSoft=0.0057471264, supportAvg=0.0048890063, supportMax=0.019556025, upperCornerAvg=0.027777778, upperCornerMax=0.055555556
03-28 15:27:47.507 13879 14722 D VisualFeatureDetector: Results: shiny=false(0.0), shadow=false(0.0), lucky=false(0.0), costume=false(0.0), locationCard=false(0.0), avgConfidence=1.0
03-28 15:27:47.508 13879 14722 D RarityCalculator: Deep Validation for Ditto (HP:43, Arc:1.0, Stardust:null, OCR_CP:2511, AllOCR:[], reliableHp=true)
03-28 15:27:47.525 13879 14722 D RarityCalculator: Mathematical CP Estimate: 120 (Candidates: 2048, NearArc: 0)
03-28 15:27:47.525 13879 14722 I ScanManager: CP OCR was likely wrong (2511), fixing to: 120
03-28 15:27:47.529 13879 14722 D RarityCalculator: Rules-based rarity for Ditto: shiny=false, shadow=false, lucky=false, costume=true, form=false, locationCard=false
03-28 15:27:47.532 13879 14722 D ScanManager: processScanSequence: overlay dispatched in 5461ms
03-28 15:27:53.161  5306  6516 W ScanManager: Moving filtered scan client to downgraded scan (scannerId 7)
03-28 15:27:58.726  5306  6516 I ScanManager: handleScreenOff()
03-28 15:27:58.740  5306  6516 W ScanManager: There is no scan radio to stop
03-28 15:27:58.768  5306  6516 E ScanManager: [GSIM LOG]: gsimLogHandler, msg: MESSAGE_SCAN_STOP, appName: com.google.android.gms, scannerId: 3, reportDelayMillis=0
03-28 15:27:58.782  5306  6516 E ScanManager: [GSIM LOG]: gsimLogHandler, msg: MESSAGE_SCAN_STOP, appName: com.google.android.gms, scannerId: 4, reportDelayMillis=0
03-28 15:27:58.796  5306  6516 E ScanManager: [GSIM LOG]: gsimLogHandler, msg: MESSAGE_SCAN_STOP, appName: com.google.android.gms, scannerId: 8, reportDelayMillis=0
03-28 15:27:58.990  5306  6516 E ScanManager: [GSIM LOG]: gsimLogHandler, msg: MESSAGE_SCAN_STOP, appName: android, scannerId: 10, reportDelayMillis=0
03-28 15:27:58.993  5306  6516 E ScanManager: [GSIM LOG]: gsimLogHandler, msg: MESSAGE_SCAN_STOP, appName: com.samsung.android.mcfserver, scannerId: 5, reportDelayMillis=0
03-28 15:27:58.994  5306  6516 E ScanManager: [GSIM LOG]: gsimLogHandler, msg: MESSAGE_SCAN_STOP, appName: com.samsung.android.mcfserver, scannerId: 9, reportDelayMillis=0
03-28 15:27:58.994  5306  6516 E ScanManager: [GSIM LOG]: gsimLogHandler, msg: MESSAGE_SCAN_STOP, appName: com.samsung.android.mcfds, scannerId: 6, reportDelayMillis=0
03-28 15:27:58.995  5306  6516 E ScanManager: [GSIM LOG]: gsimLogHandler, msg: MESSAGE_SCAN_STOP, appName: com.samsung.android.mcfds, scannerId: 2, reportDelayMillis=0
03-28 15:27:58.998  5306  6516 E ScanManager: [GSIM LOG]: gsimLogHandler, msg: MESSAGE_SCAN_STOP, appName: com.samsung.android.mdx.kit, scannerId: 7, reportDelayMillis=0
03-28 15:27:58.999  5306  6516 E ScanManager: [GSIM LOG]: gsimLogHandler, msg: MESSAGE_SCAN_STOP, appName: com.samsung.android.beaconmanager, scannerId: 1, reportDelayMillis=0
03-28 15:27:59.099  5306  6516 E ScanManager: [GSIM LOG]: gsimLogHandler, msg: MESSAGE_SCAN_START, appName: com.samsung.android.mdx.kit, scannerId: 1, reportDelayMillis=0
03-28 15:27:59.101  5306  6516 W ScanManager: There is no scan radio to stop
03-28 15:27:59.497  5306  6516 E ScanManager: [GSIM LOG]: gsimLogHandler, msg: MESSAGE_SCAN_START, appName: android, scannerId: 2, reportDelayMillis=0
03-28 15:34:00.038  5306  6516 E ScanManager: [GSIM LOG]: gsimLogHandler, msg: MESSAGE_SCAN_START, appName: com.google.android.gms, scannerId: 3, reportDelayMillis=1200000
03-28 15:39:18.895  5306  6516 I ScanManager: handleScreenOn()
03-28 15:39:18.927  5306  6516 E ScanManager: [GSIM LOG]: gsimLogHandler, msg: MESSAGE_SCAN_STOP, appName: com.google.android.gms, scannerId: 3, reportDelayMillis=1200000
03-28 15:39:18.934  5306  6516 E ScanManager: [GSIM LOG]: gsimLogHandler, msg: MESSAGE_SCAN_START, appName: com.google.android.gms, scannerId: 3, reportDelayMillis=1200000
03-28 15:39:18.936  5306  6516 W ScanManager: There is no scan radio to stop
03-28 15:39:18.943  5306  6516 E ScanManager: [GSIM LOG]: gsimLogHandler, msg: MESSAGE_SCAN_STOP, appName: android, scannerId: 2, reportDelayMillis=0
03-28 15:39:18.950  5306  6516 E ScanManager: [GSIM LOG]: gsimLogHandler, msg: MESSAGE_SCAN_START, appName: com.samsung.android.mcfds, scannerId: 4, reportDelayMillis=0
03-28 15:39:18.964  5306  6516 E ScanManager: [GSIM LOG]: gsimLogHandler, msg: MESSAGE_SCAN_STOP, appName: com.samsung.android.mdx.kit, scannerId: 1, reportDelayMillis=0
03-28 15:39:18.967  5306  6516 E ScanManager: [GSIM LOG]: gsimLogHandler, msg: MESSAGE_SCAN_START, appName: com.samsung.android.beaconmanager, scannerId: 5, reportDelayMillis=0
03-28 15:39:18.978  5306  6516 E ScanManager: [GSIM LOG]: gsimLogHandler, msg: MESSAGE_SCAN_START, appName: com.google.android.gms, scannerId: 1, reportDelayMillis=0
03-28 15:39:18.990  5306  6516 E ScanManager: [GSIM LOG]: gsimLogHandler, msg: MESSAGE_SCAN_START, appName: com.samsung.android.mcfserver, scannerId: 2, reportDelayMillis=0
03-28 15:39:18.994  5306  6516 E ScanManager: [GSIM LOG]: gsimLogHandler, msg: MESSAGE_SCAN_START, appName: com.samsung.android.mcfds, scannerId: 6, reportDelayMillis=0
03-28 15:39:19.019  5306  6516 E ScanManager: [GSIM LOG]: gsimLogHandler, msg: MESSAGE_SCAN_START, appName: com.samsung.android.mdx.kit, scannerId: 7, reportDelayMillis=0
03-28 15:39:19.077  5306  6516 E ScanManager: [GSIM LOG]: gsimLogHandler, msg: MESSAGE_SCAN_START, appName: com.samsung.android.mcfserver, scannerId: 8, reportDelayMillis=0
03-28 15:39:19.430  5306  6516 E ScanManager: [GSIM LOG]: gsimLogHandler, msg: MESSAGE_SCAN_START, appName: android, scannerId: 9, reportDelayMillis=0
03-28 15:39:20.962  5306  6516 E ScanManager: [GSIM LOG]: gsimLogHandler, msg: MESSAGE_SCAN_STOP, appName: com.google.android.gms, scannerId: 3, reportDelayMillis=1200000
03-28 15:39:25.013  5306  6516 E ScanManager: [GSIM LOG]: gsimLogHandler, msg: MESSAGE_SCAN_STOP, appName: com.google.android.gms, scannerId: 1, reportDelayMillis=0
03-28 15:39:25.017  5306  6516 E ScanManager: [GSIM LOG]: gsimLogHandler, msg: MESSAGE_SCAN_START, appName: com.google.android.gms, scannerId: 1, reportDelayMillis=0
03-28 15:40:16.388  5306  6516 I ScanManager: handleScreenOff()
03-28 15:40:16.389  5306  6516 W ScanManager: There is no scan radio to stop
03-28 15:40:16.394  5306  6516 E ScanManager: [GSIM LOG]: gsimLogHandler, msg: MESSAGE_SCAN_STOP, appName: com.google.android.gms, scannerId: 1, reportDelayMillis=0
03-28 15:40:16.585  5306  6516 E ScanManager: [GSIM LOG]: gsimLogHandler, msg: MESSAGE_SCAN_STOP, appName: android, scannerId: 9, reportDelayMillis=0
03-28 15:40:16.602  5306  6516 E ScanManager: [GSIM LOG]: gsimLogHandler, msg: MESSAGE_SCAN_STOP, appName: com.samsung.android.mcfserver, scannerId: 2, reportDelayMillis=0
03-28 15:40:16.607  5306  6516 E ScanManager: [GSIM LOG]: gsimLogHandler, msg: MESSAGE_SCAN_STOP, appName: com.samsung.android.mdx.kit, scannerId: 7, reportDelayMillis=0
03-28 15:40:16.608  5306  6516 E ScanManager: [GSIM LOG]: gsimLogHandler, msg: MESSAGE_SCAN_STOP, appName: com.samsung.android.mcfds, scannerId: 6, reportDelayMillis=0
03-28 15:40:16.609  5306  6516 E ScanManager: [GSIM LOG]: gsimLogHandler, msg: MESSAGE_SCAN_STOP, appName: com.samsung.android.mcfserver, scannerId: 8, reportDelayMillis=0
03-28 15:40:16.611  5306  6516 E ScanManager: [GSIM LOG]: gsimLogHandler, msg: MESSAGE_SCAN_STOP, appName: com.samsung.android.beaconmanager, scannerId: 5, reportDelayMillis=0
03-28 15:40:16.612  5306  6516 E ScanManager: [GSIM LOG]: gsimLogHandler, msg: MESSAGE_SCAN_STOP, appName: com.samsung.android.mcfds, scannerId: 4, reportDelayMillis=0
03-28 15:40:16.704  5306  6516 E ScanManager: [GSIM LOG]: gsimLogHandler, msg: MESSAGE_SCAN_START, appName: com.samsung.android.mdx.kit, scannerId: 1, reportDelayMillis=0
03-28 15:40:16.704  5306  6516 W ScanManager: There is no scan radio to stop
03-28 15:40:17.098  5306  6516 E ScanManager: [GSIM LOG]: gsimLogHandler, msg: MESSAGE_SCAN_START, appName: android, scannerId: 2, reportDelayMillis=0
03-28 15:46:21.327  5306  6516 E ScanManager: [GSIM LOG]: gsimLogHandler, msg: MESSAGE_SCAN_START, appName: com.google.android.gms, scannerId: 3, reportDelayMillis=1200000
03-28 15:49:59.460 17479 17479 D ScanManager: ScanManager started, receiver registered for com.pokerarity.scanner.SCREENSHOT_READY
03-28 15:49:59.665 17479 17517 D OCRProcessor: Tesseract OK
03-28 15:51:11.098 17825 17825 D ScanManager: ScanManager started, receiver registered for com.pokerarity.scanner.SCREENSHOT_READY
03-28 15:51:11.238 17825 17857 D OCRProcessor: Tesseract OK
03-28 15:51:11.381 17825 17857 D OCRProcessor: [CP] 'CP543'
03-28 15:51:11.436 17825 17857 D OCRProcessor: [HP] '1176/ 116 HP'
03-28 15:51:11.446 17825 17857 D OCRProcessor: [HP_WM] '1176 / 116 HP'
03-28 15:51:11.522 17825 17857 D OCRProcessor: [HPClean] 'll  l ns HP'
03-28 15:51:11.586 17825 17857 D OCRProcessor: [HPBlock] 'HP l ns HP'
03-28 15:51:11.621 17825 17857 D OCRProcessor: [LuckyLabel] 'SIOWWPGN'
03-28 15:51:11.660 17825 17857 D OCRProcessor: [LuckyLabelClean] 'SIowpokelO'
03-28 15:51:11.676 17825 17857 D OCRProcessor: [Name] 'SIownokelOO'
03-28 15:51:11.740 17825 17857 D OCRProcessor: [Candy] 'WJJ rt Jylz'
03-28 15:51:11.838 17825 17857 D OCRProcessor: [CandyClean] 'thJ i'
03-28 15:51:11.935 17825 17857 D OCRProcessor: [CandyBlock] 'wad g JJlA
03-28 15:51:11.935 17825 17857 D OCRProcessor: IUST SLOWPOKE CANDY'
03-28 15:51:11.967 17825 17857 D TextParser: CandyName 'G JJLA
03-28 15:51:11.967 17825 17857 D TextParser: IUST SLOWPOKE' -> 'Slowpoke'
03-28 15:51:12.008 17825 17857 D OCRProcessor: [BadgeDynamic] ''
03-28 15:51:12.008 17825 17857 D OCRProcessor: [BadgeDynamicHC] ''
03-28 15:51:12.025 17825 17857 D OCRProcessor: [BadgeFixedWM] '33211'
03-28 15:51:12.097 17825 17857 D OCRProcessor: [Bottom] 'fa i 1900 SA'
03-28 15:51:12.118 17825 17857 D OCRProcessor: [Weight] '52.64kg'
03-28 15:51:12.125 17825 17857 D OCRProcessor: [Height] '" 1.35m'
03-28 15:51:12.206 17825 17857 D TextParser: parseDate '' -> null
03-28 15:51:12.206 17825 17857 D TextParser: parseDate '33211' -> null
03-28 15:51:12.206 17825 17857 D TextParser: parseDate '' -> null
03-28 15:51:12.228 17825 17857 D OCRProcessor: [BadgeBinary] '1 2021
03-28 15:51:12.228 17825 17857 D OCRProcessor: 21/11'
03-28 15:51:12.232 17825 17857 D TextParser: parseDate '1 2021
03-28 15:51:12.232 17825 17857 D TextParser: 21/11' -> Sun Nov 21 00:00:00 GMT 2021
03-28 15:51:12.235 17825 17857 D OCRProcessor: === OCR 952 ms ===
03-28 15:51:12.235 17825 17857 D OCRProcessor: CP raw='CP543' -> 543
03-28 15:51:12.235 17825 17857 D OCRProcessor: HP raw='1176/ 116 HP' -> (116, 116)
03-28 15:51:12.235 17825 17857 D OCRProcessor: HPWM raw='1176 / 116 HP'
03-28 15:51:12.235 17825 17857 D OCRProcessor: HPClean raw='ll  l ns HP'
03-28 15:51:12.235 17825 17857 D OCRProcessor: HPBlock raw='HP l ns HP'
03-28 15:51:12.235 17825 17857 D OCRProcessor: LuckyLabel raw='SIOWWPGN'
03-28 15:51:12.235 17825 17857 D OCRProcessor: LuckyLabelClean raw='SIowpokelO'
03-28 15:51:12.235 17825 17857 D OCRProcessor: LuckyDetected -> false
03-28 15:51:12.235 17825 17857 D OCRProcessor: Candy raw='WJJ rt Jylz'
03-28 15:51:12.235 17825 17857 D OCRProcessor: CandyClean raw='thJ i'
03-28 15:51:12.235 17825 17857 D OCRProcessor: CandyBlock raw='wad g JJlA
03-28 15:51:12.235 17825 17857 D OCRProcessor: IUST SLOWPOKE CANDY'
03-28 15:51:12.235 17825 17857 D OCRProcessor: CandyWide raw=''
03-28 15:51:12.235 17825 17857 D OCRProcessor: CandyWideClean raw=''
03-28 15:51:12.235 17825 17857 D OCRProcessor: Candy -> Slowpoke
03-28 15:51:12.235 17825 17857 D OCRProcessor: Name raw='SIownokelOO'
03-28 15:51:12.235 17825 17857 D OCRProcessor: NameHC raw=''
03-28 15:51:12.235 17825 17857 D OCRProcessor: DisplayName -> Slowpoke
03-28 15:51:12.235 17825 17857 D OCRProcessor: Badge raw=''
03-28 15:51:12.235 17825 17857 D OCRProcessor: BadgeWM raw='33211'
03-28 15:51:12.235 17825 17857 D OCRProcessor: BadgeHC raw=''
03-28 15:51:12.235 17825 17857 D OCRProcessor: BadgeBinary raw='1 2021
03-28 15:51:12.235 17825 17857 D OCRProcessor: 21/11'
03-28 15:51:12.235 17825 17857 D OCRProcessor: BadgeDirect raw=''
03-28 15:51:12.235 17825 17857 D OCRProcessor: Bottom raw='fa i 1900 SA'
03-28 15:51:12.235 17825 17857 D OCRProcessor: Date -> Sun Nov 21 00:00:00 GMT 2021
03-28 15:51:12.235 17825 17857 D OCRProcessor: RealName -> Slowpoke
03-28 15:51:12.235 17825 17857 D OCRProcessor: NameRaw -> SIownokelOO
03-28 15:51:12.235 17825 17857 D OCRProcessor: NameFallback -> 
03-28 15:51:13.619 17825 17856 D VisualFeatureDetector: Detecting features for pokemon: Slowpoke (SizeTag: null)
03-28 15:51:13.912 17825 17856 D VisualFeatureDetector: Loaded 711 pokemon color definitions
03-28 15:51:13.934 17825 17856 D VisualFeatureDetector: Costume Analysis for Slowpoke: HeadHue=186.0, BodyHue=184.0, RefHue=345.0, DistRef=159.0, DistBody=2.0, Dist=2.0, HeadSat=0.6690807, BodySat=0.025331529
03-28 15:51:14.023 17825 17856 D VisualFeatureDetector: Alternate shiny signature accepted for Slowpoke: primary=0.0, chosen=0.06693294
03-28 15:51:14.023 17825 17856 D VisualFeatureDetector: Shiny Analysis for Slowpoke: DistToNormal=155.12575543732254, DistToShiny=176.72577627499618
03-28 15:51:14.023 17825 17856 D VisualFeatureDetector: Shiny Analysis for Slowpoke: DistToNormal=155.12575543732254, DistToShiny=176.72577627499618
03-28 15:51:14.023 17825 17856 D VisualFeatureDetector: Signature-only shiny rejected for Slowpoke: signature=0.06693294, supports=0, strongestSupport=0.0, consensus=2, primaryMatched=false, costume=false/0.0
03-28 15:51:14.041 17825 17856 D VisualFeatureDetector: Lucky Analysis: cardGreen=0.09736842, cardGold=0.0, focusStrict=0.0, focusSoft=0.0, supportAvg=0.0, supportMax=0.0, upperCornerAvg=0.0, upperCornerMax=0.0
03-28 15:51:14.043 17825 17856 D VisualFeatureDetector: Results: shiny=false(0.0), shadow=false(0.0), lucky=false(0.0), costume=false(0.0), locationCard=false(0.0), avgConfidence=1.0
03-28 15:51:14.043 17825 17856 D RarityCalculator: Deep Validation for Slowpoke (HP:116, Arc:1.0, Stardust:null, OCR_CP:543, AllOCR:[543], reliableHp=true)
03-28 15:51:14.049 17825 17856 D RarityCalculator: Current CP 543 is valid.
03-28 15:51:14.063 17825 17856 D RarityCalculator: Rules-based rarity for Slowpoke: shiny=true, shadow=false, lucky=false, costume=false, form=false, locationCard=false
03-28 15:51:14.158 17825 17857 D OCRProcessor: [CP] 'CP685'
03-28 15:51:14.211 17825 17857 D OCRProcessor: [HP] '1307/ 130 HP'
03-28 15:51:14.222 17825 17857 D OCRProcessor: [HP_WM] '1307/ 130 HP'
03-28 15:51:14.294 17825 17857 D OCRProcessor: [HPClean] 'lQOPl lSO HP'
03-28 15:51:14.365 17825 17857 D OCRProcessor: [HPBlock] 'lQO l lSO HP'
03-28 15:51:14.392 17825 17857 D OCRProcessor: [LuckyLabel] 'SIOWIJOIQST'
03-28 15:51:14.430 17825 17857 D OCRProcessor: [LuckyLabelClean] 'SIowpokeBZ'
03-28 15:51:14.445 17825 17857 D OCRProcessor: [Name] 'SIownokeBP'
03-28 15:51:14.490 17825 17857 D OCRProcessor: [Candy] 'LVJJ rt Jylz'
03-28 15:51:14.588 17825 17857 D OCRProcessor: [CandyClean] 'thJ i'
03-28 15:51:14.685 17825 17857 D OCRProcessor: [CandyBlock] 'wad g JJlA
03-28 15:51:14.685 17825 17857 D OCRProcessor: IUST SLOWPOKE CANDY'
03-28 15:51:14.717 17825 17857 D TextParser: CandyName 'G JJLA
03-28 15:51:14.717 17825 17857 D TextParser: IUST SLOWPOKE' -> 'Slowpoke'
03-28 15:51:14.739 17825 17857 D OCRProcessor: [BadgeDynamic] ''
03-28 15:51:14.739 17825 17857 D OCRProcessor: [BadgeDynamicHC] ''
03-28 15:51:14.760 17825 17857 D OCRProcessor: [BadgeFixedWM] '1 53311'
03-28 15:51:15.224 17825 17857 D OCRProcessor: [Bottom] '.. m 55'
03-28 15:51:15.244 17825 17857 D OCRProcessor: [Weight] '33.67kg'
03-28 15:51:15.253 17825 17857 D OCRProcessor: [Height] '" 1.17m'
03-28 15:51:15.321 17825 17857 D TextParser: parseDate '' -> null
03-28 15:51:15.321 17825 17857 D TextParser: parseDate '1 53311' -> null
03-28 15:51:15.321 17825 17857 D TextParser: parseDate '' -> null
03-28 15:51:15.346 17825 17857 D OCRProcessor: [BadgeBinary] '1 2021
03-28 15:51:15.346 17825 17857 D OCRProcessor: 09/01'
03-28 15:51:15.347 17825 17857 D TextParser: parseDate '1 2021
03-28 15:51:15.347 17825 17857 D TextParser: 09/01' -> Wed Sep 01 00:00:00 GMT+01:00 2021
03-28 15:51:15.348 17825 17857 D OCRProcessor: === OCR 1249 ms ===
03-28 15:51:15.348 17825 17857 D OCRProcessor: CP raw='CP685' -> 685
03-28 15:51:15.348 17825 17857 D OCRProcessor: HP raw='1307/ 130 HP' -> (130, 130)
03-28 15:51:15.348 17825 17857 D OCRProcessor: HPWM raw='1307/ 130 HP'
03-28 15:51:15.348 17825 17857 D OCRProcessor: HPClean raw='lQOPl lSO HP'
03-28 15:51:15.348 17825 17857 D OCRProcessor: HPBlock raw='lQO l lSO HP'
03-28 15:51:15.348 17825 17857 D OCRProcessor: LuckyLabel raw='SIOWIJOIQST'
03-28 15:51:15.348 17825 17857 D OCRProcessor: LuckyLabelClean raw='SIowpokeBZ'
03-28 15:51:15.348 17825 17857 D OCRProcessor: LuckyDetected -> false
03-28 15:51:15.348 17825 17857 D OCRProcessor: Candy raw='LVJJ rt Jylz'
03-28 15:51:15.348 17825 17857 D OCRProcessor: CandyClean raw='thJ i'
03-28 15:51:15.348 17825 17857 D OCRProcessor: CandyBlock raw='wad g JJlA
03-28 15:51:15.348 17825 17857 D OCRProcessor: IUST SLOWPOKE CANDY'
03-28 15:51:15.348 17825 17857 D OCRProcessor: CandyWide raw=''
03-28 15:51:15.348 17825 17857 D OCRProcessor: CandyWideClean raw=''
03-28 15:51:15.348 17825 17857 D OCRProcessor: Candy -> Slowpoke
03-28 15:51:15.348 17825 17857 D OCRProcessor: Name raw='SIownokeBP'
03-28 15:51:15.348 17825 17857 D OCRProcessor: NameHC raw=''
03-28 15:51:15.348 17825 17857 D OCRProcessor: DisplayName -> Slowpoke
03-28 15:51:15.348 17825 17857 D OCRProcessor: Badge raw=''
03-28 15:51:15.348 17825 17857 D OCRProcessor: BadgeWM raw='1 53311'
03-28 15:51:15.348 17825 17857 D OCRProcessor: BadgeHC raw=''
03-28 15:51:15.348 17825 17857 D OCRProcessor: BadgeBinary raw='1 2021
03-28 15:51:15.348 17825 17857 D OCRProcessor: 09/01'
03-28 15:51:15.348 17825 17857 D OCRProcessor: BadgeDirect raw=''
03-28 15:51:15.348 17825 17857 D OCRProcessor: Bottom raw='.. m 55'
03-28 15:51:15.348 17825 17857 D OCRProcessor: Date -> Wed Sep 01 00:00:00 GMT+01:00 2021
03-28 15:51:15.348 17825 17857 D OCRProcessor: RealName -> Slowpoke
03-28 15:51:15.348 17825 17857 D OCRProcessor: NameRaw -> SIownokeBP
03-28 15:51:15.348 17825 17857 D OCRProcessor: NameFallback -> 
03-28 15:51:15.795 17825 17856 D VisualFeatureDetector: Detecting features for pokemon: Slowpoke (SizeTag: null)
03-28 15:51:16.052 17825 17856 D VisualFeatureDetector: Costume Analysis for Slowpoke: HeadHue=186.0, BodyHue=184.0, RefHue=345.0, DistRef=159.0, DistBody=2.0, Dist=2.0, HeadSat=0.6700533, BodySat=0.024561044
03-28 15:51:16.052 17825 17856 D VisualFeatureDetector: Alternate shiny signature accepted for Slowpoke: primary=0.0, chosen=0.12592731
03-28 15:51:16.052 17825 17856 D VisualFeatureDetector: Shiny Analysis for Slowpoke: DistToNormal=155.12575543732254, DistToShiny=176.72577627499618
03-28 15:51:16.052 17825 17856 D VisualFeatureDetector: Shiny Analysis for Slowpoke: DistToNormal=155.12575543732254, DistToShiny=176.72577627499618
03-28 15:51:16.052 17825 17856 D VisualFeatureDetector: Signature-only shiny rejected for Slowpoke: signature=0.12592731, supports=0, strongestSupport=0.0, consensus=2, primaryMatched=false, costume=false/0.0
03-28 15:51:16.066 17825 17856 D VisualFeatureDetector: Lucky Analysis: cardGreen=0.09736842, cardGold=0.0, focusStrict=0.0, focusSoft=0.0, supportAvg=1.321353E-4, supportMax=5.285412E-4, upperCornerAvg=0.0, upperCornerMax=0.0
03-28 15:51:16.068 17825 17856 D VisualFeatureDetector: Results: shiny=false(0.0), shadow=false(0.0), lucky=false(0.0), costume=false(0.0), locationCard=false(0.0), avgConfidence=1.0
03-28 15:51:16.068 17825 17856 D RarityCalculator: Deep Validation for Slowpoke (HP:130, Arc:1.0, Stardust:null, OCR_CP:685, AllOCR:[685], reliableHp=true)
03-28 15:51:16.075 17825 17856 D RarityCalculator: Current CP 685 is valid.
03-28 15:51:16.080 17825 17856 D RarityCalculator: Rules-based rarity for Slowpoke: shiny=true, shadow=false, lucky=false, costume=true, form=false, locationCard=false
03-28 15:51:16.178 17825 17857 D OCRProcessor: [CP] 'P CP269'
03-28 15:51:16.217 17825 17857 D OCRProcessor: [HP] '54/54HP'
03-28 15:51:16.223 17825 17857 D OCRProcessor: [HP_WM] '54/54 HP'
03-28 15:51:16.283 17825 17857 D OCRProcessor: [HPClean] 'S l Sci HP'
03-28 15:51:16.343 17825 17857 D OCRProcessor: [HPBlock] 'S l Sci HP'
03-28 15:51:16.373 17825 17857 D OCRProcessor: [LuckyLabel] 'PEKEICHU'
03-28 15:51:16.402 17825 17857 D OCRProcessor: [LuckyLabelClean] 'Pikachu'
03-28 15:51:16.410 17825 17857 D OCRProcessor: [Name] 'Pikachu'
03-28 15:51:16.422 17825 17857 D OCRProcessor: [Candy] ''
03-28 15:51:16.468 17825 17857 D OCRProcessor: [CandyClean] 'H V'
03-28 15:51:16.514 17825 17857 D OCRProcessor: [CandyBlock] 'H V'
03-28 15:51:16.538 17825 17857 D OCRProcessor: [CandyWide] 'JBQP a QBcSQ g PPS'
03-28 15:51:17.033 17825 17857 D OCRProcessor: [CandyWideClean] 'mss Ja Shaw is we'
03-28 15:51:17.071 17825 17857 D OCRProcessor: [BadgeFixed] '1 33213'
03-28 15:51:17.073 17825 17857 D OCRProcessor: [BadgeFixedHC] '1'
03-28 15:51:17.090 17825 17857 D OCRProcessor: [BadgeFixedWM] '1 33213'
03-28 15:51:17.230 17825 17857 D OCRProcessor: [Bottom] 'Thuniitszzli m a'
03-28 15:51:17.233 17825 17857 D OCRProcessor: [Weight] 'V'
03-28 15:51:17.235 17825 17857 D OCRProcessor: [Height] '7'
03-28 15:51:17.298 17825 17857 D TextParser: parseDate '1 33213' -> null
03-28 15:51:17.298 17825 17857 D TextParser: parseDate '1 33213' -> null
03-28 15:51:17.298 17825 17857 D TextParser: parseDate '1' -> null
03-28 15:51:17.325 17825 17857 D OCRProcessor: [BadgeBinary] '14. 2025 1
03-28 15:51:17.325 17825 17857 D OCRProcessor:   27/10'
03-28 15:51:17.325 17825 17857 D TextParser: parseDate '14. 2025 1
03-28 15:51:17.325 17825 17857 D TextParser:   27/10' -> Mon Oct 27 00:00:00 GMT 2025
03-28 15:51:17.327 17825 17857 D OCRProcessor: === OCR 1209 ms ===
03-28 15:51:17.327 17825 17857 D OCRProcessor: CP raw='P CP269' -> 269
03-28 15:51:17.327 17825 17857 D OCRProcessor: HP raw='54/54HP' -> (54, 54)
03-28 15:51:17.327 17825 17857 D OCRProcessor: HPWM raw='54/54 HP'
03-28 15:51:17.327 17825 17857 D OCRProcessor: HPClean raw='S l Sci HP'
03-28 15:51:17.327 17825 17857 D OCRProcessor: HPBlock raw='S l Sci HP'
03-28 15:51:17.327 17825 17857 D OCRProcessor: LuckyLabel raw='PEKEICHU'
03-28 15:51:17.327 17825 17857 D OCRProcessor: LuckyLabelClean raw='Pikachu'
03-28 15:51:17.327 17825 17857 D OCRProcessor: LuckyDetected -> false
03-28 15:51:17.327 17825 17857 D OCRProcessor: Candy raw=''
03-28 15:51:17.327 17825 17857 D OCRProcessor: CandyClean raw='H V'
03-28 15:51:17.327 17825 17857 D OCRProcessor: CandyBlock raw='H V'
03-28 15:51:17.327 17825 17857 D OCRProcessor: CandyWide raw='JBQP a QBcSQ g PPS'
03-28 15:51:17.327 17825 17857 D OCRProcessor: CandyWideClean raw='mss Ja Shaw is we'
03-28 15:51:17.327 17825 17857 D OCRProcessor: Candy -> null
03-28 15:51:17.327 17825 17857 D OCRProcessor: Name raw='Pikachu'
03-28 15:51:17.327 17825 17857 D OCRProcessor: NameHC raw=''
03-28 15:51:17.327 17825 17857 D OCRProcessor: DisplayName -> Pikachu
03-28 15:51:17.327 17825 17857 D OCRProcessor: Badge raw='1 33213'
03-28 15:51:17.327 17825 17857 D OCRProcessor: BadgeWM raw='1 33213'
03-28 15:51:17.327 17825 17857 D OCRProcessor: BadgeHC raw='1'
03-28 15:51:17.327 17825 17857 D OCRProcessor: BadgeBinary raw='14. 2025 1
03-28 15:51:17.327 17825 17857 D OCRProcessor:   27/10'
03-28 15:51:17.327 17825 17857 D OCRProcessor: BadgeDirect raw=''
03-28 15:51:17.327 17825 17857 D OCRProcessor: Bottom raw='Thuniitszzli m a'
03-28 15:51:17.327 17825 17857 D OCRProcessor: Date -> Mon Oct 27 00:00:00 GMT 2025
03-28 15:51:17.327 17825 17857 D OCRProcessor: RealName -> Pikachu
03-28 15:51:17.327 17825 17857 D OCRProcessor: NameRaw -> Pikachu
03-28 15:51:17.327 17825 17857 D OCRProcessor: NameFallback -> 
03-28 15:51:17.803 17825 17856 D VisualFeatureDetector: Detecting features for pokemon: Pikachu (SizeTag: null)
03-28 15:51:18.059 17825 17856 D VisualFeatureDetector: Costume Analysis for Pikachu: HeadHue=209.0, BodyHue=206.0, RefHue=54.11765, DistRef=154.88235, DistBody=3.0, Dist=3.0, HeadSat=0.71692044, BodySat=0.04889141
03-28 15:51:18.060 17825 17856 D VisualFeatureDetector: Alternate shiny signature accepted for Pikachu: primary=0.0, chosen=0.8045917
03-28 15:51:18.060 17825 17856 D VisualFeatureDetector: Shiny Analysis for Pikachu: DistToNormal=264.6148144001012, DistToShiny=250.76084223817722
03-28 15:51:18.060 17825 17856 D VisualFeatureDetector: Shiny Analysis for Pikachu: DistToNormal=264.6148144001012, DistToShiny=250.76084223817722
03-28 15:51:18.060 17825 17856 D VisualFeatureDetector: Signature-only shiny rejected for Pikachu: signature=0.8045917, supports=0, strongestSupport=0.0, consensus=2, primaryMatched=false, costume=false/0.0
03-28 15:51:18.070 17825 17856 D VisualFeatureDetector: Lucky Analysis: cardGreen=0.09736842, cardGold=0.0, focusStrict=0.03264368, focusSoft=0.05172414, supportAvg=0.003964059, supportMax=0.010570824, upperCornerAvg=0.0, upperCornerMax=0.0
03-28 15:51:18.072 17825 17856 D VisualFeatureDetector: Results: shiny=false(0.0), shadow=false(0.0), lucky=false(0.0), costume=false(0.0), locationCard=false(0.0), avgConfidence=1.0
03-28 15:51:18.072 17825 17856 D RarityCalculator: Deep Validation for Pikachu (HP:54, Arc:1.0, Stardust:null, OCR_CP:269, AllOCR:[269], reliableHp=true)
03-28 15:51:18.077 17825 17856 D RarityCalculator: Current CP 269 is valid.
03-28 15:51:18.090 17825 17856 D RarityCalculator: Rules-based rarity for Pikachu: shiny=false, shadow=false, lucky=false, costume=true, form=false, locationCard=false
03-28 15:51:18.181 17825 17857 D OCRProcessor: [CP] 'CP562'
03-28 15:51:18.221 17825 17857 D OCRProcessor: [HP] '72/72HP'
03-28 15:51:18.225 17825 17857 D OCRProcessor: [HP_WM] '72/72 HP'
03-28 15:51:18.284 17825 17857 D OCRProcessor: [HPClean] 'PZl PZ HP'
03-28 15:51:18.344 17825 17857 D OCRProcessor: [HPBlock] 'PZl PZ HP'
03-28 15:51:18.365 17825 17857 D OCRProcessor: [LuckyLabel] 'BLMGWGG'
03-28 15:51:18.396 17825 17857 D OCRProcessor: [LuckyLabelClean] 'Butterfree'
03-28 15:51:18.407 17825 17857 D OCRProcessor: [Name] 'Butterfree T'
03-28 15:51:18.431 17825 17857 D OCRProcessor: [Candy] 'A'
03-28 15:51:18.477 17825 17857 D OCRProcessor: [CandyClean] 'VA'
03-28 15:51:18.523 17825 17857 D OCRProcessor: [CandyBlock] 'VA'
03-28 15:51:18.594 17825 17857 D OCRProcessor: [CandyWide] 'wss Mmzo H sos'
03-28 15:51:18.735 17825 17857 D OCRProcessor: [CandyWideClean] 'ms g Mzo Q eos'
03-28 15:51:18.757 17825 17857 D OCRProcessor: [BadgeDynamic] ''
03-28 15:51:18.758 17825 17857 D OCRProcessor: [BadgeDynamicHC] ''
03-28 15:51:18.781 17825 17857 D OCRProcessor: [BadgeFixedWM] '1 3335'
03-28 15:51:18.907 17825 17857 D OCRProcessor: [Bottom] 'StrugGgYIz/e‘slz;11:0S _ Kg'
03-28 15:51:18.909 17825 17857 D OCRProcessor: [Weight] 'V'
03-28 15:51:18.911 17825 17857 D OCRProcessor: [Height] '7'
03-28 15:51:18.973 17825 17857 D TextParser: parseDate '' -> null
03-28 15:51:18.973 17825 17857 D TextParser: parseDate '1 3335' -> null
03-28 15:51:18.973 17825 17857 D TextParser: parseDate '' -> null
03-28 15:51:18.994 17825 17857 D OCRProcessor: [BadgeBinary] '2022
03-28 15:51:18.994 17825 17857 D OCRProcessor: 29/09'
03-28 15:51:18.995 17825 17857 D TextParser: parseDate '2022
03-28 15:51:18.995 17825 17857 D TextParser: 29/09' -> Thu Sep 29 00:00:00 GMT+01:00 2022
03-28 15:51:18.996 17825 17857 D OCRProcessor: === OCR 870 ms ===
03-28 15:51:18.996 17825 17857 D OCRProcessor: CP raw='CP562' -> 562
03-28 15:51:18.996 17825 17857 D OCRProcessor: HP raw='72/72HP' -> (72, 72)
03-28 15:51:18.996 17825 17857 D OCRProcessor: HPWM raw='72/72 HP'
03-28 15:51:18.996 17825 17857 D OCRProcessor: HPClean raw='PZl PZ HP'
03-28 15:51:18.996 17825 17857 D OCRProcessor: HPBlock raw='PZl PZ HP'
03-28 15:51:18.996 17825 17857 D OCRProcessor: LuckyLabel raw='BLMGWGG'
03-28 15:51:18.996 17825 17857 D OCRProcessor: LuckyLabelClean raw='Butterfree'
03-28 15:51:18.996 17825 17857 D OCRProcessor: LuckyDetected -> false
03-28 15:51:18.996 17825 17857 D OCRProcessor: Candy raw='A'
03-28 15:51:18.996 17825 17857 D OCRProcessor: CandyClean raw='VA'
03-28 15:51:18.996 17825 17857 D OCRProcessor: CandyBlock raw='VA'
03-28 15:51:18.996 17825 17857 D OCRProcessor: CandyWide raw='wss Mmzo H sos'
03-28 15:51:18.996 17825 17857 D OCRProcessor: CandyWideClean raw='ms g Mzo Q eos'
03-28 15:51:18.996 17825 17857 D OCRProcessor: Candy -> null
03-28 15:51:18.996 17825 17857 D OCRProcessor: Name raw='Butterfree T'
03-28 15:51:18.996 17825 17857 D OCRProcessor: NameHC raw=''
03-28 15:51:18.996 17825 17857 D OCRProcessor: DisplayName -> Butterfree
03-28 15:51:18.996 17825 17857 D OCRProcessor: Badge raw=''
03-28 15:51:18.996 17825 17857 D OCRProcessor: BadgeWM raw='1 3335'
03-28 15:51:18.996 17825 17857 D OCRProcessor: BadgeHC raw=''
03-28 15:51:18.996 17825 17857 D OCRProcessor: BadgeBinary raw='2022
03-28 15:51:18.996 17825 17857 D OCRProcessor: 29/09'
03-28 15:51:18.996 17825 17857 D OCRProcessor: BadgeDirect raw=''
03-28 15:51:18.996 17825 17857 D OCRProcessor: Bottom raw='StrugGgYIz/e‘slz;11:0S _ Kg'
03-28 15:51:18.996 17825 17857 D OCRProcessor: Date -> Thu Sep 29 00:00:00 GMT+01:00 2022
03-28 15:51:18.996 17825 17857 D OCRProcessor: RealName -> Butterfree
03-28 15:51:18.996 17825 17857 D OCRProcessor: NameRaw -> Butterfree T
03-28 15:51:18.996 17825 17857 D OCRProcessor: NameFallback -> 
03-28 15:51:19.453 17825 17856 D VisualFeatureDetector: Detecting features for pokemon: Butterfree (SizeTag: null)
03-28 15:51:19.708 17825 17856 D VisualFeatureDetector: Costume Analysis for Butterfree: HeadHue=142.0, BodyHue=206.0, RefHue=0.0, DistRef=142.0, DistBody=64.0, Dist=64.0, HeadSat=0.4472386, BodySat=0.04876236
03-28 15:51:19.708 17825 17856 D VisualFeatureDetector: Heuristic-only costume rejected for Butterfree: confidence=0.6127623
03-28 15:51:19.709 17825 17856 D VisualFeatureDetector: Shiny Analysis for Butterfree: DistToNormal=252.475741408952, DistToShiny=263.8787600395303
03-28 15:51:19.709 17825 17856 D VisualFeatureDetector: Shiny Analysis for Butterfree: DistToNormal=252.475741408952, DistToShiny=263.8787600395303
03-28 15:51:19.725 17825 17856 D VisualFeatureDetector: Lucky Analysis: cardGreen=0.09736842, cardGold=0.0, focusStrict=0.0, focusSoft=0.003908046, supportAvg=0.023255814, supportMax=0.08773784, upperCornerAvg=0.0, upperCornerMax=0.0
03-28 15:51:19.727 17825 17856 D VisualFeatureDetector: Results: shiny=false(0.0), shadow=false(0.0), lucky=false(0.0), costume=false(0.0), locationCard=false(0.0), avgConfidence=1.0
03-28 15:51:19.727 17825 17856 D RarityCalculator: Deep Validation for Butterfree (HP:72, Arc:1.0, Stardust:null, OCR_CP:562, AllOCR:[562], reliableHp=true)
03-28 15:51:19.730 17825 17856 D RarityCalculator: Current CP 562 is valid.
03-28 15:51:19.732 17825 17856 D RarityCalculator: Rules-based rarity for Butterfree: shiny=true, shadow=false, lucky=false, costume=true, form=false, locationCard=false
03-28 15:51:20.153 17825 17857 D OCRProcessor: [CP] '11195573 CP523'
03-28 15:51:20.198 17825 17857 D OCRProcessor: [HP] '96/96HP 7'
03-28 15:51:20.205 17825 17857 D OCRProcessor: [HP_WM] '96/96HP 7'
03-28 15:51:20.265 17825 17857 D OCRProcessor: [HPClean] 'Q lQ HP P'
03-28 15:51:20.325 17825 17857 D OCRProcessor: [HPBlock] 'Q l Q  HP'
03-28 15:51:20.354 17825 17857 D OCRProcessor: [LuckyLabel] 'MEICIWOD'
03-28 15:51:20.383 17825 17857 D OCRProcessor: [LuckyLabelClean] 'Machop'
03-28 15:51:20.392 17825 17857 D OCRProcessor: [Name] 'Machop'
03-28 15:51:20.431 17825 17857 D OCRProcessor: [Candy] 'a j acme N sso'
03-28 15:51:20.651 17825 17857 D OCRProcessor: [CandyClean] 'a MiHilfiaN DY MEOgPSCgN DY'
03-28 15:51:20.747 17825 17857 D OCRProcessor: [CandyBlock] 'a H sums H sso
03-28 15:51:20.747 17825 17857 D OCRProcessor: MACHOP CANDY MACHOP CANDY'
03-28 15:51:20.757 17825 17857 D TextParser: CandyName 'A H SUMS H SSO
03-28 15:51:20.757 17825 17857 D TextParser: MACHOP' -> 'Machop'
03-28 15:51:20.779 17825 17857 D OCRProcessor: [BadgeDynamic] ''
03-28 15:51:20.779 17825 17857 D OCRProcessor: [BadgeDynamicHC] ''
03-28 15:51:20.806 17825 17857 D OCRProcessor: [BadgeFixedWM] '1 39521'
03-28 15:51:20.935 17825 17857 D OCRProcessor: [Bottom] 'O R?o’c kc;:a&5:1N DS IA\ _ a'
03-28 15:51:20.958 17825 17857 D OCRProcessor: [Weight] '20.19kg'
03-28 15:51:20.963 17825 17857 D OCRProcessor: [Height] '0.81m'
03-28 15:51:21.024 17825 17857 D TextParser: parseDate '' -> null
03-28 15:51:21.024 17825 17857 D TextParser: parseDate '1 39521' -> null
03-28 15:51:21.025 17825 17857 D TextParser: parseDate '' -> null
03-28 15:51:21.042 17825 17857 D OCRProcessor: [BadgeBinary] '2025
03-28 15:51:21.042 17825 17857 D OCRProcessor: 24/05'
03-28 15:51:21.042 17825 17857 D TextParser: parseDate '2025
03-28 15:51:21.042 17825 17857 D TextParser: 24/05' -> Sat May 24 00:00:00 GMT+01:00 2025
03-28 15:51:21.043 17825 17857 D OCRProcessor: === OCR 1273 ms ===
03-28 15:51:21.043 17825 17857 D OCRProcessor: CP raw='11195573 CP523' -> 523
03-28 15:51:21.043 17825 17857 D OCRProcessor: HP raw='96/96HP 7' -> (96, 96)
03-28 15:51:21.043 17825 17857 D OCRProcessor: HPWM raw='96/96HP 7'
03-28 15:51:21.043 17825 17857 D OCRProcessor: HPClean raw='Q lQ HP P'
03-28 15:51:21.043 17825 17857 D OCRProcessor: HPBlock raw='Q l Q  HP'
03-28 15:51:21.043 17825 17857 D OCRProcessor: LuckyLabel raw='MEICIWOD'
03-28 15:51:21.043 17825 17857 D OCRProcessor: LuckyLabelClean raw='Machop'
03-28 15:51:21.043 17825 17857 D OCRProcessor: LuckyDetected -> false
03-28 15:51:21.043 17825 17857 D OCRProcessor: Candy raw='a j acme N sso'
03-28 15:51:21.043 17825 17857 D OCRProcessor: CandyClean raw='a MiHilfiaN DY MEOgPSCgN DY'
03-28 15:51:21.043 17825 17857 D OCRProcessor: CandyBlock raw='a H sums H sso
03-28 15:51:21.043 17825 17857 D OCRProcessor: MACHOP CANDY MACHOP CANDY'
03-28 15:51:21.043 17825 17857 D OCRProcessor: CandyWide raw=''
03-28 15:51:21.043 17825 17857 D OCRProcessor: CandyWideClean raw=''
03-28 15:51:21.043 17825 17857 D OCRProcessor: Candy -> Machop
03-28 15:51:21.043 17825 17857 D OCRProcessor: Name raw='Machop'
03-28 15:51:21.043 17825 17857 D OCRProcessor: NameHC raw=''
03-28 15:51:21.043 17825 17857 D OCRProcessor: DisplayName -> Machop
03-28 15:51:21.043 17825 17857 D OCRProcessor: Badge raw=''
03-28 15:51:21.043 17825 17857 D OCRProcessor: BadgeWM raw='1 39521'
03-28 15:51:21.043 17825 17857 D OCRProcessor: BadgeHC raw=''
03-28 15:51:21.043 17825 17857 D OCRProcessor: BadgeBinary raw='2025
03-28 15:51:21.043 17825 17857 D OCRProcessor: 24/05'
03-28 15:51:21.043 17825 17857 D OCRProcessor: BadgeDirect raw=''
03-28 15:51:21.043 17825 17857 D OCRProcessor: Bottom raw='O R?o’c kc;:a&5:1N DS IA\ _ a'
03-28 15:51:21.043 17825 17857 D OCRProcessor: Date -> Sat May 24 00:00:00 GMT+01:00 2025
03-28 15:51:21.043 17825 17857 D OCRProcessor: RealName -> Machop
03-28 15:51:21.043 17825 17857 D OCRProcessor: NameRaw -> Machop
03-28 15:51:21.043 17825 17857 D OCRProcessor: NameFallback -> 
03-28 15:51:21.492 17825 17856 D VisualFeatureDetector: Detecting features for pokemon: Machop (SizeTag: null)
03-28 15:51:21.732 17825 17856 D VisualFeatureDetector: Shiny Analysis for Machop: DistToNormal=86.53323061113575, DistToShiny=60.398675482166
03-28 15:51:21.732 17825 17856 D VisualFeatureDetector: Shiny Analysis for Machop: DistToNormal=86.53323061113575, DistToShiny=60.398675482166
03-28 15:51:21.732 17825 17856 D VisualFeatureDetector: Shiny Hist Analysis for Machop: normalMass=0.4989918, shinyMass=0.2979928, refGap=140.0
03-28 15:51:21.742 17825 17856 D VisualFeatureDetector: Lucky Analysis: cardGreen=0.09736842, cardGold=0.0, focusStrict=0.0, focusSoft=0.0, supportAvg=0.0, supportMax=0.0, upperCornerAvg=0.0, upperCornerMax=0.0
03-28 15:51:21.744 17825 17856 D VisualFeatureDetector: Results: shiny=false(0.0), shadow=false(0.0), lucky=false(0.0), costume=false(0.0), locationCard=false(0.0), avgConfidence=1.0
03-28 15:51:21.744 17825 17856 D RarityCalculator: Deep Validation for Machop (HP:96, Arc:1.0, Stardust:null, OCR_CP:523, AllOCR:[523], reliableHp=true)
03-28 15:51:21.747 17825 17856 D RarityCalculator: Current CP 523 is valid.
03-28 15:51:21.750 17825 17856 D RarityCalculator: Rules-based rarity for Machop: shiny=false, shadow=false, lucky=false, costume=false, form=false, locationCard=false
03-28 15:51:21.851 17825 17857 D OCRProcessor: [CP] '1211'
03-28 15:51:22.023 17825 17857 D OCRProcessor: [CP_HC] '21 2515612312 1'
03-28 15:51:22.039 17825 17857 D OCRProcessor: [HP] '120/ 120 HP'
03-28 15:51:22.046 17825 17857 D OCRProcessor: [HP_WM] '120/ 120 HP'
03-28 15:51:22.114 17825 17857 D OCRProcessor: [HPClean] 'mi lZO HP'
03-28 15:51:22.176 17825 17857 D OCRProcessor: [HPBlock] 'lZO l lZO HP'
03-28 15:51:22.202 17825 17857 D OCRProcessor: [LuckyLabel] 'RGQGIGH'
03-28 15:51:22.233 17825 17857 D OCRProcessor: [LuckyLabelClean] 'Regieleki'
03-28 15:51:22.247 17825 17857 D OCRProcessor: [Name] 'Regieleki'
03-28 15:51:22.296 17825 17857 D OCRProcessor: [Candy] 'b SQ QSZ  Ql lPQ'
03-28 15:51:22.411 17825 17857 D OCRProcessor: [CandyClean] 'a REiEZKIBCZANDY REjinCQAND'
03-28 15:51:22.547 17825 17857 D OCRProcessor: [CandyBlock] 'G Q ZBZ tuxz flJ 
03-28 15:51:22.547 17825 17857 D OCRProcessor: REGIELEKICANDY REGIELEKICAND'
03-28 15:51:22.573 17825 17857 D OCRProcessor: [CandyWide] 'hSPb si QBZ  QJ lPQ'
03-28 15:51:22.838 17825 17857 D OCRProcessor: [CandyWideClean] 'ifTVa REiEZKIBCZANDY REjEliilyCQAN DY'
03-28 15:51:22.969 17825 17857 D OCRProcessor: [BadgeDynamic] ''
03-28 15:51:22.970 17825 17857 D OCRProcessor: [BadgeDynamicHC] ''
03-28 15:51:23.024 17825 17857 D OCRProcessor: [BadgeFixedWM] '1 33135 1'
03-28 15:51:23.106 17825 17857 D OCRProcessor: [Bottom] '112232de N!“'
03-28 15:51:23.126 17825 17857 D OCRProcessor: [Weight] '94.34kg'
03-28 15:51:23.128 17825 17857 D OCRProcessor: [Height] '1m'
03-28 15:51:23.302 17825 17857 D TextParser: parseDate '' -> null
03-28 15:51:23.303 17825 17857 D TextParser: parseDate '1 33135 1' -> null
03-28 15:51:23.303 17825 17857 D TextParser: parseDate '' -> null
03-28 15:51:23.326 17825 17857 D OCRProcessor: [BadgeBinary] '2025
03-28 15:51:23.326 17825 17857 D OCRProcessor: 24/06'
03-28 15:51:23.326 17825 17857 D TextParser: parseDate '2025
03-28 15:51:23.326 17825 17857 D TextParser: 24/06' -> Tue Jun 24 00:00:00 GMT+01:00 2025
03-28 15:51:23.327 17825 17857 D OCRProcessor: === OCR 1537 ms ===
03-28 15:51:23.327 17825 17857 D OCRProcessor: CP raw='1211' -> 1561
03-28 15:51:23.327 17825 17857 D OCRProcessor: HP raw='120/ 120 HP' -> (120, 120)
03-28 15:51:23.327 17825 17857 D OCRProcessor: HPWM raw='120/ 120 HP'
03-28 15:51:23.327 17825 17857 D OCRProcessor: HPClean raw='mi lZO HP'
03-28 15:51:23.327 17825 17857 D OCRProcessor: HPBlock raw='lZO l lZO HP'
03-28 15:51:23.327 17825 17857 D OCRProcessor: LuckyLabel raw='RGQGIGH'
03-28 15:51:23.327 17825 17857 D OCRProcessor: LuckyLabelClean raw='Regieleki'
03-28 15:51:23.327 17825 17857 D OCRProcessor: LuckyDetected -> false
03-28 15:51:23.327 17825 17857 D OCRProcessor: Candy raw='b SQ QSZ  Ql lPQ'
03-28 15:51:23.327 17825 17857 D OCRProcessor: CandyClean raw='a REiEZKIBCZANDY REjinCQAND'
03-28 15:51:23.327 17825 17857 D OCRProcessor: CandyBlock raw='G Q ZBZ tuxz flJ 
03-28 15:51:23.327 17825 17857 D OCRProcessor: REGIELEKICANDY REGIELEKICAND'
03-28 15:51:23.327 17825 17857 D OCRProcessor: CandyWide raw='hSPb si QBZ  QJ lPQ'
03-28 15:51:23.327 17825 17857 D OCRProcessor: CandyWideClean raw='ifTVa REiEZKIBCZANDY REjEliilyCQAN DY'
03-28 15:51:23.327 17825 17857 D OCRProcessor: Candy -> null
03-28 15:51:23.327 17825 17857 D OCRProcessor: Name raw='Regieleki'
03-28 15:51:23.327 17825 17857 D OCRProcessor: NameHC raw=''
03-28 15:51:23.327 17825 17857 D OCRProcessor: DisplayName -> Regieleki
03-28 15:51:23.327 17825 17857 D OCRProcessor: Badge raw=''
03-28 15:51:23.327 17825 17857 D OCRProcessor: BadgeWM raw='1 33135 1'
03-28 15:51:23.327 17825 17857 D OCRProcessor: BadgeHC raw=''
03-28 15:51:23.327 17825 17857 D OCRProcessor: BadgeBinary raw='2025
03-28 15:51:23.327 17825 17857 D OCRProcessor: 24/06'
03-28 15:51:23.327 17825 17857 D OCRProcessor: BadgeDirect raw=''
03-28 15:51:23.327 17825 17857 D OCRProcessor: Bottom raw='112232de N!“'
03-28 15:51:23.327 17825 17857 D OCRProcessor: Date -> Tue Jun 24 00:00:00 GMT+01:00 2025
03-28 15:51:23.327 17825 17857 D OCRProcessor: RealName -> Regieleki
03-28 15:51:23.327 17825 17857 D OCRProcessor: NameRaw -> Regieleki
03-28 15:51:23.327 17825 17857 D OCRProcessor: NameFallback -> 
03-28 15:51:23.793 17825 17856 D VisualFeatureDetector: Detecting features for pokemon: Regieleki (SizeTag: null)
03-28 15:51:24.046 17825 17856 D VisualFeatureDetector: Lucky Analysis: cardGreen=0.09736842, cardGold=0.0, focusStrict=0.10183908, focusSoft=0.15287356, supportAvg=0.079736315, supportMax=0.17283298, upperCornerAvg=0.2642857, upperCornerMax=0.34603176
03-28 15:51:24.048 17825 17856 D VisualFeatureDetector: Results: shiny=false(0.0), shadow=false(0.0), lucky=false(0.0), costume=false(0.0), locationCard=true(0.41281542), avgConfidence=0.41281542
03-28 15:51:24.049 17825 17856 D RarityCalculator: Deep Validation for Regieleki (HP:120, Arc:1.0, Stardust:null, OCR_CP:1561, AllOCR:[1561], reliableHp=true)
03-28 15:51:24.052 17825 17856 D RarityCalculator: Current CP 1561 is valid.
03-28 15:51:24.054 17825 17856 D RarityCalculator: Rules-based rarity for Regieleki: shiny=false, shadow=false, lucky=false, costume=false, form=false, locationCard=true
03-28 15:51:24.205 17825 17857 D OCRProcessor: [CP] '51 114150111'
03-28 15:51:24.471 17825 17857 D OCRProcessor: [CP_HC] '21 1251561222 1'
03-28 15:51:24.483 17825 17857 D OCRProcessor: [HP] '120/120 HP'
03-28 15:51:24.490 17825 17857 D OCRProcessor: [HP_WM] '120/ 120 HP'
03-28 15:51:24.557 17825 17857 D OCRProcessor: [HPClean] 'mi lZO HP'
03-28 15:51:24.620 17825 17857 D OCRProcessor: [HPBlock] 'lZO l lZO HP'
03-28 15:51:24.646 17825 17857 D OCRProcessor: [LuckyLabel] 'RGQGIGH'
03-28 15:51:24.674 17825 17857 D OCRProcessor: [LuckyLabelClean] 'Regieleki'
03-28 15:51:24.688 17825 17857 D OCRProcessor: [Name] 'Regieleki'
03-28 15:51:24.740 17825 17857 D OCRProcessor: [Candy] 'b SQ QSZ  Ql lPQ'
03-28 15:51:24.856 17825 17857 D OCRProcessor: [CandyClean] 'a REiEZKIBCZANDY REjinCQAND'
03-28 15:51:24.991 17825 17857 D OCRProcessor: [CandyBlock] 'G Q ZBZ tuxz flJP
03-28 15:51:24.991 17825 17857 D OCRProcessor: REGIELEKICANDY REGIELEKICAND'
03-28 15:51:25.017 17825 17857 D OCRProcessor: [CandyWide] 'hSPb si QBZ  QJ lPQ'
03-28 15:51:25.281 17825 17857 D OCRProcessor: [CandyWideClean] 'ifTVa REiEZKIBCZANDY REjEliilyCQAN DY'
03-28 15:51:25.415 17825 17857 D OCRProcessor: [BadgeDynamic] '1'
03-28 15:51:25.416 17825 17857 D OCRProcessor: [BadgeDynamicHC] ''
03-28 15:51:25.447 17825 17857 D OCRProcessor: [BadgeFixedWM] '1 33352'
03-28 15:51:25.529 17825 17857 D OCRProcessor: [Bottom] '112232de N!“'
03-28 15:51:25.549 17825 17857 D OCRProcessor: [Weight] '94.34kg'
03-28 15:51:25.551 17825 17857 D OCRProcessor: [Height] '1m'
03-28 15:51:25.670 17825 17857 D TextParser: parseDate '1' -> null
03-28 15:51:25.670 17825 17857 D TextParser: parseDate '1 33352' -> null
03-28 15:51:25.670 17825 17857 D TextParser: parseDate '' -> null
03-28 15:51:25.692 17825 17857 D OCRProcessor: [BadgeBinary] '2025
03-28 15:51:25.692 17825 17857 D OCRProcessor: 24/06'
03-28 15:51:25.693 17825 17857 D TextParser: parseDate '2025
03-28 15:51:25.693 17825 17857 D TextParser: 24/06' -> Tue Jun 24 00:00:00 GMT+01:00 2025
03-28 15:51:25.693 17825 17857 D OCRProcessor: === OCR 1598 ms ===
03-28 15:51:25.693 17825 17857 D OCRProcessor: CP raw='51 114150111' -> 5156
03-28 15:51:25.693 17825 17857 D OCRProcessor: HP raw='120/120 HP' -> (120, 120)
03-28 15:51:25.693 17825 17857 D OCRProcessor: HPWM raw='120/ 120 HP'
03-28 15:51:25.693 17825 17857 D OCRProcessor: HPClean raw='mi lZO HP'
03-28 15:51:25.693 17825 17857 D OCRProcessor: HPBlock raw='lZO l lZO HP'
03-28 15:51:25.693 17825 17857 D OCRProcessor: LuckyLabel raw='RGQGIGH'
03-28 15:51:25.693 17825 17857 D OCRProcessor: LuckyLabelClean raw='Regieleki'
03-28 15:51:25.693 17825 17857 D OCRProcessor: LuckyDetected -> false
03-28 15:51:25.693 17825 17857 D OCRProcessor: Candy raw='b SQ QSZ  Ql lPQ'
03-28 15:51:25.693 17825 17857 D OCRProcessor: CandyClean raw='a REiEZKIBCZANDY REjinCQAND'
03-28 15:51:25.693 17825 17857 D OCRProcessor: CandyBlock raw='G Q ZBZ tuxz flJP
03-28 15:51:25.693 17825 17857 D OCRProcessor: REGIELEKICANDY REGIELEKICAND'
03-28 15:51:25.693 17825 17857 D OCRProcessor: CandyWide raw='hSPb si QBZ  QJ lPQ'
03-28 15:51:25.693 17825 17857 D OCRProcessor: CandyWideClean raw='ifTVa REiEZKIBCZANDY REjEliilyCQAN DY'
03-28 15:51:25.693 17825 17857 D OCRProcessor: Candy -> null
03-28 15:51:25.693 17825 17857 D OCRProcessor: Name raw='Regieleki'
03-28 15:51:25.693 17825 17857 D OCRProcessor: NameHC raw=''
03-28 15:51:25.693 17825 17857 D OCRProcessor: DisplayName -> Regieleki
03-28 15:51:25.693 17825 17857 D OCRProcessor: Badge raw='1'
03-28 15:51:25.693 17825 17857 D OCRProcessor: BadgeWM raw='1 33352'
03-28 15:51:25.693 17825 17857 D OCRProcessor: BadgeHC raw=''
03-28 15:51:25.693 17825 17857 D OCRProcessor: BadgeBinary raw='2025
03-28 15:51:25.693 17825 17857 D OCRProcessor: 24/06'
03-28 15:51:25.693 17825 17857 D OCRProcessor: BadgeDirect raw=''
03-28 15:51:25.693 17825 17857 D OCRProcessor: Bottom raw='112232de N!“'
03-28 15:51:25.693 17825 17857 D OCRProcessor: Date -> Tue Jun 24 00:00:00 GMT+01:00 2025
03-28 15:51:25.693 17825 17857 D OCRProcessor: RealName -> Regieleki
03-28 15:51:25.693 17825 17857 D OCRProcessor: NameRaw -> Regieleki
03-28 15:51:25.693 17825 17857 D OCRProcessor: NameFallback -> 
03-28 15:51:26.164 17825 17856 D VisualFeatureDetector: Detecting features for pokemon: Regieleki (SizeTag: null)
03-28 15:51:26.415 17825 17856 D VisualFeatureDetector: Lucky Analysis: cardGreen=0.09736842, cardGold=0.0, focusStrict=0.02275862, focusSoft=0.029195402, supportAvg=0.030787528, supportMax=0.065539114, upperCornerAvg=0.31984127, upperCornerMax=0.32380953
03-28 15:51:26.416 17825 17856 D VisualFeatureDetector: Results: shiny=false(0.0), shadow=false(0.0), lucky=false(0.0), costume=false(0.0), locationCard=true(0.36439753), avgConfidence=0.36439753
03-28 15:51:26.416 17825 17856 D RarityCalculator: Deep Validation for Regieleki (HP:120, Arc:1.0, Stardust:null, OCR_CP:5156, AllOCR:[5156], reliableHp=true)
03-28 15:51:26.426 17825 17856 D RarityCalculator: Mathematical CP Estimate: 1682 (Candidates: 3072, NearArc: 0)
03-28 15:51:26.428 17825 17856 D RarityCalculator: Rules-based rarity for Regieleki: shiny=false, shadow=false, lucky=false, costume=false, form=false, locationCard=true
03-28 15:51:26.571 17825 17857 D OCRProcessor: [CP] 'CP2138 1 1'
03-28 15:51:26.620 17825 17857 D OCRProcessor: [HP] '123/123 HP'
03-28 15:51:26.626 17825 17857 D OCRProcessor: [HP_WM] '123 / 123 HP'
03-28 15:51:26.693 17825 17857 D OCRProcessor: [HPClean] 'lZQ l lZS HP'
03-28 15:51:26.760 17825 17857 D OCRProcessor: [HPBlock] 'lZQ l lZS HP'
03-28 15:51:26.812 17825 17857 D OCRProcessor: [LuckyLabel] 'ZEITTEIZGHGQ'
03-28 15:51:26.846 17825 17857 D OCRProcessor: [LuckyLabelClean] 'ZamazentaB'
03-28 15:51:26.866 17825 17857 D OCRProcessor: [Name] 'ZamazentaSB'
03-28 15:51:26.897 17825 17857 D OCRProcessor: [Candy] 'male veld'
03-28 15:51:27.016 17825 17857 D OCRProcessor: [CandyClean] 'itle o ZA MZE STJIfZAN DY'
03-28 15:51:27.082 17825 17857 D OCRProcessor: [CandyBlock] 'EDIO v Olti
03-28 15:51:27.082 17825 17857 D OCRProcessor: IUST ZAMAZENTA CANDY'
03-28 15:51:27.115 17825 17857 D TextParser: CandyName 'V OLTI
03-28 15:51:27.115 17825 17857 D TextParser: IUST ZAMAZENTA' -> 'Zamazenta'
03-28 15:51:27.136 17825 17857 D OCRProcessor: [BadgeDynamic] ''
03-28 15:51:27.136 17825 17857 D OCRProcessor: [BadgeDynamicHC] ''
03-28 15:51:27.169 17825 17857 D OCRProcessor: [BadgeFixedWM] '1 33352 1'
03-28 15:51:27.179 17825 17857 D OCRProcessor: [Bottom] ''
