03-28 15:51:55.079 17825 17856 D RarityCalculator: Deep Validation for Aipom (HP:74, Arc:1.0, Stardust:null, OCR_CP:437, AllOCR:[437], reliableHp=true)
03-28 15:51:55.082 17825 17856 D RarityCalculator: Current CP 437 is valid.
03-28 15:51:55.084 17825 17856 D RarityCalculator: Rules-based rarity for Aipom: shiny=true, shadow=false, lucky=false, costume=false, form=true, locationCard=false
03-28 15:51:55.240 17825 17857 D OCRProcessor: [CP] '34 341337 1'
03-28 15:51:55.284 17825 17857 D OCRProcessor: [CP_HC] 'CP437 1'
03-28 15:51:55.293 17825 17857 D OCRProcessor: [HP] '24/74HP'
03-28 15:51:55.299 17825 17857 D OCRProcessor: [HP_WM] '374/74 HP'
03-28 15:51:55.362 17825 17857 D OCRProcessor: [HPClean] 'PM Wt HP'
03-28 15:51:55.422 17825 17857 D OCRProcessor: [HPBlock] 'l Wt HP'
03-28 15:51:55.448 17825 17857 D OCRProcessor: [LuckyLabel] 'AHJOHMO'
03-28 15:51:55.480 17825 17857 D OCRProcessor: [LuckyLabelClean] 'Aipomth'
03-28 15:51:55.491 17825 17857 D OCRProcessor: [Name] 'AinomAO'
03-28 15:51:55.494 17825 17857 D TextParser: Token match: 'ainomao' -> 'aipom' (d=3)
03-28 15:51:55.497 17825 17857 D TextParser: Token match: 'ainomao' -> 'aipom' (d=3)
03-28 15:51:55.500 17825 17857 D TextParser: Token match: 'ainomao' -> 'aipom' (d=3)
03-28 15:51:55.525 17825 17857 D OCRProcessor: [Candy] 'invA Q d Loo'
03-28 15:51:55.586 17825 17857 D OCRProcessor: [CandyClean] 'l rwA Q q LOO'
03-28 15:51:55.646 17825 17857 D OCRProcessor: [CandyBlock] 'l rwA Q q LOO'
03-28 15:51:55.701 17825 17857 D OCRProcessor: [CandyWide] 'BtSiOhS g Lew'
03-28 15:51:55.921 17825 17857 D OCRProcessor: [CandyWideClean] 'fiiSMSQn szn'
03-28 15:51:55.942 17825 17857 D OCRProcessor: [BadgeDynamic] ''
03-28 15:51:55.943 17825 17857 D OCRProcessor: [BadgeDynamicHC] ''
03-28 15:51:55.968 17825 17857 D OCRProcessor: [BadgeFixedWM] '1 3333'
03-28 15:51:56.037 17825 17857 D OCRProcessor: [Bottom] 'PURIFY 13,102: 3;'
03-28 15:51:56.040 17825 17857 D OCRProcessor: [Weight] 'V'
03-28 15:51:56.042 17825 17857 D OCRProcessor: [Height] '7'
03-28 15:51:56.131 17825 17857 D TextParser: Token match: 'ainomao' -> 'aipom' (d=3)
03-28 15:51:56.131 17825 17857 D TextParser: parseDate '' -> null
03-28 15:51:56.132 17825 17857 D TextParser: parseDate '1 3333' -> null
03-28 15:51:56.132 17825 17857 D TextParser: parseDate '' -> null
03-28 15:51:56.150 17825 17857 D OCRProcessor: [BadgeBinary] '2023
03-28 15:51:56.150 17825 17857 D OCRProcessor: 06/09'
03-28 15:51:56.150 17825 17857 D TextParser: parseDate '2023
03-28 15:51:56.150 17825 17857 D TextParser: 06/09' -> Fri Jun 09 00:00:00 GMT+01:00 2023
03-28 15:51:56.151 17825 17857 D OCRProcessor: === OCR 1032 ms ===
03-28 15:51:56.151 17825 17857 D OCRProcessor: CP raw='34 341337 1' -> 437
03-28 15:51:56.151 17825 17857 D OCRProcessor: HP raw='24/74HP' -> (74, 74)
03-28 15:51:56.151 17825 17857 D OCRProcessor: HPWM raw='374/74 HP'
03-28 15:51:56.151 17825 17857 D OCRProcessor: HPClean raw='PM Wt HP'
03-28 15:51:56.151 17825 17857 D OCRProcessor: HPBlock raw='l Wt HP'
03-28 15:51:56.151 17825 17857 D OCRProcessor: LuckyLabel raw='AHJOHMO'
03-28 15:51:56.151 17825 17857 D OCRProcessor: LuckyLabelClean raw='Aipomth'
03-28 15:51:56.151 17825 17857 D OCRProcessor: LuckyDetected -> false
03-28 15:51:56.151 17825 17857 D OCRProcessor: Candy raw='invA Q d Loo'
03-28 15:51:56.151 17825 17857 D OCRProcessor: CandyClean raw='l rwA Q q LOO'
03-28 15:51:56.151 17825 17857 D OCRProcessor: CandyBlock raw='l rwA Q q LOO'
03-28 15:51:56.151 17825 17857 D OCRProcessor: CandyWide raw='BtSiOhS g Lew'
03-28 15:51:56.151 17825 17857 D OCRProcessor: CandyWideClean raw='fiiSMSQn szn'
03-28 15:51:56.151 17825 17857 D OCRProcessor: Candy -> null
03-28 15:51:56.151 17825 17857 D OCRProcessor: Name raw='AinomAO'
03-28 15:51:56.151 17825 17857 D OCRProcessor: NameHC raw=''
03-28 15:51:56.151 17825 17857 D OCRProcessor: DisplayName -> Aipom
03-28 15:51:56.151 17825 17857 D OCRProcessor: Badge raw=''
03-28 15:51:56.151 17825 17857 D OCRProcessor: BadgeWM raw='1 3333'
03-28 15:51:56.151 17825 17857 D OCRProcessor: BadgeHC raw=''
03-28 15:51:56.151 17825 17857 D OCRProcessor: BadgeBinary raw='2023
03-28 15:51:56.151 17825 17857 D OCRProcessor: 06/09'
03-28 15:51:56.151 17825 17857 D OCRProcessor: BadgeDirect raw=''
03-28 15:51:56.151 17825 17857 D OCRProcessor: Bottom raw='PURIFY 13,102: 3;'
03-28 15:51:56.151 17825 17857 D OCRProcessor: Date -> Fri Jun 09 00:00:00 GMT+01:00 2023
03-28 15:51:56.151 17825 17857 D OCRProcessor: RealName -> Aipom
03-28 15:51:56.151 17825 17857 D OCRProcessor: NameRaw -> AinomAO
03-28 15:51:56.151 17825 17857 D OCRProcessor: NameFallback -> 
03-28 15:51:56.155 17825 17856 D TextParser: Token match: 'ainomao' -> 'aipom' (d=3)
03-28 15:51:56.388 17825 17856 D TextParser: Token match: 'ainomao' -> 'aipom' (d=3)
03-28 15:51:56.391 17825 17856 D TextParser: Token match: 'ainomao' -> 'aipom' (d=3)
03-28 15:51:56.600 17825 17856 D VisualFeatureDetector: Detecting features for pokemon: Aipom (SizeTag: null)
03-28 15:51:56.839 17825 17856 D VisualFeatureDetector: Shiny Analysis for Aipom: DistToNormal=138.5640646055102, DistToShiny=187.95744199153168
03-28 15:51:56.839 17825 17856 D VisualFeatureDetector: Shiny Analysis for Aipom: DistToNormal=138.5640646055102, DistToShiny=187.95744199153168
03-28 15:51:56.839 17825 17856 D VisualFeatureDetector: Shiny Hist Analysis for Aipom: normalMass=0.027058989, shinyMass=0.004706745, refGap=49.285706
03-28 15:51:56.850 17825 17856 D VisualFeatureDetector: Lucky Analysis: cardGreen=0.09736842, cardGold=0.0, focusStrict=0.0, focusSoft=0.0, supportAvg=5.285412E-4, supportMax=0.0021141649, upperCornerAvg=0.0, upperCornerMax=0.0
03-28 15:51:56.851 17825 17856 D VisualFeatureDetector: Results: shiny=false(0.0), shadow=false(0.0), lucky=false(0.0), costume=false(0.0), locationCard=false(0.0), avgConfidence=1.0
03-28 15:51:56.851 17825 17856 D RarityCalculator: Deep Validation for Aipom (HP:74, Arc:1.0, Stardust:null, OCR_CP:437, AllOCR:[437], reliableHp=true)
03-28 15:51:56.853 17825 17856 D RarityCalculator: Current CP 437 is valid.
03-28 15:51:56.856 17825 17856 D RarityCalculator: Rules-based rarity for Aipom: shiny=false, shadow=false, lucky=false, costume=false, form=true, locationCard=false
03-28 15:51:56.972 17825 17857 D OCRProcessor: [CP] 'PP 05401 1'
03-28 15:51:57.030 17825 17857 D OCRProcessor: [CP_HC] 'CP549 1'
03-28 15:51:57.038 17825 17857 D OCRProcessor: [HP] '776/76HP'
03-28 15:51:57.044 17825 17857 D OCRProcessor: [HP_WM] '376/76HP'
03-28 15:51:57.106 17825 17857 D OCRProcessor: [HPClean] 'v l   HP'
03-28 15:51:57.166 17825 17857 D OCRProcessor: [HPBlock] 'l   HP'
03-28 15:51:57.195 17825 17857 D OCRProcessor: [LuckyLabel] 'RGQQGGBZ'
03-28 15:51:57.235 17825 17857 D OCRProcessor: [LuckyLabelClean] 'RegisteeIBI'
03-28 15:51:57.253 17825 17857 D OCRProcessor: [Name] 'RegisteeIBZ'
03-28 15:51:57.306 17825 17857 D OCRProcessor: [Candy] 'efy Q loll Qj'
03-28 15:51:57.425 17825 17857 D OCRProcessor: [CandyClean] 'a REGgTElIEfANDY REGGDTjEIZGgCANDv'
03-28 15:51:57.510 17825 17857 D OCRProcessor: [CandyBlock] 'a O loci d w
03-28 15:51:57.510 17825 17857 D OCRProcessor: REGISTEEL CANDY REGISTEEL CANDV'
03-28 15:51:57.552 17825 17857 D TextParser: CandyName 'O LOCI D W
03-28 15:51:57.552 17825 17857 D TextParser: REGISTEEL' -> 'Registeel'
03-28 15:51:57.574 17825 17857 D OCRProcessor: [BadgeDynamic] ''
03-28 15:51:57.574 17825 17857 D OCRProcessor: [BadgeDynamicHC] ''
03-28 15:51:57.590 17825 17857 D OCRProcessor: [BadgeFixedWM] '1 3333'
03-28 15:51:57.622 17825 17857 D OCRProcessor: [Bottom] 'a a'
03-28 15:51:57.641 17825 17857 D OCRProcessor: [Weight] '256.3kg'
03-28 15:51:57.645 17825 17857 D OCRProcessor: [Height] '2.31m'
03-28 15:51:57.711 17825 17857 D TextParser: parseDate '' -> null
03-28 15:51:57.711 17825 17857 D TextParser: parseDate '1 3333' -> null
03-28 15:51:57.711 17825 17857 D TextParser: parseDate '' -> null
03-28 15:51:57.735 17825 17857 D OCRProcessor: [BadgeBinary] '2023
03-28 15:51:57.735 17825 17857 D OCRProcessor: 03/02'
03-28 15:51:57.736 17825 17857 D TextParser: parseDate '2023
03-28 15:51:57.736 17825 17857 D TextParser: 03/02' -> Thu Mar 02 00:00:00 GMT 2023
03-28 15:51:57.736 17825 17857 D OCRProcessor: === OCR 844 ms ===
03-28 15:51:57.736 17825 17857 D OCRProcessor: CP raw='PP 05401 1' -> 549
03-28 15:51:57.736 17825 17857 D OCRProcessor: HP raw='776/76HP' -> (76, 76)
03-28 15:51:57.736 17825 17857 D OCRProcessor: HPWM raw='376/76HP'
03-28 15:51:57.736 17825 17857 D OCRProcessor: HPClean raw='v l   HP'
03-28 15:51:57.736 17825 17857 D OCRProcessor: HPBlock raw='l   HP'
03-28 15:51:57.736 17825 17857 D OCRProcessor: LuckyLabel raw='RGQQGGBZ'
03-28 15:51:57.736 17825 17857 D OCRProcessor: LuckyLabelClean raw='RegisteeIBI'
03-28 15:51:57.736 17825 17857 D OCRProcessor: LuckyDetected -> false
03-28 15:51:57.736 17825 17857 D OCRProcessor: Candy raw='efy Q loll Qj'
03-28 15:51:57.736 17825 17857 D OCRProcessor: CandyClean raw='a REGgTElIEfANDY REGGDTjEIZGgCANDv'
03-28 15:51:57.736 17825 17857 D OCRProcessor: CandyBlock raw='a O loci d w
03-28 15:51:57.736 17825 17857 D OCRProcessor: REGISTEEL CANDY REGISTEEL CANDV'
03-28 15:51:57.736 17825 17857 D OCRProcessor: CandyWide raw=''
03-28 15:51:57.736 17825 17857 D OCRProcessor: CandyWideClean raw=''
03-28 15:51:57.736 17825 17857 D OCRProcessor: Candy -> Registeel
03-28 15:51:57.736 17825 17857 D OCRProcessor: Name raw='RegisteeIBZ'
03-28 15:51:57.736 17825 17857 D OCRProcessor: NameHC raw=''
03-28 15:51:57.736 17825 17857 D OCRProcessor: DisplayName -> Registeel
03-28 15:51:57.736 17825 17857 D OCRProcessor: Badge raw=''
03-28 15:51:57.736 17825 17857 D OCRProcessor: BadgeWM raw='1 3333'
03-28 15:51:57.736 17825 17857 D OCRProcessor: BadgeHC raw=''
03-28 15:51:57.736 17825 17857 D OCRProcessor: BadgeBinary raw='2023
03-28 15:51:57.736 17825 17857 D OCRProcessor: 03/02'
03-28 15:51:57.736 17825 17857 D OCRProcessor: BadgeDirect raw=''
03-28 15:51:57.736 17825 17857 D OCRProcessor: Bottom raw='a a'
03-28 15:51:57.736 17825 17857 D OCRProcessor: Date -> Thu Mar 02 00:00:00 GMT 2023
03-28 15:51:57.736 17825 17857 D OCRProcessor: RealName -> Registeel
03-28 15:51:57.736 17825 17857 D OCRProcessor: NameRaw -> RegisteeIBZ
03-28 15:51:57.736 17825 17857 D OCRProcessor: NameFallback -> 
03-28 15:51:58.186 17825 17856 D VisualFeatureDetector: Detecting features for pokemon: Registeel (SizeTag: null)
03-28 15:51:58.424 17825 17856 D VisualFeatureDetector: Shiny Analysis for Registeel: DistToNormal=111.71392035015153, DistToShiny=132.664991614216
03-28 15:51:58.424 17825 17856 D VisualFeatureDetector: Shiny Analysis for Registeel: DistToNormal=111.71392035015153, DistToShiny=132.664991614216
03-28 15:51:58.424 17825 17856 D VisualFeatureDetector: Shiny Hist Analysis for Registeel: normalMass=0.01341929, shinyMass=0.24781054, refGap=90.0
03-28 15:51:58.434 17825 17856 D VisualFeatureDetector: Lucky Analysis: cardGreen=0.09736842, cardGold=0.0, focusStrict=0.0, focusSoft=0.0, supportAvg=0.0, supportMax=0.0, upperCornerAvg=0.0, upperCornerMax=0.0
03-28 15:51:58.435 17825 17856 D VisualFeatureDetector: Results: shiny=false(0.0), shadow=false(0.0), lucky=false(0.0), costume=false(0.0), locationCard=false(0.0), avgConfidence=1.0
03-28 15:51:58.435 17825 17856 D RarityCalculator: Deep Validation for Registeel (HP:76, Arc:1.0, Stardust:null, OCR_CP:549, AllOCR:[549], reliableHp=true)
03-28 15:51:58.437 17825 17856 D RarityCalculator: Current CP 549 is valid.
03-28 15:51:58.438 17825 17856 D RarityCalculator: Rules-based rarity for Registeel: shiny=false, shadow=false, lucky=false, costume=false, form=false, locationCard=false
03-28 15:51:58.556 17825 17857 D OCRProcessor: [CP] 'P87 CP549 1'
03-28 15:51:58.596 17825 17857 D OCRProcessor: [HP] '776/76HP'
03-28 15:51:58.602 17825 17857 D OCRProcessor: [HP_WM] '376/76HP'
03-28 15:51:58.664 17825 17857 D OCRProcessor: [HPClean] 'v l   HP'
03-28 15:51:58.724 17825 17857 D OCRProcessor: [HPBlock] 'l   HP'
03-28 15:51:58.753 17825 17857 D OCRProcessor: [LuckyLabel] 'RGQQGGBZ'
03-28 15:51:58.793 17825 17857 D OCRProcessor: [LuckyLabelClean] 'RegisteeIBI'
03-28 15:51:58.811 17825 17857 D OCRProcessor: [Name] 'RegisteeIBZ'
03-28 15:51:58.865 17825 17857 D OCRProcessor: [Candy] 'efy Q loll Qj'
03-28 15:51:58.984 17825 17857 D OCRProcessor: [CandyClean] 'a REGgTElIEfANDY REGGDTjEIZGgCANDv'
03-28 15:51:59.071 17825 17857 D OCRProcessor: [CandyBlock] 'a O loci d w
03-28 15:51:59.071 17825 17857 D OCRProcessor: REGISTEEL CANDY REGISTEEL CANDV'
03-28 15:51:59.113 17825 17857 D TextParser: CandyName 'O LOCI D W
03-28 15:51:59.113 17825 17857 D TextParser: REGISTEEL' -> 'Registeel'
03-28 15:51:59.133 17825 17857 D OCRProcessor: [BadgeDynamic] ''
03-28 15:51:59.134 17825 17857 D OCRProcessor: [BadgeDynamicHC] ''
03-28 15:51:59.146 17825 17857 D OCRProcessor: [BadgeFixedWM] '1 3333'
03-28 15:51:59.178 17825 17857 D OCRProcessor: [Bottom] 'a a'
03-28 15:51:59.198 17825 17857 D OCRProcessor: [Weight] '256.3kg'
03-28 15:51:59.201 17825 17857 D OCRProcessor: [Height] '2.31m'
03-28 15:51:59.269 17825 17857 D TextParser: parseDate '' -> null
03-28 15:51:59.269 17825 17857 D TextParser: parseDate '1 3333' -> null
03-28 15:51:59.269 17825 17857 D TextParser: parseDate '' -> null
03-28 15:51:59.290 17825 17857 D OCRProcessor: [BadgeBinary] '2023
03-28 15:51:59.290 17825 17857 D OCRProcessor: 03/02'
03-28 15:51:59.291 17825 17857 D TextParser: parseDate '2023
03-28 15:51:59.291 17825 17857 D TextParser: 03/02' -> Thu Mar 02 00:00:00 GMT 2023
03-28 15:51:59.291 17825 17857 D OCRProcessor: === OCR 817 ms ===
03-28 15:51:59.291 17825 17857 D OCRProcessor: CP raw='P87 CP549 1' -> 549
03-28 15:51:59.291 17825 17857 D OCRProcessor: HP raw='776/76HP' -> (76, 76)
03-28 15:51:59.291 17825 17857 D OCRProcessor: HPWM raw='376/76HP'
03-28 15:51:59.291 17825 17857 D OCRProcessor: HPClean raw='v l   HP'
03-28 15:51:59.291 17825 17857 D OCRProcessor: HPBlock raw='l   HP'
03-28 15:51:59.291 17825 17857 D OCRProcessor: LuckyLabel raw='RGQQGGBZ'
03-28 15:51:59.291 17825 17857 D OCRProcessor: LuckyLabelClean raw='RegisteeIBI'
03-28 15:51:59.291 17825 17857 D OCRProcessor: LuckyDetected -> false
03-28 15:51:59.291 17825 17857 D OCRProcessor: Candy raw='efy Q loll Qj'
03-28 15:51:59.291 17825 17857 D OCRProcessor: CandyClean raw='a REGgTElIEfANDY REGGDTjEIZGgCANDv'
03-28 15:51:59.291 17825 17857 D OCRProcessor: CandyBlock raw='a O loci d w
03-28 15:51:59.291 17825 17857 D OCRProcessor: REGISTEEL CANDY REGISTEEL CANDV'
03-28 15:51:59.291 17825 17857 D OCRProcessor: CandyWide raw=''
03-28 15:51:59.291 17825 17857 D OCRProcessor: CandyWideClean raw=''
03-28 15:51:59.291 17825 17857 D OCRProcessor: Candy -> Registeel
03-28 15:51:59.291 17825 17857 D OCRProcessor: Name raw='RegisteeIBZ'
03-28 15:51:59.291 17825 17857 D OCRProcessor: NameHC raw=''
03-28 15:51:59.291 17825 17857 D OCRProcessor: DisplayName -> Registeel
03-28 15:51:59.291 17825 17857 D OCRProcessor: Badge raw=''
03-28 15:51:59.291 17825 17857 D OCRProcessor: BadgeWM raw='1 3333'
03-28 15:51:59.291 17825 17857 D OCRProcessor: BadgeHC raw=''
03-28 15:51:59.291 17825 17857 D OCRProcessor: BadgeBinary raw='2023
03-28 15:51:59.291 17825 17857 D OCRProcessor: 03/02'
03-28 15:51:59.291 17825 17857 D OCRProcessor: BadgeDirect raw=''
03-28 15:51:59.291 17825 17857 D OCRProcessor: Bottom raw='a a'
03-28 15:51:59.291 17825 17857 D OCRProcessor: Date -> Thu Mar 02 00:00:00 GMT 2023
03-28 15:51:59.291 17825 17857 D OCRProcessor: RealName -> Registeel
03-28 15:51:59.291 17825 17857 D OCRProcessor: NameRaw -> RegisteeIBZ
03-28 15:51:59.291 17825 17857 D OCRProcessor: NameFallback -> 
03-28 15:51:59.745 17825 17856 D VisualFeatureDetector: Detecting features for pokemon: Registeel (SizeTag: null)
03-28 15:51:59.984 17825 17856 D VisualFeatureDetector: Shiny Analysis for Registeel: DistToNormal=111.71392035015153, DistToShiny=132.664991614216
03-28 15:51:59.984 17825 17856 D VisualFeatureDetector: Shiny Analysis for Registeel: DistToNormal=111.71392035015153, DistToShiny=132.664991614216
03-28 15:51:59.984 17825 17856 D VisualFeatureDetector: Shiny Hist Analysis for Registeel: normalMass=0.0055349106, shinyMass=0.24979097, refGap=90.0
03-28 15:51:59.995 17825 17856 D VisualFeatureDetector: Lucky Analysis: cardGreen=0.09736842, cardGold=0.0, focusStrict=0.0, focusSoft=0.0, supportAvg=0.0, supportMax=0.0, upperCornerAvg=0.0, upperCornerMax=0.0
03-28 15:51:59.996 17825 17856 D VisualFeatureDetector: Results: shiny=false(0.0), shadow=false(0.0), lucky=false(0.0), costume=false(0.0), locationCard=false(0.0), avgConfidence=1.0
03-28 15:51:59.996 17825 17856 D RarityCalculator: Deep Validation for Registeel (HP:76, Arc:1.0, Stardust:null, OCR_CP:549, AllOCR:[549], reliableHp=true)
03-28 15:51:59.998 17825 17856 D RarityCalculator: Current CP 549 is valid.
03-28 15:51:59.999 17825 17856 D RarityCalculator: Rules-based rarity for Registeel: shiny=false, shadow=false, lucky=false, costume=false, form=false, locationCard=false
03-28 15:52:00.115 17825 17857 D OCRProcessor: [CP] 'PC 91926 1'
03-28 15:52:00.163 17825 17857 D OCRProcessor: [CP_HC] 'CP1976 1'
03-28 15:52:00.174 17825 17857 D OCRProcessor: [HP] '128/ 128 HP'
03-28 15:52:00.181 17825 17857 D OCRProcessor: [HP_WM] '128 / 128 HP'
03-28 15:52:00.244 17825 17857 D OCRProcessor: [HPClean] 'lZS l lZG HP'
03-28 15:52:00.307 17825 17857 D OCRProcessor: [HPBlock] 'lZS l lZG HP'
03-28 15:52:00.323 17825 17857 D OCRProcessor: [LuckyLabel] 'S AWIGQ B'
03-28 15:52:00.353 17825 17857 D OCRProcessor: [LuckyLabelClean] 'SakaGl'
03-28 15:52:00.363 17825 17857 D OCRProcessor: [Name] 'SakaB'
03-28 15:52:00.365 17825 17857 D TextParser: Global match: 'sakab' -> 'paras' (d=2)
03-28 15:52:00.367 17825 17857 D TextParser: Global match: 'sakab' -> 'paras' (d=2)
03-28 15:52:00.370 17825 17857 D TextParser: Global match: 'sakab' -> 'paras' (d=2)
03-28 15:52:00.400 17825 17857 D OCRProcessor: [Candy] 'a g zszn Q zez'
03-28 15:52:00.656 17825 17857 D OCRProcessor: [CandyClean] 'a Swfiiiy jfiim'
03-28 15:52:00.732 17825 17857 D OCRProcessor: [CandyBlock] 'e ZSAl Q ZBZ
03-28 15:52:00.732 17825 17857 D OCRProcessor: SAWK CANDY SAWK CANDY XL'
03-28 15:52:00.743 17825 17857 D TextParser: CandyName 'E ZSAL Q ZBZ
03-28 15:52:00.743 17825 17857 D TextParser: SAWK' -> 'Sawk'
03-28 15:52:00.763 17825 17857 D OCRProcessor: [BadgeDynamic] ''
03-28 15:52:00.764 17825 17857 D OCRProcessor: [BadgeDynamicHC] ''
03-28 15:52:00.782 17825 17857 D OCRProcessor: [BadgeFixedWM] '1 3333'
03-28 15:52:00.927 17825 17857 D OCRProcessor: [Bottom] 'Q Poiscjrjhjsazmos IQ: W" a'
03-28 15:52:00.948 17825 17857 D OCRProcessor: [Weight] '34.97kg'
03-28 15:52:00.952 17825 17857 D OCRProcessor: [Height] '1.12m'
03-28 15:52:01.014 17825 17857 D TextParser: Global match: 'sakab' -> 'paras' (d=2)
03-28 15:52:01.014 17825 17857 D TextParser: parseDate '' -> null
03-28 15:52:01.014 17825 17857 D TextParser: parseDate '1 3333' -> null
03-28 15:52:01.014 17825 17857 D TextParser: parseDate '' -> null
03-28 15:52:01.033 17825 17857 D OCRProcessor: [BadgeBinary] '2023
03-28 15:52:01.033 17825 17857 D OCRProcessor: 17/06'
03-28 15:52:01.034 17825 17857 D TextParser: parseDate '2023
03-28 15:52:01.034 17825 17857 D TextParser: 17/06' -> Sat Jun 17 00:00:00 GMT+01:00 2023
03-28 15:52:01.034 17825 17857 D OCRProcessor: === OCR 999 ms ===
03-28 15:52:01.034 17825 17857 D OCRProcessor: CP raw='PC 91926 1' -> 1976
03-28 15:52:01.034 17825 17857 D OCRProcessor: HP raw='128/ 128 HP' -> (128, 128)
03-28 15:52:01.034 17825 17857 D OCRProcessor: HPWM raw='128 / 128 HP'
03-28 15:52:01.034 17825 17857 D OCRProcessor: HPClean raw='lZS l lZG HP'
03-28 15:52:01.034 17825 17857 D OCRProcessor: HPBlock raw='lZS l lZG HP'
03-28 15:52:01.034 17825 17857 D OCRProcessor: LuckyLabel raw='S AWIGQ B'
03-28 15:52:01.034 17825 17857 D OCRProcessor: LuckyLabelClean raw='SakaGl'
03-28 15:52:01.034 17825 17857 D OCRProcessor: LuckyDetected -> false
03-28 15:52:01.034 17825 17857 D OCRProcessor: Candy raw='a g zszn Q zez'
03-28 15:52:01.034 17825 17857 D OCRProcessor: CandyClean raw='a Swfiiiy jfiim'
03-28 15:52:01.034 17825 17857 D OCRProcessor: CandyBlock raw='e ZSAl Q ZBZ
03-28 15:52:01.034 17825 17857 D OCRProcessor: SAWK CANDY SAWK CANDY XL'
03-28 15:52:01.034 17825 17857 D OCRProcessor: CandyWide raw=''
03-28 15:52:01.034 17825 17857 D OCRProcessor: CandyWideClean raw=''
03-28 15:52:01.034 17825 17857 D OCRProcessor: Candy -> Sawk
03-28 15:52:01.034 17825 17857 D OCRProcessor: Name raw='SakaB'
03-28 15:52:01.034 17825 17857 D OCRProcessor: NameHC raw=''
03-28 15:52:01.034 17825 17857 D OCRProcessor: DisplayName -> Paras
03-28 15:52:01.034 17825 17857 D OCRProcessor: Badge raw=''
03-28 15:52:01.034 17825 17857 D OCRProcessor: BadgeWM raw='1 3333'
03-28 15:52:01.034 17825 17857 D OCRProcessor: BadgeHC raw=''
03-28 15:52:01.034 17825 17857 D OCRProcessor: BadgeBinary raw='2023
03-28 15:52:01.034 17825 17857 D OCRProcessor: 17/06'
03-28 15:52:01.034 17825 17857 D OCRProcessor: BadgeDirect raw=''
03-28 15:52:01.034 17825 17857 D OCRProcessor: Bottom raw='Q Poiscjrjhjsazmos IQ: W" a'
03-28 15:52:01.034 17825 17857 D OCRProcessor: Date -> Sat Jun 17 00:00:00 GMT+01:00 2023
03-28 15:52:01.034 17825 17857 D OCRProcessor: RealName -> Paras
03-28 15:52:01.034 17825 17857 D OCRProcessor: NameRaw -> SakaB
03-28 15:52:01.034 17825 17857 D OCRProcessor: NameFallback -> 
03-28 15:52:01.038 17825 17856 D TextParser: Global match: 'sakab' -> 'paras' (d=2)
03-28 15:52:01.059 17825 17856 D SpeciesRefiner: Species refined: current=Paras -> best=Sawk (score=0.8948873213908607, text=0.7499999999999999, fit=0.6997183034771517, size=0.5846090507153934, move=0.0, moveHint=null, candy=Sawk, candyFamilySize=1, weakName=false, nickname=false, top=[Sawk:total=0.895,text=0.750,fit=0.700,size=0.585,move=0.0 | Slakoth:total=0.392,text=0.640,fit=0.436,size=0.526,move=0.0 | Seaking:total=0.377,text=0.640,fit=0.399,size=0.754,move=0.0])
03-28 15:52:01.271 17825 17856 D TextParser: Global match: 'sakab' -> 'paras' (d=2)
03-28 15:52:01.273 17825 17856 D TextParser: Global match: 'sakab' -> 'paras' (d=2)
03-28 15:52:01.482 17825 17856 D VisualFeatureDetector: Detecting features for pokemon: Sawk (SizeTag: null)
03-28 15:52:01.719 17825 17856 D VisualFeatureDetector: Alternate shiny signature accepted for Sawk: primary=0.0, chosen=1.0
03-28 15:52:01.719 17825 17856 D VisualFeatureDetector: Shiny Analysis for Sawk: DistToNormal=111.71392035015153, DistToShiny=82.75264346230881
03-28 15:52:01.719 17825 17856 D VisualFeatureDetector: Shiny Analysis for Sawk: DistToNormal=111.71392035015153, DistToShiny=82.75264346230881
03-28 15:52:01.719 17825 17856 D VisualFeatureDetector: Signature-only shiny rejected for Sawk: signature=1.0, supports=0, strongestSupport=0.0, consensus=2, primaryMatched=false, costume=false/0.0
03-28 15:52:01.730 17825 17856 D VisualFeatureDetector: Lucky Analysis: cardGreen=0.09736842, cardGold=0.0, focusStrict=0.0, focusSoft=0.0, supportAvg=0.0, supportMax=0.0, upperCornerAvg=0.0, upperCornerMax=0.0
03-28 15:52:01.731 17825 17856 D VisualFeatureDetector: Results: shiny=false(0.0), shadow=false(0.0), lucky=false(0.0), costume=false(0.0), locationCard=false(0.0), avgConfidence=1.0
03-28 15:52:01.731 17825 17856 D RarityCalculator: Deep Validation for Sawk (HP:128, Arc:1.0, Stardust:null, OCR_CP:1976, AllOCR:[1976], reliableHp=true)
03-28 15:52:01.734 17825 17856 D RarityCalculator: Current CP 1976 is valid.
03-28 15:52:01.736 17825 17856 D RarityCalculator: Rules-based rarity for Sawk: shiny=false, shadow=false, lucky=false, costume=false, form=false, locationCard=false
03-28 15:52:01.872 17825 17857 D OCRProcessor: [CP] '811276 31'
03-28 15:52:01.920 17825 17857 D OCRProcessor: [CP_HC] 'CP1976 1'
03-28 15:52:01.932 17825 17857 D OCRProcessor: [HP] '128/128 HP'
03-28 15:52:01.939 17825 17857 D OCRProcessor: [HP_WM] '128 / 128 HP'
03-28 15:52:02.002 17825 17857 D OCRProcessor: [HPClean] 'lZS l lZG HP'
03-28 15:52:02.065 17825 17857 D OCRProcessor: [HPBlock] 'lZS l lZG HP'
03-28 15:52:02.081 17825 17857 D OCRProcessor: [LuckyLabel] 'S AWIGQ B'
03-28 15:52:02.112 17825 17857 D OCRProcessor: [LuckyLabelClean] 'SakaGl'
03-28 15:52:02.121 17825 17857 D OCRProcessor: [Name] 'SakaB'
03-28 15:52:02.123 17825 17857 D TextParser: Global match: 'sakab' -> 'paras' (d=2)
03-28 15:52:02.126 17825 17857 D TextParser: Global match: 'sakab' -> 'paras' (d=2)
03-28 15:52:02.128 17825 17857 D TextParser: Global match: 'sakab' -> 'paras' (d=2)
03-28 15:52:02.158 17825 17857 D OCRProcessor: [Candy] 'a g zszn Q zez'
03-28 15:52:02.414 17825 17857 D OCRProcessor: [CandyClean] 'a Swfiiiy jfiim'
03-28 15:52:02.491 17825 17857 D OCRProcessor: [CandyBlock] 'C e ZSAl Q ZBZ
03-28 15:52:02.491 17825 17857 D OCRProcessor: SAWK CANDY SAWK CANDY XL'
03-28 15:52:02.503 17825 17857 D TextParser: CandyName 'C E ZSAL Q ZBZ
03-28 15:52:02.503 17825 17857 D TextParser: SAWK' -> 'Sawk'
03-28 15:52:02.523 17825 17857 D OCRProcessor: [BadgeDynamic] ''
03-28 15:52:02.523 17825 17857 D OCRProcessor: [BadgeDynamicHC] ''
03-28 15:52:02.532 17825 17857 D OCRProcessor: [BadgeFixedWM] '1 3333'
03-28 15:52:02.675 17825 17857 D OCRProcessor: [Bottom] 'Q Poiscjrjhjsazmos IQ: W" a'
03-28 15:52:02.695 17825 17857 D OCRProcessor: [Weight] '34.97kg'
03-28 15:52:02.699 17825 17857 D OCRProcessor: [Height] '1.12m'
03-28 15:52:02.761 17825 17857 D TextParser: Global match: 'sakab' -> 'paras' (d=2)
03-28 15:52:02.761 17825 17857 D TextParser: parseDate '' -> null
03-28 15:52:02.761 17825 17857 D TextParser: parseDate '1 3333' -> null
03-28 15:52:02.761 17825 17857 D TextParser: parseDate '' -> null
03-28 15:52:02.782 17825 17857 D OCRProcessor: [BadgeBinary] '2023
03-28 15:52:02.782 17825 17857 D OCRProcessor: 17/06'
03-28 15:52:02.782 17825 17857 D TextParser: parseDate '2023
03-28 15:52:02.782 17825 17857 D TextParser: 17/06' -> Sat Jun 17 00:00:00 GMT+01:00 2023
03-28 15:52:02.783 17825 17857 D OCRProcessor: === OCR 1010 ms ===
03-28 15:52:02.783 17825 17857 D OCRProcessor: CP raw='811276 31' -> 1976
03-28 15:52:02.783 17825 17857 D OCRProcessor: HP raw='128/128 HP' -> (128, 128)
03-28 15:52:02.783 17825 17857 D OCRProcessor: HPWM raw='128 / 128 HP'
03-28 15:52:02.783 17825 17857 D OCRProcessor: HPClean raw='lZS l lZG HP'
03-28 15:52:02.783 17825 17857 D OCRProcessor: HPBlock raw='lZS l lZG HP'
03-28 15:52:02.783 17825 17857 D OCRProcessor: LuckyLabel raw='S AWIGQ B'
03-28 15:52:02.783 17825 17857 D OCRProcessor: LuckyLabelClean raw='SakaGl'
03-28 15:52:02.783 17825 17857 D OCRProcessor: LuckyDetected -> false
03-28 15:52:02.783 17825 17857 D OCRProcessor: Candy raw='a g zszn Q zez'
03-28 15:52:02.783 17825 17857 D OCRProcessor: CandyClean raw='a Swfiiiy jfiim'
03-28 15:52:02.783 17825 17857 D OCRProcessor: CandyBlock raw='C e ZSAl Q ZBZ
03-28 15:52:02.783 17825 17857 D OCRProcessor: SAWK CANDY SAWK CANDY XL'
03-28 15:52:02.783 17825 17857 D OCRProcessor: CandyWide raw=''
03-28 15:52:02.783 17825 17857 D OCRProcessor: CandyWideClean raw=''
03-28 15:52:02.783 17825 17857 D OCRProcessor: Candy -> Sawk
03-28 15:52:02.783 17825 17857 D OCRProcessor: Name raw='SakaB'
03-28 15:52:02.783 17825 17857 D OCRProcessor: NameHC raw=''
03-28 15:52:02.783 17825 17857 D OCRProcessor: DisplayName -> Paras
03-28 15:52:02.783 17825 17857 D OCRProcessor: Badge raw=''
03-28 15:52:02.783 17825 17857 D OCRProcessor: BadgeWM raw='1 3333'
03-28 15:52:02.783 17825 17857 D OCRProcessor: BadgeHC raw=''
03-28 15:52:02.783 17825 17857 D OCRProcessor: BadgeBinary raw='2023
03-28 15:52:02.783 17825 17857 D OCRProcessor: 17/06'
03-28 15:52:02.783 17825 17857 D OCRProcessor: BadgeDirect raw=''
03-28 15:52:02.783 17825 17857 D OCRProcessor: Bottom raw='Q Poiscjrjhjsazmos IQ: W" a'
03-28 15:52:02.783 17825 17857 D OCRProcessor: Date -> Sat Jun 17 00:00:00 GMT+01:00 2023
03-28 15:52:02.783 17825 17857 D OCRProcessor: RealName -> Paras
03-28 15:52:02.783 17825 17857 D OCRProcessor: NameRaw -> SakaB
03-28 15:52:02.783 17825 17857 D OCRProcessor: NameFallback -> 
03-28 15:52:02.786 17825 17856 D TextParser: Global match: 'sakab' -> 'paras' (d=2)
03-28 15:52:02.808 17825 17856 D SpeciesRefiner: Species refined: current=Paras -> best=Sawk (score=0.8948873213908607, text=0.7499999999999999, fit=0.6997183034771517, size=0.5846090507153934, move=0.0, moveHint=null, candy=Sawk, candyFamilySize=1, weakName=false, nickname=false, top=[Sawk:total=0.895,text=0.750,fit=0.700,size=0.585,move=0.0 | Slakoth:total=0.392,text=0.640,fit=0.436,size=0.526,move=0.0 | Seaking:total=0.377,text=0.640,fit=0.399,size=0.754,move=0.0])
03-28 15:52:03.019 17825 17856 D TextParser: Global match: 'sakab' -> 'paras' (d=2)
03-28 15:52:03.021 17825 17856 D TextParser: Global match: 'sakab' -> 'paras' (d=2)
03-28 15:52:03.232 17825 17856 D VisualFeatureDetector: Detecting features for pokemon: Sawk (SizeTag: null)
03-28 15:52:03.470 17825 17856 D VisualFeatureDetector: Alternate shiny signature accepted for Sawk: primary=0.0, chosen=1.0
03-28 15:52:03.470 17825 17856 D VisualFeatureDetector: Shiny Analysis for Sawk: DistToNormal=111.71392035015153, DistToShiny=82.75264346230881
03-28 15:52:03.470 17825 17856 D VisualFeatureDetector: Shiny Analysis for Sawk: DistToNormal=111.71392035015153, DistToShiny=82.75264346230881
03-28 15:52:03.471 17825 17856 D VisualFeatureDetector: Signature-only shiny rejected for Sawk: signature=1.0, supports=0, strongestSupport=0.0, consensus=2, primaryMatched=false, costume=false/0.0
03-28 15:52:03.486 17825 17856 D VisualFeatureDetector: Lucky Analysis: cardGreen=0.09736842, cardGold=0.0, focusStrict=0.0, focusSoft=0.0, supportAvg=0.0, supportMax=0.0, upperCornerAvg=0.0, upperCornerMax=0.0
03-28 15:52:03.487 17825 17856 D VisualFeatureDetector: Results: shiny=false(0.0), shadow=false(0.0), lucky=false(0.0), costume=false(0.0), locationCard=false(0.0), avgConfidence=1.0
03-28 15:52:03.487 17825 17856 D RarityCalculator: Deep Validation for Sawk (HP:128, Arc:1.0, Stardust:null, OCR_CP:1976, AllOCR:[1976], reliableHp=true)
03-28 15:52:03.490 17825 17856 D RarityCalculator: Current CP 1976 is valid.
03-28 15:52:03.493 17825 17856 D RarityCalculator: Rules-based rarity for Sawk: shiny=false, shadow=false, lucky=false, costume=false, form=false, locationCard=false
03-28 15:52:03.603 17825 17857 D OCRProcessor: [CP] '77 CP1461 P'
03-28 15:52:03.642 17825 17857 D OCRProcessor: [HP] '117/ 117 HP'
03-28 15:52:03.649 17825 17857 D OCRProcessor: [HP_WM] '117 / 117 HP3'
03-28 15:52:03.715 17825 17857 D OCRProcessor: [HPClean] 'll  l ltW HP'
03-28 15:52:03.779 17825 17857 D OCRProcessor: [HPBlock] 'll  l ltW HP'
03-28 15:52:03.817 17825 17857 D OCRProcessor: [LuckyLabel] 'AGYDCHCWIQ'
03-28 15:52:03.856 17825 17857 D OCRProcessor: [LuckyLabelClean] 'AerodactyIQ'
03-28 15:52:03.887 17825 17857 D OCRProcessor: [Name] 'Aerodactvlga'
03-28 15:52:03.924 17825 17857 D OCRProcessor: [Candy] 'LUlO V LUYl'
03-28 15:52:04.082 17825 17857 D OCRProcessor: [CandyClean] 'we AERthzifiANoy'
03-28 15:52:04.170 17825 17857 D OCRProcessor: [CandyBlock] 'wlo w Luau
03-28 15:52:04.170 17825 17857 D OCRProcessor: IUST AERODACTYL CANDY'
03-28 15:52:04.202 17825 17857 D TextParser: CandyName 'LUAU
03-28 15:52:04.202 17825 17857 D TextParser: IUST AERODACTYL' -> 'Aerodactyl'
03-28 15:52:04.222 17825 17857 D OCRProcessor: [BadgeDynamic] ''
03-28 15:52:04.223 17825 17857 D OCRProcessor: [BadgeDynamicHC] ''
03-28 15:52:04.242 17825 17857 D OCRProcessor: [BadgeFixedWM] '1 3333'
03-28 15:52:04.296 17825 17857 D OCRProcessor: [Bottom] 'GYMS & RAIDS [a i 2640 A'
03-28 15:52:04.317 17825 17857 D OCRProcessor: [Weight] '53.29kg'
03-28 15:52:04.322 17825 17857 D OCRProcessor: [Height] '1.8m'
03-28 15:52:04.386 17825 17857 D TextParser: parseDate '' -> null
03-28 15:52:04.386 17825 17857 D TextParser: parseDate '1 3333' -> null
03-28 15:52:04.386 17825 17857 D TextParser: parseDate '' -> null
03-28 15:52:04.404 17825 17857 D OCRProcessor: [BadgeBinary] '2023
03-28 15:52:04.404 17825 17857 D OCRProcessor: 16/09'
03-28 15:52:04.404 17825 17857 D TextParser: parseDate '2023
03-28 15:52:04.404 17825 17857 D TextParser: 16/09' -> Sat Sep 16 00:00:00 GMT+01:00 2023
03-28 15:52:04.405 17825 17857 D OCRProcessor: === OCR 874 ms ===
03-28 15:52:04.405 17825 17857 D OCRProcessor: CP raw='77 CP1461 P' -> 1461
03-28 15:52:04.405 17825 17857 D OCRProcessor: HP raw='117/ 117 HP' -> (117, 117)
03-28 15:52:04.405 17825 17857 D OCRProcessor: HPWM raw='117 / 117 HP3'
03-28 15:52:04.405 17825 17857 D OCRProcessor: HPClean raw='ll  l ltW HP'
03-28 15:52:04.405 17825 17857 D OCRProcessor: HPBlock raw='ll  l ltW HP'
03-28 15:52:04.405 17825 17857 D OCRProcessor: LuckyLabel raw='AGYDCHCWIQ'
03-28 15:52:04.405 17825 17857 D OCRProcessor: LuckyLabelClean raw='AerodactyIQ'
03-28 15:52:04.405 17825 17857 D OCRProcessor: LuckyDetected -> false
03-28 15:52:04.405 17825 17857 D OCRProcessor: Candy raw='LUlO V LUYl'
03-28 15:52:04.405 17825 17857 D OCRProcessor: CandyClean raw='we AERthzifiANoy'
03-28 15:52:04.405 17825 17857 D OCRProcessor: CandyBlock raw='wlo w Luau
03-28 15:52:04.405 17825 17857 D OCRProcessor: IUST AERODACTYL CANDY'
03-28 15:52:04.405 17825 17857 D OCRProcessor: CandyWide raw=''
03-28 15:52:04.405 17825 17857 D OCRProcessor: CandyWideClean raw=''
03-28 15:52:04.405 17825 17857 D OCRProcessor: Candy -> Aerodactyl
03-28 15:52:04.405 17825 17857 D OCRProcessor: Name raw='Aerodactvlga'
03-28 15:52:04.405 17825 17857 D OCRProcessor: NameHC raw=''
03-28 15:52:04.405 17825 17857 D OCRProcessor: DisplayName -> Aerodactyl
03-28 15:52:04.405 17825 17857 D OCRProcessor: Badge raw=''
03-28 15:52:04.405 17825 17857 D OCRProcessor: BadgeWM raw='1 3333'
03-28 15:52:04.405 17825 17857 D OCRProcessor: BadgeHC raw=''
03-28 15:52:04.405 17825 17857 D OCRProcessor: BadgeBinary raw='2023
03-28 15:52:04.405 17825 17857 D OCRProcessor: 16/09'
03-28 15:52:04.405 17825 17857 D OCRProcessor: BadgeDirect raw=''
03-28 15:52:04.405 17825 17857 D OCRProcessor: Bottom raw='GYMS & RAIDS [a i 2640 A'
03-28 15:52:04.405 17825 17857 D OCRProcessor: Date -> Sat Sep 16 00:00:00 GMT+01:00 2023
03-28 15:52:04.405 17825 17857 D OCRProcessor: RealName -> Aerodactyl
03-28 15:52:04.405 17825 17857 D OCRProcessor: NameRaw -> Aerodactvlga
03-28 15:52:04.405 17825 17857 D OCRProcessor: NameFallback -> 
03-28 15:52:04.847 17825 17856 D VisualFeatureDetector: Detecting features for pokemon: Aerodactyl (SizeTag: null)
03-28 15:52:05.101 17825 17856 D VisualFeatureDetector: Costume Analysis for Aerodactyl: HeadHue=241.0, BodyHue=330.0, RefHue=240.0, DistRef=1.0, DistBody=89.0, Dist=89.0, HeadSat=0.55676645, BodySat=0.03839779
03-28 15:52:05.102 17825 17856 D VisualFeatureDetector: Shiny Analysis for Aerodactyl: DistToNormal=143.77760604489143, DistToShiny=211.50886506243657
03-28 15:52:05.102 17825 17856 D VisualFeatureDetector: Shiny Analysis for Aerodactyl: DistToNormal=143.77760604489143, DistToShiny=211.50886506243657
03-28 15:52:05.114 17825 17856 D VisualFeatureDetector: Lucky Analysis: cardGreen=0.09736842, cardGold=0.0, focusStrict=0.0, focusSoft=0.003678161, supportAvg=0.0, supportMax=0.0, upperCornerAvg=0.0, upperCornerMax=0.0
03-28 15:52:05.115 17825 17856 D VisualFeatureDetector: Results: shiny=false(0.0), shadow=false(0.0), lucky=false(0.0), costume=false(0.0), locationCard=false(0.0), avgConfidence=1.0
03-28 15:52:05.115 17825 17856 D RarityCalculator: Deep Validation for Aerodactyl (HP:117, Arc:1.0, Stardust:null, OCR_CP:1461, AllOCR:[1461], reliableHp=true)
03-28 15:52:05.117 17825 17856 D RarityCalculator: Current CP 1461 is valid.
03-28 15:52:05.119 17825 17856 D RarityCalculator: Rules-based rarity for Aerodactyl: shiny=false, shadow=false, lucky=false, costume=true, form=false, locationCard=false
03-28 15:52:05.236 17825 17857 D OCRProcessor: [CP] '3 4162411 3 
03-28 15:52:05.236 17825 17857 D OCRProcessor: P 3'
03-28 15:52:05.282 17825 17857 D OCRProcessor: [CP_HC] '391461 2 1'
03-28 15:52:05.291 17825 17857 D OCRProcessor: [HP] '117/ 117 HP'
03-28 15:52:05.299 17825 17857 D OCRProcessor: [HP_WM] '117 / 117 HP3'
03-28 15:52:05.364 17825 17857 D OCRProcessor: [HPClean] 'll  l ltW HP'
03-28 15:52:05.427 17825 17857 D OCRProcessor: [HPBlock] 'll  l ltW HP'
03-28 15:52:05.464 17825 17857 D OCRProcessor: [LuckyLabel] 'AGYDCHCWIQ'
03-28 15:52:05.503 17825 17857 D OCRProcessor: [LuckyLabelClean] 'AerodactyIQ'
03-28 15:52:05.538 17825 17857 D OCRProcessor: [Name] 'Aerodactvlga'
03-28 15:52:05.575 17825 17857 D OCRProcessor: [Candy] 'LUlO V LUYl'
03-28 15:52:05.735 17825 17857 D OCRProcessor: [CandyClean] 'we AERthzifiANoy'
03-28 15:52:05.822 17825 17857 D OCRProcessor: [CandyBlock] 'wlo w Luau
03-28 15:52:05.822 17825 17857 D OCRProcessor: IUST AERODACTYL CANDY'
03-28 15:52:05.855 17825 17857 D TextParser: CandyName 'LUAU
03-28 15:52:05.855 17825 17857 D TextParser: IUST AERODACTYL' -> 'Aerodactyl'
03-28 15:52:05.875 17825 17857 D OCRProcessor: [BadgeDynamic] ''
03-28 15:52:05.875 17825 17857 D OCRProcessor: [BadgeDynamicHC] ''
03-28 15:52:05.893 17825 17857 D OCRProcessor: [BadgeFixedWM] '1 3333'
03-28 15:52:05.946 17825 17857 D OCRProcessor: [Bottom] 'GYMS & RAIDS [a i 2640 A'
03-28 15:52:05.967 17825 17857 D OCRProcessor: [Weight] '53.29kg'
03-28 15:52:05.971 17825 17857 D OCRProcessor: [Height] '1.8m'
03-28 15:52:06.032 17825 17857 D TextParser: parseDate '' -> null
03-28 15:52:06.032 17825 17857 D TextParser: parseDate '1 3333' -> null
03-28 15:52:06.032 17825 17857 D TextParser: parseDate '' -> null
03-28 15:52:06.053 17825 17857 D OCRProcessor: [BadgeBinary] '2023
03-28 15:52:06.053 17825 17857 D OCRProcessor: 16/09'
03-28 15:52:06.053 17825 17857 D TextParser: parseDate '2023
03-28 15:52:06.053 17825 17857 D TextParser: 16/09' -> Sat Sep 16 00:00:00 GMT+01:00 2023
03-28 15:52:06.054 17825 17857 D OCRProcessor: === OCR 898 ms ===
03-28 15:52:06.054 17825 17857 D OCRProcessor: CP raw='3 4162411 3 
03-28 15:52:06.054 17825 17857 D OCRProcessor: P 3' -> 4612
03-28 15:52:06.054 17825 17857 D OCRProcessor: HP raw='117/ 117 HP' -> (117, 117)
03-28 15:52:06.054 17825 17857 D OCRProcessor: HPWM raw='117 / 117 HP3'
03-28 15:52:06.054 17825 17857 D OCRProcessor: HPClean raw='ll  l ltW HP'
03-28 15:52:06.054 17825 17857 D OCRProcessor: HPBlock raw='ll  l ltW HP'
03-28 15:52:06.054 17825 17857 D OCRProcessor: LuckyLabel raw='AGYDCHCWIQ'
03-28 15:52:06.054 17825 17857 D OCRProcessor: LuckyLabelClean raw='AerodactyIQ'
03-28 15:52:06.054 17825 17857 D OCRProcessor: LuckyDetected -> false
03-28 15:52:06.054 17825 17857 D OCRProcessor: Candy raw='LUlO V LUYl'
03-28 15:52:06.054 17825 17857 D OCRProcessor: CandyClean raw='we AERthzifiANoy'
03-28 15:52:06.054 17825 17857 D OCRProcessor: CandyBlock raw='wlo w Luau
03-28 15:52:06.054 17825 17857 D OCRProcessor: IUST AERODACTYL CANDY'
03-28 15:52:06.054 17825 17857 D OCRProcessor: CandyWide raw=''
03-28 15:52:06.054 17825 17857 D OCRProcessor: CandyWideClean raw=''
03-28 15:52:06.054 17825 17857 D OCRProcessor: Candy -> Aerodactyl
03-28 15:52:06.054 17825 17857 D OCRProcessor: Name raw='Aerodactvlga'
03-28 15:52:06.054 17825 17857 D OCRProcessor: NameHC raw=''
03-28 15:52:06.054 17825 17857 D OCRProcessor: DisplayName -> Aerodactyl
03-28 15:52:06.054 17825 17857 D OCRProcessor: Badge raw=''
03-28 15:52:06.054 17825 17857 D OCRProcessor: BadgeWM raw='1 3333'
03-28 15:52:06.054 17825 17857 D OCRProcessor: BadgeHC raw=''
03-28 15:52:06.054 17825 17857 D OCRProcessor: BadgeBinary raw='2023
03-28 15:52:06.054 17825 17857 D OCRProcessor: 16/09'
03-28 15:52:06.054 17825 17857 D OCRProcessor: BadgeDirect raw=''
03-28 15:52:06.054 17825 17857 D OCRProcessor: Bottom raw='GYMS & RAIDS [a i 2640 A'
03-28 15:52:06.054 17825 17857 D OCRProcessor: Date -> Sat Sep 16 00:00:00 GMT+01:00 2023
03-28 15:52:06.054 17825 17857 D OCRProcessor: RealName -> Aerodactyl
03-28 15:52:06.054 17825 17857 D OCRProcessor: NameRaw -> Aerodactvlga
03-28 15:52:06.054 17825 17857 D OCRProcessor: NameFallback -> 
03-28 15:52:06.496 17825 17856 D VisualFeatureDetector: Detecting features for pokemon: Aerodactyl (SizeTag: null)
03-28 15:52:06.750 17825 17856 D VisualFeatureDetector: Costume Analysis for Aerodactyl: HeadHue=246.0, BodyHue=330.0, RefHue=240.0, DistRef=6.0, DistBody=84.0, Dist=84.0, HeadSat=0.550783, BodySat=0.038443137
03-28 15:52:06.750 17825 17856 D VisualFeatureDetector: Shiny Analysis for Aerodactyl: DistToNormal=143.77760604489143, DistToShiny=211.50886506243657
03-28 15:52:06.750 17825 17856 D VisualFeatureDetector: Shiny Analysis for Aerodactyl: DistToNormal=143.77760604489143, DistToShiny=211.50886506243657
03-28 15:52:06.761 17825 17856 D VisualFeatureDetector: Lucky Analysis: cardGreen=0.09736842, cardGold=0.0, focusStrict=0.0, focusSoft=0.003678161, supportAvg=1.321353E-4, supportMax=5.285412E-4, upperCornerAvg=0.0, upperCornerMax=0.0
03-28 15:52:06.761 17825 17856 D VisualFeatureDetector: Results: shiny=false(0.0), shadow=false(0.0), lucky=false(0.0), costume=false(0.0), locationCard=false(0.0), avgConfidence=1.0
03-28 15:52:06.762 17825 17856 D RarityCalculator: Deep Validation for Aerodactyl (HP:117, Arc:1.0, Stardust:null, OCR_CP:4612, AllOCR:[4612], reliableHp=true)
03-28 15:52:06.768 17825 17856 D RarityCalculator: Mathematical CP Estimate: 1590 (Candidates: 3072, NearArc: 0)
03-28 15:52:06.770 17825 17856 D RarityCalculator: Rules-based rarity for Aerodactyl: shiny=false, shadow=false, lucky=false, costume=true, form=false, locationCard=false
03-28 15:52:06.879 17825 17857 D OCRProcessor: [CP] 'CP3049'
03-28 15:52:06.924 17825 17857 D OCRProcessor: [HP] '174/ 174 HP 3'
03-28 15:52:06.930 17825 17857 D OCRProcessor: [HP_WM] '174 / 174 HP 3'
03-28 15:52:06.993 17825 17857 D OCRProcessor: [HPClean] 'l A l lWi HP'
03-28 15:52:07.054 17825 17857 D OCRProcessor: [HPBlock] 'l A l lWi HP'
03-28 15:52:07.113 17825 17857 D OCRProcessor: [LuckyLabel] 'MGCDQMDN'
03-28 15:52:07.147 17825 17857 D OCRProcessor: [LuckyLabelClean] 'Machamwi'
03-28 15:52:07.172 17825 17857 D OCRProcessor: [Name] 'MachamDm l'
03-28 15:52:07.240 17825 17857 D OCRProcessor: [Candy] 'a Q sAAe N eso'
03-28 15:52:07.430 17825 17857 D OCRProcessor: [CandyClean] 'a MiHiffABN DY MEOgPSCgN DY'
03-28 15:52:07.525 17825 17857 D OCRProcessor: [CandyBlock] 'a Q sMe Q eso
03-28 15:52:07.525 17825 17857 D OCRProcessor: MACHOP CANDY MACHOP CANDY'
03-28 15:52:07.533 17825 17857 D TextParser: CandyName 'A Q SME Q ESO
03-28 15:52:07.533 17825 17857 D TextParser: MACHOP' -> 'Machop'
03-28 15:52:07.572 17825 17857 D OCRProcessor: [BadgeFixed] '1 3313'
03-28 15:52:07.574 17825 17857 D OCRProcessor: [BadgeFixedHC] '1'
03-28 15:52:07.594 17825 17857 D OCRProcessor: [BadgeFixedWM] '1 3313'
03-28 15:52:07.667 17825 17857 D OCRProcessor: [Bottom] '83332131? A!”'
03-28 15:52:07.691 17825 17857 D OCRProcessor: [Weight] '193.84kg'
03-28 15:52:07.703 17825 17857 D OCRProcessor: [Height] '1 1.98m'
03-28 15:52:07.790 17825 17857 D TextParser: parseDate '1 3313' -> null
03-28 15:52:07.790 17825 17857 D TextParser: parseDate '1 3313' -> null
03-28 15:52:07.790 17825 17857 D TextParser: parseDate '1' -> null
03-28 15:52:07.826 17825 17857 D OCRProcessor: [BadgeBinary] '14. 2017 1
03-28 15:52:07.826 17825 17857 D OCRProcessor: 3  16/10'
03-28 15:52:07.826 17825 17857 D TextParser: parseDate '14. 2017 1
03-28 15:52:07.826 17825 17857 D TextParser: 3  16/10' -> Mon Oct 16 00:00:00 GMT+01:00 2017
03-28 15:52:07.827 17825 17857 D OCRProcessor: === OCR 1020 ms ===
03-28 15:52:07.827 17825 17857 D OCRProcessor: CP raw='CP3049' -> 3049
03-28 15:52:07.827 17825 17857 D OCRProcessor: HP raw='174/ 174 HP 3' -> (174, 174)
03-28 15:52:07.827 17825 17857 D OCRProcessor: HPWM raw='174 / 174 HP 3'
03-28 15:52:07.827 17825 17857 D OCRProcessor: HPClean raw='l A l lWi HP'
03-28 15:52:07.827 17825 17857 D OCRProcessor: HPBlock raw='l A l lWi HP'
03-28 15:52:07.827 17825 17857 D OCRProcessor: LuckyLabel raw='MGCDQMDN'
03-28 15:52:07.827 17825 17857 D OCRProcessor: LuckyLabelClean raw='Machamwi'
03-28 15:52:07.827 17825 17857 D OCRProcessor: LuckyDetected -> false
03-28 15:52:07.827 17825 17857 D OCRProcessor: Candy raw='a Q sAAe N eso'
03-28 15:52:07.827 17825 17857 D OCRProcessor: CandyClean raw='a MiHiffABN DY MEOgPSCgN DY'
03-28 15:52:07.827 17825 17857 D OCRProcessor: CandyBlock raw='a Q sMe Q eso
03-28 15:52:07.827 17825 17857 D OCRProcessor: MACHOP CANDY MACHOP CANDY'
03-28 15:52:07.827 17825 17857 D OCRProcessor: CandyWide raw=''
03-28 15:52:07.827 17825 17857 D OCRProcessor: CandyWideClean raw=''
03-28 15:52:07.827 17825 17857 D OCRProcessor: Candy -> Machop
03-28 15:52:07.827 17825 17857 D OCRProcessor: Name raw='MachamDm l'
03-28 15:52:07.827 17825 17857 D OCRProcessor: NameHC raw=''
03-28 15:52:07.827 17825 17857 D OCRProcessor: DisplayName -> Machamp
03-28 15:52:07.827 17825 17857 D OCRProcessor: Badge raw='1 3313'
03-28 15:52:07.827 17825 17857 D OCRProcessor: BadgeWM raw='1 3313'
03-28 15:52:07.827 17825 17857 D OCRProcessor: BadgeHC raw='1'
03-28 15:52:07.827 17825 17857 D OCRProcessor: BadgeBinary raw='14. 2017 1
03-28 15:52:07.827 17825 17857 D OCRProcessor: 3  16/10'
03-28 15:52:07.827 17825 17857 D OCRProcessor: BadgeDirect raw=''
03-28 15:52:07.827 17825 17857 D OCRProcessor: Bottom raw='83332131? A!”'
03-28 15:52:07.827 17825 17857 D OCRProcessor: Date -> Mon Oct 16 00:00:00 GMT+01:00 2017
03-28 15:52:07.827 17825 17857 D OCRProcessor: RealName -> Machamp
03-28 15:52:07.827 17825 17857 D OCRProcessor: NameRaw -> MachamDm l
03-28 15:52:07.827 17825 17857 D OCRProcessor: NameFallback -> 
03-28 15:52:08.288 17825 17856 D VisualFeatureDetector: Detecting features for pokemon: Machamp (SizeTag: null)
03-28 15:52:08.529 17825 17856 D VisualFeatureDetector: Shiny Analysis for Machamp: DistToNormal=114.54256850621083, DistToShiny=138.79481258317978
03-28 15:52:08.529 17825 17856 D VisualFeatureDetector: Shiny Analysis for Machamp: DistToNormal=114.54256850621083, DistToShiny=138.79481258317978
03-28 15:52:08.529 17825 17856 D VisualFeatureDetector: Shiny Hist Analysis for Machamp: normalMass=0.09913763, shinyMass=0.3030028, refGap=136.0
03-28 15:52:08.539 17825 17856 D VisualFeatureDetector: Lucky Analysis: cardGreen=0.09736842, cardGold=0.0, focusStrict=0.0032183907, focusSoft=0.16505747, supportAvg=0.015122151, supportMax=0.030361757, upperCornerAvg=0.017460318, upperCornerMax=0.01904762
03-28 15:52:08.540 17825 17856 D VisualFeatureDetector: Results: shiny=false(0.0), shadow=false(0.0), lucky=false(0.0), costume=false(0.0), locationCard=false(0.0), avgConfidence=1.0
03-28 15:52:08.541 17825 17856 D RarityCalculator: Deep Validation for Machamp (HP:174, Arc:1.0, Stardust:null, OCR_CP:3049, AllOCR:[3049], reliableHp=true)
03-28 15:52:08.545 17825 17856 I RarityCalculator: Trusting OCR candidate: 3049 (count=1, minLevelDiff=0.0)
03-28 15:52:08.549 17825 17856 D RarityCalculator: Rules-based rarity for Machamp: shiny=true, shadow=false, lucky=false, costume=false, form=true, locationCard=false
03-28 15:52:08.658 17825 17857 D OCRProcessor: [CP] 'CP3049'
03-28 15:52:08.703 17825 17857 D OCRProcessor: [HP] '174/174 HP 3'
03-28 15:52:08.710 17825 17857 D OCRProcessor: [HP_WM] '174 / 174 HP 3'
03-28 15:52:08.772 17825 17857 D OCRProcessor: [HPClean] 'l A l lWi HP'
03-28 15:52:08.833 17825 17857 D OCRProcessor: [HPBlock] 'l A l lWi HP'
03-28 15:52:08.899 17825 17857 D OCRProcessor: [LuckyLabel] 'MGCDQMDN'
03-28 15:52:08.937 17825 17857 D OCRProcessor: [LuckyLabelClean] 'Machamwi'
03-28 15:52:08.962 17825 17857 D OCRProcessor: [Name] 'MachamDm l'
03-28 15:52:09.028 17825 17857 D OCRProcessor: [Candy] 'a Q sAAe CA eso'
03-28 15:52:09.218 17825 17857 D OCRProcessor: [CandyClean] 'a MiHiffABN DY MEOgPSCgN DY'
03-28 15:52:09.312 17825 17857 D OCRProcessor: [CandyBlock] 'a Q sMe Q eso
03-28 15:52:09.312 17825 17857 D OCRProcessor: MACHOP CANDY MACHOP CANDY'
03-28 15:52:09.320 17825 17857 D TextParser: CandyName 'A Q SME Q ESO
03-28 15:52:09.320 17825 17857 D TextParser: MACHOP' -> 'Machop'
03-28 15:52:09.360 17825 17857 D OCRProcessor: [BadgeFixed] '1 3313'
03-28 15:52:09.361 17825 17857 D OCRProcessor: [BadgeFixedHC] '1'
03-28 15:52:09.381 17825 17857 D OCRProcessor: [BadgeFixedWM] '1 3313'
03-28 15:52:09.453 17825 17857 D OCRProcessor: [Bottom] '83332131? A!”'
03-28 15:52:09.477 17825 17857 D OCRProcessor: [Weight] '193.84kg'
03-28 15:52:09.489 17825 17857 D OCRProcessor: [Height] '1 1.98m'
03-28 15:52:09.574 17825 17857 D TextParser: parseDate '1 3313' -> null
03-28 15:52:09.574 17825 17857 D TextParser: parseDate '1 3313' -> null
03-28 15:52:09.574 17825 17857 D TextParser: parseDate '1' -> null
03-28 15:52:09.603 17825 17857 D OCRProcessor: [BadgeBinary] '14. 2017 1
03-28 15:52:09.603 17825 17857 D OCRProcessor: 3  16/10'
03-28 15:52:09.603 17825 17857 D TextParser: parseDate '14. 2017 1
03-28 15:52:09.603 17825 17857 D TextParser: 3  16/10' -> Mon Oct 16 00:00:00 GMT+01:00 2017
03-28 15:52:09.604 17825 17857 D OCRProcessor: === OCR 1016 ms ===
03-28 15:52:09.604 17825 17857 D OCRProcessor: CP raw='CP3049' -> 3049
03-28 15:52:09.604 17825 17857 D OCRProcessor: HP raw='174/174 HP 3' -> (174, 174)
03-28 15:52:09.604 17825 17857 D OCRProcessor: HPWM raw='174 / 174 HP 3'
03-28 15:52:09.604 17825 17857 D OCRProcessor: HPClean raw='l A l lWi HP'
03-28 15:52:09.604 17825 17857 D OCRProcessor: HPBlock raw='l A l lWi HP'
03-28 15:52:09.604 17825 17857 D OCRProcessor: LuckyLabel raw='MGCDQMDN'
03-28 15:52:09.604 17825 17857 D OCRProcessor: LuckyLabelClean raw='Machamwi'
03-28 15:52:09.604 17825 17857 D OCRProcessor: LuckyDetected -> false
03-28 15:52:09.604 17825 17857 D OCRProcessor: Candy raw='a Q sAAe CA eso'
03-28 15:52:09.604 17825 17857 D OCRProcessor: CandyClean raw='a MiHiffABN DY MEOgPSCgN DY'
03-28 15:52:09.604 17825 17857 D OCRProcessor: CandyBlock raw='a Q sMe Q eso
03-28 15:52:09.604 17825 17857 D OCRProcessor: MACHOP CANDY MACHOP CANDY'
03-28 15:52:09.604 17825 17857 D OCRProcessor: CandyWide raw=''
03-28 15:52:09.604 17825 17857 D OCRProcessor: CandyWideClean raw=''
03-28 15:52:09.604 17825 17857 D OCRProcessor: Candy -> Machop
03-28 15:52:09.604 17825 17857 D OCRProcessor: Name raw='MachamDm l'
