03-28 15:26:25.067 13879 14727 D OCRProcessor: NameHC raw=''
03-28 15:26:25.067 13879 14727 D OCRProcessor: DisplayName -> Rowlet
03-28 15:26:25.067 13879 14727 D OCRProcessor: Badge raw='2024
03-28 15:26:25.067 13879 14727 D OCRProcessor: 0211 1'
03-28 15:26:25.067 13879 14727 D OCRProcessor: BadgeWM raw='2 53253'
03-28 15:26:25.067 13879 14727 D OCRProcessor: BadgeHC raw='1'
03-28 15:26:25.067 13879 14727 D OCRProcessor: BadgeBinary raw=''
03-28 15:26:25.067 13879 14727 D OCRProcessor: BadgeDirect raw=''
03-28 15:26:25.067 13879 14727 D OCRProcessor: Bottom raw=''
03-28 15:26:25.067 13879 14727 D OCRProcessor: Date -> Sun Feb 11 00:00:00 GMT 2024
03-28 15:26:25.067 13879 14727 D OCRProcessor: RealName -> Rowlet
03-28 15:26:25.067 13879 14727 D OCRProcessor: NameRaw -> Rowlet O
03-28 15:26:25.067 13879 14727 D OCRProcessor: NameFallback -> 
03-28 15:26:25.070 13879 14727 D ScanManager: Early exit: high-confidence OCR frame found after 1 frames
03-28 15:26:25.070 13879 14727 D ScanManager: Sequential OCR: 1 frames in 478ms (avg 478ms/frame)
03-28 15:26:25.070 13879 14727 D ScanManager: Best frame selected: CP=548, Name=Rowlet, HP=null, Arc=1.0
03-28 15:26:25.089 13879 14727 D ScanManager: Detailed OCR skipped: cp/name/date already reliable (cpQuality=1.0)
03-28 15:26:25.135 13879 14727 D SpeciesRefiner: Species kept: current=Rowlet raw='Rowlet O' candy=null candyFamilySize=0 move=null weakName=false nickname=false top=[Rookidee:total=0.279,text=0.763,fit=0.050,size=0.000,move=0.0 | Roselia:total=0.270,text=0.736,fit=0.050,size=0.000,move=0.0 | Golett:total=0.251,text=0.679,fit=0.050,size=0.000,move=0.0]
03-28 15:26:26.589 13879 14727 D ScanManager: Variant classifier(global): species=Dartrix, sprite=722_00_CFALL_2024_shiny, type=form, shiny=true, costume=false, score=0.49345893, confidence=0.41793558, top=[Dartrix:0.493, Decidueye:0.573, Rowlet:0.612]
03-28 15:26:26.590 13879 14727 D ScanManager: Variant classifier(species): species=Dartrix, sprite=722_00_CFALL_2024_shiny, type=form, shiny=true, costume=false, score=0.49345893, confidence=0.40526846, top=[722_00_CFALL_2024_shiny:0.493, 722_00_shiny:0.514, 722_00_CFALL_2024:0.566]
03-28 15:26:26.590 13879 14727 D ScanManager: Variant classifier rescue(species): species=Dartrix, sprite=722_00_CFALL_2024_shiny, type=form, shiny=true, costume=false, score=0.49345893, confidence=0.52
03-28 15:26:26.590 13879 14727 D VisualFeatureDetector: Detecting features for pokemon: Rowlet (SizeTag: null)
03-28 15:26:27.359 13879 14727 D VisualFeatureDetector: Lucky Analysis: cardGreen=0.09736842, cardGold=0.0, focusStrict=0.0, focusSoft=0.096551724, supportAvg=0.05507106, supportMax=0.12726098, upperCornerAvg=0.12301587, upperCornerMax=0.24603175
03-28 15:26:27.362 13879 14727 D VisualFeatureDetector: Results: shiny=false(0.0), shadow=false(0.0), lucky=false(0.0), costume=false(0.0), locationCard=false(0.0), avgConfidence=1.0
03-28 15:26:27.363 13879 14727 D RarityCalculator: Rules-based rarity for Rowlet: shiny=false, shadow=false, lucky=false, costume=false, form=false, locationCard=false
03-28 15:26:27.366 13879 14727 D ScanManager: processScanSequence: overlay dispatched in 3024ms
03-28 15:26:34.900 13879 13879 D ScanManager: onReceive: action=com.pokerarity.scanner.SCREENSHOT_READY, extras=extra_screenshot_paths
03-28 15:26:34.900 13879 13879 D ScanManager: onReceive: paths size=2
03-28 15:26:34.900 13879 13879 D ScanManager: processScanSequence: starting with 2 frames
03-28 15:26:35.109 13879 13903 D ScanManager: Parallel decode + preprocess: 2 frames in 209ms (avg 104ms/frame)
03-28 15:26:35.226 13879 13902 D OCRProcessor: [CP] 'CP1817'
03-28 15:26:35.257 13879 13902 D OCRProcessor: [Name] 'Snorlax l'
03-28 15:26:35.469 13879 13902 D OCRProcessor: [BadgeDynamic] '2024
03-28 15:26:35.469 13879 13902 D OCRProcessor: 23111'
03-28 15:26:35.516 13879 13902 D OCRProcessor: [BadgeDynamicHC] '1'
03-28 15:26:35.579 13879 13902 D OCRProcessor: [BadgeFixedWM] '2 33253'
03-28 15:26:35.621 13879 13902 D TextParser: parseDate '2024
03-28 15:26:35.621 13879 13902 D TextParser: 23111' -> Sat Nov 23 00:00:00 GMT 2024
03-28 15:26:35.622 13879 13902 D OCRProcessor: === OCR 512 ms ===
03-28 15:26:35.622 13879 13902 D OCRProcessor: CP raw='CP1817' -> 1817
03-28 15:26:35.622 13879 13902 D OCRProcessor: HP raw='' -> null
03-28 15:26:35.622 13879 13902 D OCRProcessor: HPWM raw=''
03-28 15:26:35.622 13879 13902 D OCRProcessor: HPClean raw=''
03-28 15:26:35.622 13879 13902 D OCRProcessor: HPBlock raw=''
03-28 15:26:35.622 13879 13902 D OCRProcessor: LuckyLabel raw=''
03-28 15:26:35.622 13879 13902 D OCRProcessor: LuckyLabelClean raw=''
03-28 15:26:35.622 13879 13902 D OCRProcessor: LuckyDetected -> false
03-28 15:26:35.622 13879 13902 D OCRProcessor: Candy raw=''
03-28 15:26:35.622 13879 13902 D OCRProcessor: CandyClean raw=''
03-28 15:26:35.622 13879 13902 D OCRProcessor: CandyBlock raw=''
03-28 15:26:35.622 13879 13902 D OCRProcessor: CandyWide raw=''
03-28 15:26:35.622 13879 13902 D OCRProcessor: CandyWideClean raw=''
03-28 15:26:35.622 13879 13902 D OCRProcessor: Candy -> null
03-28 15:26:35.622 13879 13902 D OCRProcessor: Name raw='Snorlax l'
03-28 15:26:35.622 13879 13902 D OCRProcessor: NameHC raw=''
03-28 15:26:35.622 13879 13902 D OCRProcessor: DisplayName -> Snorlax
03-28 15:26:35.622 13879 13902 D OCRProcessor: Badge raw='2024
03-28 15:26:35.622 13879 13902 D OCRProcessor: 23111'
03-28 15:26:35.622 13879 13902 D OCRProcessor: BadgeWM raw='2 33253'
03-28 15:26:35.622 13879 13902 D OCRProcessor: BadgeHC raw='1'
03-28 15:26:35.622 13879 13902 D OCRProcessor: BadgeBinary raw=''
03-28 15:26:35.622 13879 13902 D OCRProcessor: BadgeDirect raw=''
03-28 15:26:35.622 13879 13902 D OCRProcessor: Bottom raw=''
03-28 15:26:35.622 13879 13902 D OCRProcessor: Date -> Sat Nov 23 00:00:00 GMT 2024
03-28 15:26:35.622 13879 13902 D OCRProcessor: RealName -> Snorlax
03-28 15:26:35.622 13879 13902 D OCRProcessor: NameRaw -> Snorlax l
03-28 15:26:35.622 13879 13902 D OCRProcessor: NameFallback -> 
03-28 15:26:35.625 13879 13902 D ScanManager: Early exit: high-confidence OCR frame found after 1 frames
03-28 15:26:35.625 13879 13902 D ScanManager: Sequential OCR: 1 frames in 516ms (avg 516ms/frame)
03-28 15:26:35.625 13879 13902 D ScanManager: Best frame selected: CP=1817, Name=Snorlax, HP=null, Arc=1.0
03-28 15:26:35.661 13879 13902 D ScanManager: Detailed OCR skipped: cp/name/date already reliable (cpQuality=1.0)
03-28 15:26:35.739 13879 13902 D SpeciesRefiner: Species kept: current=Snorlax raw='Snorlax l' candy=null candyFamilySize=0 move=null weakName=false nickname=false top=[Snorunt:total=0.360,text=1.000,fit=0.050,size=0.000,move=0.0 | Snover:total=0.291,text=0.796,fit=0.050,size=0.000,move=0.0 | Anorith:total=0.263,text=0.714,fit=0.050,size=0.000,move=0.0]
03-28 15:26:37.244 13879 13902 D ScanManager: Variant classifier(global): species=Snorlax, sprite=143_00_GOFEST_2022_NOEVOLVE, type=costume, shiny=false, costume=true, score=0.41743898, confidence=0.43884954, top=[Snorlax:0.417, Munchlax:0.465]
03-28 15:26:37.244 13879 13902 D ScanManager: Variant classifier(species): species=Snorlax, sprite=143_00_GOFEST_2022_NOEVOLVE, type=costume, shiny=false, costume=true, score=0.41743898, confidence=0.567943, top=[143_00_GOFEST_2022_NOEVOLVE:0.417, 143_00:0.481, 143_00_FWILDAREA_2024:0.483]
03-28 15:26:37.244 13879 13902 D ScanManager: Variant classifier rescue(species): species=Snorlax, sprite=143_00_GOFEST_2022_NOEVOLVE, type=costume, shiny=false, costume=true, score=0.41743898, confidence=0.567943
03-28 15:26:37.245 13879 13902 D VisualFeatureDetector: Detecting features for pokemon: Snorlax (SizeTag: null)
03-28 15:26:38.032 13879 13902 D VisualFeatureDetector: Costume Analysis for Snorlax: HeadHue=45.0, BodyHue=155.0, RefHue=60.0, DistRef=15.0, DistBody=110.0, Dist=110.0, HeadSat=0.210735, BodySat=0.05084669
03-28 15:26:38.033 13879 13902 D VisualFeatureDetector: Shiny Analysis for Snorlax: DistToNormal=102.76186062932103, DistToShiny=213.61647876509903
03-28 15:26:38.033 13879 13902 D VisualFeatureDetector: Shiny Analysis for Snorlax: DistToNormal=102.76186062932103, DistToShiny=213.61647876509903
03-28 15:26:38.033 13879 13902 D VisualFeatureDetector: Shiny Hist Analysis for Snorlax: normalMass=0.321293, shinyMass=0.08933301, refGap=160.0
03-28 15:26:38.064 13879 13902 D VisualFeatureDetector: Lucky Analysis: cardGreen=0.09736842, cardGold=0.0, focusStrict=0.0, focusSoft=0.022068966, supportAvg=0.12589559, supportMax=0.26585624, upperCornerAvg=0.4079365, upperCornerMax=0.5888889
03-28 15:26:38.067 13879 13902 D VisualFeatureDetector: Results: shiny=false(0.0), shadow=false(0.0), lucky=false(0.0), costume=false(0.0), locationCard=false(0.0), avgConfidence=1.0
03-28 15:26:38.074 13879 13902 D RarityCalculator: Rules-based rarity for Snorlax: shiny=false, shadow=false, lucky=false, costume=true, form=false, locationCard=false
03-28 15:26:38.077 13879 13902 D ScanManager: processScanSequence: overlay dispatched in 3176ms
03-28 15:26:47.875 13879 13879 D ScanManager: onReceive: action=com.pokerarity.scanner.SCREENSHOT_READY, extras=extra_screenshot_paths
03-28 15:26:47.875 13879 13879 D ScanManager: onReceive: paths size=2
03-28 15:26:47.875 13879 13879 D ScanManager: processScanSequence: starting with 2 frames
03-28 15:26:48.078 13879 13901 D ScanManager: Parallel decode + preprocess: 2 frames in 202ms (avg 101ms/frame)
03-28 15:26:48.178 13879 13903 D OCRProcessor: [CP] 'CP663'
03-28 15:26:48.216 13879 13903 D OCRProcessor: [Name] 'Duztrio l'
03-28 15:26:48.452 13879 13903 D OCRProcessor: [BadgeFixed] '2 15351'
03-28 15:26:48.498 13879 13903 D OCRProcessor: [BadgeFixedHC] '1'
03-28 15:26:48.576 13879 13903 D OCRProcessor: [BadgeFixedWM] '2 15351'
03-28 15:26:48.612 13879 13903 D TextParser: parseDate '2 15351' -> null
03-28 15:26:48.612 13879 13903 D TextParser: parseDate '2 15351' -> null
03-28 15:26:48.612 13879 13903 D TextParser: parseDate '1' -> null
03-28 15:26:48.701 13879 13903 D OCRProcessor: [BadgeBinary] '24. 2025
03-28 15:26:48.701 13879 13903 D OCRProcessor: 22 16/01'
03-28 15:26:48.702 13879 13903 D TextParser: parseDate '24. 2025
03-28 15:26:48.702 13879 13903 D TextParser: 22 16/01' -> Thu Jan 16 00:00:00 GMT 2025
03-28 15:26:48.704 13879 13903 D OCRProcessor: === OCR 624 ms ===
03-28 15:26:48.704 13879 13903 D OCRProcessor: CP raw='CP663' -> 663
03-28 15:26:48.704 13879 13903 D OCRProcessor: HP raw='' -> null
03-28 15:26:48.704 13879 13903 D OCRProcessor: HPWM raw=''
03-28 15:26:48.704 13879 13903 D OCRProcessor: HPClean raw=''
03-28 15:26:48.704 13879 13903 D OCRProcessor: HPBlock raw=''
03-28 15:26:48.704 13879 13903 D OCRProcessor: LuckyLabel raw=''
03-28 15:26:48.704 13879 13903 D OCRProcessor: LuckyLabelClean raw=''
03-28 15:26:48.704 13879 13903 D OCRProcessor: LuckyDetected -> false
03-28 15:26:48.704 13879 13903 D OCRProcessor: Candy raw=''
03-28 15:26:48.704 13879 13903 D OCRProcessor: CandyClean raw=''
03-28 15:26:48.704 13879 13903 D OCRProcessor: CandyBlock raw=''
03-28 15:26:48.704 13879 13903 D OCRProcessor: CandyWide raw=''
03-28 15:26:48.704 13879 13903 D OCRProcessor: CandyWideClean raw=''
03-28 15:26:48.704 13879 13903 D OCRProcessor: Candy -> null
03-28 15:26:48.704 13879 13903 D OCRProcessor: Name raw='Duztrio l'
03-28 15:26:48.704 13879 13903 D OCRProcessor: NameHC raw=''
03-28 15:26:48.704 13879 13903 D OCRProcessor: DisplayName -> Dugtrio
03-28 15:26:48.704 13879 13903 D OCRProcessor: Badge raw='2 15351'
03-28 15:26:48.704 13879 13903 D OCRProcessor: BadgeWM raw='2 15351'
03-28 15:26:48.704 13879 13903 D OCRProcessor: BadgeHC raw='1'
03-28 15:26:48.704 13879 13903 D OCRProcessor: BadgeBinary raw='24. 2025
03-28 15:26:48.704 13879 13903 D OCRProcessor: 22 16/01'
03-28 15:26:48.704 13879 13903 D OCRProcessor: BadgeDirect raw=''
03-28 15:26:48.704 13879 13903 D OCRProcessor: Bottom raw=''
03-28 15:26:48.704 13879 13903 D OCRProcessor: Date -> Thu Jan 16 00:00:00 GMT 2025
03-28 15:26:48.704 13879 13903 D OCRProcessor: RealName -> Dugtrio
03-28 15:26:48.704 13879 13903 D OCRProcessor: NameRaw -> Duztrio l
03-28 15:26:48.704 13879 13903 D OCRProcessor: NameFallback -> 
03-28 15:26:48.707 13879 13903 D ScanManager: Early exit: high-confidence OCR frame found after 1 frames
03-28 15:26:48.707 13879 13903 D ScanManager: Sequential OCR: 1 frames in 629ms (avg 629ms/frame)
03-28 15:26:48.707 13879 13903 D ScanManager: Best frame selected: CP=663, Name=Dugtrio, HP=null, Arc=1.0
03-28 15:26:48.738 13879 13903 D ScanManager: Detailed OCR skipped: cp/name/date already reliable (cpQuality=1.0)
03-28 15:26:48.809 13879 13903 D SpeciesRefiner: Species kept: current=Dugtrio raw='Duztrio l' candy=null candyFamilySize=0 move=null weakName=false nickname=false top=[Dartrix:total=0.310,text=0.854,fit=0.050,size=0.000,move=0.0 | Duosion:total=0.290,text=0.794,fit=0.050,size=0.000,move=0.0 | Duskull:total=0.282,text=0.771,fit=0.050,size=0.000,move=0.0]
03-28 15:26:50.242 13879 13903 D ScanManager: Variant classifier(global): species=Dugtrio, sprite=051_00, type=base, shiny=false, costume=false, score=0.4916397, confidence=0.28956175, top=[Dugtrio:0.492, Diglett:0.496]
03-28 15:26:50.243 13879 13903 D ScanManager: Variant classifier(species): species=Dugtrio, sprite=051_00, type=base, shiny=false, costume=false, score=0.4916397, confidence=0.36910483, top=[051_00:0.492, 051_00_FALOLA_shiny:0.497, 051_61_shiny:0.506]
03-28 15:26:50.243 13879 13903 D VisualFeatureDetector: Detecting features for pokemon: Dugtrio (SizeTag: null)
03-28 15:26:50.965 13879 13903 D VisualFeatureDetector: Shiny Analysis for Dugtrio: DistToNormal=75.47184905645283, DistToShiny=122.11470017978998
03-28 15:26:50.965 13879 13903 D VisualFeatureDetector: Shiny Analysis for Dugtrio: DistToNormal=75.47184905645283, DistToShiny=122.11470017978998
03-28 15:26:50.996 13879 13903 D VisualFeatureDetector: Lucky Analysis: cardGreen=0.09736842, cardGold=0.0, focusStrict=0.0, focusSoft=2.2988506E-4, supportAvg=0.0, supportMax=0.0, upperCornerAvg=0.0, upperCornerMax=0.0
03-28 15:26:50.999 13879 13903 D VisualFeatureDetector: Results: shiny=false(0.0), shadow=false(0.0), lucky=false(0.0), costume=false(0.0), locationCard=false(0.0), avgConfidence=1.0
03-28 15:26:51.004 13879 13903 D RarityCalculator: Rules-based rarity for Dugtrio: shiny=false, shadow=false, lucky=false, costume=false, form=false, locationCard=false
03-28 15:26:51.006 13879 13903 D ScanManager: processScanSequence: overlay dispatched in 3130ms
03-28 15:26:58.760 13879 13879 D ScanManager: onReceive: action=com.pokerarity.scanner.SCREENSHOT_READY, extras=extra_screenshot_paths
03-28 15:26:58.760 13879 13879 D ScanManager: onReceive: paths size=2
03-28 15:26:58.760 13879 13879 D ScanManager: processScanSequence: starting with 2 frames
03-28 15:26:58.960 13879 14727 D ScanManager: Parallel decode + preprocess: 2 frames in 199ms (avg 99ms/frame)
03-28 15:26:59.090 13879 13901 D OCRProcessor: [CP] 'P CP523'
03-28 15:26:59.111 13879 13901 D OCRProcessor: [Name] 'Pikachu'
03-28 15:26:59.262 13879 13901 D OCRProcessor: [BadgeFixed] '2 33313'
03-28 15:26:59.312 13879 13901 D OCRProcessor: [BadgeFixedHC] '1'
03-28 15:26:59.393 13879 13901 D OCRProcessor: [BadgeFixedWM] '2 33313'
03-28 15:26:59.408 13879 13901 D TextParser: parseDate '2 33313' -> null
03-28 15:26:59.408 13879 13901 D TextParser: parseDate '2 33313' -> null
03-28 15:26:59.408 13879 13901 D TextParser: parseDate '1' -> null
03-28 15:26:59.513 13879 13901 D OCRProcessor: [BadgeBinary] '24. 2025 2
03-28 15:26:59.513 13879 13901 D OCRProcessor: 22 24/08'
03-28 15:26:59.513 13879 13901 D TextParser: parseDate '24. 2025 2
03-28 15:26:59.513 13879 13901 D TextParser: 22 24/08' -> Sun Aug 24 00:00:00 GMT+01:00 2025
03-28 15:26:59.515 13879 13901 D OCRProcessor: === OCR 553 ms ===
03-28 15:26:59.515 13879 13901 D OCRProcessor: CP raw='P CP523' -> 523
03-28 15:26:59.515 13879 13901 D OCRProcessor: HP raw='' -> null
03-28 15:26:59.515 13879 13901 D OCRProcessor: HPWM raw=''
03-28 15:26:59.515 13879 13901 D OCRProcessor: HPClean raw=''
03-28 15:26:59.515 13879 13901 D OCRProcessor: HPBlock raw=''
03-28 15:26:59.515 13879 13901 D OCRProcessor: LuckyLabel raw=''
03-28 15:26:59.515 13879 13901 D OCRProcessor: LuckyLabelClean raw=''
03-28 15:26:59.515 13879 13901 D OCRProcessor: LuckyDetected -> false
03-28 15:26:59.515 13879 13901 D OCRProcessor: Candy raw=''
03-28 15:26:59.515 13879 13901 D OCRProcessor: CandyClean raw=''
03-28 15:26:59.515 13879 13901 D OCRProcessor: CandyBlock raw=''
03-28 15:26:59.515 13879 13901 D OCRProcessor: CandyWide raw=''
03-28 15:26:59.515 13879 13901 D OCRProcessor: CandyWideClean raw=''
03-28 15:26:59.515 13879 13901 D OCRProcessor: Candy -> null
03-28 15:26:59.515 13879 13901 D OCRProcessor: Name raw='Pikachu'
03-28 15:26:59.515 13879 13901 D OCRProcessor: NameHC raw=''
03-28 15:26:59.515 13879 13901 D OCRProcessor: DisplayName -> Pikachu
03-28 15:26:59.515 13879 13901 D OCRProcessor: Badge raw='2 33313'
03-28 15:26:59.515 13879 13901 D OCRProcessor: BadgeWM raw='2 33313'
03-28 15:26:59.515 13879 13901 D OCRProcessor: BadgeHC raw='1'
03-28 15:26:59.515 13879 13901 D OCRProcessor: BadgeBinary raw='24. 2025 2
03-28 15:26:59.515 13879 13901 D OCRProcessor: 22 24/08'
03-28 15:26:59.515 13879 13901 D OCRProcessor: BadgeDirect raw=''
03-28 15:26:59.515 13879 13901 D OCRProcessor: Bottom raw=''
03-28 15:26:59.515 13879 13901 D OCRProcessor: Date -> Sun Aug 24 00:00:00 GMT+01:00 2025
03-28 15:26:59.515 13879 13901 D OCRProcessor: RealName -> Pikachu
03-28 15:26:59.515 13879 13901 D OCRProcessor: NameRaw -> Pikachu
03-28 15:26:59.515 13879 13901 D OCRProcessor: NameFallback -> 
03-28 15:26:59.518 13879 13901 D ScanManager: Early exit: high-confidence OCR frame found after 1 frames
03-28 15:26:59.518 13879 13901 D ScanManager: Sequential OCR: 1 frames in 558ms (avg 558ms/frame)
03-28 15:26:59.518 13879 13901 D ScanManager: Best frame selected: CP=523, Name=Pikachu, HP=null, Arc=1.0
03-28 15:26:59.527 13879 13901 D ScanManager: Detailed OCR skipped: cp/name/date already reliable (cpQuality=0.8)
03-28 15:26:59.545 13879 13901 D SpeciesRefiner: Species kept: current=Pikachu raw='Pikachu' candy=null candyFamilySize=0 move=null weakName=false nickname=false top=[Pichu:total=0.347,text=0.843,fit=0.050,size=0.000,move=0.0 | Pikipek:total=0.303,text=0.831,fit=0.050,size=0.000,move=0.0 | Pineco:total=0.270,text=0.736,fit=0.050,size=0.000,move=0.0]
03-28 15:27:00.973 13879 13901 D ScanManager: Variant classifier(global): species=Pikachu, sprite=025_00_FFLYING_03, type=costume, shiny=false, costume=true, score=0.42977887, confidence=0.37408876, top=[Pikachu:0.430, Pichu:0.469, Raichu:0.512]
03-28 15:27:00.973 13879 13901 D ScanManager: Variant classifier(species): species=Pikachu, sprite=025_00_FFLYING_03, type=costume, shiny=false, costume=true, score=0.42977887, confidence=0.40503636, top=[025_00_FFLYING_03:0.430, 025_00_FFLYING_03_shiny:0.432, 025_01_PGO_5THANNIVERSARY:0.451]
03-28 15:27:00.973 13879 13901 D ScanManager: Variant classifier rescue(species): species=Pikachu, sprite=025_00_FFLYING_03, type=costume, shiny=false, costume=true, score=0.42977887, confidence=0.52
03-28 15:27:00.973 13879 13901 D VisualFeatureDetector: Detecting features for pokemon: Pikachu (SizeTag: null)
03-28 15:27:01.748 13879 13901 D VisualFeatureDetector: Costume Analysis for Pikachu: HeadHue=209.0, BodyHue=155.0, RefHue=54.11765, DistRef=154.88235, DistBody=54.0, Dist=54.0, HeadSat=0.657888, BodySat=0.05490357
03-28 15:27:01.748 13879 13901 D VisualFeatureDetector: Costume heuristic fallback accepted for Pikachu
03-28 15:27:01.749 13879 13901 D VisualFeatureDetector: Shiny Analysis for Pikachu: DistToNormal=182.35405123001792, DistToShiny=182.51849221380283
03-28 15:27:01.749 13879 13901 D VisualFeatureDetector: Shiny Analysis for Pikachu: DistToNormal=182.35405123001792, DistToShiny=182.51849221380283
03-28 15:27:01.781 13879 13901 D VisualFeatureDetector: Lucky Analysis: cardGreen=0.09736842, cardGold=0.0, focusStrict=0.017931035, focusSoft=0.031724136, supportAvg=0.007267442, supportMax=0.020084567, upperCornerAvg=0.0, upperCornerMax=0.0
03-28 15:27:01.783 13879 13901 D VisualFeatureDetector: Results: shiny=false(0.0), shadow=false(0.0), lucky=false(0.0), costume=true(0.64630854), locationCard=false(0.0), avgConfidence=0.64630854
03-28 15:27:01.806 13879 13901 D RarityCalculator: Rules-based rarity for Pikachu: shiny=false, shadow=false, lucky=false, costume=true, form=false, locationCard=false
03-28 15:27:01.808 13879 13901 D ScanManager: processScanSequence: overlay dispatched in 3047ms
03-28 15:27:12.426 13879 13879 D ScanManager: onReceive: action=com.pokerarity.scanner.SCREENSHOT_READY, extras=extra_screenshot_paths
03-28 15:27:12.426 13879 13879 D ScanManager: onReceive: paths size=2
03-28 15:27:12.426 13879 13879 D ScanManager: processScanSequence: starting with 2 frames
03-28 15:27:12.638 13879 14727 D ScanManager: Parallel decode + preprocess: 2 frames in 212ms (avg 106ms/frame)
03-28 15:27:12.768 13879 14727 D OCRProcessor: [CP] 'CP580'
03-28 15:27:12.788 13879 14727 D OCRProcessor: [Name] 'Pikachu'
03-28 15:27:12.864 13879 14727 D OCRProcessor: [BadgeFixed] '.'
03-28 15:27:12.911 13879 14727 D OCRProcessor: [BadgeFixedHC] '.'
03-28 15:27:12.915 13879 14727 D OCRProcessor: [BadgeFixedWM] '.'
03-28 15:27:12.929 13879 14727 D TextParser: parseDate '.' -> null
03-28 15:27:12.929 13879 14727 D TextParser: parseDate '.' -> null
03-28 15:27:12.929 13879 14727 D TextParser: parseDate '.' -> null
03-28 15:27:12.960 13879 14727 D OCRProcessor: [BadgeBinary] ''
03-28 15:27:12.965 13879 14727 D OCRProcessor: [BadgeBinaryAuto] ''
03-28 15:27:12.974 13879 14727 D OCRProcessor: [BadgeBinaryAuto2x] ''
03-28 15:27:12.974 13879 14727 D TextParser: parseDate '' -> null
03-28 15:27:12.981 13879 14727 D OCRProcessor: [BadgeDirect] ''
03-28 15:27:12.981 13879 14727 D TextParser: parseDate '' -> null
03-28 15:27:12.983 13879 14727 D OCRProcessor: === OCR 344 ms ===
03-28 15:27:12.983 13879 14727 D OCRProcessor: CP raw='CP580' -> 580
03-28 15:27:12.983 13879 14727 D OCRProcessor: HP raw='' -> null
03-28 15:27:12.983 13879 14727 D OCRProcessor: HPWM raw=''
03-28 15:27:12.983 13879 14727 D OCRProcessor: HPClean raw=''
03-28 15:27:12.983 13879 14727 D OCRProcessor: HPBlock raw=''
03-28 15:27:12.983 13879 14727 D OCRProcessor: LuckyLabel raw=''
03-28 15:27:12.983 13879 14727 D OCRProcessor: LuckyLabelClean raw=''
03-28 15:27:12.983 13879 14727 D OCRProcessor: LuckyDetected -> false
03-28 15:27:12.983 13879 14727 D OCRProcessor: Candy raw=''
03-28 15:27:12.983 13879 14727 D OCRProcessor: CandyClean raw=''
03-28 15:27:12.983 13879 14727 D OCRProcessor: CandyBlock raw=''
03-28 15:27:12.983 13879 14727 D OCRProcessor: CandyWide raw=''
03-28 15:27:12.983 13879 14727 D OCRProcessor: CandyWideClean raw=''
03-28 15:27:12.983 13879 14727 D OCRProcessor: Candy -> null
03-28 15:27:12.983 13879 14727 D OCRProcessor: Name raw='Pikachu'
03-28 15:27:12.983 13879 14727 D OCRProcessor: NameHC raw=''
03-28 15:27:12.983 13879 14727 D OCRProcessor: DisplayName -> Pikachu
03-28 15:27:12.983 13879 14727 D OCRProcessor: Badge raw='.'
03-28 15:27:12.983 13879 14727 D OCRProcessor: BadgeWM raw='.'
03-28 15:27:12.983 13879 14727 D OCRProcessor: BadgeHC raw='.'
03-28 15:27:12.983 13879 14727 D OCRProcessor: BadgeBinary raw=''
03-28 15:27:12.983 13879 14727 D OCRProcessor: BadgeDirect raw=''
03-28 15:27:12.983 13879 14727 D OCRProcessor: Bottom raw=''
03-28 15:27:12.983 13879 14727 D OCRProcessor: Date -> null
03-28 15:27:12.983 13879 14727 D OCRProcessor: RealName -> Pikachu
03-28 15:27:12.983 13879 14727 D OCRProcessor: NameRaw -> Pikachu
03-28 15:27:12.983 13879 14727 D OCRProcessor: NameFallback -> 
03-28 15:27:12.986 13879 14727 D ScanManager: Early exit: high-confidence OCR frame found after 1 frames
03-28 15:27:12.986 13879 14727 D ScanManager: Sequential OCR: 1 frames in 348ms (avg 348ms/frame)
03-28 15:27:12.986 13879 14727 D ScanManager: Best frame selected: CP=580, Name=Pikachu, HP=null, Arc=1.0
03-28 15:27:13.241 13879 13901 D OCRProcessor: [CP] 'CP580'
03-28 15:27:13.321 13879 13901 D OCRProcessor: [HP] '78/78HP'
03-28 15:27:13.513 13879 13901 D OCRProcessor: [HP_WM] '111011 21234011'
03-28 15:27:13.796 13879 13901 D OCRProcessor: [HPClean] 'LUCKLfZiMON'
03-28 15:27:14.017 13879 13901 D OCRProcessor: [HPBlock] 'LUCKY POKEMON
03-28 15:27:14.017 13879 13901 D OCRProcessor: HEIHZHP'
03-28 15:27:14.122 13879 13901 D OCRProcessor: [LuckyLabel] 'PEKEICIWU'
03-28 15:27:14.185 13879 13901 D OCRProcessor: [LuckyLabelClean] 'Pikachu'
03-28 15:27:14.205 13879 13901 D OCRProcessor: [Name] 'Pikachu'
03-28 15:27:14.297 13879 13901 D OCRProcessor: [Candy] 's l QfMB xi gOS'
03-28 15:27:14.517 13879 13901 D OCRProcessor: [CandyClean] 's a was Q sos'
03-28 15:27:14.736 13879 13901 D OCRProcessor: [CandyBlock] 's a was Q sos'
03-28 15:27:14.831 13879 13901 D OCRProcessor: [CandyWide] 'MSls l QfMB Q gOS'
03-28 15:27:16.322 13879 13901 D OCRProcessor: [CandyWideClean] 'him giiffjm bifoim'
03-28 15:27:16.371 13879 13901 D OCRProcessor: [BadgeFixed] '.'
03-28 15:27:16.376 13879 13901 D OCRProcessor: [BadgeFixedHC] '.'
03-28 15:27:16.381 13879 13901 D OCRProcessor: [BadgeFixedWM] '.'
03-28 15:27:17.717 13879 13901 D OCRProcessor: [Bottom] '3: (12:51:21: 05 ra\ A'
03-28 15:27:17.763 13879 13901 D OCRProcessor: [Weight] 'A 01 I,"'
03-28 15:27:17.801 13879 13901 D OCRProcessor: [Height] 'n OLM'
03-28 15:27:17.935 13879 13901 D TextParser: parseDate '.' -> null
03-28 15:27:17.936 13879 13901 D TextParser: parseDate '.' -> null
03-28 15:27:17.936 13879 13901 D TextParser: parseDate '.' -> null
03-28 15:27:17.967 13879 13901 D OCRProcessor: [BadgeBinary] ''
03-28 15:27:17.969 13879 13901 D OCRProcessor: [BadgeBinaryAuto] ''
03-28 15:27:17.976 13879 13901 D OCRProcessor: [BadgeBinaryAuto2x] ''
03-28 15:27:17.977 13879 13901 D TextParser: parseDate '' -> null
03-28 15:27:17.984 13879 13901 D OCRProcessor: [BadgeDirect] ''
03-28 15:27:17.984 13879 13901 D TextParser: parseDate '' -> null
03-28 15:27:17.985 13879 13901 D TextParser: parseDate '3: (12:51:21: 05 ra\ A' -> null
03-28 15:27:17.986 13879 13901 D OCRProcessor: === OCR 4870 ms ===
03-28 15:27:17.986 13879 13901 D OCRProcessor: CP raw='CP580' -> 580
03-28 15:27:17.986 13879 13901 D OCRProcessor: HP raw='78/78HP' -> (78, 78)
03-28 15:27:17.986 13879 13901 D OCRProcessor: HPWM raw='111011 21234011'
03-28 15:27:17.986 13879 13901 D OCRProcessor: HPClean raw='LUCKLfZiMON'
03-28 15:27:17.986 13879 13901 D OCRProcessor: HPBlock raw='LUCKY POKEMON
03-28 15:27:17.986 13879 13901 D OCRProcessor: HEIHZHP'
03-28 15:27:17.986 13879 13901 D OCRProcessor: LuckyLabel raw='PEKEICIWU'
03-28 15:27:17.986 13879 13901 D OCRProcessor: LuckyLabelClean raw='Pikachu'
03-28 15:27:17.986 13879 13901 D OCRProcessor: LuckyDetected -> false
03-28 15:27:17.986 13879 13901 D OCRProcessor: Candy raw='s l QfMB xi gOS'
03-28 15:27:17.986 13879 13901 D OCRProcessor: CandyClean raw='s a was Q sos'
03-28 15:27:17.986 13879 13901 D OCRProcessor: CandyBlock raw='s a was Q sos'
03-28 15:27:17.986 13879 13901 D OCRProcessor: CandyWide raw='MSls l QfMB Q gOS'
03-28 15:27:17.986 13879 13901 D OCRProcessor: CandyWideClean raw='him giiffjm bifoim'
03-28 15:27:17.986 13879 13901 D OCRProcessor: Candy -> null
03-28 15:27:17.986 13879 13901 D OCRProcessor: Name raw='Pikachu'
03-28 15:27:17.986 13879 13901 D OCRProcessor: NameHC raw=''
03-28 15:27:17.986 13879 13901 D OCRProcessor: DisplayName -> Pikachu
03-28 15:27:17.986 13879 13901 D OCRProcessor: Badge raw='.'
03-28 15:27:17.986 13879 13901 D OCRProcessor: BadgeWM raw='.'
03-28 15:27:17.986 13879 13901 D OCRProcessor: BadgeHC raw='.'
03-28 15:27:17.986 13879 13901 D OCRProcessor: BadgeBinary raw=''
03-28 15:27:17.986 13879 13901 D OCRProcessor: BadgeDirect raw=''
03-28 15:27:17.986 13879 13901 D OCRProcessor: Bottom raw='3: (12:51:21: 05 ra\ A'
03-28 15:27:17.986 13879 13901 D OCRProcessor: Date -> null
03-28 15:27:17.986 13879 13901 D OCRProcessor: RealName -> Pikachu
03-28 15:27:17.986 13879 13901 D OCRProcessor: NameRaw -> Pikachu
03-28 15:27:17.986 13879 13901 D OCRProcessor: NameFallback -> 
03-28 15:27:19.492 13879 13901 D ScanManager: Variant classifier(global): species=Pikachu, sprite=025_00_G2, type=costume, shiny=false, costume=true, score=0.34170735, confidence=0.366259, top=[Pikachu:0.342, Pichu:0.343, Raichu:0.372]
03-28 15:27:19.492 13879 13901 D ScanManager: Variant classifier(species): species=Pikachu, sprite=025_00_G2, type=costume, shiny=false, costume=true, score=0.34170735, confidence=0.46955705, top=[025_00_G2:0.342, 025_00_CNOVEMBER_2018:0.345, 025_00_FROCK_STAR:0.354]
03-28 15:27:19.492 13879 13901 D ScanManager: Variant classifier rescue(species): species=Pikachu, sprite=025_00_G2, type=costume, shiny=false, costume=true, score=0.34170735, confidence=0.52
03-28 15:27:19.492 13879 13901 D VisualFeatureDetector: Detecting features for pokemon: Pikachu (SizeTag: null)
03-28 15:27:20.272 13879 13901 D VisualFeatureDetector: Costume Analysis for Pikachu: HeadHue=30.0, BodyHue=184.0, RefHue=54.11765, DistRef=24.11765, DistBody=154.0, Dist=154.0, HeadSat=0.44078052, BodySat=0.04684159
03-28 15:27:20.272 13879 13901 D VisualFeatureDetector: Costume heuristic fallback accepted for Pikachu
03-28 15:27:20.273 13879 13901 D VisualFeatureDetector: Alternate shiny signature accepted for Pikachu: primary=0.0, chosen=0.81904393
03-28 15:27:20.273 13879 13901 D VisualFeatureDetector: Shiny Analysis for Pikachu: DistToNormal=182.35405123001792, DistToShiny=182.51849221380283
03-28 15:27:20.273 13879 13901 D VisualFeatureDetector: Shiny Analysis for Pikachu: DistToNormal=182.35405123001792, DistToShiny=182.51849221380283
03-28 15:27:20.273 13879 13901 D VisualFeatureDetector: Signature-only shiny rejected for Pikachu: signature=0.81904393, supports=0, strongestSupport=0.0, consensus=2, primaryMatched=false, costume=true/0.5810712
03-28 15:27:20.305 13879 13901 D VisualFeatureDetector: Lucky Analysis: cardGreen=0.25, cardGold=0.0, focusStrict=0.037471265, focusSoft=0.075632185, supportAvg=0.0063424944, supportMax=0.021141648, upperCornerAvg=0.0, upperCornerMax=0.0
03-28 15:27:20.305 13879 13901 D VisualFeatureDetector: Location card suppressed by lucky background: lucky=0.59727013
03-28 15:27:20.305 13879 13901 D VisualFeatureDetector: Results: shiny=false(0.0), shadow=false(0.0), lucky=true(0.59727013), costume=true(0.5810712), locationCard=false(0.0), avgConfidence=0.5891707
03-28 15:27:20.306 13879 13901 D RarityCalculator: Deep Validation for Pikachu (HP:78, Arc:1.0, Stardust:null, OCR_CP:580, AllOCR:[580], reliableHp=true)
03-28 15:27:20.336 13879 13901 D RarityCalculator: Current CP 580 is valid.
03-28 15:27:20.357 13879 13901 D RarityCalculator: Rules-based rarity for Pikachu: shiny=false, shadow=false, lucky=true, costume=true, form=false, locationCard=false
03-28 15:27:20.359 13879 13901 D ScanManager: processScanSequence: overlay dispatched in 7933ms
03-28 15:27:27.515 13879 13879 D ScanManager: onReceive: action=com.pokerarity.scanner.SCREENSHOT_READY, extras=extra_screenshot_paths
03-28 15:27:27.515 13879 13879 D ScanManager: onReceive: paths size=2
03-28 15:27:27.515 13879 13879 D ScanManager: processScanSequence: starting with 2 frames
03-28 15:27:27.729 13879 13901 D ScanManager: Parallel decode + preprocess: 2 frames in 214ms (avg 107ms/frame)
03-28 15:27:27.842 13879 13903 D OCRProcessor: [CP] 'CP394'
03-28 15:27:27.862 13879 13903 D OCRProcessor: [Name] 'Pikachu'
03-28 15:27:27.937 13879 13903 D OCRProcessor: [BadgeFixed] '.'
03-28 15:27:27.984 13879 13903 D OCRProcessor: [BadgeFixedHC] '.'
03-28 15:27:27.989 13879 13903 D OCRProcessor: [BadgeFixedWM] '.'
03-28 15:27:28.003 13879 13903 D TextParser: parseDate '.' -> null
03-28 15:27:28.003 13879 13903 D TextParser: parseDate '.' -> null
03-28 15:27:28.004 13879 13903 D TextParser: parseDate '.' -> null
03-28 15:27:28.037 13879 13903 D OCRProcessor: [BadgeBinary] ''
03-28 15:27:28.039 13879 13903 D OCRProcessor: [BadgeBinaryAuto] ''
03-28 15:27:28.046 13879 13903 D OCRProcessor: [BadgeBinaryAuto2x] ''
03-28 15:27:28.046 13879 13903 D TextParser: parseDate '' -> null
03-28 15:27:28.054 13879 13903 D OCRProcessor: [BadgeDirect] ''
03-28 15:27:28.054 13879 13903 D TextParser: parseDate '' -> null
03-28 15:27:28.055 13879 13903 D OCRProcessor: === OCR 325 ms ===
03-28 15:27:28.055 13879 13903 D OCRProcessor: CP raw='CP394' -> 394
03-28 15:27:28.055 13879 13903 D OCRProcessor: HP raw='' -> null
03-28 15:27:28.055 13879 13903 D OCRProcessor: HPWM raw=''
03-28 15:27:28.055 13879 13903 D OCRProcessor: HPClean raw=''
03-28 15:27:28.055 13879 13903 D OCRProcessor: HPBlock raw=''
03-28 15:27:28.055 13879 13903 D OCRProcessor: LuckyLabel raw=''
03-28 15:27:28.055 13879 13903 D OCRProcessor: LuckyLabelClean raw=''
03-28 15:27:28.055 13879 13903 D OCRProcessor: LuckyDetected -> false
03-28 15:27:28.055 13879 13903 D OCRProcessor: Candy raw=''
03-28 15:27:28.055 13879 13903 D OCRProcessor: CandyClean raw=''
03-28 15:27:28.055 13879 13903 D OCRProcessor: CandyBlock raw=''
03-28 15:27:28.055 13879 13903 D OCRProcessor: CandyWide raw=''
03-28 15:27:28.055 13879 13903 D OCRProcessor: CandyWideClean raw=''
03-28 15:27:28.055 13879 13903 D OCRProcessor: Candy -> null
03-28 15:27:28.055 13879 13903 D OCRProcessor: Name raw='Pikachu'
03-28 15:27:28.055 13879 13903 D OCRProcessor: NameHC raw=''
03-28 15:27:28.055 13879 13903 D OCRProcessor: DisplayName -> Pikachu
03-28 15:27:28.055 13879 13903 D OCRProcessor: Badge raw='.'
03-28 15:27:28.055 13879 13903 D OCRProcessor: BadgeWM raw='.'
03-28 15:27:28.055 13879 13903 D OCRProcessor: BadgeHC raw='.'
03-28 15:27:28.055 13879 13903 D OCRProcessor: BadgeBinary raw=''
03-28 15:27:28.055 13879 13903 D OCRProcessor: BadgeDirect raw=''
03-28 15:27:28.055 13879 13903 D OCRProcessor: Bottom raw=''
03-28 15:27:28.055 13879 13903 D OCRProcessor: Date -> null
03-28 15:27:28.055 13879 13903 D OCRProcessor: RealName -> Pikachu
03-28 15:27:28.055 13879 13903 D OCRProcessor: NameRaw -> Pikachu
03-28 15:27:28.055 13879 13903 D OCRProcessor: NameFallback -> 
03-28 15:27:28.059 13879 13903 D ScanManager: Early exit: high-confidence OCR frame found after 1 frames
03-28 15:27:28.059 13879 13903 D ScanManager: Sequential OCR: 1 frames in 330ms (avg 330ms/frame)
03-28 15:27:28.059 13879 13903 D ScanManager: Best frame selected: CP=394, Name=Pikachu, HP=null, Arc=1.0
03-28 15:27:28.296 13879 13901 D OCRProcessor: [CP] 'CP394'
03-28 15:27:28.376 13879 13901 D OCRProcessor: [HP] '62/62HP'
03-28 15:27:28.395 13879 13901 D OCRProcessor: [HP_WM] '62/62 HP'
03-28 15:27:28.530 13879 13901 D OCRProcessor: [HPClean] 'Zl GZ HP'
03-28 15:27:28.662 13879 13901 D OCRProcessor: [HPBlock] 'Zl GZ HP'
03-28 15:27:28.767 13879 13901 D OCRProcessor: [LuckyLabel] 'PEKEICIWU'
03-28 15:27:28.827 13879 13901 D OCRProcessor: [LuckyLabelClean] 'Pikachu'
03-28 15:27:28.846 13879 13901 D OCRProcessor: [Name] 'Pikachu'
03-28 15:27:28.983 13879 13901 D OCRProcessor: [Candy] 's a was Q sos'
03-28 15:27:29.475 13879 13901 D OCRProcessor: [CandyClean] 'S PHiCfoAsNDY PI IiicliNDY'
03-28 15:27:29.815 13879 13901 D OCRProcessor: [CandyBlock] 'B Q   GQ Q BOS
03-28 15:27:29.815 13879 13901 D OCRProcessor: PIKACHU CANDY PIKACHU CANDY'
03-28 15:27:29.854 13879 13901 D TextParser: CandyName 'Q   GQ Q BOS
03-28 15:27:29.854 13879 13901 D TextParser: PIKACHU' -> 'Pikachu'
03-28 15:27:29.903 13879 13901 D OCRProcessor: [BadgeFixed] '.'
03-28 15:27:29.908 13879 13901 D OCRProcessor: [BadgeFixedHC] '.'
03-28 15:27:29.912 13879 13901 D OCRProcessor: [BadgeFixedWM] '.'
03-28 15:27:30.131 13879 13901 D OCRProcessor: [Bottom] '35123221" A!”'
03-28 15:27:30.148 13879 13901 D OCRProcessor: [Weight] '7.4kg'
03-28 15:27:30.165 13879 13901 D OCRProcessor: [Height] '0.45m'
03-28 15:27:30.402 13879 13901 D TextParser: parseDate '.' -> null
03-28 15:27:30.402 13879 13901 D TextParser: parseDate '.' -> null
03-28 15:27:30.402 13879 13901 D TextParser: parseDate '.' -> null
03-28 15:27:30.435 13879 13901 D OCRProcessor: [BadgeBinary] ''
03-28 15:27:30.436 13879 13901 D OCRProcessor: [BadgeBinaryAuto] ''
03-28 15:27:30.443 13879 13901 D OCRProcessor: [BadgeBinaryAuto2x] ''
03-28 15:27:30.444 13879 13901 D TextParser: parseDate '' -> null
03-28 15:27:30.451 13879 13901 D OCRProcessor: [BadgeDirect] ''
03-28 15:27:30.451 13879 13901 D TextParser: parseDate '' -> null
03-28 15:27:30.452 13879 13901 D TextParser: parseDate '35123221" A!”' -> null
03-28 15:27:30.453 13879 13901 D OCRProcessor: === OCR 2272 ms ===
03-28 15:27:30.453 13879 13901 D OCRProcessor: CP raw='CP394' -> 394
03-28 15:27:30.453 13879 13901 D OCRProcessor: HP raw='62/62HP' -> (62, 62)
03-28 15:27:30.453 13879 13901 D OCRProcessor: HPWM raw='62/62 HP'
03-28 15:27:30.453 13879 13901 D OCRProcessor: HPClean raw='Zl GZ HP'
03-28 15:27:30.453 13879 13901 D OCRProcessor: HPBlock raw='Zl GZ HP'
03-28 15:27:30.453 13879 13901 D OCRProcessor: LuckyLabel raw='PEKEICIWU'
03-28 15:27:30.453 13879 13901 D OCRProcessor: LuckyLabelClean raw='Pikachu'
03-28 15:27:30.453 13879 13901 D OCRProcessor: LuckyDetected -> false
03-28 15:27:30.453 13879 13901 D OCRProcessor: Candy raw='s a was Q sos'
03-28 15:27:30.453 13879 13901 D OCRProcessor: CandyClean raw='S PHiCfoAsNDY PI IiicliNDY'
03-28 15:27:30.453 13879 13901 D OCRProcessor: CandyBlock raw='B Q   GQ Q BOS
03-28 15:27:30.453 13879 13901 D OCRProcessor: PIKACHU CANDY PIKACHU CANDY'
03-28 15:27:30.453 13879 13901 D OCRProcessor: CandyWide raw=''
03-28 15:27:30.453 13879 13901 D OCRProcessor: CandyWideClean raw=''
03-28 15:27:30.453 13879 13901 D OCRProcessor: Candy -> Pikachu
03-28 15:27:30.453 13879 13901 D OCRProcessor: Name raw='Pikachu'
03-28 15:27:30.453 13879 13901 D OCRProcessor: NameHC raw=''
03-28 15:27:30.453 13879 13901 D OCRProcessor: DisplayName -> Pikachu
03-28 15:27:30.453 13879 13901 D OCRProcessor: Badge raw='.'
03-28 15:27:30.453 13879 13901 D OCRProcessor: BadgeWM raw='.'
03-28 15:27:30.453 13879 13901 D OCRProcessor: BadgeHC raw='.'
03-28 15:27:30.453 13879 13901 D OCRProcessor: BadgeBinary raw=''
03-28 15:27:30.453 13879 13901 D OCRProcessor: BadgeDirect raw=''
03-28 15:27:30.453 13879 13901 D OCRProcessor: Bottom raw='35123221" A!”'
03-28 15:27:30.453 13879 13901 D OCRProcessor: Date -> null
03-28 15:27:30.453 13879 13901 D OCRProcessor: RealName -> Pikachu
03-28 15:27:30.453 13879 13901 D OCRProcessor: NameRaw -> Pikachu
03-28 15:27:30.453 13879 13901 D OCRProcessor: NameFallback -> 
03-28 15:27:31.929 13879 13901 D ScanManager: Variant classifier(global): species=Pichu, sprite=172_00_CFALL_2018, type=costume, shiny=false, costume=true, score=0.37283307, confidence=0.36564767, top=[Pichu:0.373, Pikachu:0.381, Raichu:0.402]
03-28 15:27:31.929 13879 13901 D ScanManager: Variant classifier(species): species=Pikachu, sprite=025_00_FEB_2019, type=costume, shiny=false, costume=true, score=0.3811154, confidence=0.43550846, top=[025_00_FEB_2019:0.381, 025_00_12:0.382, 025_01_12:0.386]
03-28 15:27:31.929 13879 13901 D VisualFeatureDetector: Detecting features for pokemon: Pikachu (SizeTag: null)
03-28 15:27:32.733 13879 13901 D VisualFeatureDetector: Costume Analysis for Pikachu: HeadHue=210.0, BodyHue=155.0, RefHue=54.11765, DistRef=155.88235, DistBody=55.0, Dist=55.0, HeadSat=0.5075471, BodySat=0.050185047
03-28 15:27:32.733 13879 13901 D VisualFeatureDetector: Costume heuristic fallback accepted for Pikachu
03-28 15:27:32.734 13879 13901 D VisualFeatureDetector: Alternate shiny signature rejected for Pikachu: primary=0.0, alternates=0.8116225
03-28 15:27:32.734 13879 13901 D VisualFeatureDetector: Shiny Analysis for Pikachu: DistToNormal=182.35405123001792, DistToShiny=182.51849221380283
03-28 15:27:32.734 13879 13901 D VisualFeatureDetector: Shiny Analysis for Pikachu: DistToNormal=182.35405123001792, DistToShiny=182.51849221380283
03-28 15:27:32.772 13879 13901 D VisualFeatureDetector: Lucky Analysis: cardGreen=0.09736842, cardGold=0.0, focusStrict=0.037471265, focusSoft=0.056091953, supportAvg=0.007267442, supportMax=0.020084567, upperCornerAvg=0.0, upperCornerMax=0.0
03-28 15:27:32.776 13879 13901 D VisualFeatureDetector: Results: shiny=false(0.0), shadow=false(0.0), lucky=false(0.0), costume=true(0.6017085), locationCard=false(0.0), avgConfidence=0.6017085
03-28 15:27:32.776 13879 13901 D RarityCalculator: Deep Validation for Pikachu (HP:62, Arc:1.0, Stardust:null, OCR_CP:394, AllOCR:[394], reliableHp=true)
03-28 15:27:32.790 13879 13901 D RarityCalculator: Current CP 394 is valid.
03-28 15:27:32.800 13879 13901 D RarityCalculator: Rules-based rarity for Pikachu: shiny=false, shadow=false, lucky=false, costume=true, form=false, locationCard=false
03-28 15:27:32.803 13879 13901 D ScanManager: processScanSequence: overlay dispatched in 5288ms
03-28 15:27:42.070 13879 13879 D ScanManager: onReceive: action=com.pokerarity.scanner.SCREENSHOT_READY, extras=extra_screenshot_paths
03-28 15:27:42.071 13879 13879 D ScanManager: onReceive: paths size=2
03-28 15:27:42.071 13879 13879 D ScanManager: processScanSequence: starting with 2 frames
03-28 15:27:42.295 13879 14722 D ScanManager: Parallel decode + preprocess: 2 frames in 223ms (avg 111ms/frame)
03-28 15:27:42.488 13879 13901 D OCRProcessor: [CP] '15 251 1'
03-28 15:27:42.539 13879 13901 D OCRProcessor: [CP_HC] '1'
03-28 15:27:42.553 13879 13901 D OCRProcessor: [Name] 'Ditto'
03-28 15:27:42.627 13879 13901 D OCRProcessor: [BadgeFixed] '2'
03-28 15:27:42.633 13879 13901 D OCRProcessor: [BadgeFixedHC] '.'
03-28 15:27:42.637 13879 13901 D OCRProcessor: [BadgeFixedWM] '2'
03-28 15:27:42.647 13879 13901 D TextParser: parseDate '2' -> null
03-28 15:27:42.647 13879 13901 D TextParser: parseDate '2' -> null
03-28 15:27:42.647 13879 13901 D TextParser: parseDate '.' -> null
03-28 15:27:42.679 13879 13901 D OCRProcessor: [BadgeBinary] ''
03-28 15:27:42.680 13879 13901 D OCRProcessor: [BadgeBinaryAuto] ''
03-28 15:27:42.687 13879 13901 D OCRProcessor: [BadgeBinaryAuto2x] ''
03-28 15:27:42.687 13879 13901 D TextParser: parseDate '' -> null
03-28 15:27:42.694 13879 13901 D OCRProcessor: [BadgeDirect] ''
03-28 15:27:42.694 13879 13901 D TextParser: parseDate '' -> null
03-28 15:27:42.696 13879 13901 D OCRProcessor: === OCR 400 ms ===
03-28 15:27:42.696 13879 13901 D OCRProcessor: CP raw='15 251 1' -> 2511
03-28 15:27:42.696 13879 13901 D OCRProcessor: HP raw='' -> null
03-28 15:27:42.696 13879 13901 D OCRProcessor: HPWM raw=''
03-28 15:27:42.696 13879 13901 D OCRProcessor: HPClean raw=''
03-28 15:27:42.696 13879 13901 D OCRProcessor: HPBlock raw=''
03-28 15:27:42.696 13879 13901 D OCRProcessor: LuckyLabel raw=''
03-28 15:27:42.696 13879 13901 D OCRProcessor: LuckyLabelClean raw=''
03-28 15:27:42.696 13879 13901 D OCRProcessor: LuckyDetected -> false
03-28 15:27:42.696 13879 13901 D OCRProcessor: Candy raw=''
03-28 15:27:42.696 13879 13901 D OCRProcessor: CandyClean raw=''
03-28 15:27:42.696 13879 13901 D OCRProcessor: CandyBlock raw=''
03-28 15:27:42.696 13879 13901 D OCRProcessor: CandyWide raw=''
03-28 15:27:42.696 13879 13901 D OCRProcessor: CandyWideClean raw=''
03-28 15:27:42.696 13879 13901 D OCRProcessor: Candy -> null
03-28 15:27:42.696 13879 13901 D OCRProcessor: Name raw='Ditto'
03-28 15:27:42.696 13879 13901 D OCRProcessor: NameHC raw=''
03-28 15:27:42.696 13879 13901 D OCRProcessor: DisplayName -> Ditto
03-28 15:27:42.696 13879 13901 D OCRProcessor: Badge raw='2'
03-28 15:27:42.696 13879 13901 D OCRProcessor: BadgeWM raw='2'
03-28 15:27:42.696 13879 13901 D OCRProcessor: BadgeHC raw='.'
03-28 15:27:42.696 13879 13901 D OCRProcessor: BadgeBinary raw=''
03-28 15:27:42.696 13879 13901 D OCRProcessor: BadgeDirect raw=''
03-28 15:27:42.696 13879 13901 D OCRProcessor: Bottom raw=''
03-28 15:27:42.696 13879 13901 D OCRProcessor: Date -> null
03-28 15:27:42.696 13879 13901 D OCRProcessor: RealName -> Ditto
03-28 15:27:42.696 13879 13901 D OCRProcessor: NameRaw -> Ditto
03-28 15:27:42.696 13879 13901 D OCRProcessor: NameFallback -> 
03-28 15:27:42.889 13879 13903 D OCRProcessor: [CP] '15 251 1'
03-28 15:27:42.942 13879 13903 D OCRProcessor: [CP_HC] '1'
03-28 15:27:42.956 13879 13903 D OCRProcessor: [Name] 'Ditto'
03-28 15:27:43.029 13879 13903 D OCRProcessor: [BadgeFixed] '2'
03-28 15:27:43.034 13879 13903 D OCRProcessor: [BadgeFixedHC] '.'
03-28 15:27:43.039 13879 13903 D OCRProcessor: [BadgeFixedWM] '2'
03-28 15:27:43.048 13879 13903 D TextParser: parseDate '2' -> null
03-28 15:27:43.049 13879 13903 D TextParser: parseDate '2' -> null
03-28 15:27:43.049 13879 13903 D TextParser: parseDate '.' -> null
03-28 15:27:43.081 13879 13903 D OCRProcessor: [BadgeBinary] ''
03-28 15:27:43.082 13879 13903 D OCRProcessor: [BadgeBinaryAuto] ''
03-28 15:27:43.089 13879 13903 D OCRProcessor: [BadgeBinaryAuto2x] ''
03-28 15:27:43.089 13879 13903 D TextParser: parseDate '' -> null
03-28 15:27:43.096 13879 13903 D OCRProcessor: [BadgeDirect] ''
03-28 15:27:43.096 13879 13903 D TextParser: parseDate '' -> null
03-28 15:27:43.097 13879 13903 D OCRProcessor: === OCR 397 ms ===
03-28 15:27:43.097 13879 13903 D OCRProcessor: CP raw='15 251 1' -> 2511
03-28 15:27:43.097 13879 13903 D OCRProcessor: HP raw='' -> null
03-28 15:27:43.097 13879 13903 D OCRProcessor: HPWM raw=''
03-28 15:27:43.097 13879 13903 D OCRProcessor: HPClean raw=''
03-28 15:27:43.097 13879 13903 D OCRProcessor: HPBlock raw=''
03-28 15:27:43.097 13879 13903 D OCRProcessor: LuckyLabel raw=''
03-28 15:27:43.097 13879 13903 D OCRProcessor: LuckyLabelClean raw=''
03-28 15:27:43.097 13879 13903 D OCRProcessor: LuckyDetected -> false
03-28 15:27:43.097 13879 13903 D OCRProcessor: Candy raw=''
03-28 15:27:43.097 13879 13903 D OCRProcessor: CandyClean raw=''
03-28 15:27:43.097 13879 13903 D OCRProcessor: CandyBlock raw=''
03-28 15:27:43.097 13879 13903 D OCRProcessor: CandyWide raw=''
03-28 15:27:43.097 13879 13903 D OCRProcessor: CandyWideClean raw=''
03-28 15:27:43.097 13879 13903 D OCRProcessor: Candy -> null
03-28 15:27:43.097 13879 13903 D OCRProcessor: Name raw='Ditto'
03-28 15:27:43.097 13879 13903 D OCRProcessor: NameHC raw=''
03-28 15:27:43.097 13879 13903 D OCRProcessor: DisplayName -> Ditto
03-28 15:27:43.097 13879 13903 D OCRProcessor: Badge raw='2'
03-28 15:27:43.097 13879 13903 D OCRProcessor: BadgeWM raw='2'
03-28 15:27:43.097 13879 13903 D OCRProcessor: BadgeHC raw='.'
03-28 15:27:43.097 13879 13903 D OCRProcessor: BadgeBinary raw=''
03-28 15:27:43.097 13879 13903 D OCRProcessor: BadgeDirect raw=''
03-28 15:27:43.097 13879 13903 D OCRProcessor: Bottom raw=''
03-28 15:27:43.097 13879 13903 D OCRProcessor: Date -> null
03-28 15:27:43.097 13879 13903 D OCRProcessor: RealName -> Ditto
03-28 15:27:43.097 13879 13903 D OCRProcessor: NameRaw -> Ditto
03-28 15:27:43.097 13879 13903 D OCRProcessor: NameFallback -> 
03-28 15:27:43.101 13879 13903 D ScanManager: Sequential OCR: 2 frames in 806ms (avg 403ms/frame)
03-28 15:27:43.101 13879 13903 D ScanManager: Best frame selected: CP=2511, Name=Ditto, HP=null, Arc=1.0
03-28 15:27:43.387 13879 14722 D OCRProcessor: [CP] '15 25 2'
03-28 15:27:43.440 13879 14722 D OCRProcessor: [CP_HC] '1'
03-28 15:27:43.483 13879 14722 D OCRProcessor: [HP] '43/43HP'
03-28 15:27:43.509 13879 14722 D OCRProcessor: [HP_WM] '43/43 HP'
03-28 15:27:43.644 13879 14722 D OCRProcessor: [HPClean] 'Mil S HP'
03-28 15:27:43.779 13879 14722 D OCRProcessor: [HPBlock] 'Mil S HP'
03-28 15:27:43.816 13879 14722 D OCRProcessor: [LuckyLabel] 'DMD'
03-28 15:27:43.876 13879 14722 D OCRProcessor: [LuckyLabelClean] 'Ditto'
03-28 15:27:43.890 13879 14722 D OCRProcessor: [Name] 'Ditto'
03-28 15:27:43.934 13879 14722 D OCRProcessor: [Candy] 'Q V g'
03-28 15:27:44.040 13879 14722 D OCRProcessor: [CandyClean] 'A to'
03-28 15:27:44.148 13879 14722 D OCRProcessor: [CandyBlock] 'A to'
03-28 15:27:44.290 13879 14722 D OCRProcessor: [CandyWide] 'ibis Q lMl Q tbf llS'
03-28 15:27:44.612 13879 14722 D OCRProcessor: [CandyWideClean] 'mus Q mm D us'
03-28 15:27:44.660 13879 14722 D OCRProcessor: [BadgeFixed] '2'
03-28 15:27:44.665 13879 14722 D OCRProcessor: [BadgeFixedHC] '.'
03-28 15:27:44.669 13879 14722 D OCRProcessor: [BadgeFixedWM] '2'
03-28 15:27:45.218 13879 14722 D OCRProcessor: [Bottom] 'Transcfz: RNDS _ Ma'
03-28 15:27:45.225 13879 14722 D OCRProcessor: [Weight] ''
03-28 15:27:45.230 13879 14722 D OCRProcessor: [Height] ''
03-28 15:27:45.360 13879 14722 D TextParser: parseDate '2' -> null
03-28 15:27:45.360 13879 14722 D TextParser: parseDate '2' -> null
03-28 15:27:45.360 13879 14722 D TextParser: parseDate '.' -> null
03-28 15:27:45.393 13879 14722 D OCRProcessor: [BadgeBinary] ''
03-28 15:27:45.394 13879 14722 D OCRProcessor: [BadgeBinaryAuto] ''
03-28 15:27:45.401 13879 14722 D OCRProcessor: [BadgeBinaryAuto2x] ''
03-28 15:27:45.401 13879 14722 D TextParser: parseDate '' -> null
03-28 15:27:45.409 13879 14722 D OCRProcessor: [BadgeDirect] ''
03-28 15:27:45.409 13879 14722 D TextParser: parseDate '' -> null
03-28 15:27:45.409 13879 14722 D TextParser: parseDate 'Transcfz: RNDS _ Ma' -> null
03-28 15:27:45.411 13879 14722 D OCRProcessor: === OCR 2175 ms ===
03-28 15:27:45.411 13879 14722 D OCRProcessor: CP raw='15 25 2' -> 5252
03-28 15:27:45.411 13879 14722 D OCRProcessor: HP raw='43/43HP' -> (43, 43)
03-28 15:27:45.411 13879 14722 D OCRProcessor: HPWM raw='43/43 HP'
03-28 15:27:45.411 13879 14722 D OCRProcessor: HPClean raw='Mil S HP'
03-28 15:27:45.411 13879 14722 D OCRProcessor: HPBlock raw='Mil S HP'
03-28 15:27:45.411 13879 14722 D OCRProcessor: LuckyLabel raw='DMD'
03-28 15:27:45.411 13879 14722 D OCRProcessor: LuckyLabelClean raw='Ditto'
03-28 15:27:45.411 13879 14722 D OCRProcessor: LuckyDetected -> false
03-28 15:27:45.411 13879 14722 D OCRProcessor: Candy raw='Q V g'
03-28 15:27:45.411 13879 14722 D OCRProcessor: CandyClean raw='A to'
03-28 15:27:45.411 13879 14722 D OCRProcessor: CandyBlock raw='A to'
03-28 15:27:45.411 13879 14722 D OCRProcessor: CandyWide raw='ibis Q lMl Q tbf llS'
03-28 15:27:45.411 13879 14722 D OCRProcessor: CandyWideClean raw='mus Q mm D us'
