03-28 15:52:09.604 17825 17857 D OCRProcessor: NameHC raw=''
03-28 15:52:09.604 17825 17857 D OCRProcessor: DisplayName -> Machamp
03-28 15:52:09.604 17825 17857 D OCRProcessor: Badge raw='1 3313'
03-28 15:52:09.604 17825 17857 D OCRProcessor: BadgeWM raw='1 3313'
03-28 15:52:09.604 17825 17857 D OCRProcessor: BadgeHC raw='1'
03-28 15:52:09.604 17825 17857 D OCRProcessor: BadgeBinary raw='14. 2017 1
03-28 15:52:09.604 17825 17857 D OCRProcessor: 3  16/10'
03-28 15:52:09.604 17825 17857 D OCRProcessor: BadgeDirect raw=''
03-28 15:52:09.604 17825 17857 D OCRProcessor: Bottom raw='83332131? A!”'
03-28 15:52:09.604 17825 17857 D OCRProcessor: Date -> Mon Oct 16 00:00:00 GMT+01:00 2017
03-28 15:52:09.604 17825 17857 D OCRProcessor: RealName -> Machamp
03-28 15:52:09.604 17825 17857 D OCRProcessor: NameRaw -> MachamDm l
03-28 15:52:09.604 17825 17857 D OCRProcessor: NameFallback -> 
03-28 15:52:10.066 17825 17856 D VisualFeatureDetector: Detecting features for pokemon: Machamp (SizeTag: null)
03-28 15:52:10.307 17825 17856 D VisualFeatureDetector: Shiny Analysis for Machamp: DistToNormal=114.54256850621083, DistToShiny=138.79481258317978
03-28 15:52:10.307 17825 17856 D VisualFeatureDetector: Shiny Analysis for Machamp: DistToNormal=114.54256850621083, DistToShiny=138.79481258317978
03-28 15:52:10.307 17825 17856 D VisualFeatureDetector: Shiny Hist Analysis for Machamp: normalMass=0.09927487, shinyMass=0.30295664, refGap=136.0
03-28 15:52:10.317 17825 17856 D VisualFeatureDetector: Lucky Analysis: cardGreen=0.09736842, cardGold=0.0, focusStrict=0.004137931, focusSoft=0.16390805, supportAvg=0.014828518, supportMax=0.029715762, upperCornerAvg=0.017460318, upperCornerMax=0.01904762
03-28 15:52:10.318 17825 17856 D VisualFeatureDetector: Results: shiny=false(0.0), shadow=false(0.0), lucky=false(0.0), costume=false(0.0), locationCard=false(0.0), avgConfidence=1.0
03-28 15:52:10.319 17825 17856 D RarityCalculator: Deep Validation for Machamp (HP:174, Arc:1.0, Stardust:null, OCR_CP:3049, AllOCR:[3049], reliableHp=true)
03-28 15:52:10.324 17825 17856 I RarityCalculator: Trusting OCR candidate: 3049 (count=1, minLevelDiff=0.0)
03-28 15:52:10.328 17825 17856 D RarityCalculator: Rules-based rarity for Machamp: shiny=true, shadow=false, lucky=false, costume=false, form=true, locationCard=false
03-28 15:52:10.431 17825 17857 D OCRProcessor: [CP] 'CP3093'
03-28 15:52:10.474 17825 17857 D OCRProcessor: [HP] '227 / 227 HP'
03-28 15:52:10.481 17825 17857 D OCRProcessor: [HP_WM] '227 / 227 HP'
03-28 15:52:10.542 17825 17857 D OCRProcessor: [HPClean] 'ZZ  l ZZ  HP'
03-28 15:52:10.603 17825 17857 D OCRProcessor: [HPBlock] 'ZZ  l ZZ  HP'
03-28 15:52:10.665 17825 17857 D OCRProcessor: [LuckyLabel] 'VEJDOFGOHM'
03-28 15:52:10.708 17825 17857 D OCRProcessor: [LuckyLabelClean] 'VaporeonN'
03-28 15:52:10.733 17825 17857 D OCRProcessor: [Name] 'VaDoreonn O'
03-28 15:52:10.787 17825 17857 D OCRProcessor: [Candy] 'a a mm st eoe'
03-28 15:52:10.950 17825 17857 D OCRProcessor: [CandyClean] 'a glggngfJY sag CSAONngJY Xl'
03-28 15:52:11.030 17825 17857 D OCRProcessor: [CandyBlock] 'a O mm C eos
03-28 15:52:11.030 17825 17857 D OCRProcessor: EEVEE CANDY EEVEE CANDY Xl'
03-28 15:52:11.036 17825 17857 D TextParser: CandyName 'A O MM C EOS
03-28 15:52:11.036 17825 17857 D TextParser: EEVEE' -> 'Eevee'
03-28 15:52:11.056 17825 17857 D OCRProcessor: [BadgeDynamic] ''
03-28 15:52:11.057 17825 17857 D OCRProcessor: [BadgeDynamicHC] ''
03-28 15:52:11.067 17825 17857 D OCRProcessor: [BadgeFixedWM] '1 3313'
03-28 15:52:11.194 17825 17857 D OCRProcessor: [Bottom] '3133137” A;'
03-28 15:52:11.213 17825 17857 D OCRProcessor: [Weight] '25.25kg'
03-28 15:52:11.218 17825 17857 D OCRProcessor: [Height] '1.08m'
03-28 15:52:11.318 17825 17857 D TextParser: parseDate '' -> null
03-28 15:52:11.319 17825 17857 D TextParser: parseDate '1 3313' -> null
03-28 15:52:11.319 17825 17857 D TextParser: parseDate '' -> null
03-28 15:52:11.335 17825 17857 D OCRProcessor: [BadgeBinary] '1 2017
03-28 15:52:11.335 17825 17857 D OCRProcessor: 02/11'
03-28 15:52:11.335 17825 17857 D TextParser: parseDate '1 2017
03-28 15:52:11.335 17825 17857 D TextParser: 02/11' -> Sat Feb 11 00:00:00 GMT 2017
03-28 15:52:11.336 17825 17857 D OCRProcessor: === OCR 973 ms ===
03-28 15:52:11.336 17825 17857 D OCRProcessor: CP raw='CP3093' -> 3093
03-28 15:52:11.336 17825 17857 D OCRProcessor: HP raw='227 / 227 HP' -> (227, 227)
03-28 15:52:11.336 17825 17857 D OCRProcessor: HPWM raw='227 / 227 HP'
03-28 15:52:11.336 17825 17857 D OCRProcessor: HPClean raw='ZZ  l ZZ  HP'
03-28 15:52:11.336 17825 17857 D OCRProcessor: HPBlock raw='ZZ  l ZZ  HP'
03-28 15:52:11.336 17825 17857 D OCRProcessor: LuckyLabel raw='VEJDOFGOHM'
03-28 15:52:11.336 17825 17857 D OCRProcessor: LuckyLabelClean raw='VaporeonN'
03-28 15:52:11.336 17825 17857 D OCRProcessor: LuckyDetected -> false
03-28 15:52:11.336 17825 17857 D OCRProcessor: Candy raw='a a mm st eoe'
03-28 15:52:11.336 17825 17857 D OCRProcessor: CandyClean raw='a glggngfJY sag CSAONngJY Xl'
03-28 15:52:11.336 17825 17857 D OCRProcessor: CandyBlock raw='a O mm C eos
03-28 15:52:11.336 17825 17857 D OCRProcessor: EEVEE CANDY EEVEE CANDY Xl'
03-28 15:52:11.336 17825 17857 D OCRProcessor: CandyWide raw=''
03-28 15:52:11.336 17825 17857 D OCRProcessor: CandyWideClean raw=''
03-28 15:52:11.336 17825 17857 D OCRProcessor: Candy -> Eevee
03-28 15:52:11.336 17825 17857 D OCRProcessor: Name raw='VaDoreonn O'
03-28 15:52:11.336 17825 17857 D OCRProcessor: NameHC raw=''
03-28 15:52:11.336 17825 17857 D OCRProcessor: DisplayName -> Vaporeon
03-28 15:52:11.336 17825 17857 D OCRProcessor: Badge raw=''
03-28 15:52:11.336 17825 17857 D OCRProcessor: BadgeWM raw='1 3313'
03-28 15:52:11.336 17825 17857 D OCRProcessor: BadgeHC raw=''
03-28 15:52:11.336 17825 17857 D OCRProcessor: BadgeBinary raw='1 2017
03-28 15:52:11.336 17825 17857 D OCRProcessor: 02/11'
03-28 15:52:11.336 17825 17857 D OCRProcessor: BadgeDirect raw=''
03-28 15:52:11.336 17825 17857 D OCRProcessor: Bottom raw='3133137” A;'
03-28 15:52:11.336 17825 17857 D OCRProcessor: Date -> Sat Feb 11 00:00:00 GMT 2017
03-28 15:52:11.336 17825 17857 D OCRProcessor: RealName -> Vaporeon
03-28 15:52:11.336 17825 17857 D OCRProcessor: NameRaw -> VaDoreonn O
03-28 15:52:11.336 17825 17857 D OCRProcessor: NameFallback -> 
03-28 15:52:11.778 17825 17856 D VisualFeatureDetector: Detecting features for pokemon: Vaporeon (SizeTag: null)
03-28 15:52:12.015 17825 17856 D VisualFeatureDetector: Costume heuristic skipped for Vaporeon: bestCostume=0.27401564, scoreGap=6.8348646E-4, dense=false
03-28 15:52:12.015 17825 17856 D VisualFeatureDetector: Shiny Analysis for Vaporeon: DistToNormal=107.62899237658968, DistToShiny=122.11470017978998
03-28 15:52:12.015 17825 17856 D VisualFeatureDetector: Shiny Analysis for Vaporeon: DistToNormal=107.62899237658968, DistToShiny=122.11470017978998
03-28 15:52:12.015 17825 17856 D VisualFeatureDetector: Shiny Hist Analysis for Vaporeon: normalMass=0.51483196, shinyMass=0.0033126303, refGap=94.285706
03-28 15:52:12.026 17825 17856 D VisualFeatureDetector: Lucky Analysis: cardGreen=0.09736842, cardGold=0.0, focusStrict=0.0, focusSoft=0.0, supportAvg=2.642706E-4, supportMax=0.0010570824, upperCornerAvg=0.0, upperCornerMax=0.0
03-28 15:52:12.027 17825 17856 D VisualFeatureDetector: Results: shiny=false(0.0), shadow=false(0.0), lucky=false(0.0), costume=false(0.0), locationCard=false(0.0), avgConfidence=1.0
03-28 15:52:12.027 17825 17856 D RarityCalculator: Deep Validation for Vaporeon (HP:227, Arc:1.0, Stardust:null, OCR_CP:3093, AllOCR:[3093], reliableHp=true)
03-28 15:52:12.030 17825 17856 D RarityCalculator: Current CP 3093 is valid.
03-28 15:52:12.033 17825 17856 D RarityCalculator: Rules-based rarity for Vaporeon: shiny=false, shadow=false, lucky=false, costume=false, form=false, locationCard=false
03-28 15:52:12.141 17825 17857 D OCRProcessor: [CP] 'CP3093'
03-28 15:52:12.184 17825 17857 D OCRProcessor: [HP] '227 / 227 HP'
03-28 15:52:12.191 17825 17857 D OCRProcessor: [HP_WM] '227 / 227 HP'
03-28 15:52:12.253 17825 17857 D OCRProcessor: [HPClean] 'ZZ  l ZZ  HP'
03-28 15:52:12.313 17825 17857 D OCRProcessor: [HPBlock] 'ZZ  l ZZ  HP'
03-28 15:52:12.375 17825 17857 D OCRProcessor: [LuckyLabel] 'VEJDOFGOHM'
03-28 15:52:12.418 17825 17857 D OCRProcessor: [LuckyLabelClean] 'VaporeonN'
03-28 15:52:12.441 17825 17857 D OCRProcessor: [Name] 'VaDoreonn O'
03-28 15:52:12.495 17825 17857 D OCRProcessor: [Candy] 'a a mm st eoe'
03-28 15:52:12.658 17825 17857 D OCRProcessor: [CandyClean] 'a glggngfJY sag CSAONngJY Xl'
03-28 15:52:12.736 17825 17857 D OCRProcessor: [CandyBlock] 'a O mm C eos
03-28 15:52:12.736 17825 17857 D OCRProcessor: EEVEE CANDY EEVEE CANDY Xl'
03-28 15:52:12.742 17825 17857 D TextParser: CandyName 'A O MM C EOS
03-28 15:52:12.742 17825 17857 D TextParser: EEVEE' -> 'Eevee'
03-28 15:52:12.762 17825 17857 D OCRProcessor: [BadgeDynamic] ''
03-28 15:52:12.762 17825 17857 D OCRProcessor: [BadgeDynamicHC] ''
03-28 15:52:12.773 17825 17857 D OCRProcessor: [BadgeFixedWM] '1 3313'
03-28 15:52:12.899 17825 17857 D OCRProcessor: [Bottom] '3133137” A;'
03-28 15:52:12.918 17825 17857 D OCRProcessor: [Weight] '25.25kg'
03-28 15:52:12.923 17825 17857 D OCRProcessor: [Height] '1.08m'
03-28 15:52:13.016 17825 17857 D TextParser: parseDate '' -> null
03-28 15:52:13.016 17825 17857 D TextParser: parseDate '1 3313' -> null
03-28 15:52:13.016 17825 17857 D TextParser: parseDate '' -> null
03-28 15:52:13.035 17825 17857 D OCRProcessor: [BadgeBinary] '1 2017
03-28 15:52:13.035 17825 17857 D OCRProcessor: 02/11'
03-28 15:52:13.035 17825 17857 D TextParser: parseDate '1 2017
03-28 15:52:13.035 17825 17857 D TextParser: 02/11' -> Sat Feb 11 00:00:00 GMT 2017
03-28 15:52:13.036 17825 17857 D OCRProcessor: === OCR 968 ms ===
03-28 15:52:13.036 17825 17857 D OCRProcessor: CP raw='CP3093' -> 3093
03-28 15:52:13.036 17825 17857 D OCRProcessor: HP raw='227 / 227 HP' -> (227, 227)
03-28 15:52:13.036 17825 17857 D OCRProcessor: HPWM raw='227 / 227 HP'
03-28 15:52:13.036 17825 17857 D OCRProcessor: HPClean raw='ZZ  l ZZ  HP'
03-28 15:52:13.036 17825 17857 D OCRProcessor: HPBlock raw='ZZ  l ZZ  HP'
03-28 15:52:13.036 17825 17857 D OCRProcessor: LuckyLabel raw='VEJDOFGOHM'
03-28 15:52:13.036 17825 17857 D OCRProcessor: LuckyLabelClean raw='VaporeonN'
03-28 15:52:13.036 17825 17857 D OCRProcessor: LuckyDetected -> false
03-28 15:52:13.036 17825 17857 D OCRProcessor: Candy raw='a a mm st eoe'
03-28 15:52:13.036 17825 17857 D OCRProcessor: CandyClean raw='a glggngfJY sag CSAONngJY Xl'
03-28 15:52:13.036 17825 17857 D OCRProcessor: CandyBlock raw='a O mm C eos
03-28 15:52:13.036 17825 17857 D OCRProcessor: EEVEE CANDY EEVEE CANDY Xl'
03-28 15:52:13.036 17825 17857 D OCRProcessor: CandyWide raw=''
03-28 15:52:13.036 17825 17857 D OCRProcessor: CandyWideClean raw=''
03-28 15:52:13.036 17825 17857 D OCRProcessor: Candy -> Eevee
03-28 15:52:13.036 17825 17857 D OCRProcessor: Name raw='VaDoreonn O'
03-28 15:52:13.036 17825 17857 D OCRProcessor: NameHC raw=''
03-28 15:52:13.036 17825 17857 D OCRProcessor: DisplayName -> Vaporeon
03-28 15:52:13.036 17825 17857 D OCRProcessor: Badge raw=''
03-28 15:52:13.036 17825 17857 D OCRProcessor: BadgeWM raw='1 3313'
03-28 15:52:13.036 17825 17857 D OCRProcessor: BadgeHC raw=''
03-28 15:52:13.036 17825 17857 D OCRProcessor: BadgeBinary raw='1 2017
03-28 15:52:13.036 17825 17857 D OCRProcessor: 02/11'
03-28 15:52:13.036 17825 17857 D OCRProcessor: BadgeDirect raw=''
03-28 15:52:13.036 17825 17857 D OCRProcessor: Bottom raw='3133137” A;'
03-28 15:52:13.036 17825 17857 D OCRProcessor: Date -> Sat Feb 11 00:00:00 GMT 2017
03-28 15:52:13.036 17825 17857 D OCRProcessor: RealName -> Vaporeon
03-28 15:52:13.036 17825 17857 D OCRProcessor: NameRaw -> VaDoreonn O
03-28 15:52:13.036 17825 17857 D OCRProcessor: NameFallback -> 
03-28 15:52:13.484 17825 17856 D VisualFeatureDetector: Detecting features for pokemon: Vaporeon (SizeTag: null)
03-28 15:52:13.720 17825 17856 D VisualFeatureDetector: Costume heuristic skipped for Vaporeon: bestCostume=0.26992306, scoreGap=6.3470006E-4, dense=false
03-28 15:52:13.720 17825 17856 D VisualFeatureDetector: Shiny Analysis for Vaporeon: DistToNormal=107.62899237658968, DistToShiny=122.11470017978998
03-28 15:52:13.720 17825 17856 D VisualFeatureDetector: Shiny Analysis for Vaporeon: DistToNormal=107.62899237658968, DistToShiny=122.11470017978998
03-28 15:52:13.720 17825 17856 D VisualFeatureDetector: Shiny Hist Analysis for Vaporeon: normalMass=0.5147178, shinyMass=0.0033134092, refGap=94.285706
03-28 15:52:13.731 17825 17856 D VisualFeatureDetector: Lucky Analysis: cardGreen=0.09736842, cardGold=0.0, focusStrict=0.0, focusSoft=0.0, supportAvg=2.642706E-4, supportMax=0.0010570824, upperCornerAvg=0.0, upperCornerMax=0.0
03-28 15:52:13.731 17825 17856 D VisualFeatureDetector: Results: shiny=false(0.0), shadow=false(0.0), lucky=false(0.0), costume=false(0.0), locationCard=false(0.0), avgConfidence=1.0
03-28 15:52:13.732 17825 17856 D RarityCalculator: Deep Validation for Vaporeon (HP:227, Arc:1.0, Stardust:null, OCR_CP:3093, AllOCR:[3093], reliableHp=true)
03-28 15:52:13.735 17825 17856 D RarityCalculator: Current CP 3093 is valid.
03-28 15:52:13.738 17825 17856 D RarityCalculator: Rules-based rarity for Vaporeon: shiny=false, shadow=false, lucky=false, costume=false, form=false, locationCard=false
03-28 15:52:13.829 17825 17857 D OCRProcessor: [CP] 'CP706'
03-28 15:52:13.870 17825 17857 D OCRProcessor: [HP] '93/93HP'
03-28 15:52:13.875 17825 17857 D OCRProcessor: [HP_WM] '93/93 HP'
03-28 15:52:13.942 17825 17857 D OCRProcessor: [HPClean] 'QQl QS HP'
03-28 15:52:14.008 17825 17857 D OCRProcessor: [HPBlock] 'QQl QS HP'
03-28 15:52:14.055 17825 17857 D OCRProcessor: [LuckyLabel] 'FAGGKHM'
03-28 15:52:14.122 17825 17857 D OCRProcessor: [LuckyLabelClean] 'Farfetchmm'
03-28 15:52:14.164 17825 17857 D OCRProcessor: [Name] 'Farfetchmm'
03-28 15:52:14.195 17825 17857 D OCRProcessor: [Candy] 'a Q Lsm Q zw'
03-28 15:52:14.319 17825 17857 D OCRProcessor: [CandyClean] 'a ihfifo ifiio'
03-28 15:52:14.404 17825 17857 D OCRProcessor: [CandyBlock] 'a g LSM g zm
03-28 15:52:14.404 17825 17857 D OCRProcessor: FARFETCHAD FARFETCHD'
03-28 15:52:14.437 17825 17857 D OCRProcessor: [CandyWide] 'mom Q Lsm Q zm'
03-28 15:52:14.749 17825 17857 D OCRProcessor: [CandyWideClean] 'fga iggyo gifgif'
03-28 15:52:14.769 17825 17857 D OCRProcessor: [BadgeDynamic] ''
03-28 15:52:14.770 17825 17857 D OCRProcessor: [BadgeDynamicHC] ''
03-28 15:52:14.785 17825 17857 D OCRProcessor: [BadgeFixedWM] '1 3313'
03-28 15:52:14.909 17825 17857 D OCRProcessor: [Bottom] '31313113 75'
03-28 15:52:14.928 17825 17857 D OCRProcessor: [Weight] '18.21kg'
03-28 15:52:14.934 17825 17857 D OCRProcessor: [Height] '0.77m'
03-28 15:52:14.992 17825 17857 D TextParser: parseDate '' -> null
03-28 15:52:14.992 17825 17857 D TextParser: parseDate '1 3313' -> null
03-28 15:52:14.992 17825 17857 D TextParser: parseDate '' -> null
03-28 15:52:15.008 17825 17857 D OCRProcessor: [BadgeBinary] '2017
03-28 15:52:15.008 17825 17857 D OCRProcessor: 26/11'
03-28 15:52:15.009 17825 17857 D TextParser: parseDate '2017
03-28 15:52:15.009 17825 17857 D TextParser: 26/11' -> Sun Nov 26 00:00:00 GMT 2017
03-28 15:52:15.009 17825 17857 D OCRProcessor: === OCR 1237 ms ===
03-28 15:52:15.009 17825 17857 D OCRProcessor: CP raw='CP706' -> 706
03-28 15:52:15.009 17825 17857 D OCRProcessor: HP raw='93/93HP' -> (93, 93)
03-28 15:52:15.009 17825 17857 D OCRProcessor: HPWM raw='93/93 HP'
03-28 15:52:15.009 17825 17857 D OCRProcessor: HPClean raw='QQl QS HP'
03-28 15:52:15.009 17825 17857 D OCRProcessor: HPBlock raw='QQl QS HP'
03-28 15:52:15.009 17825 17857 D OCRProcessor: LuckyLabel raw='FAGGKHM'
03-28 15:52:15.009 17825 17857 D OCRProcessor: LuckyLabelClean raw='Farfetchmm'
03-28 15:52:15.009 17825 17857 D OCRProcessor: LuckyDetected -> false
03-28 15:52:15.009 17825 17857 D OCRProcessor: Candy raw='a Q Lsm Q zw'
03-28 15:52:15.009 17825 17857 D OCRProcessor: CandyClean raw='a ihfifo ifiio'
03-28 15:52:15.009 17825 17857 D OCRProcessor: CandyBlock raw='a g LSM g zm
03-28 15:52:15.009 17825 17857 D OCRProcessor: FARFETCHAD FARFETCHD'
03-28 15:52:15.009 17825 17857 D OCRProcessor: CandyWide raw='mom Q Lsm Q zm'
03-28 15:52:15.009 17825 17857 D OCRProcessor: CandyWideClean raw='fga iggyo gifgif'
03-28 15:52:15.009 17825 17857 D OCRProcessor: Candy -> null
03-28 15:52:15.009 17825 17857 D OCRProcessor: Name raw='Farfetchmm'
03-28 15:52:15.009 17825 17857 D OCRProcessor: NameHC raw=''
03-28 15:52:15.009 17825 17857 D OCRProcessor: DisplayName -> Farfetch'd
03-28 15:52:15.009 17825 17857 D OCRProcessor: Badge raw=''
03-28 15:52:15.009 17825 17857 D OCRProcessor: BadgeWM raw='1 3313'
03-28 15:52:15.009 17825 17857 D OCRProcessor: BadgeHC raw=''
03-28 15:52:15.009 17825 17857 D OCRProcessor: BadgeBinary raw='2017
03-28 15:52:15.009 17825 17857 D OCRProcessor: 26/11'
03-28 15:52:15.009 17825 17857 D OCRProcessor: BadgeDirect raw=''
03-28 15:52:15.009 17825 17857 D OCRProcessor: Bottom raw='31313113 75'
03-28 15:52:15.009 17825 17857 D OCRProcessor: Date -> Sun Nov 26 00:00:00 GMT 2017
03-28 15:52:15.009 17825 17857 D OCRProcessor: RealName -> Farfetch'd
03-28 15:52:15.009 17825 17857 D OCRProcessor: NameRaw -> Farfetchmm
03-28 15:52:15.009 17825 17857 D OCRProcessor: NameFallback -> 
03-28 15:52:15.436 17825 17856 D VisualFeatureDetector: Detecting features for pokemon: Farfetch'd (SizeTag: null)
03-28 15:52:15.672 17825 17856 D VisualFeatureDetector: Shiny Analysis for Farfetch'd: DistToNormal=115.65465835840769, DistToShiny=113.4195750300626
03-28 15:52:15.672 17825 17856 D VisualFeatureDetector: Shiny Analysis for Farfetch'd: DistToNormal=115.65465835840769, DistToShiny=113.4195750300626
03-28 15:52:15.683 17825 17856 D VisualFeatureDetector: Lucky Analysis: cardGreen=0.09736842, cardGold=0.0, focusStrict=0.007586207, focusSoft=0.01632184, supportAvg=0.011246183, supportMax=0.032299742, upperCornerAvg=0.06349207, upperCornerMax=0.11904762
03-28 15:52:15.684 17825 17856 D VisualFeatureDetector: Results: shiny=false(0.0), shadow=false(0.0), lucky=false(0.0), costume=false(0.0), locationCard=false(0.0), avgConfidence=1.0
03-28 15:52:15.684 17825 17856 D RarityCalculator: Deep Validation for Farfetch'd (HP:93, Arc:1.0, Stardust:null, OCR_CP:706, AllOCR:[706], reliableHp=true)
03-28 15:52:15.687 17825 17856 D RarityCalculator: Current CP 706 is valid.
03-28 15:52:15.689 17825 17856 D RarityCalculator: Rules-based rarity for Farfetch'd: shiny=true, shadow=false, lucky=false, costume=false, form=true, locationCard=false
03-28 15:52:15.783 17825 17857 D OCRProcessor: [CP] 'CP706'
03-28 15:52:15.825 17825 17857 D OCRProcessor: [HP] '93/93HP'
03-28 15:52:15.830 17825 17857 D OCRProcessor: [HP_WM] '93/93 HP'
03-28 15:52:15.896 17825 17857 D OCRProcessor: [HPClean] 'QQl QS HP'
03-28 15:52:15.962 17825 17857 D OCRProcessor: [HPBlock] 'QQl QS HP'
03-28 15:52:16.009 17825 17857 D OCRProcessor: [LuckyLabel] 'FAGGKHM'
03-28 15:52:16.076 17825 17857 D OCRProcessor: [LuckyLabelClean] 'Farfetchmm'
03-28 15:52:16.118 17825 17857 D OCRProcessor: [Name] 'Farfetchmm'
03-28 15:52:16.147 17825 17857 D OCRProcessor: [Candy] 'a Q Lsm Q zw'
03-28 15:52:16.271 17825 17857 D OCRProcessor: [CandyClean] 'a ihfifo ifiio'
03-28 15:52:16.356 17825 17857 D OCRProcessor: [CandyBlock] 'a Q LSM g zm
03-28 15:52:16.356 17825 17857 D OCRProcessor: FARFETCHAD FARFETCHD'
03-28 15:52:16.385 17825 17857 D OCRProcessor: [CandyWide] 'mom Q Lsm Q zm'
03-28 15:52:16.697 17825 17857 D OCRProcessor: [CandyWideClean] 'fga iggyo gifgif'
03-28 15:52:16.717 17825 17857 D OCRProcessor: [BadgeDynamic] ''
03-28 15:52:16.718 17825 17857 D OCRProcessor: [BadgeDynamicHC] ''
03-28 15:52:16.732 17825 17857 D OCRProcessor: [BadgeFixedWM] '1 3313'
03-28 15:52:16.856 17825 17857 D OCRProcessor: [Bottom] '31313113 75'
03-28 15:52:16.876 17825 17857 D OCRProcessor: [Weight] '18.21kg'
03-28 15:52:16.881 17825 17857 D OCRProcessor: [Height] '0.77m'
03-28 15:52:16.939 17825 17857 D TextParser: parseDate '' -> null
03-28 15:52:16.939 17825 17857 D TextParser: parseDate '1 3313' -> null
03-28 15:52:16.939 17825 17857 D TextParser: parseDate '' -> null
03-28 15:52:16.959 17825 17857 D OCRProcessor: [BadgeBinary] '2017
03-28 15:52:16.959 17825 17857 D OCRProcessor: 26/11'
03-28 15:52:16.959 17825 17857 D TextParser: parseDate '2017
03-28 15:52:16.959 17825 17857 D TextParser: 26/11' -> Sun Nov 26 00:00:00 GMT 2017
03-28 15:52:16.960 17825 17857 D OCRProcessor: === OCR 1232 ms ===
03-28 15:52:16.960 17825 17857 D OCRProcessor: CP raw='CP706' -> 706
03-28 15:52:16.960 17825 17857 D OCRProcessor: HP raw='93/93HP' -> (93, 93)
03-28 15:52:16.960 17825 17857 D OCRProcessor: HPWM raw='93/93 HP'
03-28 15:52:16.960 17825 17857 D OCRProcessor: HPClean raw='QQl QS HP'
03-28 15:52:16.960 17825 17857 D OCRProcessor: HPBlock raw='QQl QS HP'
03-28 15:52:16.960 17825 17857 D OCRProcessor: LuckyLabel raw='FAGGKHM'
03-28 15:52:16.960 17825 17857 D OCRProcessor: LuckyLabelClean raw='Farfetchmm'
03-28 15:52:16.960 17825 17857 D OCRProcessor: LuckyDetected -> false
03-28 15:52:16.960 17825 17857 D OCRProcessor: Candy raw='a Q Lsm Q zw'
03-28 15:52:16.960 17825 17857 D OCRProcessor: CandyClean raw='a ihfifo ifiio'
03-28 15:52:16.960 17825 17857 D OCRProcessor: CandyBlock raw='a Q LSM g zm
03-28 15:52:16.960 17825 17857 D OCRProcessor: FARFETCHAD FARFETCHD'
03-28 15:52:16.960 17825 17857 D OCRProcessor: CandyWide raw='mom Q Lsm Q zm'
03-28 15:52:16.960 17825 17857 D OCRProcessor: CandyWideClean raw='fga iggyo gifgif'
03-28 15:52:16.960 17825 17857 D OCRProcessor: Candy -> null
03-28 15:52:16.960 17825 17857 D OCRProcessor: Name raw='Farfetchmm'
03-28 15:52:16.960 17825 17857 D OCRProcessor: NameHC raw=''
03-28 15:52:16.960 17825 17857 D OCRProcessor: DisplayName -> Farfetch'd
03-28 15:52:16.960 17825 17857 D OCRProcessor: Badge raw=''
03-28 15:52:16.960 17825 17857 D OCRProcessor: BadgeWM raw='1 3313'
03-28 15:52:16.960 17825 17857 D OCRProcessor: BadgeHC raw=''
03-28 15:52:16.960 17825 17857 D OCRProcessor: BadgeBinary raw='2017
03-28 15:52:16.960 17825 17857 D OCRProcessor: 26/11'
03-28 15:52:16.960 17825 17857 D OCRProcessor: BadgeDirect raw=''
03-28 15:52:16.960 17825 17857 D OCRProcessor: Bottom raw='31313113 75'
03-28 15:52:16.960 17825 17857 D OCRProcessor: Date -> Sun Nov 26 00:00:00 GMT 2017
03-28 15:52:16.960 17825 17857 D OCRProcessor: RealName -> Farfetch'd
03-28 15:52:16.960 17825 17857 D OCRProcessor: NameRaw -> Farfetchmm
03-28 15:52:16.960 17825 17857 D OCRProcessor: NameFallback -> 
03-28 15:52:17.387 17825 17856 D VisualFeatureDetector: Detecting features for pokemon: Farfetch'd (SizeTag: null)
03-28 15:52:17.624 17825 17856 D VisualFeatureDetector: Shiny Analysis for Farfetch'd: DistToNormal=115.65465835840769, DistToShiny=113.4195750300626
03-28 15:52:17.624 17825 17856 D VisualFeatureDetector: Shiny Analysis for Farfetch'd: DistToNormal=115.65465835840769, DistToShiny=113.4195750300626
03-28 15:52:17.634 17825 17856 D VisualFeatureDetector: Lucky Analysis: cardGreen=0.09736842, cardGold=0.0, focusStrict=0.007586207, focusSoft=0.18045977, supportAvg=0.14571588, supportMax=0.3192389, upperCornerAvg=0.67777777, upperCornerMax=0.75396824
03-28 15:52:17.635 17825 17856 D VisualFeatureDetector: Results: shiny=false(0.0), shadow=false(0.0), lucky=false(0.0), costume=false(0.0), locationCard=false(0.0), avgConfidence=1.0
03-28 15:52:17.635 17825 17856 D RarityCalculator: Deep Validation for Farfetch'd (HP:93, Arc:1.0, Stardust:null, OCR_CP:706, AllOCR:[706], reliableHp=true)
03-28 15:52:17.638 17825 17856 D RarityCalculator: Current CP 706 is valid.
03-28 15:52:17.641 17825 17856 D RarityCalculator: Rules-based rarity for Farfetch'd: shiny=true, shadow=false, lucky=false, costume=false, form=true, locationCard=false
03-28 15:52:17.739 17825 17857 D OCRProcessor: [CP] 'CP3629'
03-28 15:52:17.784 17825 17857 D OCRProcessor: [HP] '179/179 HP'
03-28 15:52:17.789 17825 17857 D OCRProcessor: [HP_WM] '179 / 179 HP'
03-28 15:52:17.850 17825 17857 D OCRProcessor: [HPClean] 'l Q l tWQ HP'
03-28 15:52:17.911 17825 17857 D OCRProcessor: [HPBlock] 'l Q l tWQ HP'
03-28 15:52:17.968 17825 17857 D OCRProcessor: [LuckyLabel] 'IQ RGEIGOUNO'
03-28 15:52:18.043 17825 17857 D OCRProcessor: [LuckyLabelClean] 'iiiil Raikoumo'
03-28 15:52:18.072 17825 17857 D OCRProcessor: [Name] 'it Raikouloo l'
03-28 15:52:18.214 17825 17857 D OCRProcessor: [Candy] 'b   LkS NE hSB'
03-28 15:52:18.349 17825 17857 D OCRProcessor: [CandyClean] 'a RAfocZaAN DY RAIfUthDY X'
03-28 15:52:18.454 17825 17857 D OCRProcessor: [CandyBlock] 'G g  G tuxz lbzi
03-28 15:52:18.454 17825 17857 D OCRProcessor: RAIKOU CANDY RAIKOU CANDY x'
03-28 15:52:18.484 17825 17857 D TextParser: CandyName 'G  G TUXZ LBZI
03-28 15:52:18.484 17825 17857 D TextParser: RAIKOU' -> 'Raikou'
03-28 15:52:18.518 17825 17857 D OCRProcessor: [BadgeFixed] '3313'
03-28 15:52:18.519 17825 17857 D OCRProcessor: [BadgeFixedHC] '1'
03-28 15:52:18.533 17825 17857 D OCRProcessor: [BadgeFixedWM] '3313'
03-28 15:52:18.799 17825 17857 D OCRProcessor: [Bottom] 'VWTI; ngze - ‘ IA\ [A1 3 \'
03-28 15:52:18.825 17825 17857 D OCRProcessor: [Weight] '141.82kg'
03-28 15:52:18.828 17825 17857 D OCRProcessor: [Height] '1.72m'
03-28 15:52:18.914 17825 17857 D TextParser: parseDate '3313' -> null
03-28 15:52:18.914 17825 17857 D TextParser: parseDate '3313' -> null
03-28 15:52:18.914 17825 17857 D TextParser: parseDate '1' -> null
03-28 15:52:18.940 17825 17857 D OCRProcessor: [BadgeBinary] '14. 2017 1
03-28 15:52:18.940 17825 17857 D OCRProcessor: 1 21/11'
03-28 15:52:18.941 17825 17857 D TextParser: parseDate '14. 2017 1
03-28 15:52:18.941 17825 17857 D TextParser: 1 21/11' -> Tue Nov 21 00:00:00 GMT 2017
03-28 15:52:18.941 17825 17857 D OCRProcessor: === OCR 1266 ms ===
03-28 15:52:18.941 17825 17857 D OCRProcessor: CP raw='CP3629' -> 3629
03-28 15:52:18.941 17825 17857 D OCRProcessor: HP raw='179/179 HP' -> (179, 179)
03-28 15:52:18.941 17825 17857 D OCRProcessor: HPWM raw='179 / 179 HP'
03-28 15:52:18.941 17825 17857 D OCRProcessor: HPClean raw='l Q l tWQ HP'
03-28 15:52:18.941 17825 17857 D OCRProcessor: HPBlock raw='l Q l tWQ HP'
03-28 15:52:18.941 17825 17857 D OCRProcessor: LuckyLabel raw='IQ RGEIGOUNO'
03-28 15:52:18.941 17825 17857 D OCRProcessor: LuckyLabelClean raw='iiiil Raikoumo'
03-28 15:52:18.941 17825 17857 D OCRProcessor: LuckyDetected -> false
03-28 15:52:18.941 17825 17857 D OCRProcessor: Candy raw='b   LkS NE hSB'
03-28 15:52:18.941 17825 17857 D OCRProcessor: CandyClean raw='a RAfocZaAN DY RAIfUthDY X'
03-28 15:52:18.941 17825 17857 D OCRProcessor: CandyBlock raw='G g  G tuxz lbzi
03-28 15:52:18.941 17825 17857 D OCRProcessor: RAIKOU CANDY RAIKOU CANDY x'
03-28 15:52:18.941 17825 17857 D OCRProcessor: CandyWide raw=''
03-28 15:52:18.941 17825 17857 D OCRProcessor: CandyWideClean raw=''
03-28 15:52:18.941 17825 17857 D OCRProcessor: Candy -> Raikou
03-28 15:52:18.941 17825 17857 D OCRProcessor: Name raw='it Raikouloo l'
03-28 15:52:18.941 17825 17857 D OCRProcessor: NameHC raw=''
03-28 15:52:18.941 17825 17857 D OCRProcessor: DisplayName -> Raikou
03-28 15:52:18.941 17825 17857 D OCRProcessor: Badge raw='3313'
03-28 15:52:18.941 17825 17857 D OCRProcessor: BadgeWM raw='3313'
03-28 15:52:18.941 17825 17857 D OCRProcessor: BadgeHC raw='1'
03-28 15:52:18.941 17825 17857 D OCRProcessor: BadgeBinary raw='14. 2017 1
03-28 15:52:18.941 17825 17857 D OCRProcessor: 1 21/11'
03-28 15:52:18.941 17825 17857 D OCRProcessor: BadgeDirect raw=''
03-28 15:52:18.941 17825 17857 D OCRProcessor: Bottom raw='VWTI; ngze - ‘ IA\ [A1 3 \'
03-28 15:52:18.941 17825 17857 D OCRProcessor: Date -> Tue Nov 21 00:00:00 GMT 2017
03-28 15:52:18.941 17825 17857 D OCRProcessor: RealName -> Raikou
03-28 15:52:18.941 17825 17857 D OCRProcessor: NameRaw -> it Raikouloo l
03-28 15:52:18.941 17825 17857 D OCRProcessor: NameFallback -> 
03-28 15:52:19.491 17825 17856 D VisualFeatureDetector: Detecting features for pokemon: Raikou (SizeTag: null)
03-28 15:52:19.730 17825 17856 D VisualFeatureDetector: Alternate shiny signature accepted for Raikou: primary=0.0, chosen=1.0
03-28 15:52:19.730 17825 17856 D VisualFeatureDetector: Shiny Analysis for Raikou: DistToNormal=122.11470017978998, DistToShiny=167.236359682935
03-28 15:52:19.730 17825 17856 D VisualFeatureDetector: Shiny Analysis for Raikou: DistToNormal=122.11470017978998, DistToShiny=167.236359682935
03-28 15:52:19.730 17825 17856 D VisualFeatureDetector: Signature-only shiny rejected for Raikou: signature=1.0, supports=0, strongestSupport=0.0, consensus=2, primaryMatched=false, costume=false/0.0
03-28 15:52:19.743 17825 17856 D VisualFeatureDetector: Lucky Analysis: cardGreen=0.09736842, cardGold=0.0, focusStrict=0.07494253, focusSoft=0.087126434, supportAvg=0.005021142, supportMax=0.016913319, upperCornerAvg=0.0, upperCornerMax=0.0
03-28 15:52:19.744 17825 17856 D VisualFeatureDetector: Results: shiny=false(0.0), shadow=false(0.0), lucky=false(0.0), costume=false(0.0), locationCard=false(0.0), avgConfidence=1.0
03-28 15:52:19.744 17825 17856 D RarityCalculator: Deep Validation for Raikou (HP:179, Arc:1.0, Stardust:null, OCR_CP:3629, AllOCR:[3629], reliableHp=true)
03-28 15:52:19.747 17825 17856 I RarityCalculator: Trusting OCR candidate: 3629 (count=1, minLevelDiff=0.0)
03-28 15:52:19.751 17825 17856 D RarityCalculator: Rules-based rarity for Raikou: shiny=false, shadow=false, lucky=false, costume=false, form=false, locationCard=false
03-28 15:52:19.860 17825 17857 D OCRProcessor: [CP] 'P CP3629'
03-28 15:52:19.907 17825 17857 D OCRProcessor: [HP] '179/179 HP'
03-28 15:52:19.913 17825 17857 D OCRProcessor: [HP_WM] '179 / 179 HP'
03-28 15:52:19.974 17825 17857 D OCRProcessor: [HPClean] 'l Q l tWQ HP'
03-28 15:52:20.035 17825 17857 D OCRProcessor: [HPBlock] 'lPQ l tWQ HP'
03-28 15:52:20.088 17825 17857 D OCRProcessor: [LuckyLabel] 'IQ RGEKOUNO'
03-28 15:52:20.165 17825 17857 D OCRProcessor: [LuckyLabelClean] 'iiiil Raikoumo'
03-28 15:52:20.192 17825 17857 D OCRProcessor: [Name] 'it Raikouloo l'
03-28 15:52:20.336 17825 17857 D OCRProcessor: [Candy] 'b P LkS NE hSB'
03-28 15:52:20.445 17825 17857 D OCRProcessor: [CandyClean] 'a RAfogN DY RAIfUthDY X'
03-28 15:52:20.557 17825 17857 D OCRProcessor: [CandyBlock] 'G g HG tuxz lbzi
03-28 15:52:20.557 17825 17857 D OCRProcessor: RAIKOU CANDY RAIKOU CANDY x'
03-28 15:52:20.588 17825 17857 D TextParser: CandyName 'G HG TUXZ LBZI
03-28 15:52:20.588 17825 17857 D TextParser: RAIKOU' -> 'Raikou'
03-28 15:52:20.623 17825 17857 D OCRProcessor: [BadgeFixed] '1 3313'
03-28 15:52:20.625 17825 17857 D OCRProcessor: [BadgeFixedHC] '1'
03-28 15:52:20.639 17825 17857 D OCRProcessor: [BadgeFixedWM] '1 3313'
03-28 15:52:20.926 17825 17857 D OCRProcessor: [Bottom] 'VWTI; ngze - ‘ IA\ [A1 3 \'
03-28 15:52:20.954 17825 17857 D OCRProcessor: [Weight] '141.82kg'
03-28 15:52:20.958 17825 17857 D OCRProcessor: [Height] '1.72m'
03-28 15:52:21.045 17825 17857 D TextParser: parseDate '1 3313' -> null
03-28 15:52:21.045 17825 17857 D TextParser: parseDate '1 3313' -> null
03-28 15:52:21.045 17825 17857 D TextParser: parseDate '1' -> null
03-28 15:52:21.071 17825 17857 D OCRProcessor: [BadgeBinary] '4. 2017  
03-28 15:52:21.071 17825 17857 D OCRProcessor:   21/11'
03-28 15:52:21.071 17825 17857 D TextParser: parseDate '4. 2017  
03-28 15:52:21.071 17825 17857 D TextParser:   21/11' -> Tue Nov 21 00:00:00 GMT 2017
03-28 15:52:21.072 17825 17857 D OCRProcessor: === OCR 1284 ms ===
03-28 15:52:21.072 17825 17857 D OCRProcessor: CP raw='P CP3629' -> 3629
03-28 15:52:21.072 17825 17857 D OCRProcessor: HP raw='179/179 HP' -> (179, 179)
03-28 15:52:21.072 17825 17857 D OCRProcessor: HPWM raw='179 / 179 HP'
03-28 15:52:21.072 17825 17857 D OCRProcessor: HPClean raw='l Q l tWQ HP'
03-28 15:52:21.072 17825 17857 D OCRProcessor: HPBlock raw='lPQ l tWQ HP'
03-28 15:52:21.072 17825 17857 D OCRProcessor: LuckyLabel raw='IQ RGEKOUNO'
03-28 15:52:21.072 17825 17857 D OCRProcessor: LuckyLabelClean raw='iiiil Raikoumo'
03-28 15:52:21.072 17825 17857 D OCRProcessor: LuckyDetected -> false
03-28 15:52:21.072 17825 17857 D OCRProcessor: Candy raw='b P LkS NE hSB'
03-28 15:52:21.072 17825 17857 D OCRProcessor: CandyClean raw='a RAfogN DY RAIfUthDY X'
03-28 15:52:21.072 17825 17857 D OCRProcessor: CandyBlock raw='G g HG tuxz lbzi
03-28 15:52:21.072 17825 17857 D OCRProcessor: RAIKOU CANDY RAIKOU CANDY x'
03-28 15:52:21.072 17825 17857 D OCRProcessor: CandyWide raw=''
03-28 15:52:21.072 17825 17857 D OCRProcessor: CandyWideClean raw=''
03-28 15:52:21.072 17825 17857 D OCRProcessor: Candy -> Raikou
03-28 15:52:21.072 17825 17857 D OCRProcessor: Name raw='it Raikouloo l'
03-28 15:52:21.072 17825 17857 D OCRProcessor: NameHC raw=''
03-28 15:52:21.072 17825 17857 D OCRProcessor: DisplayName -> Raikou
03-28 15:52:21.072 17825 17857 D OCRProcessor: Badge raw='1 3313'
03-28 15:52:21.072 17825 17857 D OCRProcessor: BadgeWM raw='1 3313'
03-28 15:52:21.072 17825 17857 D OCRProcessor: BadgeHC raw='1'
03-28 15:52:21.072 17825 17857 D OCRProcessor: BadgeBinary raw='4. 2017  
03-28 15:52:21.072 17825 17857 D OCRProcessor:   21/11'
03-28 15:52:21.072 17825 17857 D OCRProcessor: BadgeDirect raw=''
03-28 15:52:21.072 17825 17857 D OCRProcessor: Bottom raw='VWTI; ngze - ‘ IA\ [A1 3 \'
03-28 15:52:21.072 17825 17857 D OCRProcessor: Date -> Tue Nov 21 00:00:00 GMT 2017
03-28 15:52:21.072 17825 17857 D OCRProcessor: RealName -> Raikou
03-28 15:52:21.072 17825 17857 D OCRProcessor: NameRaw -> it Raikouloo l
03-28 15:52:21.072 17825 17857 D OCRProcessor: NameFallback -> 
03-28 15:52:21.624 17825 17856 D VisualFeatureDetector: Detecting features for pokemon: Raikou (SizeTag: null)
03-28 15:52:21.864 17825 17856 D VisualFeatureDetector: Alternate shiny signature accepted for Raikou: primary=0.0, chosen=1.0
03-28 15:52:21.864 17825 17856 D VisualFeatureDetector: Shiny Analysis for Raikou: DistToNormal=122.11470017978998, DistToShiny=167.236359682935
03-28 15:52:21.864 17825 17856 D VisualFeatureDetector: Shiny Analysis for Raikou: DistToNormal=122.11470017978998, DistToShiny=167.236359682935
03-28 15:52:21.864 17825 17856 D VisualFeatureDetector: Signature-only shiny rejected for Raikou: signature=1.0, supports=0, strongestSupport=0.0, consensus=2, primaryMatched=false, costume=false/0.0
03-28 15:52:21.874 17825 17856 D VisualFeatureDetector: Lucky Analysis: cardGreen=0.09736842, cardGold=0.0, focusStrict=0.072643675, focusSoft=0.08551724, supportAvg=0.005021142, supportMax=0.016913319, upperCornerAvg=0.0, upperCornerMax=0.0
03-28 15:52:21.875 17825 17856 D VisualFeatureDetector: Results: shiny=false(0.0), shadow=false(0.0), lucky=false(0.0), costume=false(0.0), locationCard=false(0.0), avgConfidence=1.0
03-28 15:52:21.875 17825 17856 D RarityCalculator: Deep Validation for Raikou (HP:179, Arc:1.0, Stardust:null, OCR_CP:3629, AllOCR:[3629], reliableHp=true)
03-28 15:52:21.879 17825 17856 I RarityCalculator: Trusting OCR candidate: 3629 (count=1, minLevelDiff=0.0)
03-28 15:52:21.881 17825 17856 D RarityCalculator: Rules-based rarity for Raikou: shiny=false, shadow=false, lucky=false, costume=false, form=false, locationCard=false
03-28 15:52:21.980 17825 17857 D OCRProcessor: [CP] 'CP2793'
03-28 15:52:22.025 17825 17857 D OCRProcessor: [HP] '253/253 HP'
03-28 15:52:22.033 17825 17857 D OCRProcessor: [HP_WM] '253 / 253 HP'
03-28 15:52:22.099 17825 17857 D OCRProcessor: [HPClean] 'ZSQ l ZSS HP'
03-28 15:52:22.166 17825 17857 D OCRProcessor: [HPBlock] 'ZSQ l ZSS HP'
03-28 15:52:22.206 17825 17857 D OCRProcessor: [LuckyLabel] 'SHOYIDXQS'
03-28 15:52:22.247 17825 17857 D OCRProcessor: [LuckyLabelClean] 'SnorlaxNS'
03-28 15:52:22.265 17825 17857 D OCRProcessor: [Name] 'SnorlaxH OK'
03-28 15:52:22.333 17825 17857 D OCRProcessor: [Candy] 'cs g zms g zen'
03-28 15:52:22.472 17825 17857 D OCRProcessor: [CandyClean] 'a SERLZISSSABN DY SNfLieCiNDY'
03-28 15:52:22.558 17825 17857 D OCRProcessor: [CandyBlock] 'a e zma s ZBl
03-28 15:52:22.558 17825 17857 D OCRProcessor: SNORLAX CANDY SNORLAX CANDY'
03-28 15:52:22.583 17825 17857 D TextParser: CandyName 'A E ZMA S ZBL
03-28 15:52:22.583 17825 17857 D TextParser: SNORLAX' -> 'Snorlax'
03-28 15:52:22.605 17825 17857 D OCRProcessor: [BadgeDynamic] ''
03-28 15:52:22.605 17825 17857 D OCRProcessor: [BadgeDynamicHC] ''
03-28 15:52:22.626 17825 17857 D OCRProcessor: [BadgeFixedWM] '1 53113'
03-28 15:52:22.719 17825 17857 D OCRProcessor: [Bottom] 'gzzzm, ,,- Ł3'
03-28 15:52:22.742 17825 17857 D OCRProcessor: [Weight] '593.25kg'
03-28 15:52:22.749 17825 17857 D OCRProcessor: [Height] '2.33m'
03-28 15:52:22.890 17825 17857 D TextParser: parseDate '' -> null
03-28 15:52:22.891 17825 17857 D TextParser: parseDate '1 53113' -> null
03-28 15:52:22.891 17825 17857 D TextParser: parseDate '' -> null
03-28 15:52:22.907 17825 17857 D OCRProcessor: [BadgeBinary] '2017
03-28 15:52:22.907 17825 17857 D OCRProcessor: 09/12'
03-28 15:52:22.907 17825 17857 D TextParser: parseDate '2017
03-28 15:52:22.907 17825 17857 D TextParser: 09/12' -> Tue Sep 12 00:00:00 GMT+01:00 2017
03-28 15:52:22.907 17825 17857 D OCRProcessor: === OCR 990 ms ===
03-28 15:52:22.907 17825 17857 D OCRProcessor: CP raw='CP2793' -> 2793
03-28 15:52:22.907 17825 17857 D OCRProcessor: HP raw='253/253 HP' -> (253, 253)
03-28 15:52:22.907 17825 17857 D OCRProcessor: HPWM raw='253 / 253 HP'
03-28 15:52:22.907 17825 17857 D OCRProcessor: HPClean raw='ZSQ l ZSS HP'
03-28 15:52:22.907 17825 17857 D OCRProcessor: HPBlock raw='ZSQ l ZSS HP'
03-28 15:52:22.907 17825 17857 D OCRProcessor: LuckyLabel raw='SHOYIDXQS'
03-28 15:52:22.907 17825 17857 D OCRProcessor: LuckyLabelClean raw='SnorlaxNS'
03-28 15:52:22.907 17825 17857 D OCRProcessor: LuckyDetected -> false
03-28 15:52:22.907 17825 17857 D OCRProcessor: Candy raw='cs g zms g zen'
03-28 15:52:22.907 17825 17857 D OCRProcessor: CandyClean raw='a SERLZISSSABN DY SNfLieCiNDY'
03-28 15:52:22.907 17825 17857 D OCRProcessor: CandyBlock raw='a e zma s ZBl
03-28 15:52:22.907 17825 17857 D OCRProcessor: SNORLAX CANDY SNORLAX CANDY'
03-28 15:52:22.907 17825 17857 D OCRProcessor: CandyWide raw=''
03-28 15:52:22.907 17825 17857 D OCRProcessor: CandyWideClean raw=''
03-28 15:52:22.907 17825 17857 D OCRProcessor: Candy -> Snorlax
03-28 15:52:22.907 17825 17857 D OCRProcessor: Name raw='SnorlaxH OK'
03-28 15:52:22.907 17825 17857 D OCRProcessor: NameHC raw=''
03-28 15:52:22.907 17825 17857 D OCRProcessor: DisplayName -> Snorlax
03-28 15:52:22.907 17825 17857 D OCRProcessor: Badge raw=''
03-28 15:52:22.907 17825 17857 D OCRProcessor: BadgeWM raw='1 53113'
03-28 15:52:22.907 17825 17857 D OCRProcessor: BadgeHC raw=''
03-28 15:52:22.907 17825 17857 D OCRProcessor: BadgeBinary raw='2017
03-28 15:52:22.907 17825 17857 D OCRProcessor: 09/12'
03-28 15:52:22.907 17825 17857 D OCRProcessor: BadgeDirect raw=''
03-28 15:52:22.907 17825 17857 D OCRProcessor: Bottom raw='gzzzm, ,,- Ł3'
03-28 15:52:22.907 17825 17857 D OCRProcessor: Date -> Tue Sep 12 00:00:00 GMT+01:00 2017
03-28 15:52:22.907 17825 17857 D OCRProcessor: RealName -> Snorlax
03-28 15:52:22.907 17825 17857 D OCRProcessor: NameRaw -> SnorlaxH OK
03-28 15:52:22.907 17825 17857 D OCRProcessor: NameFallback -> 
03-28 15:52:23.370 17825 17856 D VisualFeatureDetector: Detecting features for pokemon: Snorlax (SizeTag: null)
03-28 15:52:23.623 17825 17856 D VisualFeatureDetector: Costume Analysis for Snorlax: HeadHue=193.0, BodyHue=155.0, RefHue=60.0, DistRef=133.0, DistBody=38.0, Dist=38.0, HeadSat=0.30126515, BodySat=0.05146842
03-28 15:52:23.623 17825 17856 D VisualFeatureDetector: Heuristic-only costume rejected for Snorlax: confidence=0.48392725
03-28 15:52:23.624 17825 17856 D VisualFeatureDetector: Shiny Analysis for Snorlax: DistToNormal=102.76186062932103, DistToShiny=213.61647876509903
03-28 15:52:23.624 17825 17856 D VisualFeatureDetector: Shiny Analysis for Snorlax: DistToNormal=102.76186062932103, DistToShiny=213.61647876509903
03-28 15:52:23.624 17825 17856 D VisualFeatureDetector: Shiny Hist Analysis for Snorlax: normalMass=0.31930897, shinyMass=0.0931723, refGap=160.0
03-28 15:52:23.634 17825 17856 D VisualFeatureDetector: Lucky Analysis: cardGreen=0.09736842, cardGold=0.0, focusStrict=0.0, focusSoft=0.067586206, supportAvg=0.13576168, supportMax=0.30338266, upperCornerAvg=0.66587305, upperCornerMax=0.7587302
03-28 15:52:23.635 17825 17856 D VisualFeatureDetector: Results: shiny=false(0.0), shadow=false(0.0), lucky=false(0.0), costume=false(0.0), locationCard=false(0.0), avgConfidence=1.0
03-28 15:52:23.635 17825 17856 D RarityCalculator: Deep Validation for Snorlax (HP:253, Arc:1.0, Stardust:null, OCR_CP:2793, AllOCR:[2793], reliableHp=true)
03-28 15:52:23.638 17825 17856 D RarityCalculator: Current CP 2793 is valid.
03-28 15:52:23.640 17825 17856 D RarityCalculator: Rules-based rarity for Snorlax: shiny=false, shadow=false, lucky=false, costume=false, form=false, locationCard=false
03-28 15:52:23.736 17825 17857 D OCRProcessor: [CP] 'CP2793'
03-28 15:52:23.783 17825 17857 D OCRProcessor: [HP] '253 / 253 HP'
03-28 15:52:23.791 17825 17857 D OCRProcessor: [HP_WM] '253 / 253 HP'
03-28 15:52:23.858 17825 17857 D OCRProcessor: [HPClean] 'ZSQ l ZSS HP'
03-28 15:52:23.924 17825 17857 D OCRProcessor: [HPBlock] 'ZSQ l ZSS HP'
03-28 15:52:23.964 17825 17857 D OCRProcessor: [LuckyLabel] 'SHOYIDXQS'
03-28 15:52:24.006 17825 17857 D OCRProcessor: [LuckyLabelClean] 'SnorlaxNS'
03-28 15:52:24.024 17825 17857 D OCRProcessor: [Name] 'SnorlaxH OK'
03-28 15:52:24.092 17825 17857 D OCRProcessor: [Candy] 'cs g zms g zen'
03-28 15:52:24.232 17825 17857 D OCRProcessor: [CandyClean] 'a SERLZISSSABN DY SNfLieCiNDY'
03-28 15:52:24.318 17825 17857 D OCRProcessor: [CandyBlock] 'a e zma s ZBl
03-28 15:52:24.318 17825 17857 D OCRProcessor: SNORLAX CANDY SNORLAX CANDY'
03-28 15:52:24.343 17825 17857 D TextParser: CandyName 'A E ZMA S ZBL
03-28 15:52:24.343 17825 17857 D TextParser: SNORLAX' -> 'Snorlax'
03-28 15:52:24.363 17825 17857 D OCRProcessor: [BadgeDynamic] ''
03-28 15:52:24.363 17825 17857 D OCRProcessor: [BadgeDynamicHC] ''
03-28 15:52:24.383 17825 17857 D OCRProcessor: [BadgeFixedWM] '1 53113'
03-28 15:52:24.477 17825 17857 D OCRProcessor: [Bottom] 'gzzzm, ,,- Ł3'
03-28 15:52:24.501 17825 17857 D OCRProcessor: [Weight] '593.25kg'
03-28 15:52:24.508 17825 17857 D OCRProcessor: [Height] '2.33m'
03-28 15:52:24.600 17825 17857 D TextParser: parseDate '' -> null
03-28 15:52:24.600 17825 17857 D TextParser: parseDate '1 53113' -> null
03-28 15:52:24.600 17825 17857 D TextParser: parseDate '' -> null
03-28 15:52:24.616 17825 17857 D OCRProcessor: [BadgeBinary] '2017
03-28 15:52:24.616 17825 17857 D OCRProcessor: 09/12'
03-28 15:52:24.616 17825 17857 D TextParser: parseDate '2017
03-28 15:52:24.616 17825 17857 D TextParser: 09/12' -> Tue Sep 12 00:00:00 GMT+01:00 2017
03-28 15:52:24.617 17825 17857 D OCRProcessor: === OCR 941 ms ===
03-28 15:52:24.617 17825 17857 D OCRProcessor: CP raw='CP2793' -> 2793
03-28 15:52:24.617 17825 17857 D OCRProcessor: HP raw='253 / 253 HP' -> (253, 253)
03-28 15:52:24.617 17825 17857 D OCRProcessor: HPWM raw='253 / 253 HP'
03-28 15:52:24.617 17825 17857 D OCRProcessor: HPClean raw='ZSQ l ZSS HP'
03-28 15:52:24.617 17825 17857 D OCRProcessor: HPBlock raw='ZSQ l ZSS HP'
03-28 15:52:24.617 17825 17857 D OCRProcessor: LuckyLabel raw='SHOYIDXQS'
03-28 15:52:24.617 17825 17857 D OCRProcessor: LuckyLabelClean raw='SnorlaxNS'
03-28 15:52:24.617 17825 17857 D OCRProcessor: LuckyDetected -> false
03-28 15:52:24.617 17825 17857 D OCRProcessor: Candy raw='cs g zms g zen'
03-28 15:52:24.617 17825 17857 D OCRProcessor: CandyClean raw='a SERLZISSSABN DY SNfLieCiNDY'
03-28 15:52:24.617 17825 17857 D OCRProcessor: CandyBlock raw='a e zma s ZBl
03-28 15:52:24.617 17825 17857 D OCRProcessor: SNORLAX CANDY SNORLAX CANDY'
03-28 15:52:24.617 17825 17857 D OCRProcessor: CandyWide raw=''
03-28 15:52:24.617 17825 17857 D OCRProcessor: CandyWideClean raw=''
03-28 15:52:24.617 17825 17857 D OCRProcessor: Candy -> Snorlax
03-28 15:52:24.617 17825 17857 D OCRProcessor: Name raw='SnorlaxH OK'
03-28 15:52:24.617 17825 17857 D OCRProcessor: NameHC raw=''
03-28 15:52:24.617 17825 17857 D OCRProcessor: DisplayName -> Snorlax
03-28 15:52:24.617 17825 17857 D OCRProcessor: Badge raw=''
03-28 15:52:24.617 17825 17857 D OCRProcessor: BadgeWM raw='1 53113'
03-28 15:52:24.617 17825 17857 D OCRProcessor: BadgeHC raw=''
03-28 15:52:24.617 17825 17857 D OCRProcessor: BadgeBinary raw='2017
03-28 15:52:24.617 17825 17857 D OCRProcessor: 09/12'
03-28 15:52:24.617 17825 17857 D OCRProcessor: BadgeDirect raw=''
03-28 15:52:24.617 17825 17857 D OCRProcessor: Bottom raw='gzzzm, ,,- Ł3'
03-28 15:52:24.617 17825 17857 D OCRProcessor: Date -> Tue Sep 12 00:00:00 GMT+01:00 2017
03-28 15:52:24.617 17825 17857 D OCRProcessor: RealName -> Snorlax
03-28 15:52:24.617 17825 17857 D OCRProcessor: NameRaw -> SnorlaxH OK
03-28 15:52:24.617 17825 17857 D OCRProcessor: NameFallback -> 
03-28 15:52:25.081 17825 17856 D VisualFeatureDetector: Detecting features for pokemon: Snorlax (SizeTag: null)
03-28 15:52:25.338 17825 17856 D VisualFeatureDetector: Costume Analysis for Snorlax: HeadHue=193.0, BodyHue=155.0, RefHue=60.0, DistRef=133.0, DistBody=38.0, Dist=38.0, HeadSat=0.30135834, BodySat=0.05146842
03-28 15:52:25.338 17825 17856 D VisualFeatureDetector: Heuristic-only costume rejected for Snorlax: confidence=0.4839552
03-28 15:52:25.338 17825 17856 D VisualFeatureDetector: Shiny Analysis for Snorlax: DistToNormal=102.76186062932103, DistToShiny=213.61647876509903
03-28 15:52:25.338 17825 17856 D VisualFeatureDetector: Shiny Analysis for Snorlax: DistToNormal=102.76186062932103, DistToShiny=213.61647876509903
03-28 15:52:25.338 17825 17856 D VisualFeatureDetector: Shiny Hist Analysis for Snorlax: normalMass=0.31910288, shinyMass=0.09316243, refGap=160.0
03-28 15:52:25.349 17825 17856 D VisualFeatureDetector: Lucky Analysis: cardGreen=0.09736842, cardGold=0.0, focusStrict=0.0, focusSoft=0.06643678, supportAvg=0.13645172, supportMax=0.30549684, upperCornerAvg=0.66587305, upperCornerMax=0.7587302
03-28 15:52:25.350 17825 17856 D VisualFeatureDetector: Results: shiny=false(0.0), shadow=false(0.0), lucky=false(0.0), costume=false(0.0), locationCard=false(0.0), avgConfidence=1.0
03-28 15:52:25.350 17825 17856 D RarityCalculator: Deep Validation for Snorlax (HP:253, Arc:1.0, Stardust:null, OCR_CP:2793, AllOCR:[2793], reliableHp=true)
03-28 15:52:25.353 17825 17856 D RarityCalculator: Current CP 2793 is valid.
03-28 15:52:25.355 17825 17856 D RarityCalculator: Rules-based rarity for Snorlax: shiny=false, shadow=false, lucky=false, costume=false, form=false, locationCard=false
03-28 15:52:25.444 17825 17857 D OCRProcessor: [CP] 'CP767'
03-28 15:52:25.485 17825 17857 D OCRProcessor: [HP] '92/42HP'
03-28 15:52:25.490 17825 17857 D OCRProcessor: [HP_WM] '92/42 HP'
03-28 15:52:25.551 17825 17857 D OCRProcessor: [HPClean] 'QZl PZ HP'
03-28 15:52:25.610 17825 17857 D OCRProcessor: [HPBlock] 'QZl QZ HP'
03-28 15:52:25.655 17825 17857 D OCRProcessor: [LuckyLabel] 'SGVEDCYM'
03-28 15:52:25.696 17825 17857 D OCRProcessor: [LuckyLabelClean] 'Seviperas'
03-28 15:52:25.715 17825 17857 D OCRProcessor: [Name] 'Sevinerw l'
03-28 15:52:25.776 17825 17857 D OCRProcessor: [Candy] 'b ngl gY'
03-28 15:52:25.862 17825 17857 D OCRProcessor: [CandyClean] 'a SEiEitziNDY SEVIPfCZNDY X'
03-28 15:52:25.941 17825 17857 D OCRProcessor: [CandyBlock] 'C D
03-28 15:52:25.941 17825 17857 D OCRProcessor: a g zn D  
03-28 15:52:25.941 17825 17857 D OCRProcessor: SEVIPER CANDY SEVIPER CANDYX'
03-28 15:52:25.953 17825 17857 D TextParser: CandyName 'D
03-28 15:52:25.953 17825 17857 D TextParser: A G ZN D  
03-28 15:52:25.953 17825 17857 D TextParser: SEVIPER' -> 'Seviper'
03-28 15:52:25.973 17825 17857 D OCRProcessor: [BadgeDynamic] ''
03-28 15:52:25.974 17825 17857 D OCRProcessor: [BadgeDynamicHC] ''
03-28 15:52:25.992 17825 17857 D OCRProcessor: [BadgeFixedWM] '1 33113'
03-28 15:52:26.067 17825 17857 D OCRProcessor: [Bottom] 'Siffii"..5 T“'
03-28 15:52:26.086 17825 17857 D OCRProcessor: [Weight] '70.57kg'
03-28 15:52:26.090 17825 17857 D OCRProcessor: [Height] '2.84m'
03-28 15:52:26.292 17825 17857 D TextParser: parseDate '' -> null
03-28 15:52:26.292 17825 17857 D TextParser: parseDate '1 33113' -> null
03-28 15:52:26.292 17825 17857 D TextParser: parseDate '' -> null
03-28 15:52:26.311 17825 17857 D OCRProcessor: [BadgeBinary] '2017
03-28 15:52:26.311 17825 17857 D OCRProcessor: 23/12'
03-28 15:52:26.311 17825 17857 D TextParser: parseDate '2017
03-28 15:52:26.311 17825 17857 D TextParser: 23/12' -> Sat Dec 23 00:00:00 GMT 2017
03-28 15:52:26.312 17825 17857 D OCRProcessor: === OCR 921 ms ===
03-28 15:52:26.312 17825 17857 D OCRProcessor: CP raw='CP767' -> 767
03-28 15:52:26.312 17825 17857 D OCRProcessor: HP raw='92/42HP' -> null
03-28 15:52:26.312 17825 17857 D OCRProcessor: HPWM raw='92/42 HP'
03-28 15:52:26.312 17825 17857 D OCRProcessor: HPClean raw='QZl PZ HP'
03-28 15:52:26.312 17825 17857 D OCRProcessor: HPBlock raw='QZl QZ HP'
03-28 15:52:26.312 17825 17857 D OCRProcessor: LuckyLabel raw='SGVEDCYM'
03-28 15:52:26.312 17825 17857 D OCRProcessor: LuckyLabelClean raw='Seviperas'
03-28 15:52:26.312 17825 17857 D OCRProcessor: LuckyDetected -> false
03-28 15:52:26.312 17825 17857 D OCRProcessor: Candy raw='b ngl gY'
03-28 15:52:26.312 17825 17857 D OCRProcessor: CandyClean raw='a SEiEitziNDY SEVIPfCZNDY X'
03-28 15:52:26.312 17825 17857 D OCRProcessor: CandyBlock raw='C D
03-28 15:52:26.312 17825 17857 D OCRProcessor: a g zn D  
03-28 15:52:26.312 17825 17857 D OCRProcessor: SEVIPER CANDY SEVIPER CANDYX'
03-28 15:52:26.312 17825 17857 D OCRProcessor: CandyWide raw=''
03-28 15:52:26.312 17825 17857 D OCRProcessor: CandyWideClean raw=''
03-28 15:52:26.312 17825 17857 D OCRProcessor: Candy -> Seviper
03-28 15:52:26.312 17825 17857 D OCRProcessor: Name raw='Sevinerw l'
03-28 15:52:26.312 17825 17857 D OCRProcessor: NameHC raw=''
03-28 15:52:26.312 17825 17857 D OCRProcessor: DisplayName -> Seviper
